Java HotSpot(TM) 64-Bit Server VM (25.131-b11) for bsd-amd64 JRE (1.8.0_131-b11), built on Mar 15 2017 01:32:22 by "java_re" with gcc 4.2.1 (Based on Apple Inc. build 5658) (LLVM build 2336.11.00)
Memory: 4k page, physical 16777216k(3210228k free)

/proc/meminfo:

CommandLine flags: -XX:CMSInitiatingOccupancyFraction=50 -XX:CMSMaxAbortablePrecleanTime=6000 -XX:+CMSParallelRemarkEnabled -XX:+CMSScavengeBeforeRemark -XX:ConcGCThreads=4 -XX:GCLogFileSize=20971520 -XX:InitialHeapSize=536870912 -XX:MaxHeapSize=536870912 -XX:MaxTenuringThreshold=8 -XX:NewRatio=3 -XX:NumberOfGCLogFiles=9 -XX:OldPLABSize=16 -XX:-OmitStackTraceInFastThrow -XX:OnOutOfMemoryError=/QCRI/Dev/IR/solr-6.5.1-src/solr/bin/oom_solr.sh 8983 /QCRI/Dev/IR/solr-6.5.1-src/solr/server/logs -XX:ParallelGCThreads=4 -XX:+ParallelRefProcEnabled -XX:PretenureSizeThreshold=67108864 -XX:+PrintGC -XX:+PrintGCApplicationStoppedTime -XX:+PrintGCDateStamps -XX:+PrintGCDetails -XX:+PrintGCTimeStamps -XX:+PrintHeapAtGC -XX:+PrintTenuringDistribution -XX:SurvivorRatio=4 -XX:TargetSurvivorRatio=90 -XX:ThreadStackSize=256 -XX:+UseCMSInitiatingOccupancyOnly -XX:+UseCompressedClassPointers -XX:+UseCompressedOops -XX:+UseConcMarkSweepGC -XX:+UseGCLogFileRotation -XX:+UseParNewGC 
2017-06-04T00:06:12.535-0300: 0.139: Total time for which application threads were stopped: 0.0000864 seconds, Stopping threads took: 0.0000101 seconds
2017-06-04T00:06:12.619-0300: 0.223: Total time for which application threads were stopped: 0.0001046 seconds, Stopping threads took: 0.0000109 seconds
2017-06-04T00:06:12.927-0300: 0.531: Total time for which application threads were stopped: 0.0001639 seconds, Stopping threads took: 0.0000087 seconds
2017-06-04T00:06:13.048-0300: 0.652: Total time for which application threads were stopped: 0.0001696 seconds, Stopping threads took: 0.0000216 seconds
2017-06-04T00:06:13.063-0300: 0.668: Total time for which application threads were stopped: 0.0001329 seconds, Stopping threads took: 0.0000101 seconds
2017-06-04T00:06:13.247-0300: 0.851: Total time for which application threads were stopped: 0.0001980 seconds, Stopping threads took: 0.0000223 seconds
2017-06-04T00:06:13.268-0300: 0.872: Total time for which application threads were stopped: 0.0001671 seconds, Stopping threads took: 0.0000208 seconds
2017-06-04T00:06:13.325-0300: 0.929: Total time for which application threads were stopped: 0.0001785 seconds, Stopping threads took: 0.0000110 seconds
2017-06-04T00:06:13.414-0300: 1.018: Total time for which application threads were stopped: 0.0002251 seconds, Stopping threads took: 0.0000093 seconds
2017-06-04T00:06:13.415-0300: 1.019: Total time for which application threads were stopped: 0.0001309 seconds, Stopping threads took: 0.0000055 seconds
2017-06-04T00:06:13.417-0300: 1.021: Total time for which application threads were stopped: 0.0001571 seconds, Stopping threads took: 0.0000062 seconds
2017-06-04T00:06:13.423-0300: 1.028: Total time for which application threads were stopped: 0.0001615 seconds, Stopping threads took: 0.0000087 seconds
2017-06-04T00:06:13.477-0300: 1.081: Total time for which application threads were stopped: 0.0001936 seconds, Stopping threads took: 0.0000102 seconds
2017-06-04T00:06:14.479-0300: 2.084: Total time for which application threads were stopped: 0.0001431 seconds, Stopping threads took: 0.0000200 seconds
2017-06-04T00:06:16.502-0300: 4.106: Total time for which application threads were stopped: 0.0002916 seconds, Stopping threads took: 0.0000357 seconds
2017-06-04T00:06:18.625-0300: 6.230: Total time for which application threads were stopped: 0.0001183 seconds, Stopping threads took: 0.0000554 seconds
2017-06-04T00:06:18.626-0300: 6.230: Total time for which application threads were stopped: 0.0000855 seconds, Stopping threads took: 0.0000473 seconds
2017-06-04T00:06:18.626-0300: 6.230: Total time for which application threads were stopped: 0.0000393 seconds, Stopping threads took: 0.0000064 seconds
{Heap before GC invocations=0 (full 0):
 par new generation   total 109248K, used 87424K [0x00000007a0000000, 0x00000007a8000000, 0x00000007a8000000)
  eden space 87424K, 100% used [0x00000007a0000000, 0x00000007a5560000, 0x00000007a5560000)
  from space 21824K,   0% used [0x00000007a5560000, 0x00000007a5560000, 0x00000007a6ab0000)
  to   space 21824K,   0% used [0x00000007a6ab0000, 0x00000007a6ab0000, 0x00000007a8000000)
 concurrent mark-sweep generation total 393216K, used 0K [0x00000007a8000000, 0x00000007c0000000, 0x00000007c0000000)
 Metaspace       used 19423K, capacity 19776K, committed 20096K, reserved 1067008K
  class space    used 2265K, capacity 2392K, committed 2432K, reserved 1048576K
2017-06-04T00:06:18.648-0300: 6.252: [GC (Allocation Failure) 2017-06-04T00:06:18.648-0300: 6.252: [ParNew
Desired survivor size 20112992 bytes, new threshold 8 (max 8)
- age   1:   11542432 bytes,   11542432 total
: 87424K->11377K(109248K), 0.0198093 secs] 87424K->11377K(502464K), 0.0198757 secs] [Times: user=0.04 sys=0.01, real=0.02 secs] 
Heap after GC invocations=1 (full 0):
 par new generation   total 109248K, used 11377K [0x00000007a0000000, 0x00000007a8000000, 0x00000007a8000000)
  eden space 87424K,   0% used [0x00000007a0000000, 0x00000007a0000000, 0x00000007a5560000)
  from space 21824K,  52% used [0x00000007a6ab0000, 0x00000007a75cc598, 0x00000007a8000000)
  to   space 21824K,   0% used [0x00000007a5560000, 0x00000007a5560000, 0x00000007a6ab0000)
 concurrent mark-sweep generation total 393216K, used 0K [0x00000007a8000000, 0x00000007c0000000, 0x00000007c0000000)
 Metaspace       used 19423K, capacity 19776K, committed 20096K, reserved 1067008K
  class space    used 2265K, capacity 2392K, committed 2432K, reserved 1048576K
}
2017-06-04T00:06:18.668-0300: 6.272: Total time for which application threads were stopped: 0.0200497 seconds, Stopping threads took: 0.0000138 seconds
2017-06-04T00:06:18.712-0300: 6.316: Total time for which application threads were stopped: 0.0000975 seconds, Stopping threads took: 0.0000278 seconds
2017-06-04T00:06:19.712-0300: 7.316: Total time for which application threads were stopped: 0.0001106 seconds, Stopping threads took: 0.0000450 seconds
2017-06-04T00:06:20.715-0300: 8.319: Total time for which application threads were stopped: 0.0000947 seconds, Stopping threads took: 0.0000242 seconds
2017-06-04T00:06:23.603-0300: 11.207: Total time for which application threads were stopped: 0.0001487 seconds, Stopping threads took: 0.0000401 seconds
2017-06-04T00:06:23.615-0300: 11.219: Total time for which application threads were stopped: 0.0001376 seconds, Stopping threads took: 0.0000156 seconds
2017-06-04T00:06:23.617-0300: 11.221: Total time for which application threads were stopped: 0.0000617 seconds, Stopping threads took: 0.0000145 seconds
2017-06-04T00:06:24.676-0300: 12.280: [GC (CMS Initial Mark) [1 CMS-initial-mark: 0K(393216K)] 22995K(502464K), 0.0032260 secs] [Times: user=0.01 sys=0.00, real=0.01 secs] 
2017-06-04T00:06:24.680-0300: 12.284: Total time for which application threads were stopped: 0.0033130 seconds, Stopping threads took: 0.0000137 seconds
2017-06-04T00:06:24.680-0300: 12.284: [CMS-concurrent-mark-start]
2017-06-04T00:06:24.680-0300: 12.284: [CMS-concurrent-mark: 0.000/0.000 secs] [Times: user=0.00 sys=0.00, real=0.00 secs] 
2017-06-04T00:06:24.680-0300: 12.284: [CMS-concurrent-preclean-start]
2017-06-04T00:06:24.681-0300: 12.285: [CMS-concurrent-preclean: 0.001/0.001 secs] [Times: user=0.00 sys=0.00, real=0.00 secs] 
2017-06-04T00:06:24.681-0300: 12.285: [CMS-concurrent-abortable-preclean-start]
2017-06-04T00:06:28.627-0300: 16.231: Total time for which application threads were stopped: 0.0000664 seconds, Stopping threads took: 0.0000209 seconds
2017-06-04T00:06:28.633-0300: 16.237: Total time for which application threads were stopped: 0.0000917 seconds, Stopping threads took: 0.0000174 seconds
2017-06-04T00:06:28.635-0300: 16.239: Total time for which application threads were stopped: 0.0000597 seconds, Stopping threads took: 0.0000117 seconds
2017-06-04T00:06:28.635-0300: 16.239: Total time for which application threads were stopped: 0.0000374 seconds, Stopping threads took: 0.0000078 seconds
2017-06-04T00:06:28.635-0300: 16.239: Total time for which application threads were stopped: 0.0000284 seconds, Stopping threads took: 0.0000060 seconds
2017-06-04T00:06:28.640-0300: 16.244: Total time for which application threads were stopped: 0.0000719 seconds, Stopping threads took: 0.0000167 seconds
2017-06-04T00:06:28.643-0300: 16.246: Total time for which application threads were stopped: 0.0000682 seconds, Stopping threads took: 0.0000153 seconds
2017-06-04T00:06:28.647-0300: 16.251: Total time for which application threads were stopped: 0.0000581 seconds, Stopping threads took: 0.0000138 seconds
2017-06-04T00:06:28.665-0300: 16.269: Total time for which application threads were stopped: 0.0000511 seconds, Stopping threads took: 0.0000128 seconds
2017-06-04T00:06:28.666-0300: 16.270: Total time for which application threads were stopped: 0.0000363 seconds, Stopping threads took: 0.0000094 seconds
2017-06-04T00:06:28.669-0300: 16.273: Total time for which application threads were stopped: 0.0001020 seconds, Stopping threads took: 0.0000095 seconds
2017-06-04T00:06:28.669-0300: 16.273: Total time for which application threads were stopped: 0.0000385 seconds, Stopping threads took: 0.0000126 seconds
2017-06-04T00:06:28.669-0300: 16.273: Total time for which application threads were stopped: 0.0000213 seconds, Stopping threads took: 0.0000044 seconds
2017-06-04T00:06:28.669-0300: 16.273: Total time for which application threads were stopped: 0.0000243 seconds, Stopping threads took: 0.0000046 seconds
2017-06-04T00:06:28.669-0300: 16.273: Total time for which application threads were stopped: 0.0000283 seconds, Stopping threads took: 0.0000046 seconds
2017-06-04T00:06:28.670-0300: 16.274: Total time for which application threads were stopped: 0.0000734 seconds, Stopping threads took: 0.0000226 seconds
2017-06-04T00:06:28.670-0300: 16.274: Total time for which application threads were stopped: 0.0000491 seconds, Stopping threads took: 0.0000252 seconds
2017-06-04T00:06:28.670-0300: 16.274: Total time for which application threads were stopped: 0.0000363 seconds, Stopping threads took: 0.0000156 seconds
2017-06-04T00:06:28.670-0300: 16.274: Total time for which application threads were stopped: 0.0000394 seconds, Stopping threads took: 0.0000189 seconds
2017-06-04T00:06:28.671-0300: 16.275: Total time for which application threads were stopped: 0.0000419 seconds, Stopping threads took: 0.0000113 seconds
2017-06-04T00:06:28.671-0300: 16.275: Total time for which application threads were stopped: 0.0000507 seconds, Stopping threads took: 0.0000174 seconds
2017-06-04T00:06:28.673-0300: 16.277: Total time for which application threads were stopped: 0.0000482 seconds, Stopping threads took: 0.0000118 seconds
2017-06-04T00:06:28.674-0300: 16.278: Total time for which application threads were stopped: 0.0000989 seconds, Stopping threads took: 0.0000230 seconds
2017-06-04T00:06:28.676-0300: 16.280: Total time for which application threads were stopped: 0.0000426 seconds, Stopping threads took: 0.0000087 seconds
2017-06-04T00:06:28.677-0300: 16.281: Total time for which application threads were stopped: 0.0000310 seconds, Stopping threads took: 0.0000059 seconds
2017-06-04T00:06:28.677-0300: 16.281: Total time for which application threads were stopped: 0.0000241 seconds, Stopping threads took: 0.0000045 seconds
2017-06-04T00:06:28.677-0300: 16.281: Total time for which application threads were stopped: 0.0000366 seconds, Stopping threads took: 0.0000061 seconds
2017-06-04T00:06:28.678-0300: 16.282: Total time for which application threads were stopped: 0.0000486 seconds, Stopping threads took: 0.0000232 seconds
2017-06-04T00:06:28.678-0300: 16.282: Total time for which application threads were stopped: 0.0000359 seconds, Stopping threads took: 0.0000145 seconds
2017-06-04T00:06:28.678-0300: 16.282: Total time for which application threads were stopped: 0.0000333 seconds, Stopping threads took: 0.0000096 seconds
2017-06-04T00:06:28.678-0300: 16.282: Total time for which application threads were stopped: 0.0000409 seconds, Stopping threads took: 0.0000163 seconds
2017-06-04T00:06:28.683-0300: 16.287: Total time for which application threads were stopped: 0.0000600 seconds, Stopping threads took: 0.0000202 seconds
2017-06-04T00:06:28.685-0300: 16.289: Total time for which application threads were stopped: 0.0000538 seconds, Stopping threads took: 0.0000121 seconds
2017-06-04T00:06:28.696-0300: 16.300: Total time for which application threads were stopped: 0.0000534 seconds, Stopping threads took: 0.0000141 seconds
2017-06-04T00:06:28.697-0300: 16.301: Total time for which application threads were stopped: 0.0000600 seconds, Stopping threads took: 0.0000269 seconds
2017-06-04T00:06:28.700-0300: 16.304: Total time for which application threads were stopped: 0.0001537 seconds, Stopping threads took: 0.0000192 seconds
2017-06-04T00:06:28.701-0300: 16.305: Total time for which application threads were stopped: 0.0000540 seconds, Stopping threads took: 0.0000224 seconds
2017-06-04T00:06:28.703-0300: 16.307: Total time for which application threads were stopped: 0.0000790 seconds, Stopping threads took: 0.0000186 seconds
2017-06-04T00:06:28.718-0300: 16.322: Total time for which application threads were stopped: 0.0000709 seconds, Stopping threads took: 0.0000135 seconds
2017-06-04T00:06:28.719-0300: 16.323: Total time for which application threads were stopped: 0.0000453 seconds, Stopping threads took: 0.0000119 seconds
2017-06-04T00:06:28.720-0300: 16.324: Total time for which application threads were stopped: 0.0000378 seconds, Stopping threads took: 0.0000089 seconds
2017-06-04T00:06:28.722-0300: 16.326: Total time for which application threads were stopped: 0.0000471 seconds, Stopping threads took: 0.0000123 seconds
2017-06-04T00:06:28.731-0300: 16.335: Total time for which application threads were stopped: 0.0001268 seconds, Stopping threads took: 0.0000265 seconds
2017-06-04T00:06:28.733-0300: 16.337: Total time for which application threads were stopped: 0.0000511 seconds, Stopping threads took: 0.0000138 seconds
2017-06-04T00:06:28.750-0300: 16.354: Total time for which application threads were stopped: 0.0000692 seconds, Stopping threads took: 0.0000130 seconds
2017-06-04T00:06:28.775-0300: 16.379: Total time for which application threads were stopped: 0.0000637 seconds, Stopping threads took: 0.0000133 seconds
2017-06-04T00:06:28.777-0300: 16.381: Total time for which application threads were stopped: 0.0000398 seconds, Stopping threads took: 0.0000093 seconds
2017-06-04T00:06:28.777-0300: 16.381: Total time for which application threads were stopped: 0.0000531 seconds, Stopping threads took: 0.0000043 seconds
2017-06-04T00:06:28.777-0300: 16.381: Total time for which application threads were stopped: 0.0000432 seconds, Stopping threads took: 0.0000148 seconds
2017-06-04T00:06:28.777-0300: 16.381: Total time for which application threads were stopped: 0.0000400 seconds, Stopping threads took: 0.0000171 seconds
2017-06-04T00:06:28.788-0300: 16.392: Total time for which application threads were stopped: 0.0001458 seconds, Stopping threads took: 0.0000653 seconds
2017-06-04T00:06:28.789-0300: 16.393: Total time for which application threads were stopped: 0.0000747 seconds, Stopping threads took: 0.0000261 seconds
2017-06-04T00:06:28.789-0300: 16.393: Total time for which application threads were stopped: 0.0000664 seconds, Stopping threads took: 0.0000315 seconds
2017-06-04T00:06:28.789-0300: 16.393: Total time for which application threads were stopped: 0.0000932 seconds, Stopping threads took: 0.0000253 seconds
2017-06-04T00:06:28.790-0300: 16.394: Total time for which application threads were stopped: 0.0001938 seconds, Stopping threads took: 0.0000940 seconds
2017-06-04T00:06:28.791-0300: 16.395: Total time for which application threads were stopped: 0.0000674 seconds, Stopping threads took: 0.0000150 seconds
2017-06-04T00:06:28.791-0300: 16.395: Total time for which application threads were stopped: 0.0000607 seconds, Stopping threads took: 0.0000241 seconds
2017-06-04T00:06:28.792-0300: 16.396: Total time for which application threads were stopped: 0.0000918 seconds, Stopping threads took: 0.0000372 seconds
2017-06-04T00:06:28.793-0300: 16.397: Total time for which application threads were stopped: 0.0001624 seconds, Stopping threads took: 0.0000782 seconds
2017-06-04T00:06:28.794-0300: 16.398: Total time for which application threads were stopped: 0.0000756 seconds, Stopping threads took: 0.0000275 seconds
2017-06-04T00:06:28.794-0300: 16.398: Total time for which application threads were stopped: 0.0001687 seconds, Stopping threads took: 0.0000728 seconds
2017-06-04T00:06:28.795-0300: 16.399: Total time for which application threads were stopped: 0.0002416 seconds, Stopping threads took: 0.0001660 seconds
2017-06-04T00:06:28.799-0300: 16.403: Total time for which application threads were stopped: 0.0000966 seconds, Stopping threads took: 0.0000408 seconds
2017-06-04T00:06:28.993-0300: 16.597: Total time for which application threads were stopped: 0.0000873 seconds, Stopping threads took: 0.0000209 seconds
2017-06-04T00:06:29.001-0300: 16.605: Total time for which application threads were stopped: 0.0002857 seconds, Stopping threads took: 0.0000171 seconds
2017-06-04T00:06:29.015-0300: 16.619: Total time for which application threads were stopped: 0.0000929 seconds, Stopping threads took: 0.0000315 seconds
2017-06-04T00:06:30.020-0300: 17.624: Total time for which application threads were stopped: 0.0001516 seconds, Stopping threads took: 0.0000360 seconds
 CMS: abort preclean due to time 2017-06-04T00:06:30.731-0300: 18.335: [CMS-concurrent-abortable-preclean: 1.772/6.050 secs] [Times: user=2.60 sys=0.06, real=6.05 secs] 
2017-06-04T00:06:30.731-0300: 18.335: [GC (CMS Final Remark) [YG occupancy: 50333 K (109248 K)]{Heap before GC invocations=1 (full 1):
 par new generation   total 109248K, used 50333K [0x00000007a0000000, 0x00000007a8000000, 0x00000007a8000000)
  eden space 87424K,  44% used [0x00000007a0000000, 0x00000007a260b030, 0x00000007a5560000)
  from space 21824K,  52% used [0x00000007a6ab0000, 0x00000007a75cc598, 0x00000007a8000000)
  to   space 21824K,   0% used [0x00000007a5560000, 0x00000007a5560000, 0x00000007a6ab0000)
 concurrent mark-sweep generation total 393216K, used 0K [0x00000007a8000000, 0x00000007c0000000, 0x00000007c0000000)
 Metaspace       used 23174K, capacity 23688K, committed 23876K, reserved 1071104K
  class space    used 2720K, capacity 2910K, committed 2964K, reserved 1048576K
2017-06-04T00:06:30.731-0300: 18.335: [GC (CMS Final Remark) 2017-06-04T00:06:30.731-0300: 18.335: [ParNew
Desired survivor size 20112992 bytes, new threshold 8 (max 8)
- age   1:    3485744 bytes,    3485744 total
- age   2:    5390240 bytes,    8875984 total
: 50333K->12485K(109248K), 0.0098050 secs] 50333K->12485K(502464K), 0.0098625 secs] [Times: user=0.03 sys=0.00, real=0.01 secs] 
Heap after GC invocations=2 (full 1):
 par new generation   total 109248K, used 12485K [0x00000007a0000000, 0x00000007a8000000, 0x00000007a8000000)
  eden space 87424K,   0% used [0x00000007a0000000, 0x00000007a0000000, 0x00000007a5560000)
  from space 21824K,  57% used [0x00000007a5560000, 0x00000007a61915b8, 0x00000007a6ab0000)
  to   space 21824K,   0% used [0x00000007a6ab0000, 0x00000007a6ab0000, 0x00000007a8000000)
 concurrent mark-sweep generation total 393216K, used 0K [0x00000007a8000000, 0x00000007c0000000, 0x00000007c0000000)
 Metaspace       used 23174K, capacity 23688K, committed 23876K, reserved 1071104K
  class space    used 2720K, capacity 2910K, committed 2964K, reserved 1048576K
}
2017-06-04T00:06:30.741-0300: 18.345: [Rescan (parallel) , 0.0023787 secs]2017-06-04T00:06:30.744-0300: 18.347: [weak refs processing, 0.0009963 secs]2017-06-04T00:06:30.745-0300: 18.348: [class unloading, 0.0031559 secs]2017-06-04T00:06:30.748-0300: 18.352: [scrub symbol table, 0.0029605 secs]2017-06-04T00:06:30.751-0300: 18.355: [scrub string table, 0.0002505 secs][1 CMS-remark: 0K(393216K)] 12485K(502464K), 0.0203326 secs] [Times: user=0.04 sys=0.01, real=0.02 secs] 
2017-06-04T00:06:30.752-0300: 18.355: Total time for which application threads were stopped: 0.0204708 seconds, Stopping threads took: 0.0000507 seconds
2017-06-04T00:06:30.752-0300: 18.355: [CMS-concurrent-sweep-start]
2017-06-04T00:06:30.752-0300: 18.356: [CMS-concurrent-sweep: 0.000/0.000 secs] [Times: user=0.00 sys=0.00, real=0.00 secs] 
2017-06-04T00:06:30.752-0300: 18.356: [CMS-concurrent-reset-start]
2017-06-04T00:06:30.752-0300: 18.356: Total time for which application threads were stopped: 0.0000552 seconds, Stopping threads took: 0.0000114 seconds
2017-06-04T00:06:30.753-0300: 18.357: Total time for which application threads were stopped: 0.0000527 seconds, Stopping threads took: 0.0000206 seconds
2017-06-04T00:06:30.754-0300: 18.358: Total time for which application threads were stopped: 0.0000416 seconds, Stopping threads took: 0.0000098 seconds
2017-06-04T00:06:30.754-0300: 18.358: Total time for which application threads were stopped: 0.0001808 seconds, Stopping threads took: 0.0000105 seconds
2017-06-04T00:06:30.755-0300: 18.359: [CMS-concurrent-reset: 0.003/0.003 secs] [Times: user=0.00 sys=0.00, real=0.00 secs] 
2017-06-04T00:06:31.755-0300: 19.359: Total time for which application threads were stopped: 0.0001623 seconds, Stopping threads took: 0.0000359 seconds
2017-06-04T00:06:32.759-0300: 20.363: Total time for which application threads were stopped: 0.0001771 seconds, Stopping threads took: 0.0000381 seconds
2017-06-04T00:06:34.057-0300: 21.661: Total time for which application threads were stopped: 0.0000599 seconds, Stopping threads took: 0.0000129 seconds
2017-06-04T00:06:34.094-0300: 21.697: Total time for which application threads were stopped: 0.0001135 seconds, Stopping threads took: 0.0000246 seconds
2017-06-04T00:06:34.096-0300: 21.699: Total time for which application threads were stopped: 0.0000965 seconds, Stopping threads took: 0.0000170 seconds
2017-06-04T00:06:34.098-0300: 21.702: Total time for which application threads were stopped: 0.0000914 seconds, Stopping threads took: 0.0000330 seconds
2017-06-04T00:06:34.112-0300: 21.716: Total time for which application threads were stopped: 0.0001828 seconds, Stopping threads took: 0.0001173 seconds
2017-06-04T00:06:34.113-0300: 21.717: Total time for which application threads were stopped: 0.0004096 seconds, Stopping threads took: 0.0003516 seconds
2017-06-04T00:06:34.114-0300: 21.718: Total time for which application threads were stopped: 0.0001088 seconds, Stopping threads took: 0.0000380 seconds
2017-06-04T00:06:34.120-0300: 21.724: Total time for which application threads were stopped: 0.0001200 seconds, Stopping threads took: 0.0000313 seconds
2017-06-04T00:06:34.121-0300: 21.725: Total time for which application threads were stopped: 0.0004291 seconds, Stopping threads took: 0.0000824 seconds
2017-06-04T00:06:34.123-0300: 21.727: Total time for which application threads were stopped: 0.0001217 seconds, Stopping threads took: 0.0000391 seconds
2017-06-04T00:06:34.125-0300: 21.729: Total time for which application threads were stopped: 0.0002867 seconds, Stopping threads took: 0.0002383 seconds
2017-06-04T00:06:34.141-0300: 21.745: Total time for which application threads were stopped: 0.0000957 seconds, Stopping threads took: 0.0000322 seconds
2017-06-04T00:06:34.141-0300: 21.745: Total time for which application threads were stopped: 0.0000495 seconds, Stopping threads took: 0.0000094 seconds
2017-06-04T00:06:34.155-0300: 21.759: Total time for which application threads were stopped: 0.0000790 seconds, Stopping threads took: 0.0000152 seconds
2017-06-04T00:06:34.155-0300: 21.759: Total time for which application threads were stopped: 0.0000587 seconds, Stopping threads took: 0.0000166 seconds
2017-06-04T00:06:34.157-0300: 21.761: Total time for which application threads were stopped: 0.0000977 seconds, Stopping threads took: 0.0000396 seconds
2017-06-04T00:06:34.157-0300: 21.761: Total time for which application threads were stopped: 0.0000741 seconds, Stopping threads took: 0.0000311 seconds
2017-06-04T00:06:34.157-0300: 21.761: Total time for which application threads were stopped: 0.0000349 seconds, Stopping threads took: 0.0000085 seconds
2017-06-04T00:06:34.157-0300: 21.761: Total time for which application threads were stopped: 0.0000271 seconds, Stopping threads took: 0.0000063 seconds
2017-06-04T00:06:34.157-0300: 21.761: Total time for which application threads were stopped: 0.0000419 seconds, Stopping threads took: 0.0000176 seconds
2017-06-04T00:06:34.160-0300: 21.764: Total time for which application threads were stopped: 0.0000447 seconds, Stopping threads took: 0.0000106 seconds
2017-06-04T00:06:34.160-0300: 21.764: Total time for which application threads were stopped: 0.0000333 seconds, Stopping threads took: 0.0000071 seconds
2017-06-04T00:06:34.160-0300: 21.764: Total time for which application threads were stopped: 0.0000423 seconds, Stopping threads took: 0.0000160 seconds
2017-06-04T00:06:34.160-0300: 21.764: Total time for which application threads were stopped: 0.0000371 seconds, Stopping threads took: 0.0000142 seconds
2017-06-04T00:06:34.160-0300: 21.764: Total time for which application threads were stopped: 0.0001203 seconds, Stopping threads took: 0.0000386 seconds
2017-06-04T00:06:34.354-0300: 21.957: Total time for which application threads were stopped: 0.0001445 seconds, Stopping threads took: 0.0000520 seconds
2017-06-04T00:06:34.354-0300: 21.958: Total time for which application threads were stopped: 0.0003072 seconds, Stopping threads took: 0.0000266 seconds
2017-06-04T00:06:34.396-0300: 22.000: Total time for which application threads were stopped: 0.0004351 seconds, Stopping threads took: 0.0000499 seconds
2017-06-04T00:06:34.432-0300: 22.036: Total time for which application threads were stopped: 0.0000721 seconds, Stopping threads took: 0.0000170 seconds
{Heap before GC invocations=2 (full 1):
 par new generation   total 109248K, used 99909K [0x00000007a0000000, 0x00000007a8000000, 0x00000007a8000000)
  eden space 87424K, 100% used [0x00000007a0000000, 0x00000007a5560000, 0x00000007a5560000)
  from space 21824K,  57% used [0x00000007a5560000, 0x00000007a61915b8, 0x00000007a6ab0000)
  to   space 21824K,   0% used [0x00000007a6ab0000, 0x00000007a6ab0000, 0x00000007a8000000)
 concurrent mark-sweep generation total 393216K, used 0K [0x00000007a8000000, 0x00000007c0000000, 0x00000007c0000000)
 Metaspace       used 26818K, capacity 27410K, committed 27716K, reserved 1073152K
  class space    used 3183K, capacity 3383K, committed 3476K, reserved 1048576K
2017-06-04T00:06:34.519-0300: 22.123: [GC (Allocation Failure) 2017-06-04T00:06:34.519-0300: 22.123: [ParNew
Desired survivor size 20112992 bytes, new threshold 8 (max 8)
- age   1:    5468256 bytes,    5468256 total
- age   2:    1526792 bytes,    6995048 total
- age   3:    5323240 bytes,   12318288 total
: 99909K->16360K(109248K), 0.0096827 secs] 99909K->16360K(502464K), 0.0097465 secs] [Times: user=0.03 sys=0.00, real=0.01 secs] 
Heap after GC invocations=3 (full 1):
 par new generation   total 109248K, used 16360K [0x00000007a0000000, 0x00000007a8000000, 0x00000007a8000000)
  eden space 87424K,   0% used [0x00000007a0000000, 0x00000007a0000000, 0x00000007a5560000)
  from space 21824K,  74% used [0x00000007a6ab0000, 0x00000007a7aaa130, 0x00000007a8000000)
  to   space 21824K,   0% used [0x00000007a5560000, 0x00000007a5560000, 0x00000007a6ab0000)
 concurrent mark-sweep generation total 393216K, used 0K [0x00000007a8000000, 0x00000007c0000000, 0x00000007c0000000)
 Metaspace       used 26818K, capacity 27410K, committed 27716K, reserved 1073152K
  class space    used 3183K, capacity 3383K, committed 3476K, reserved 1048576K
}
2017-06-04T00:06:34.529-0300: 22.132: Total time for which application threads were stopped: 0.0099724 seconds, Stopping threads took: 0.0000307 seconds
2017-06-04T00:06:34.529-0300: 22.133: Total time for which application threads were stopped: 0.0001505 seconds, Stopping threads took: 0.0000909 seconds
2017-06-04T00:06:34.530-0300: 22.133: Total time for which application threads were stopped: 0.0000765 seconds, Stopping threads took: 0.0000377 seconds
2017-06-04T00:06:34.530-0300: 22.134: Total time for which application threads were stopped: 0.0000573 seconds, Stopping threads took: 0.0000304 seconds
2017-06-04T00:06:34.530-0300: 22.134: Total time for which application threads were stopped: 0.0000561 seconds, Stopping threads took: 0.0000188 seconds
2017-06-04T00:06:34.530-0300: 22.134: Total time for which application threads were stopped: 0.0000397 seconds, Stopping threads took: 0.0000075 seconds
2017-06-04T00:06:34.530-0300: 22.134: Total time for which application threads were stopped: 0.0000593 seconds, Stopping threads took: 0.0000297 seconds
2017-06-04T00:06:34.530-0300: 22.134: Total time for which application threads were stopped: 0.0000857 seconds, Stopping threads took: 0.0000570 seconds
2017-06-04T00:06:34.530-0300: 22.134: Total time for which application threads were stopped: 0.0000840 seconds, Stopping threads took: 0.0000501 seconds
2017-06-04T00:06:34.530-0300: 22.134: Total time for which application threads were stopped: 0.0000420 seconds, Stopping threads took: 0.0000181 seconds
2017-06-04T00:06:34.531-0300: 22.134: Total time for which application threads were stopped: 0.0000920 seconds, Stopping threads took: 0.0000673 seconds
2017-06-04T00:06:34.531-0300: 22.134: Total time for which application threads were stopped: 0.0000661 seconds, Stopping threads took: 0.0000413 seconds
2017-06-04T00:06:34.531-0300: 22.135: Total time for which application threads were stopped: 0.0000400 seconds, Stopping threads took: 0.0000070 seconds
2017-06-04T00:06:34.531-0300: 22.135: Total time for which application threads were stopped: 0.0000616 seconds, Stopping threads took: 0.0000376 seconds
2017-06-04T00:06:34.531-0300: 22.135: Total time for which application threads were stopped: 0.0000906 seconds, Stopping threads took: 0.0000539 seconds
2017-06-04T00:06:34.531-0300: 22.135: Total time for which application threads were stopped: 0.0000403 seconds, Stopping threads took: 0.0000074 seconds
2017-06-04T00:06:34.531-0300: 22.135: Total time for which application threads were stopped: 0.0000367 seconds, Stopping threads took: 0.0000063 seconds
2017-06-04T00:06:34.531-0300: 22.135: Total time for which application threads were stopped: 0.0000746 seconds, Stopping threads took: 0.0000368 seconds
2017-06-04T00:06:34.531-0300: 22.135: Total time for which application threads were stopped: 0.0000551 seconds, Stopping threads took: 0.0000072 seconds
2017-06-04T00:06:34.531-0300: 22.135: Total time for which application threads were stopped: 0.0000385 seconds, Stopping threads took: 0.0000134 seconds
2017-06-04T00:06:34.531-0300: 22.135: Total time for which application threads were stopped: 0.0001948 seconds, Stopping threads took: 0.0000653 seconds
2017-06-04T00:06:34.552-0300: 22.156: Total time for which application threads were stopped: 0.0001274 seconds, Stopping threads took: 0.0000199 seconds
2017-06-04T00:06:34.555-0300: 22.159: Total time for which application threads were stopped: 0.0001905 seconds, Stopping threads took: 0.0000553 seconds
{Heap before GC invocations=3 (full 1):
 par new generation   total 109248K, used 103784K [0x00000007a0000000, 0x00000007a8000000, 0x00000007a8000000)
  eden space 87424K, 100% used [0x00000007a0000000, 0x00000007a5560000, 0x00000007a5560000)
  from space 21824K,  74% used [0x00000007a6ab0000, 0x00000007a7aaa130, 0x00000007a8000000)
  to   space 21824K,   0% used [0x00000007a5560000, 0x00000007a5560000, 0x00000007a6ab0000)
 concurrent mark-sweep generation total 393216K, used 0K [0x00000007a8000000, 0x00000007c0000000, 0x00000007c0000000)
 Metaspace       used 27384K, capacity 28022K, committed 28228K, reserved 1075200K
  class space    used 3253K, capacity 3453K, committed 3476K, reserved 1048576K
2017-06-04T00:06:34.670-0300: 22.273: [GC (Allocation Failure) 2017-06-04T00:06:34.670-0300: 22.273: [ParNew
Desired survivor size 20112992 bytes, new threshold 8 (max 8)
- age   1:     738048 bytes,     738048 total
- age   2:    2044256 bytes,    2782304 total
- age   3:    1451816 bytes,    4234120 total
- age   4:    5322664 bytes,    9556784 total
: 103784K->12981K(109248K), 0.0082178 secs] 103784K->12981K(502464K), 0.0083003 secs] [Times: user=0.03 sys=0.00, real=0.00 secs] 
Heap after GC invocations=4 (full 1):
 par new generation   total 109248K, used 12981K [0x00000007a0000000, 0x00000007a8000000, 0x00000007a8000000)
  eden space 87424K,   0% used [0x00000007a0000000, 0x00000007a0000000, 0x00000007a5560000)
  from space 21824K,  59% used [0x00000007a5560000, 0x00000007a620d538, 0x00000007a6ab0000)
  to   space 21824K,   0% used [0x00000007a6ab0000, 0x00000007a6ab0000, 0x00000007a8000000)
 concurrent mark-sweep generation total 393216K, used 0K [0x00000007a8000000, 0x00000007c0000000, 0x00000007c0000000)
 Metaspace       used 27384K, capacity 28022K, committed 28228K, reserved 1075200K
  class space    used 3253K, capacity 3453K, committed 3476K, reserved 1048576K
}
2017-06-04T00:06:34.678-0300: 22.282: Total time for which application threads were stopped: 0.0084872 seconds, Stopping threads took: 0.0000212 seconds
2017-06-04T00:06:34.689-0300: 22.293: Total time for which application threads were stopped: 0.0001175 seconds, Stopping threads took: 0.0000464 seconds
2017-06-04T00:06:34.768-0300: 22.372: Total time for which application threads were stopped: 0.0003369 seconds, Stopping threads took: 0.0000170 seconds
2017-06-04T00:06:34.824-0300: 22.428: Total time for which application threads were stopped: 0.0003565 seconds, Stopping threads took: 0.0000166 seconds
2017-06-04T00:06:35.052-0300: 22.656: Total time for which application threads were stopped: 0.0004543 seconds, Stopping threads took: 0.0000176 seconds
2017-06-04T00:06:35.053-0300: 22.656: Total time for which application threads were stopped: 0.0000544 seconds, Stopping threads took: 0.0000142 seconds
2017-06-04T00:06:35.067-0300: 22.671: Total time for which application threads were stopped: 0.0000807 seconds, Stopping threads took: 0.0000280 seconds
2017-06-04T00:06:35.073-0300: 22.677: Total time for which application threads were stopped: 0.0003930 seconds, Stopping threads took: 0.0000295 seconds
{Heap before GC invocations=4 (full 1):
 par new generation   total 109248K, used 100405K [0x00000007a0000000, 0x00000007a8000000, 0x00000007a8000000)
  eden space 87424K, 100% used [0x00000007a0000000, 0x00000007a5560000, 0x00000007a5560000)
  from space 21824K,  59% used [0x00000007a5560000, 0x00000007a620d538, 0x00000007a6ab0000)
  to   space 21824K,   0% used [0x00000007a6ab0000, 0x00000007a6ab0000, 0x00000007a8000000)
 concurrent mark-sweep generation total 393216K, used 0K [0x00000007a8000000, 0x00000007c0000000, 0x00000007c0000000)
 Metaspace       used 29929K, capacity 30582K, committed 30916K, reserved 1077248K
  class space    used 3555K, capacity 3765K, committed 3860K, reserved 1048576K
2017-06-04T00:06:35.077-0300: 22.680: [GC (Allocation Failure) 2017-06-04T00:06:35.077-0300: 22.680: [ParNew
Desired survivor size 20112992 bytes, new threshold 8 (max 8)
- age   1:    2960392 bytes,    2960392 total
- age   2:     294528 bytes,    3254920 total
- age   3:    1408368 bytes,    4663288 total
- age   4:    1451360 bytes,    6114648 total
- age   5:    5321736 bytes,   11436384 total
: 100405K->14826K(109248K), 0.0100813 secs] 100405K->14826K(502464K), 0.0101400 secs] [Times: user=0.03 sys=0.00, real=0.01 secs] 
Heap after GC invocations=5 (full 1):
 par new generation   total 109248K, used 14826K [0x00000007a0000000, 0x00000007a8000000, 0x00000007a8000000)
  eden space 87424K,   0% used [0x00000007a0000000, 0x00000007a0000000, 0x00000007a5560000)
  from space 21824K,  67% used [0x00000007a6ab0000, 0x00000007a792a860, 0x00000007a8000000)
  to   space 21824K,   0% used [0x00000007a5560000, 0x00000007a5560000, 0x00000007a6ab0000)
 concurrent mark-sweep generation total 393216K, used 0K [0x00000007a8000000, 0x00000007c0000000, 0x00000007c0000000)
 Metaspace       used 29929K, capacity 30582K, committed 30916K, reserved 1077248K
  class space    used 3555K, capacity 3765K, committed 3860K, reserved 1048576K
}
2017-06-04T00:06:35.087-0300: 22.691: Total time for which application threads were stopped: 0.0103058 seconds, Stopping threads took: 0.0000328 seconds
2017-06-04T00:06:35.108-0300: 22.712: Total time for which application threads were stopped: 0.0001147 seconds, Stopping threads took: 0.0000202 seconds
2017-06-04T00:06:35.109-0300: 22.713: Total time for which application threads were stopped: 0.0001627 seconds, Stopping threads took: 0.0000289 seconds
2017-06-04T00:06:35.220-0300: 22.824: Total time for which application threads were stopped: 0.0001053 seconds, Stopping threads took: 0.0000216 seconds
2017-06-04T00:06:35.324-0300: 22.928: Total time for which application threads were stopped: 0.0001311 seconds, Stopping threads took: 0.0000199 seconds
2017-06-04T00:06:36.329-0300: 23.933: Total time for which application threads were stopped: 0.0001416 seconds, Stopping threads took: 0.0000316 seconds
2017-06-04T00:06:37.331-0300: 24.934: Total time for which application threads were stopped: 0.0001606 seconds, Stopping threads took: 0.0000324 seconds
2017-06-04T00:06:40.374-0300: 27.978: Total time for which application threads were stopped: 0.0001005 seconds, Stopping threads took: 0.0000150 seconds
2017-06-04T00:06:40.382-0300: 27.986: Total time for which application threads were stopped: 0.0003630 seconds, Stopping threads took: 0.0000139 seconds
2017-06-04T00:06:40.407-0300: 28.011: Total time for which application threads were stopped: 0.0004709 seconds, Stopping threads took: 0.0000355 seconds
2017-06-04T00:06:40.440-0300: 28.044: Total time for which application threads were stopped: 0.0003763 seconds, Stopping threads took: 0.0000157 seconds
2017-06-04T00:06:40.461-0300: 28.065: Total time for which application threads were stopped: 0.0003642 seconds, Stopping threads took: 0.0000151 seconds
{Heap before GC invocations=5 (full 1):
 par new generation   total 109248K, used 102250K [0x00000007a0000000, 0x00000007a8000000, 0x00000007a8000000)
  eden space 87424K, 100% used [0x00000007a0000000, 0x00000007a5560000, 0x00000007a5560000)
  from space 21824K,  67% used [0x00000007a6ab0000, 0x00000007a792a860, 0x00000007a8000000)
  to   space 21824K,   0% used [0x00000007a5560000, 0x00000007a5560000, 0x00000007a6ab0000)
 concurrent mark-sweep generation total 393216K, used 0K [0x00000007a8000000, 0x00000007c0000000, 0x00000007c0000000)
 Metaspace       used 33753K, capacity 34564K, committed 34628K, reserved 1079296K
  class space    used 4017K, capacity 4238K, committed 4244K, reserved 1048576K
2017-06-04T00:06:40.471-0300: 28.075: [GC (Allocation Failure) 2017-06-04T00:06:40.472-0300: 28.075: [ParNew
Desired survivor size 20112992 bytes, new threshold 8 (max 8)
- age   1:    7060696 bytes,    7060696 total
- age   2:    1117584 bytes,    8178280 total
- age   3:     288840 bytes,    8467120 total
- age   4:    1366208 bytes,    9833328 total
- age   5:    1444584 bytes,   11277912 total
- age   6:    5270992 bytes,   16548904 total
: 102250K->18980K(109248K), 0.0207108 secs] 102250K->18980K(502464K), 0.0207968 secs] [Times: user=0.08 sys=0.00, real=0.02 secs] 
Heap after GC invocations=6 (full 1):
 par new generation   total 109248K, used 18980K [0x00000007a0000000, 0x00000007a8000000, 0x00000007a8000000)
  eden space 87424K,   0% used [0x00000007a0000000, 0x00000007a0000000, 0x00000007a5560000)
  from space 21824K,  86% used [0x00000007a5560000, 0x00000007a67e9190, 0x00000007a6ab0000)
  to   space 21824K,   0% used [0x00000007a6ab0000, 0x00000007a6ab0000, 0x00000007a8000000)
 concurrent mark-sweep generation total 393216K, used 0K [0x00000007a8000000, 0x00000007c0000000, 0x00000007c0000000)
 Metaspace       used 33753K, capacity 34564K, committed 34628K, reserved 1079296K
  class space    used 4017K, capacity 4238K, committed 4244K, reserved 1048576K
}
2017-06-04T00:06:40.492-0300: 28.096: Total time for which application threads were stopped: 0.0209810 seconds, Stopping threads took: 0.0000197 seconds
2017-06-04T00:06:40.493-0300: 28.097: Total time for which application threads were stopped: 0.0001614 seconds, Stopping threads took: 0.0000907 seconds
2017-06-04T00:06:40.531-0300: 28.135: Total time for which application threads were stopped: 0.0000856 seconds, Stopping threads took: 0.0000194 seconds
2017-06-04T00:06:40.532-0300: 28.136: Total time for which application threads were stopped: 0.0001299 seconds, Stopping threads took: 0.0000658 seconds
2017-06-04T00:06:40.533-0300: 28.137: Total time for which application threads were stopped: 0.0000833 seconds, Stopping threads took: 0.0000307 seconds
2017-06-04T00:06:40.533-0300: 28.137: Total time for which application threads were stopped: 0.0000644 seconds, Stopping threads took: 0.0000221 seconds
2017-06-04T00:06:40.533-0300: 28.137: Total time for which application threads were stopped: 0.0000414 seconds, Stopping threads took: 0.0000077 seconds
2017-06-04T00:06:40.535-0300: 28.138: Total time for which application threads were stopped: 0.0000672 seconds, Stopping threads took: 0.0000155 seconds
2017-06-04T00:06:40.535-0300: 28.139: Total time for which application threads were stopped: 0.0000452 seconds, Stopping threads took: 0.0000083 seconds
2017-06-04T00:06:40.535-0300: 28.139: Total time for which application threads were stopped: 0.0000390 seconds, Stopping threads took: 0.0000066 seconds
2017-06-04T00:06:40.549-0300: 28.153: Total time for which application threads were stopped: 0.0001117 seconds, Stopping threads took: 0.0000328 seconds
2017-06-04T00:06:40.550-0300: 28.154: Total time for which application threads were stopped: 0.0000622 seconds, Stopping threads took: 0.0000186 seconds
2017-06-04T00:06:40.550-0300: 28.154: Total time for which application threads were stopped: 0.0000698 seconds, Stopping threads took: 0.0000339 seconds
2017-06-04T00:06:40.550-0300: 28.154: Total time for which application threads were stopped: 0.0000461 seconds, Stopping threads took: 0.0000178 seconds
2017-06-04T00:06:40.553-0300: 28.156: Total time for which application threads were stopped: 0.0000762 seconds, Stopping threads took: 0.0000268 seconds
2017-06-04T00:06:40.553-0300: 28.157: Total time for which application threads were stopped: 0.0000665 seconds, Stopping threads took: 0.0000234 seconds
2017-06-04T00:06:40.553-0300: 28.157: Total time for which application threads were stopped: 0.0000603 seconds, Stopping threads took: 0.0000175 seconds
2017-06-04T00:06:40.554-0300: 28.157: Total time for which application threads were stopped: 0.0000412 seconds, Stopping threads took: 0.0000069 seconds
2017-06-04T00:06:40.562-0300: 28.166: Total time for which application threads were stopped: 0.0000996 seconds, Stopping threads took: 0.0000264 seconds
2017-06-04T00:06:40.562-0300: 28.166: Total time for which application threads were stopped: 0.0000489 seconds, Stopping threads took: 0.0000097 seconds
2017-06-04T00:06:40.563-0300: 28.167: Total time for which application threads were stopped: 0.0000866 seconds, Stopping threads took: 0.0000267 seconds
2017-06-04T00:06:40.565-0300: 28.169: Total time for which application threads were stopped: 0.0000666 seconds, Stopping threads took: 0.0000159 seconds
2017-06-04T00:06:40.565-0300: 28.169: Total time for which application threads were stopped: 0.0000789 seconds, Stopping threads took: 0.0000190 seconds
2017-06-04T00:06:40.566-0300: 28.169: Total time for which application threads were stopped: 0.0000604 seconds, Stopping threads took: 0.0000133 seconds
2017-06-04T00:06:40.568-0300: 28.172: Total time for which application threads were stopped: 0.0001511 seconds, Stopping threads took: 0.0000159 seconds
2017-06-04T00:06:40.574-0300: 28.178: Total time for which application threads were stopped: 0.0000773 seconds, Stopping threads took: 0.0000157 seconds
2017-06-04T00:06:40.683-0300: 28.287: Total time for which application threads were stopped: 0.0001940 seconds, Stopping threads took: 0.0000744 seconds
2017-06-04T00:06:40.735-0300: 28.339: Total time for which application threads were stopped: 0.0001606 seconds, Stopping threads took: 0.0000508 seconds
2017-06-04T00:06:40.735-0300: 28.339: Total time for which application threads were stopped: 0.0001007 seconds, Stopping threads took: 0.0000208 seconds
2017-06-04T00:06:40.736-0300: 28.339: Total time for which application threads were stopped: 0.0000733 seconds, Stopping threads took: 0.0000137 seconds
2017-06-04T00:06:40.736-0300: 28.340: Total time for which application threads were stopped: 0.0000699 seconds, Stopping threads took: 0.0000124 seconds
2017-06-04T00:06:40.743-0300: 28.347: Total time for which application threads were stopped: 0.0001358 seconds, Stopping threads took: 0.0000342 seconds
2017-06-04T00:06:40.855-0300: 28.458: Total time for which application threads were stopped: 0.0001740 seconds, Stopping threads took: 0.0000648 seconds
2017-06-04T00:06:43.862-0300: 31.466: Total time for which application threads were stopped: 0.0001499 seconds, Stopping threads took: 0.0000356 seconds
2017-06-04T00:06:44.867-0300: 32.470: Total time for which application threads were stopped: 0.0001914 seconds, Stopping threads took: 0.0000339 seconds
2017-06-04T00:06:46.876-0300: 34.480: Total time for which application threads were stopped: 0.0001483 seconds, Stopping threads took: 0.0000365 seconds
2017-06-04T00:06:48.881-0300: 36.485: Total time for which application threads were stopped: 0.0001486 seconds, Stopping threads took: 0.0000394 seconds
2017-06-04T00:06:52.895-0300: 40.498: Total time for which application threads were stopped: 0.0001383 seconds, Stopping threads took: 0.0000313 seconds
2017-06-04T00:06:56.904-0300: 44.508: Total time for which application threads were stopped: 0.0001283 seconds, Stopping threads took: 0.0000382 seconds
2017-06-04T00:06:58.909-0300: 46.513: Total time for which application threads were stopped: 0.0001436 seconds, Stopping threads took: 0.0000332 seconds
2017-06-04T00:07:00.418-0300: 48.022: Total time for which application threads were stopped: 0.0001187 seconds, Stopping threads took: 0.0000213 seconds
2017-06-04T00:07:00.419-0300: 48.022: Total time for which application threads were stopped: 0.0000755 seconds, Stopping threads took: 0.0000160 seconds
2017-06-04T00:07:00.419-0300: 48.023: Total time for which application threads were stopped: 0.0001076 seconds, Stopping threads took: 0.0000275 seconds
2017-06-04T00:07:00.419-0300: 48.023: Total time for which application threads were stopped: 0.0000792 seconds, Stopping threads took: 0.0000227 seconds
2017-06-04T00:07:00.420-0300: 48.023: Total time for which application threads were stopped: 0.0000543 seconds, Stopping threads took: 0.0000114 seconds
2017-06-04T00:07:00.421-0300: 48.024: Total time for which application threads were stopped: 0.0013203 seconds, Stopping threads took: 0.0011998 seconds
2017-06-04T00:07:00.424-0300: 48.028: Total time for which application threads were stopped: 0.0001447 seconds, Stopping threads took: 0.0000255 seconds
2017-06-04T00:07:00.427-0300: 48.030: Total time for which application threads were stopped: 0.0001193 seconds, Stopping threads took: 0.0000271 seconds
2017-06-04T00:07:00.427-0300: 48.031: Total time for which application threads were stopped: 0.0000855 seconds, Stopping threads took: 0.0000171 seconds
2017-06-04T00:07:00.428-0300: 48.031: Total time for which application threads were stopped: 0.0000995 seconds, Stopping threads took: 0.0000158 seconds
2017-06-04T00:07:00.429-0300: 48.033: Total time for which application threads were stopped: 0.0001034 seconds, Stopping threads took: 0.0000223 seconds
2017-06-04T00:07:00.430-0300: 48.033: Total time for which application threads were stopped: 0.0000810 seconds, Stopping threads took: 0.0000230 seconds
2017-06-04T00:07:00.430-0300: 48.033: Total time for which application threads were stopped: 0.0000664 seconds, Stopping threads took: 0.0000097 seconds
2017-06-04T00:07:00.431-0300: 48.035: Total time for which application threads were stopped: 0.0001066 seconds, Stopping threads took: 0.0000224 seconds
2017-06-04T00:07:00.432-0300: 48.035: Total time for which application threads were stopped: 0.0000716 seconds, Stopping threads took: 0.0000128 seconds
2017-06-04T00:07:00.432-0300: 48.035: Total time for which application threads were stopped: 0.0000589 seconds, Stopping threads took: 0.0000091 seconds
2017-06-04T00:07:00.432-0300: 48.035: Total time for which application threads were stopped: 0.0000584 seconds, Stopping threads took: 0.0000086 seconds
2017-06-04T00:07:00.432-0300: 48.035: Total time for which application threads were stopped: 0.0000544 seconds, Stopping threads took: 0.0000079 seconds
2017-06-04T00:07:00.432-0300: 48.035: Total time for which application threads were stopped: 0.0000512 seconds, Stopping threads took: 0.0000083 seconds
2017-06-04T00:07:00.435-0300: 48.039: Total time for which application threads were stopped: 0.0001088 seconds, Stopping threads took: 0.0000243 seconds
2017-06-04T00:07:00.453-0300: 48.056: Total time for which application threads were stopped: 0.0001215 seconds, Stopping threads took: 0.0000345 seconds
2017-06-04T00:07:00.453-0300: 48.056: Total time for which application threads were stopped: 0.0000865 seconds, Stopping threads took: 0.0000249 seconds
2017-06-04T00:07:00.453-0300: 48.056: Total time for which application threads were stopped: 0.0000622 seconds, Stopping threads took: 0.0000101 seconds
2017-06-04T00:07:00.455-0300: 48.058: Total time for which application threads were stopped: 0.0003279 seconds, Stopping threads took: 0.0000547 seconds
2017-06-04T00:07:00.465-0300: 48.069: Total time for which application threads were stopped: 0.0002998 seconds, Stopping threads took: 0.0000539 seconds
2017-06-04T00:07:00.466-0300: 48.069: Total time for which application threads were stopped: 0.0002003 seconds, Stopping threads took: 0.0000409 seconds
2017-06-04T00:07:00.466-0300: 48.069: Total time for which application threads were stopped: 0.0001630 seconds, Stopping threads took: 0.0000393 seconds
2017-06-04T00:07:00.475-0300: 48.079: Total time for which application threads were stopped: 0.0001005 seconds, Stopping threads took: 0.0000184 seconds
2017-06-04T00:07:00.475-0300: 48.079: Total time for which application threads were stopped: 0.0000506 seconds, Stopping threads took: 0.0000116 seconds
2017-06-04T00:07:00.475-0300: 48.079: Total time for which application threads were stopped: 0.0000395 seconds, Stopping threads took: 0.0000069 seconds
2017-06-04T00:07:00.476-0300: 48.080: Total time for which application threads were stopped: 0.0005610 seconds, Stopping threads took: 0.0000138 seconds
2017-06-04T00:07:00.492-0300: 48.095: Total time for which application threads were stopped: 0.0001048 seconds, Stopping threads took: 0.0000352 seconds
2017-06-04T00:07:00.492-0300: 48.095: Total time for which application threads were stopped: 0.0000696 seconds, Stopping threads took: 0.0000262 seconds
2017-06-04T00:07:00.492-0300: 48.095: Total time for which application threads were stopped: 0.0000687 seconds, Stopping threads took: 0.0000258 seconds
2017-06-04T00:07:01.488-0300: 49.092: Total time for which application threads were stopped: 0.0002250 seconds, Stopping threads took: 0.0000228 seconds
2017-06-04T00:07:01.503-0300: 49.107: Total time for which application threads were stopped: 0.0000881 seconds, Stopping threads took: 0.0000166 seconds
2017-06-04T00:07:01.596-0300: 49.199: Total time for which application threads were stopped: 0.0001386 seconds, Stopping threads took: 0.0000256 seconds
2017-06-04T00:07:01.601-0300: 49.205: Total time for which application threads were stopped: 0.0007054 seconds, Stopping threads took: 0.0004416 seconds
2017-06-04T00:07:01.602-0300: 49.206: Total time for which application threads were stopped: 0.0005047 seconds, Stopping threads took: 0.0004100 seconds
2017-06-04T00:07:01.603-0300: 49.206: Total time for which application threads were stopped: 0.0001649 seconds, Stopping threads took: 0.0000815 seconds
2017-06-04T00:07:01.603-0300: 49.206: Total time for which application threads were stopped: 0.0001363 seconds, Stopping threads took: 0.0000471 seconds
2017-06-04T00:07:01.603-0300: 49.207: Total time for which application threads were stopped: 0.0000945 seconds, Stopping threads took: 0.0000293 seconds
2017-06-04T00:07:01.603-0300: 49.207: Total time for which application threads were stopped: 0.0000970 seconds, Stopping threads took: 0.0000331 seconds
2017-06-04T00:07:01.603-0300: 49.207: Total time for which application threads were stopped: 0.0000710 seconds, Stopping threads took: 0.0000095 seconds
2017-06-04T00:07:01.605-0300: 49.208: Total time for which application threads were stopped: 0.0001573 seconds, Stopping threads took: 0.0000438 seconds
2017-06-04T00:07:01.653-0300: 49.256: Total time for which application threads were stopped: 0.0001134 seconds, Stopping threads took: 0.0000241 seconds
2017-06-04T00:07:01.653-0300: 49.257: Total time for which application threads were stopped: 0.0001231 seconds, Stopping threads took: 0.0000453 seconds
2017-06-04T00:07:01.653-0300: 49.257: Total time for which application threads were stopped: 0.0001564 seconds, Stopping threads took: 0.0000790 seconds
2017-06-04T00:07:01.654-0300: 49.257: Total time for which application threads were stopped: 0.0001007 seconds, Stopping threads took: 0.0000314 seconds
2017-06-04T00:07:01.654-0300: 49.258: Total time for which application threads were stopped: 0.0002332 seconds, Stopping threads took: 0.0000124 seconds
2017-06-04T00:07:01.656-0300: 49.260: Total time for which application threads were stopped: 0.0003595 seconds, Stopping threads took: 0.0002502 seconds
2017-06-04T00:07:01.680-0300: 49.283: Total time for which application threads were stopped: 0.0001464 seconds, Stopping threads took: 0.0000441 seconds
2017-06-04T00:07:01.680-0300: 49.284: Total time for which application threads were stopped: 0.0001260 seconds, Stopping threads took: 0.0000190 seconds
2017-06-04T00:07:01.682-0300: 49.285: Total time for which application threads were stopped: 0.0001558 seconds, Stopping threads took: 0.0000635 seconds
2017-06-04T00:07:01.682-0300: 49.286: Total time for which application threads were stopped: 0.0001179 seconds, Stopping threads took: 0.0000328 seconds
2017-06-04T00:07:01.683-0300: 49.287: Total time for which application threads were stopped: 0.0003268 seconds, Stopping threads took: 0.0002130 seconds
2017-06-04T00:07:01.683-0300: 49.287: Total time for which application threads were stopped: 0.0000913 seconds, Stopping threads took: 0.0000134 seconds
2017-06-04T00:07:01.685-0300: 49.288: Total time for which application threads were stopped: 0.0002137 seconds, Stopping threads took: 0.0000908 seconds
2017-06-04T00:07:01.687-0300: 49.290: Total time for which application threads were stopped: 0.0001631 seconds, Stopping threads took: 0.0000430 seconds
2017-06-04T00:07:01.689-0300: 49.293: Total time for which application threads were stopped: 0.0002829 seconds, Stopping threads took: 0.0001911 seconds
2017-06-04T00:07:01.704-0300: 49.307: Total time for which application threads were stopped: 0.0001350 seconds, Stopping threads took: 0.0000242 seconds
2017-06-04T00:07:01.705-0300: 49.308: Total time for which application threads were stopped: 0.0001065 seconds, Stopping threads took: 0.0000389 seconds
2017-06-04T00:07:01.745-0300: 49.348: Total time for which application threads were stopped: 0.0001354 seconds, Stopping threads took: 0.0000421 seconds
2017-06-04T00:07:01.746-0300: 49.349: Total time for which application threads were stopped: 0.0000956 seconds, Stopping threads took: 0.0000271 seconds
2017-06-04T00:07:01.746-0300: 49.349: Total time for which application threads were stopped: 0.0000805 seconds, Stopping threads took: 0.0000279 seconds
2017-06-04T00:07:01.746-0300: 49.349: Total time for which application threads were stopped: 0.0000780 seconds, Stopping threads took: 0.0000182 seconds
2017-06-04T00:07:01.749-0300: 49.352: Total time for which application threads were stopped: 0.0001944 seconds, Stopping threads took: 0.0001037 seconds
2017-06-04T00:07:01.749-0300: 49.353: Total time for which application threads were stopped: 0.0000833 seconds, Stopping threads took: 0.0000127 seconds
2017-06-04T00:07:01.749-0300: 49.353: Total time for which application threads were stopped: 0.0001224 seconds, Stopping threads took: 0.0000693 seconds
2017-06-04T00:07:01.749-0300: 49.353: Total time for which application threads were stopped: 0.0000562 seconds, Stopping threads took: 0.0000080 seconds
2017-06-04T00:07:01.750-0300: 49.354: Total time for which application threads were stopped: 0.0002505 seconds, Stopping threads took: 0.0000436 seconds
2017-06-04T00:07:02.620-0300: 50.224: Total time for which application threads were stopped: 0.0001535 seconds, Stopping threads took: 0.0000254 seconds
2017-06-04T00:07:02.628-0300: 50.231: Total time for which application threads were stopped: 0.0001137 seconds, Stopping threads took: 0.0000196 seconds
2017-06-04T00:07:02.628-0300: 50.232: Total time for which application threads were stopped: 0.0001344 seconds, Stopping threads took: 0.0000703 seconds
2017-06-04T00:07:02.628-0300: 50.232: Total time for which application threads were stopped: 0.0001139 seconds, Stopping threads took: 0.0000572 seconds
2017-06-04T00:07:02.629-0300: 50.232: Total time for which application threads were stopped: 0.0000822 seconds, Stopping threads took: 0.0000257 seconds
2017-06-04T00:07:02.629-0300: 50.232: Total time for which application threads were stopped: 0.0000859 seconds, Stopping threads took: 0.0000354 seconds
2017-06-04T00:07:02.632-0300: 50.235: Total time for which application threads were stopped: 0.0001126 seconds, Stopping threads took: 0.0000187 seconds
2017-06-04T00:07:02.632-0300: 50.236: Total time for which application threads were stopped: 0.0000947 seconds, Stopping threads took: 0.0000352 seconds
2017-06-04T00:07:02.633-0300: 50.236: Total time for which application threads were stopped: 0.0002207 seconds, Stopping threads took: 0.0001395 seconds
2017-06-04T00:07:02.633-0300: 50.236: Total time for which application threads were stopped: 0.0002322 seconds, Stopping threads took: 0.0001523 seconds
2017-06-04T00:07:02.635-0300: 50.238: Total time for which application threads were stopped: 0.0001045 seconds, Stopping threads took: 0.0000190 seconds
2017-06-04T00:07:02.635-0300: 50.239: Total time for which application threads were stopped: 0.0000896 seconds, Stopping threads took: 0.0000136 seconds
2017-06-04T00:07:02.636-0300: 50.240: Total time for which application threads were stopped: 0.0000798 seconds, Stopping threads took: 0.0000186 seconds
2017-06-04T00:07:02.637-0300: 50.240: Total time for which application threads were stopped: 0.0000692 seconds, Stopping threads took: 0.0000200 seconds
2017-06-04T00:07:02.644-0300: 50.248: Total time for which application threads were stopped: 0.0001051 seconds, Stopping threads took: 0.0000182 seconds
2017-06-04T00:07:02.645-0300: 50.248: Total time for which application threads were stopped: 0.0000856 seconds, Stopping threads took: 0.0000145 seconds
2017-06-04T00:07:02.650-0300: 50.254: Total time for which application threads were stopped: 0.0001284 seconds, Stopping threads took: 0.0000307 seconds
2017-06-04T00:07:02.659-0300: 50.263: Total time for which application threads were stopped: 0.0005326 seconds, Stopping threads took: 0.0000177 seconds
2017-06-04T00:07:02.662-0300: 50.266: Total time for which application threads were stopped: 0.0001502 seconds, Stopping threads took: 0.0000292 seconds
2017-06-04T00:07:02.663-0300: 50.266: Total time for which application threads were stopped: 0.0000768 seconds, Stopping threads took: 0.0000080 seconds
2017-06-04T00:07:02.663-0300: 50.266: Total time for which application threads were stopped: 0.0000643 seconds, Stopping threads took: 0.0000065 seconds
2017-06-04T00:07:02.663-0300: 50.266: Total time for which application threads were stopped: 0.0000596 seconds, Stopping threads took: 0.0000053 seconds
2017-06-04T00:07:02.665-0300: 50.268: Total time for which application threads were stopped: 0.0001408 seconds, Stopping threads took: 0.0000432 seconds
2017-06-04T00:07:02.680-0300: 50.283: Total time for which application threads were stopped: 0.0001245 seconds, Stopping threads took: 0.0000224 seconds
2017-06-04T00:07:02.680-0300: 50.283: Total time for which application threads were stopped: 0.0001176 seconds, Stopping threads took: 0.0000290 seconds
2017-06-04T00:07:02.680-0300: 50.284: Total time for which application threads were stopped: 0.0001078 seconds, Stopping threads took: 0.0000278 seconds
2017-06-04T00:07:02.680-0300: 50.284: Total time for which application threads were stopped: 0.0000850 seconds, Stopping threads took: 0.0000287 seconds
2017-06-04T00:07:02.680-0300: 50.284: Total time for which application threads were stopped: 0.0000578 seconds, Stopping threads took: 0.0000198 seconds
2017-06-04T00:07:02.681-0300: 50.284: Total time for which application threads were stopped: 0.0000538 seconds, Stopping threads took: 0.0000181 seconds
2017-06-04T00:07:02.681-0300: 50.284: Total time for which application threads were stopped: 0.0000397 seconds, Stopping threads took: 0.0000066 seconds
2017-06-04T00:07:02.681-0300: 50.284: Total time for which application threads were stopped: 0.0000351 seconds, Stopping threads took: 0.0000046 seconds
2017-06-04T00:07:02.681-0300: 50.284: Total time for which application threads were stopped: 0.0000425 seconds, Stopping threads took: 0.0000072 seconds
2017-06-04T00:07:03.684-0300: 51.287: Total time for which application threads were stopped: 0.0001527 seconds, Stopping threads took: 0.0000537 seconds
2017-06-04T00:07:04.685-0300: 52.288: Total time for which application threads were stopped: 0.0001320 seconds, Stopping threads took: 0.0000280 seconds
2017-06-04T00:07:04.724-0300: 52.328: Total time for which application threads were stopped: 0.0002757 seconds, Stopping threads took: 0.0000333 seconds
2017-06-04T00:07:04.725-0300: 52.329: Total time for which application threads were stopped: 0.0000954 seconds, Stopping threads took: 0.0000177 seconds
2017-06-04T00:07:04.727-0300: 52.331: Total time for which application threads were stopped: 0.0000952 seconds, Stopping threads took: 0.0000176 seconds
2017-06-04T00:07:04.727-0300: 52.331: Total time for which application threads were stopped: 0.0000696 seconds, Stopping threads took: 0.0000104 seconds
2017-06-04T00:07:04.727-0300: 52.331: Total time for which application threads were stopped: 0.0000572 seconds, Stopping threads took: 0.0000085 seconds
2017-06-04T00:07:04.728-0300: 52.331: Total time for which application threads were stopped: 0.0002001 seconds, Stopping threads took: 0.0000091 seconds
2017-06-04T00:07:04.737-0300: 52.341: Total time for which application threads were stopped: 0.0001046 seconds, Stopping threads took: 0.0000178 seconds
2017-06-04T00:07:04.738-0300: 52.341: Total time for which application threads were stopped: 0.0000765 seconds, Stopping threads took: 0.0000077 seconds
2017-06-04T00:07:04.757-0300: 52.360: Total time for which application threads were stopped: 0.0001207 seconds, Stopping threads took: 0.0000315 seconds
2017-06-04T00:07:04.757-0300: 52.360: Total time for which application threads were stopped: 0.0000852 seconds, Stopping threads took: 0.0000197 seconds
2017-06-04T00:07:04.838-0300: 52.442: Total time for which application threads were stopped: 0.0001040 seconds, Stopping threads took: 0.0000231 seconds
2017-06-04T00:07:05.840-0300: 53.444: Total time for which application threads were stopped: 0.0002063 seconds, Stopping threads took: 0.0000511 seconds
2017-06-04T00:07:06.947-0300: 54.551: Total time for which application threads were stopped: 0.0001488 seconds, Stopping threads took: 0.0000345 seconds
2017-06-04T00:07:06.948-0300: 54.551: Total time for which application threads were stopped: 0.0001179 seconds, Stopping threads took: 0.0000466 seconds
2017-06-04T00:07:06.948-0300: 54.552: Total time for which application threads were stopped: 0.0000892 seconds, Stopping threads took: 0.0000365 seconds
2017-06-04T00:07:06.948-0300: 54.552: Total time for which application threads were stopped: 0.0000695 seconds, Stopping threads took: 0.0000239 seconds
2017-06-04T00:07:06.949-0300: 54.552: Total time for which application threads were stopped: 0.0000971 seconds, Stopping threads took: 0.0000225 seconds
2017-06-04T00:07:06.949-0300: 54.552: Total time for which application threads were stopped: 0.0000888 seconds, Stopping threads took: 0.0000388 seconds
2017-06-04T00:07:06.949-0300: 54.552: Total time for which application threads were stopped: 0.0000825 seconds, Stopping threads took: 0.0000318 seconds
2017-06-04T00:07:06.949-0300: 54.552: Total time for which application threads were stopped: 0.0000990 seconds, Stopping threads took: 0.0000495 seconds
2017-06-04T00:07:06.949-0300: 54.553: Total time for which application threads were stopped: 0.0000741 seconds, Stopping threads took: 0.0000273 seconds
2017-06-04T00:07:06.950-0300: 54.553: Total time for which application threads were stopped: 0.0001062 seconds, Stopping threads took: 0.0000362 seconds
2017-06-04T00:07:06.950-0300: 54.554: Total time for which application threads were stopped: 0.0000770 seconds, Stopping threads took: 0.0000228 seconds
2017-06-04T00:07:06.960-0300: 54.564: Total time for which application threads were stopped: 0.0001558 seconds, Stopping threads took: 0.0000340 seconds
2017-06-04T00:07:06.961-0300: 54.564: Total time for which application threads were stopped: 0.0000971 seconds, Stopping threads took: 0.0000138 seconds
2017-06-04T00:07:06.970-0300: 54.574: Total time for which application threads were stopped: 0.0001091 seconds, Stopping threads took: 0.0000205 seconds
2017-06-04T00:07:06.971-0300: 54.574: Total time for which application threads were stopped: 0.0000847 seconds, Stopping threads took: 0.0000193 seconds
2017-06-04T00:07:07.974-0300: 55.577: Total time for which application threads were stopped: 0.0001769 seconds, Stopping threads took: 0.0000474 seconds
2017-06-04T00:07:08.341-0300: 55.946: Total time for which application threads were stopped: 0.0014729 seconds, Stopping threads took: 0.0000769 seconds
2017-06-04T00:07:08.343-0300: 55.946: Total time for which application threads were stopped: 0.0001772 seconds, Stopping threads took: 0.0000272 seconds
2017-06-04T00:07:08.363-0300: 55.967: Total time for which application threads were stopped: 0.0001221 seconds, Stopping threads took: 0.0000247 seconds
2017-06-04T00:07:08.369-0300: 55.972: Total time for which application threads were stopped: 0.0001107 seconds, Stopping threads took: 0.0000230 seconds
2017-06-04T00:07:09.370-0300: 56.973: Total time for which application threads were stopped: 0.0002131 seconds, Stopping threads took: 0.0000356 seconds
2017-06-04T00:07:10.172-0300: 57.775: Total time for which application threads were stopped: 0.0001607 seconds, Stopping threads took: 0.0000240 seconds
2017-06-04T00:07:10.172-0300: 57.775: Total time for which application threads were stopped: 0.0001798 seconds, Stopping threads took: 0.0000842 seconds
2017-06-04T00:07:10.187-0300: 57.790: Total time for which application threads were stopped: 0.0002012 seconds, Stopping threads took: 0.0000406 seconds
2017-06-04T00:07:10.189-0300: 57.793: Total time for which application threads were stopped: 0.0001154 seconds, Stopping threads took: 0.0000217 seconds
2017-06-04T00:07:11.191-0300: 58.794: Total time for which application threads were stopped: 0.0002928 seconds, Stopping threads took: 0.0000368 seconds
2017-06-04T00:07:24.465-0300: 72.068: Total time for which application threads were stopped: 0.0001296 seconds, Stopping threads took: 0.0000392 seconds
2017-06-04T00:07:24.578-0300: 72.181: Total time for which application threads were stopped: 0.0003728 seconds, Stopping threads took: 0.0000722 seconds
2017-06-04T00:07:24.578-0300: 72.181: Total time for which application threads were stopped: 0.0001890 seconds, Stopping threads took: 0.0000288 seconds
2017-06-04T00:07:24.591-0300: 72.195: Total time for which application threads were stopped: 0.0001183 seconds, Stopping threads took: 0.0000303 seconds
2017-06-04T00:07:24.592-0300: 72.195: Total time for which application threads were stopped: 0.0000606 seconds, Stopping threads took: 0.0000073 seconds
2017-06-04T00:07:25.594-0300: 73.197: Total time for which application threads were stopped: 0.0001326 seconds, Stopping threads took: 0.0000286 seconds
2017-06-04T00:07:36.120-0300: 83.723: Total time for which application threads were stopped: 0.0003958 seconds, Stopping threads took: 0.0000778 seconds
2017-06-04T00:07:36.121-0300: 83.723: Total time for which application threads were stopped: 0.0002216 seconds, Stopping threads took: 0.0000410 seconds
2017-06-04T00:07:36.134-0300: 83.737: Total time for which application threads were stopped: 0.0001811 seconds, Stopping threads took: 0.0000858 seconds
2017-06-04T00:07:36.134-0300: 83.737: Total time for which application threads were stopped: 0.0000959 seconds, Stopping threads took: 0.0000286 seconds
2017-06-04T00:07:37.135-0300: 84.738: Total time for which application threads were stopped: 0.0001429 seconds, Stopping threads took: 0.0000295 seconds
2017-06-04T00:07:44.162-0300: 91.765: Total time for which application threads were stopped: 0.0001544 seconds, Stopping threads took: 0.0000334 seconds
2017-06-04T00:07:55.183-0300: 102.785: Total time for which application threads were stopped: 0.0001542 seconds, Stopping threads took: 0.0000381 seconds
2017-06-04T00:08:22.242-0300: 129.844: Total time for which application threads were stopped: 0.0001721 seconds, Stopping threads took: 0.0000314 seconds
2017-06-04T00:08:28.415-0300: 136.017: Total time for which application threads were stopped: 0.0001496 seconds, Stopping threads took: 0.0000230 seconds
2017-06-04T00:08:28.415-0300: 136.017: Total time for which application threads were stopped: 0.0000823 seconds, Stopping threads took: 0.0000096 seconds
2017-06-04T00:08:28.429-0300: 136.031: Total time for which application threads were stopped: 0.0001112 seconds, Stopping threads took: 0.0000224 seconds
2017-06-04T00:08:28.429-0300: 136.031: Total time for which application threads were stopped: 0.0000554 seconds, Stopping threads took: 0.0000076 seconds
2017-06-04T00:08:32.444-0300: 140.046: Total time for which application threads were stopped: 0.0002854 seconds, Stopping threads took: 0.0000902 seconds
2017-06-04T00:08:43.480-0300: 151.082: Total time for which application threads were stopped: 0.0002064 seconds, Stopping threads took: 0.0000390 seconds
2017-06-04T00:08:59.516-0300: 167.118: Total time for which application threads were stopped: 0.0001817 seconds, Stopping threads took: 0.0000606 seconds
2017-06-04T00:09:11.539-0300: 179.140: Total time for which application threads were stopped: 0.0002019 seconds, Stopping threads took: 0.0000329 seconds
2017-06-04T00:09:19.571-0300: 187.173: Total time for which application threads were stopped: 0.0001487 seconds, Stopping threads took: 0.0000335 seconds
2017-06-04T00:09:26.589-0300: 194.190: Total time for which application threads were stopped: 0.0001130 seconds, Stopping threads took: 0.0000235 seconds
2017-06-04T00:09:28.432-0300: 196.033: Total time for which application threads were stopped: 0.0001257 seconds, Stopping threads took: 0.0000197 seconds
2017-06-04T00:09:37.452-0300: 205.053: Total time for which application threads were stopped: 0.0001507 seconds, Stopping threads took: 0.0000328 seconds
2017-06-04T00:09:49.490-0300: 217.091: Total time for which application threads were stopped: 0.0001696 seconds, Stopping threads took: 0.0000382 seconds
2017-06-04T00:09:59.513-0300: 227.114: Total time for which application threads were stopped: 0.0000865 seconds, Stopping threads took: 0.0000191 seconds
2017-06-04T00:10:21.585-0300: 249.186: Total time for which application threads were stopped: 0.0001395 seconds, Stopping threads took: 0.0000322 seconds
2017-06-04T00:10:27.609-0300: 255.209: Total time for which application threads were stopped: 0.0001581 seconds, Stopping threads took: 0.0000327 seconds
2017-06-04T00:10:39.648-0300: 267.248: Total time for which application threads were stopped: 0.0001719 seconds, Stopping threads took: 0.0000512 seconds
2017-06-04T00:10:43.650-0300: 271.250: Total time for which application threads were stopped: 0.0001239 seconds, Stopping threads took: 0.0000299 seconds
2017-06-04T00:10:45.597-0300: 273.197: Total time for which application threads were stopped: 0.0001310 seconds, Stopping threads took: 0.0000222 seconds
2017-06-04T00:10:45.597-0300: 273.197: Total time for which application threads were stopped: 0.0000979 seconds, Stopping threads took: 0.0000258 seconds
2017-06-04T00:10:45.615-0300: 273.215: Total time for which application threads were stopped: 0.0001130 seconds, Stopping threads took: 0.0000234 seconds
2017-06-04T00:10:45.615-0300: 273.215: Total time for which application threads were stopped: 0.0000630 seconds, Stopping threads took: 0.0000079 seconds
2017-06-04T00:11:20.539-0300: 308.139: Total time for which application threads were stopped: 0.0001596 seconds, Stopping threads took: 0.0000376 seconds
2017-06-04T00:11:20.539-0300: 308.139: Total time for which application threads were stopped: 0.0001076 seconds, Stopping threads took: 0.0000138 seconds
2017-06-04T00:11:20.553-0300: 308.152: Total time for which application threads were stopped: 0.0002329 seconds, Stopping threads took: 0.0000323 seconds
2017-06-04T00:11:20.553-0300: 308.152: Total time for which application threads were stopped: 0.0002305 seconds, Stopping threads took: 0.0000771 seconds
2017-06-04T00:11:20.553-0300: 308.153: Total time for which application threads were stopped: 0.0001491 seconds, Stopping threads took: 0.0000177 seconds
2017-06-04T00:11:21.556-0300: 309.155: Total time for which application threads were stopped: 0.0001490 seconds, Stopping threads took: 0.0000331 seconds
2017-06-04T00:11:30.336-0300: 317.935: Total time for which application threads were stopped: 0.0002143 seconds, Stopping threads took: 0.0000724 seconds
2017-06-04T00:11:30.356-0300: 317.955: Total time for which application threads were stopped: 0.0001452 seconds, Stopping threads took: 0.0000350 seconds
2017-06-04T00:11:30.367-0300: 317.966: Total time for which application threads were stopped: 0.0001733 seconds, Stopping threads took: 0.0000348 seconds
2017-06-04T00:11:30.394-0300: 317.993: Total time for which application threads were stopped: 0.0003615 seconds, Stopping threads took: 0.0000407 seconds
2017-06-04T00:11:30.394-0300: 317.994: Total time for which application threads were stopped: 0.0001919 seconds, Stopping threads took: 0.0000442 seconds
2017-06-04T00:11:31.396-0300: 318.995: Total time for which application threads were stopped: 0.0001595 seconds, Stopping threads took: 0.0000324 seconds
2017-06-04T00:11:45.425-0300: 333.024: Total time for which application threads were stopped: 0.0001950 seconds, Stopping threads took: 0.0000754 seconds
2017-06-04T00:11:49.436-0300: 337.035: Total time for which application threads were stopped: 0.0001362 seconds, Stopping threads took: 0.0000292 seconds
2017-06-04T00:12:20.516-0300: 368.114: Total time for which application threads were stopped: 0.0001913 seconds, Stopping threads took: 0.0000683 seconds
2017-06-04T00:12:30.399-0300: 377.997: Total time for which application threads were stopped: 0.0002173 seconds, Stopping threads took: 0.0000436 seconds
2017-06-04T00:12:42.609-0300: 390.207: Total time for which application threads were stopped: 0.0000878 seconds, Stopping threads took: 0.0000160 seconds
2017-06-04T00:12:42.639-0300: 390.237: Total time for which application threads were stopped: 0.0001832 seconds, Stopping threads took: 0.0000385 seconds
2017-06-04T00:12:42.642-0300: 390.240: Total time for which application threads were stopped: 0.0001360 seconds, Stopping threads took: 0.0000218 seconds
2017-06-04T00:12:42.643-0300: 390.241: Total time for which application threads were stopped: 0.0001173 seconds, Stopping threads took: 0.0000166 seconds
2017-06-04T00:12:42.643-0300: 390.241: Total time for which application threads were stopped: 0.0001013 seconds, Stopping threads took: 0.0000132 seconds
2017-06-04T00:12:42.644-0300: 390.243: Total time for which application threads were stopped: 0.0001036 seconds, Stopping threads took: 0.0000220 seconds
2017-06-04T00:12:42.646-0300: 390.244: Total time for which application threads were stopped: 0.0001105 seconds, Stopping threads took: 0.0000308 seconds
{Heap before GC invocations=6 (full 1):
 par new generation   total 109248K, used 106404K [0x00000007a0000000, 0x00000007a8000000, 0x00000007a8000000)
  eden space 87424K, 100% used [0x00000007a0000000, 0x00000007a5560000, 0x00000007a5560000)
  from space 21824K,  86% used [0x00000007a5560000, 0x00000007a67e9190, 0x00000007a6ab0000)
  to   space 21824K,   0% used [0x00000007a6ab0000, 0x00000007a6ab0000, 0x00000007a8000000)
 concurrent mark-sweep generation total 393216K, used 0K [0x00000007a8000000, 0x00000007c0000000, 0x00000007c0000000)
 Metaspace       used 36755K, capacity 37620K, committed 37828K, reserved 1083392K
  class space    used 4338K, capacity 4582K, committed 4628K, reserved 1048576K
2017-06-04T00:12:42.671-0300: 390.269: [GC (Allocation Failure) 2017-06-04T00:12:42.671-0300: 390.269: [ParNew
Desired survivor size 20112992 bytes, new threshold 8 (max 8)
- age   1:    4091888 bytes,    4091888 total
- age   2:    3501608 bytes,    7593496 total
- age   3:    1106144 bytes,    8699640 total
- age   4:     288688 bytes,    8988328 total
- age   5:    1309728 bytes,   10298056 total
- age   6:    1271104 bytes,   11569160 total
- age   7:    5263768 bytes,   16832928 total
: 106404K->21824K(109248K), 0.0168405 secs] 106404K->21824K(502464K), 0.0169348 secs] [Times: user=0.05 sys=0.00, real=0.01 secs] 
Heap after GC invocations=7 (full 1):
 par new generation   total 109248K, used 21824K [0x00000007a0000000, 0x00000007a8000000, 0x00000007a8000000)
  eden space 87424K,   0% used [0x00000007a0000000, 0x00000007a0000000, 0x00000007a5560000)
  from space 21824K, 100% used [0x00000007a6ab0000, 0x00000007a8000000, 0x00000007a8000000)
  to   space 21824K,   0% used [0x00000007a5560000, 0x00000007a5560000, 0x00000007a6ab0000)
 concurrent mark-sweep generation total 393216K, used 0K [0x00000007a8000000, 0x00000007c0000000, 0x00000007c0000000)
 Metaspace       used 36755K, capacity 37620K, committed 37828K, reserved 1083392K
  class space    used 4338K, capacity 4582K, committed 4628K, reserved 1048576K
}
2017-06-04T00:12:42.688-0300: 390.286: Total time for which application threads were stopped: 0.0171341 seconds, Stopping threads took: 0.0000233 seconds
2017-06-04T00:12:42.689-0300: 390.287: Total time for which application threads were stopped: 0.0001115 seconds, Stopping threads took: 0.0000322 seconds
2017-06-04T00:12:42.689-0300: 390.287: Total time for which application threads were stopped: 0.0000767 seconds, Stopping threads took: 0.0000207 seconds
2017-06-04T00:12:42.689-0300: 390.287: Total time for which application threads were stopped: 0.0000612 seconds, Stopping threads took: 0.0000186 seconds
2017-06-04T00:12:42.689-0300: 390.287: Total time for which application threads were stopped: 0.0000604 seconds, Stopping threads took: 0.0000216 seconds
2017-06-04T00:12:42.689-0300: 390.287: Total time for which application threads were stopped: 0.0000561 seconds, Stopping threads took: 0.0000193 seconds
2017-06-04T00:12:42.689-0300: 390.287: Total time for which application threads were stopped: 0.0000725 seconds, Stopping threads took: 0.0000202 seconds
2017-06-04T00:12:42.689-0300: 390.287: Total time for which application threads were stopped: 0.0000671 seconds, Stopping threads took: 0.0000221 seconds
2017-06-04T00:12:42.689-0300: 390.288: Total time for which application threads were stopped: 0.0000639 seconds, Stopping threads took: 0.0000189 seconds
2017-06-04T00:12:42.690-0300: 390.288: Total time for which application threads were stopped: 0.0000669 seconds, Stopping threads took: 0.0000200 seconds
2017-06-04T00:12:42.690-0300: 390.288: Total time for which application threads were stopped: 0.0000629 seconds, Stopping threads took: 0.0000185 seconds
2017-06-04T00:12:42.690-0300: 390.288: Total time for which application threads were stopped: 0.0000498 seconds, Stopping threads took: 0.0000074 seconds
2017-06-04T00:12:42.690-0300: 390.288: Total time for which application threads were stopped: 0.0001358 seconds, Stopping threads took: 0.0000814 seconds
2017-06-04T00:12:42.690-0300: 390.288: Total time for which application threads were stopped: 0.0000876 seconds, Stopping threads took: 0.0000392 seconds
2017-06-04T00:12:42.690-0300: 390.288: Total time for which application threads were stopped: 0.0000863 seconds, Stopping threads took: 0.0000362 seconds
2017-06-04T00:12:42.690-0300: 390.288: Total time for which application threads were stopped: 0.0000609 seconds, Stopping threads took: 0.0000195 seconds
2017-06-04T00:12:42.690-0300: 390.288: Total time for which application threads were stopped: 0.0000759 seconds, Stopping threads took: 0.0000338 seconds
2017-06-04T00:12:42.690-0300: 390.288: Total time for which application threads were stopped: 0.0000586 seconds, Stopping threads took: 0.0000172 seconds
2017-06-04T00:12:42.691-0300: 390.289: Total time for which application threads were stopped: 0.0001083 seconds, Stopping threads took: 0.0000173 seconds
2017-06-04T00:12:42.691-0300: 390.289: Total time for which application threads were stopped: 0.0000982 seconds, Stopping threads took: 0.0000321 seconds
2017-06-04T00:12:42.692-0300: 390.290: Total time for which application threads were stopped: 0.0001879 seconds, Stopping threads took: 0.0000188 seconds
{Heap before GC invocations=7 (full 1):
 par new generation   total 109248K, used 109248K [0x00000007a0000000, 0x00000007a8000000, 0x00000007a8000000)
  eden space 87424K, 100% used [0x00000007a0000000, 0x00000007a5560000, 0x00000007a5560000)
  from space 21824K, 100% used [0x00000007a6ab0000, 0x00000007a8000000, 0x00000007a8000000)
  to   space 21824K,   0% used [0x00000007a5560000, 0x00000007a5560000, 0x00000007a6ab0000)
 concurrent mark-sweep generation total 393216K, used 0K [0x00000007a8000000, 0x00000007c0000000, 0x00000007c0000000)
 Metaspace       used 36798K, capacity 37690K, committed 37828K, reserved 1083392K
  class space    used 4338K, capacity 4583K, committed 4628K, reserved 1048576K
2017-06-04T00:12:42.809-0300: 390.407: [GC (Allocation Failure) 2017-06-04T00:12:42.809-0300: 390.407: [ParNew
Desired survivor size 20112992 bytes, new threshold 8 (max 8)
- age   1:     391584 bytes,     391584 total
- age   2:    1864288 bytes,    2255872 total
- age   3:    3326848 bytes,    5582720 total
- age   4:    1106144 bytes,    6688864 total
- age   5:     288584 bytes,    6977448 total
- age   6:    1308952 bytes,    8286400 total
- age   7:    1271128 bytes,    9557528 total
- age   8:    5263688 bytes,   14821216 total
: 109248K->16683K(109248K), 0.0152315 secs] 109248K->16683K(502464K), 0.0152813 secs] [Times: user=0.05 sys=0.00, real=0.02 secs] 
Heap after GC invocations=8 (full 1):
 par new generation   total 109248K, used 16683K [0x00000007a0000000, 0x00000007a8000000, 0x00000007a8000000)
  eden space 87424K,   0% used [0x00000007a0000000, 0x00000007a0000000, 0x00000007a5560000)
  from space 21824K,  76% used [0x00000007a5560000, 0x00000007a65aae10, 0x00000007a6ab0000)
  to   space 21824K,   0% used [0x00000007a6ab0000, 0x00000007a6ab0000, 0x00000007a8000000)
 concurrent mark-sweep generation total 393216K, used 0K [0x00000007a8000000, 0x00000007c0000000, 0x00000007c0000000)
 Metaspace       used 36798K, capacity 37690K, committed 37828K, reserved 1083392K
  class space    used 4338K, capacity 4583K, committed 4628K, reserved 1048576K
}
2017-06-04T00:12:42.825-0300: 390.423: Total time for which application threads were stopped: 0.0154884 seconds, Stopping threads took: 0.0000188 seconds
2017-06-04T00:12:42.885-0300: 390.483: Total time for which application threads were stopped: 0.0001265 seconds, Stopping threads took: 0.0000416 seconds
2017-06-04T00:12:42.942-0300: 390.540: Total time for which application threads were stopped: 0.0006863 seconds, Stopping threads took: 0.0000361 seconds
2017-06-04T00:12:42.943-0300: 390.541: Total time for which application threads were stopped: 0.0001100 seconds, Stopping threads took: 0.0000187 seconds
2017-06-04T00:12:42.980-0300: 390.578: Total time for which application threads were stopped: 0.0001241 seconds, Stopping threads took: 0.0000223 seconds
2017-06-04T00:12:42.980-0300: 390.578: Total time for which application threads were stopped: 0.0000840 seconds, Stopping threads took: 0.0000298 seconds
2017-06-04T00:12:42.981-0300: 390.579: Total time for which application threads were stopped: 0.0000934 seconds, Stopping threads took: 0.0000173 seconds
2017-06-04T00:12:42.997-0300: 390.595: Total time for which application threads were stopped: 0.0001413 seconds, Stopping threads took: 0.0000212 seconds
2017-06-04T00:12:42.998-0300: 390.596: Total time for which application threads were stopped: 0.0001007 seconds, Stopping threads took: 0.0000379 seconds
2017-06-04T00:12:43.011-0300: 390.609: Total time for which application threads were stopped: 0.0001218 seconds, Stopping threads took: 0.0000232 seconds
2017-06-04T00:12:43.012-0300: 390.610: Total time for which application threads were stopped: 0.0000949 seconds, Stopping threads took: 0.0000197 seconds
2017-06-04T00:12:43.018-0300: 390.616: Total time for which application threads were stopped: 0.0001021 seconds, Stopping threads took: 0.0000220 seconds
{Heap before GC invocations=8 (full 1):
 par new generation   total 109248K, used 104107K [0x00000007a0000000, 0x00000007a8000000, 0x00000007a8000000)
  eden space 87424K, 100% used [0x00000007a0000000, 0x00000007a5560000, 0x00000007a5560000)
  from space 21824K,  76% used [0x00000007a5560000, 0x00000007a65aae10, 0x00000007a6ab0000)
  to   space 21824K,   0% used [0x00000007a6ab0000, 0x00000007a6ab0000, 0x00000007a8000000)
 concurrent mark-sweep generation total 393216K, used 0K [0x00000007a8000000, 0x00000007c0000000, 0x00000007c0000000)
 Metaspace       used 37023K, capacity 37958K, committed 38084K, reserved 1083392K
  class space    used 4361K, capacity 4601K, committed 4628K, reserved 1048576K
2017-06-04T00:12:43.061-0300: 390.659: [GC (Allocation Failure) 2017-06-04T00:12:43.061-0300: 390.659: [ParNew
Desired survivor size 20112992 bytes, new threshold 8 (max 8)
- age   1:    2319424 bytes,    2319424 total
- age   2:      91360 bytes,    2410784 total
- age   3:    1286856 bytes,    3697640 total
- age   4:    3323712 bytes,    7021352 total
- age   5:    1106008 bytes,    8127360 total
- age   6:     288424 bytes,    8415784 total
- age   7:    1289768 bytes,    9705552 total
- age   8:    1239368 bytes,   10944920 total
: 104107K->19858K(109248K), 0.0464170 secs] 104107K->25537K(502464K), 0.0465069 secs] [Times: user=0.15 sys=0.01, real=0.04 secs] 
Heap after GC invocations=9 (full 1):
 par new generation   total 109248K, used 19858K [0x00000007a0000000, 0x00000007a8000000, 0x00000007a8000000)
  eden space 87424K,   0% used [0x00000007a0000000, 0x00000007a0000000, 0x00000007a5560000)
  from space 21824K,  90% used [0x00000007a6ab0000, 0x00000007a7e14820, 0x00000007a8000000)
  to   space 21824K,   0% used [0x00000007a5560000, 0x00000007a5560000, 0x00000007a6ab0000)
 concurrent mark-sweep generation total 393216K, used 5679K [0x00000007a8000000, 0x00000007c0000000, 0x00000007c0000000)
 Metaspace       used 37023K, capacity 37958K, committed 38084K, reserved 1083392K
  class space    used 4361K, capacity 4601K, committed 4628K, reserved 1048576K
}
2017-06-04T00:12:43.107-0300: 390.705: Total time for which application threads were stopped: 0.0467445 seconds, Stopping threads took: 0.0000261 seconds
2017-06-04T00:12:43.108-0300: 390.706: Total time for which application threads were stopped: 0.0001622 seconds, Stopping threads took: 0.0000789 seconds
{Heap before GC invocations=9 (full 1):
 par new generation   total 109248K, used 107282K [0x00000007a0000000, 0x00000007a8000000, 0x00000007a8000000)
  eden space 87424K, 100% used [0x00000007a0000000, 0x00000007a5560000, 0x00000007a5560000)
  from space 21824K,  90% used [0x00000007a6ab0000, 0x00000007a7e14820, 0x00000007a8000000)
  to   space 21824K,   0% used [0x00000007a5560000, 0x00000007a5560000, 0x00000007a6ab0000)
 concurrent mark-sweep generation total 393216K, used 5679K [0x00000007a8000000, 0x00000007c0000000, 0x00000007c0000000)
 Metaspace       used 37026K, capacity 37958K, committed 38084K, reserved 1083392K
  class space    used 4361K, capacity 4601K, committed 4628K, reserved 1048576K
2017-06-04T00:12:43.151-0300: 390.749: [GC (Allocation Failure) 2017-06-04T00:12:43.151-0300: 390.749: [ParNew
Desired survivor size 20112992 bytes, new threshold 8 (max 8)
- age   1:     256088 bytes,     256088 total
- age   2:    2048856 bytes,    2304944 total
- age   3:      91360 bytes,    2396304 total
- age   4:    1286856 bytes,    3683160 total
- age   5:    3323488 bytes,    7006648 total
- age   6:    1105944 bytes,    8112592 total
- age   7:     287624 bytes,    8400216 total
- age   8:    1289640 bytes,    9689856 total
: 107282K->13284K(109248K), 0.0170670 secs] 112961K->20195K(502464K), 0.0171452 secs] [Times: user=0.06 sys=0.00, real=0.01 secs] 
Heap after GC invocations=10 (full 1):
 par new generation   total 109248K, used 13284K [0x00000007a0000000, 0x00000007a8000000, 0x00000007a8000000)
  eden space 87424K,   0% used [0x00000007a0000000, 0x00000007a0000000, 0x00000007a5560000)
  from space 21824K,  60% used [0x00000007a5560000, 0x00000007a6259130, 0x00000007a6ab0000)
  to   space 21824K,   0% used [0x00000007a6ab0000, 0x00000007a6ab0000, 0x00000007a8000000)
 concurrent mark-sweep generation total 393216K, used 6910K [0x00000007a8000000, 0x00000007c0000000, 0x00000007c0000000)
 Metaspace       used 37026K, capacity 37958K, committed 38084K, reserved 1083392K
  class space    used 4361K, capacity 4601K, committed 4628K, reserved 1048576K
}
2017-06-04T00:12:43.168-0300: 390.766: Total time for which application threads were stopped: 0.0173331 seconds, Stopping threads took: 0.0000196 seconds
2017-06-04T00:12:43.168-0300: 390.766: Total time for which application threads were stopped: 0.0001521 seconds, Stopping threads took: 0.0000676 seconds
2017-06-04T00:12:43.270-0300: 390.868: Total time for which application threads were stopped: 0.0001411 seconds, Stopping threads took: 0.0000267 seconds
2017-06-04T00:12:43.270-0300: 390.868: Total time for which application threads were stopped: 0.0000509 seconds, Stopping threads took: 0.0000086 seconds
2017-06-04T00:12:43.271-0300: 390.869: Total time for which application threads were stopped: 0.0000727 seconds, Stopping threads took: 0.0000127 seconds
2017-06-04T00:12:43.271-0300: 390.869: Total time for which application threads were stopped: 0.0000661 seconds, Stopping threads took: 0.0000240 seconds
2017-06-04T00:12:43.271-0300: 390.869: Total time for which application threads were stopped: 0.0000640 seconds, Stopping threads took: 0.0000106 seconds
2017-06-04T00:12:43.272-0300: 390.870: Total time for which application threads were stopped: 0.0000853 seconds, Stopping threads took: 0.0000486 seconds
2017-06-04T00:12:43.272-0300: 390.870: Total time for which application threads were stopped: 0.0000503 seconds, Stopping threads took: 0.0000206 seconds
2017-06-04T00:12:43.272-0300: 390.870: Total time for which application threads were stopped: 0.0000540 seconds, Stopping threads took: 0.0000079 seconds
2017-06-04T00:12:43.272-0300: 390.870: Total time for which application threads were stopped: 0.0000541 seconds, Stopping threads took: 0.0000188 seconds
2017-06-04T00:12:43.272-0300: 390.870: Total time for which application threads were stopped: 0.0000500 seconds, Stopping threads took: 0.0000149 seconds
2017-06-04T00:12:43.273-0300: 390.871: Total time for which application threads were stopped: 0.0000929 seconds, Stopping threads took: 0.0000294 seconds
2017-06-04T00:12:43.273-0300: 390.871: Total time for which application threads were stopped: 0.0000903 seconds, Stopping threads took: 0.0000197 seconds
2017-06-04T00:12:43.280-0300: 390.878: Total time for which application threads were stopped: 0.0000904 seconds, Stopping threads took: 0.0000213 seconds
2017-06-04T00:12:43.281-0300: 390.879: Total time for which application threads were stopped: 0.0000840 seconds, Stopping threads took: 0.0000146 seconds
2017-06-04T00:12:43.282-0300: 390.880: Total time for which application threads were stopped: 0.0000950 seconds, Stopping threads took: 0.0000305 seconds
2017-06-04T00:12:44.286-0300: 391.884: Total time for which application threads were stopped: 0.0003627 seconds, Stopping threads took: 0.0000501 seconds
2017-06-04T00:12:48.329-0300: 395.927: Total time for which application threads were stopped: 0.0002496 seconds, Stopping threads took: 0.0001284 seconds
2017-06-04T00:12:48.329-0300: 395.927: Total time for which application threads were stopped: 0.0000861 seconds, Stopping threads took: 0.0000186 seconds
2017-06-04T00:12:48.331-0300: 395.929: Total time for which application threads were stopped: 0.0000921 seconds, Stopping threads took: 0.0000265 seconds
2017-06-04T00:12:48.331-0300: 395.929: Total time for which application threads were stopped: 0.0000790 seconds, Stopping threads took: 0.0000284 seconds
2017-06-04T00:12:48.331-0300: 395.929: Total time for which application threads were stopped: 0.0000772 seconds, Stopping threads took: 0.0000296 seconds
2017-06-04T00:12:48.331-0300: 395.929: Total time for which application threads were stopped: 0.0000487 seconds, Stopping threads took: 0.0000083 seconds
2017-06-04T00:12:48.331-0300: 395.929: Total time for which application threads were stopped: 0.0000472 seconds, Stopping threads took: 0.0000084 seconds
2017-06-04T00:12:48.331-0300: 395.929: Total time for which application threads were stopped: 0.0000671 seconds, Stopping threads took: 0.0000220 seconds
2017-06-04T00:12:48.331-0300: 395.929: Total time for which application threads were stopped: 0.0000481 seconds, Stopping threads took: 0.0000084 seconds
2017-06-04T00:12:48.331-0300: 395.929: Total time for which application threads were stopped: 0.0000674 seconds, Stopping threads took: 0.0000267 seconds
2017-06-04T00:12:48.332-0300: 395.929: Total time for which application threads were stopped: 0.0000599 seconds, Stopping threads took: 0.0000109 seconds
2017-06-04T00:12:48.332-0300: 395.930: Total time for which application threads were stopped: 0.0000463 seconds, Stopping threads took: 0.0000076 seconds
2017-06-04T00:12:48.332-0300: 395.930: Total time for which application threads were stopped: 0.0000492 seconds, Stopping threads took: 0.0000077 seconds
2017-06-04T00:12:48.332-0300: 395.930: Total time for which application threads were stopped: 0.0000499 seconds, Stopping threads took: 0.0000081 seconds
2017-06-04T00:12:48.333-0300: 395.931: Total time for which application threads were stopped: 0.0001146 seconds, Stopping threads took: 0.0000438 seconds
2017-06-04T00:12:48.336-0300: 395.934: Total time for which application threads were stopped: 0.0001713 seconds, Stopping threads took: 0.0000858 seconds
2017-06-04T00:12:48.339-0300: 395.937: Total time for which application threads were stopped: 0.0000930 seconds, Stopping threads took: 0.0000177 seconds
2017-06-04T00:12:48.340-0300: 395.938: Total time for which application threads were stopped: 0.0000883 seconds, Stopping threads took: 0.0000231 seconds
2017-06-04T00:12:48.340-0300: 395.938: Total time for which application threads were stopped: 0.0002041 seconds, Stopping threads took: 0.0001392 seconds
2017-06-04T00:12:48.341-0300: 395.939: Total time for which application threads were stopped: 0.0001415 seconds, Stopping threads took: 0.0000796 seconds
2017-06-04T00:12:48.346-0300: 395.944: Total time for which application threads were stopped: 0.0001201 seconds, Stopping threads took: 0.0000389 seconds
2017-06-04T00:12:48.346-0300: 395.944: Total time for which application threads were stopped: 0.0000743 seconds, Stopping threads took: 0.0000093 seconds
2017-06-04T00:12:48.347-0300: 395.945: Total time for which application threads were stopped: 0.0001002 seconds, Stopping threads took: 0.0000272 seconds
2017-06-04T00:12:48.347-0300: 395.945: Total time for which application threads were stopped: 0.0000900 seconds, Stopping threads took: 0.0000261 seconds
2017-06-04T00:12:48.347-0300: 395.945: Total time for which application threads were stopped: 0.0000890 seconds, Stopping threads took: 0.0000255 seconds
2017-06-04T00:12:48.347-0300: 395.945: Total time for which application threads were stopped: 0.0000719 seconds, Stopping threads took: 0.0000208 seconds
2017-06-04T00:12:48.347-0300: 395.945: Total time for which application threads were stopped: 0.0000731 seconds, Stopping threads took: 0.0000193 seconds
2017-06-04T00:12:48.347-0300: 395.945: Total time for which application threads were stopped: 0.0000776 seconds, Stopping threads took: 0.0000194 seconds
2017-06-04T00:12:48.347-0300: 395.945: Total time for which application threads were stopped: 0.0000839 seconds, Stopping threads took: 0.0000224 seconds
2017-06-04T00:12:48.348-0300: 395.946: Total time for which application threads were stopped: 0.0000799 seconds, Stopping threads took: 0.0000210 seconds
2017-06-04T00:12:48.348-0300: 395.946: Total time for which application threads were stopped: 0.0000752 seconds, Stopping threads took: 0.0000189 seconds
2017-06-04T00:12:48.348-0300: 395.946: Total time for which application threads were stopped: 0.0000777 seconds, Stopping threads took: 0.0000196 seconds
2017-06-04T00:12:48.348-0300: 395.946: Total time for which application threads were stopped: 0.0000768 seconds, Stopping threads took: 0.0000181 seconds
2017-06-04T00:12:48.348-0300: 395.946: Total time for which application threads were stopped: 0.0000893 seconds, Stopping threads took: 0.0000311 seconds
2017-06-04T00:12:48.348-0300: 395.946: Total time for which application threads were stopped: 0.0000607 seconds, Stopping threads took: 0.0000244 seconds
2017-06-04T00:12:48.348-0300: 395.946: Total time for which application threads were stopped: 0.0001017 seconds, Stopping threads took: 0.0000376 seconds
2017-06-04T00:12:48.348-0300: 395.946: Total time for which application threads were stopped: 0.0000550 seconds, Stopping threads took: 0.0000181 seconds
2017-06-04T00:12:48.349-0300: 395.947: Total time for which application threads were stopped: 0.0001950 seconds, Stopping threads took: 0.0001575 seconds
2017-06-04T00:12:48.349-0300: 395.947: Total time for which application threads were stopped: 0.0000696 seconds, Stopping threads took: 0.0000241 seconds
2017-06-04T00:12:48.349-0300: 395.947: Total time for which application threads were stopped: 0.0000673 seconds, Stopping threads took: 0.0000298 seconds
2017-06-04T00:12:48.349-0300: 395.947: Total time for which application threads were stopped: 0.0000670 seconds, Stopping threads took: 0.0000302 seconds
2017-06-04T00:12:48.349-0300: 395.947: Total time for which application threads were stopped: 0.0001155 seconds, Stopping threads took: 0.0000724 seconds
2017-06-04T00:12:48.349-0300: 395.947: Total time for which application threads were stopped: 0.0000724 seconds, Stopping threads took: 0.0000282 seconds
2017-06-04T00:12:48.349-0300: 395.947: Total time for which application threads were stopped: 0.0001399 seconds, Stopping threads took: 0.0000071 seconds
2017-06-04T00:12:48.353-0300: 395.951: Total time for which application threads were stopped: 0.0001070 seconds, Stopping threads took: 0.0000321 seconds
2017-06-04T00:12:48.353-0300: 395.951: Total time for which application threads were stopped: 0.0000732 seconds, Stopping threads took: 0.0000229 seconds
2017-06-04T00:12:48.353-0300: 395.951: Total time for which application threads were stopped: 0.0000640 seconds, Stopping threads took: 0.0000218 seconds
2017-06-04T00:12:48.354-0300: 395.951: Total time for which application threads were stopped: 0.0000788 seconds, Stopping threads took: 0.0000124 seconds
2017-06-04T00:12:48.356-0300: 395.954: Total time for which application threads were stopped: 0.0001085 seconds, Stopping threads took: 0.0000197 seconds
2017-06-04T00:12:48.366-0300: 395.964: Total time for which application threads were stopped: 0.0002072 seconds, Stopping threads took: 0.0000870 seconds
2017-06-04T00:12:48.366-0300: 395.964: Total time for which application threads were stopped: 0.0001921 seconds, Stopping threads took: 0.0000964 seconds
2017-06-04T00:12:48.367-0300: 395.964: Total time for which application threads were stopped: 0.0000904 seconds, Stopping threads took: 0.0000139 seconds
2017-06-04T00:12:48.367-0300: 395.965: Total time for which application threads were stopped: 0.0001483 seconds, Stopping threads took: 0.0000606 seconds
2017-06-04T00:12:48.391-0300: 395.989: Total time for which application threads were stopped: 0.0001937 seconds, Stopping threads took: 0.0000495 seconds
{Heap before GC invocations=10 (full 1):
 par new generation   total 109248K, used 100689K [0x00000007a0000000, 0x00000007a8000000, 0x00000007a8000000)
  eden space 87424K,  99% used [0x00000007a0000000, 0x00000007a555b6b8, 0x00000007a5560000)
  from space 21824K,  60% used [0x00000007a5560000, 0x00000007a6259130, 0x00000007a6ab0000)
  to   space 21824K,   0% used [0x00000007a6ab0000, 0x00000007a6ab0000, 0x00000007a8000000)
 concurrent mark-sweep generation total 393216K, used 6910K [0x00000007a8000000, 0x00000007c0000000, 0x00000007c0000000)
 Metaspace       used 37234K, capacity 38144K, committed 38468K, reserved 1083392K
  class space    used 4376K, capacity 4638K, committed 4756K, reserved 1048576K
2017-06-04T00:12:48.398-0300: 395.996: [GC (Allocation Failure) 2017-06-04T00:12:48.398-0300: 395.996: [ParNew
Desired survivor size 20112992 bytes, new threshold 8 (max 8)
- age   1:    4073096 bytes,    4073096 total
- age   2:      83216 bytes,    4156312 total
- age   3:     841136 bytes,    4997448 total
- age   4:       4360 bytes,    5001808 total
- age   5:    1193320 bytes,    6195128 total
- age   6:    1707464 bytes,    7902592 total
- age   7:    1102512 bytes,    9005104 total
- age   8:     287560 bytes,    9292664 total
: 100689K->12192K(109248K), 0.0159089 secs] 107600K->20377K(502464K), 0.0159759 secs] [Times: user=0.05 sys=0.00, real=0.02 secs] 
Heap after GC invocations=11 (full 1):
 par new generation   total 109248K, used 12192K [0x00000007a0000000, 0x00000007a8000000, 0x00000007a8000000)
  eden space 87424K,   0% used [0x00000007a0000000, 0x00000007a0000000, 0x00000007a5560000)
  from space 21824K,  55% used [0x00000007a6ab0000, 0x00000007a76981b0, 0x00000007a8000000)
  to   space 21824K,   0% used [0x00000007a5560000, 0x00000007a5560000, 0x00000007a6ab0000)
 concurrent mark-sweep generation total 393216K, used 8185K [0x00000007a8000000, 0x00000007c0000000, 0x00000007c0000000)
 Metaspace       used 37234K, capacity 38144K, committed 38468K, reserved 1083392K
  class space    used 4376K, capacity 4638K, committed 4756K, reserved 1048576K
}
2017-06-04T00:12:48.414-0300: 396.012: Total time for which application threads were stopped: 0.0163554 seconds, Stopping threads took: 0.0000576 seconds
2017-06-04T00:12:48.420-0300: 396.018: Total time for which application threads were stopped: 0.0002384 seconds, Stopping threads took: 0.0001057 seconds
2017-06-04T00:12:48.420-0300: 396.018: Total time for which application threads were stopped: 0.0000966 seconds, Stopping threads took: 0.0000135 seconds
2017-06-04T00:12:48.429-0300: 396.027: Total time for which application threads were stopped: 0.0001687 seconds, Stopping threads took: 0.0000493 seconds
2017-06-04T00:12:48.429-0300: 396.027: Total time for which application threads were stopped: 0.0001366 seconds, Stopping threads took: 0.0000290 seconds
2017-06-04T00:12:48.430-0300: 396.028: Total time for which application threads were stopped: 0.0001172 seconds, Stopping threads took: 0.0000333 seconds
2017-06-04T00:12:48.430-0300: 396.028: Total time for which application threads were stopped: 0.0001104 seconds, Stopping threads took: 0.0000314 seconds
2017-06-04T00:12:48.430-0300: 396.028: Total time for which application threads were stopped: 0.0001509 seconds, Stopping threads took: 0.0000768 seconds
2017-06-04T00:12:48.430-0300: 396.028: Total time for which application threads were stopped: 0.0000719 seconds, Stopping threads took: 0.0000213 seconds
2017-06-04T00:12:48.430-0300: 396.028: Total time for which application threads were stopped: 0.0000889 seconds, Stopping threads took: 0.0000296 seconds
2017-06-04T00:12:48.430-0300: 396.028: Total time for which application threads were stopped: 0.0000673 seconds, Stopping threads took: 0.0000196 seconds
2017-06-04T00:12:48.431-0300: 396.029: Total time for which application threads were stopped: 0.0000998 seconds, Stopping threads took: 0.0000386 seconds
2017-06-04T00:12:48.431-0300: 396.029: Total time for which application threads were stopped: 0.0001340 seconds, Stopping threads took: 0.0000656 seconds
2017-06-04T00:12:48.431-0300: 396.029: Total time for which application threads were stopped: 0.0003842 seconds, Stopping threads took: 0.0003066 seconds
2017-06-04T00:12:48.432-0300: 396.030: Total time for which application threads were stopped: 0.0002348 seconds, Stopping threads took: 0.0001448 seconds
2017-06-04T00:12:48.446-0300: 396.044: Total time for which application threads were stopped: 0.0002527 seconds, Stopping threads took: 0.0000982 seconds
2017-06-04T00:12:48.447-0300: 396.045: Total time for which application threads were stopped: 0.0001253 seconds, Stopping threads took: 0.0000232 seconds
2017-06-04T00:12:48.454-0300: 396.052: Total time for which application threads were stopped: 0.0002002 seconds, Stopping threads took: 0.0000697 seconds
2017-06-04T00:12:48.455-0300: 396.053: Total time for which application threads were stopped: 0.0001494 seconds, Stopping threads took: 0.0000301 seconds
2017-06-04T00:12:48.455-0300: 396.053: Total time for which application threads were stopped: 0.0001298 seconds, Stopping threads took: 0.0000192 seconds
2017-06-04T00:12:48.455-0300: 396.053: Total time for which application threads were stopped: 0.0001039 seconds, Stopping threads took: 0.0000288 seconds
2017-06-04T00:12:48.465-0300: 396.063: Total time for which application threads were stopped: 0.0002105 seconds, Stopping threads took: 0.0000963 seconds
{Heap before GC invocations=11 (full 1):
 par new generation   total 109248K, used 99586K [0x00000007a0000000, 0x00000007a8000000, 0x00000007a8000000)
  eden space 87424K,  99% used [0x00000007a0000000, 0x00000007a5558690, 0x00000007a5560000)
  from space 21824K,  55% used [0x00000007a6ab0000, 0x00000007a76981b0, 0x00000007a8000000)
  to   space 21824K,   0% used [0x00000007a5560000, 0x00000007a5560000, 0x00000007a6ab0000)
 concurrent mark-sweep generation total 393216K, used 8185K [0x00000007a8000000, 0x00000007c0000000, 0x00000007c0000000)
 Metaspace       used 37273K, capacity 38302K, committed 38468K, reserved 1083392K
  class space    used 4379K, capacity 4643K, committed 4756K, reserved 1048576K
2017-06-04T00:12:48.469-0300: 396.067: [GC (Allocation Failure) 2017-06-04T00:12:48.469-0300: 396.067: [ParNew
Desired survivor size 20112992 bytes, new threshold 8 (max 8)
- age   1:     637408 bytes,     637408 total
- age   2:    3801288 bytes,    4438696 total
- age   3:      83216 bytes,    4521912 total
- age   4:     833488 bytes,    5355400 total
- age   5:       4360 bytes,    5359760 total
- age   6:    1193320 bytes,    6553080 total
- age   7:    1704424 bytes,    8257504 total
- age   8:    1102512 bytes,    9360016 total
: 99586K->11555K(109248K), 0.0192047 secs] 107771K->20028K(502464K), 0.0193063 secs] [Times: user=0.06 sys=0.00, real=0.02 secs] 
Heap after GC invocations=12 (full 1):
 par new generation   total 109248K, used 11555K [0x00000007a0000000, 0x00000007a8000000, 0x00000007a8000000)
  eden space 87424K,   0% used [0x00000007a0000000, 0x00000007a0000000, 0x00000007a5560000)
  from space 21824K,  52% used [0x00000007a5560000, 0x00000007a60a8f20, 0x00000007a6ab0000)
  to   space 21824K,   0% used [0x00000007a6ab0000, 0x00000007a6ab0000, 0x00000007a8000000)
 concurrent mark-sweep generation total 393216K, used 8473K [0x00000007a8000000, 0x00000007c0000000, 0x00000007c0000000)
 Metaspace       used 37273K, capacity 38302K, committed 38468K, reserved 1083392K
  class space    used 4379K, capacity 4643K, committed 4756K, reserved 1048576K
}
2017-06-04T00:12:48.488-0300: 396.086: Total time for which application threads were stopped: 0.0196139 seconds, Stopping threads took: 0.0000975 seconds
2017-06-04T00:12:48.488-0300: 396.086: Total time for which application threads were stopped: 0.0002146 seconds, Stopping threads took: 0.0000801 seconds
2017-06-04T00:12:48.489-0300: 396.087: Total time for which application threads were stopped: 0.0001978 seconds, Stopping threads took: 0.0000878 seconds
2017-06-04T00:12:48.513-0300: 396.110: Total time for which application threads were stopped: 0.0029920 seconds, Stopping threads took: 0.0028542 seconds
2017-06-04T00:12:48.513-0300: 396.111: Total time for which application threads were stopped: 0.0002421 seconds, Stopping threads took: 0.0001552 seconds
2017-06-04T00:12:48.515-0300: 396.113: Total time for which application threads were stopped: 0.0026195 seconds, Stopping threads took: 0.0023905 seconds
2017-06-04T00:12:48.516-0300: 396.114: Total time for which application threads were stopped: 0.0002275 seconds, Stopping threads took: 0.0000379 seconds
2017-06-04T00:12:48.516-0300: 396.114: Total time for which application threads were stopped: 0.0002111 seconds, Stopping threads took: 0.0000721 seconds
2017-06-04T00:12:48.517-0300: 396.115: Total time for which application threads were stopped: 0.0011978 seconds, Stopping threads took: 0.0010159 seconds
2017-06-04T00:12:48.518-0300: 396.116: Total time for which application threads were stopped: 0.0005647 seconds, Stopping threads took: 0.0003618 seconds
2017-06-04T00:12:48.519-0300: 396.117: Total time for which application threads were stopped: 0.0004853 seconds, Stopping threads took: 0.0003352 seconds
2017-06-04T00:12:48.519-0300: 396.117: Total time for which application threads were stopped: 0.0002891 seconds, Stopping threads took: 0.0001528 seconds
2017-06-04T00:12:48.522-0300: 396.120: Total time for which application threads were stopped: 0.0027549 seconds, Stopping threads took: 0.0025072 seconds
{Heap before GC invocations=12 (full 1):
 par new generation   total 109248K, used 98971K [0x00000007a0000000, 0x00000007a8000000, 0x00000007a8000000)
  eden space 87424K,  99% used [0x00000007a0000000, 0x00000007a555dd60, 0x00000007a5560000)
  from space 21824K,  52% used [0x00000007a5560000, 0x00000007a60a8f20, 0x00000007a6ab0000)
  to   space 21824K,   0% used [0x00000007a6ab0000, 0x00000007a6ab0000, 0x00000007a8000000)
 concurrent mark-sweep generation total 393216K, used 8473K [0x00000007a8000000, 0x00000007c0000000, 0x00000007c0000000)
 Metaspace       used 37294K, capacity 38326K, committed 38468K, reserved 1083392K
  class space    used 4381K, capacity 4647K, committed 4756K, reserved 1048576K
2017-06-04T00:12:48.561-0300: 396.159: [GC (Allocation Failure) 2017-06-04T00:12:48.561-0300: 396.159: [ParNew
Desired survivor size 20112992 bytes, new threshold 8 (max 8)
- age   1:     970000 bytes,     970000 total
- age   2:     248856 bytes,    1218856 total
- age   3:    3597288 bytes,    4816144 total
- age   4:      83216 bytes,    4899360 total
- age   5:     833472 bytes,    5732832 total
- age   6:       4360 bytes,    5737192 total
- age   7:    1168352 bytes,    6905544 total
- age   8:    1579320 bytes,    8484864 total
: 98971K->12016K(109248K), 0.0211445 secs] 107444K->21575K(502464K), 0.0212313 secs] [Times: user=0.05 sys=0.00, real=0.02 secs] 
Heap after GC invocations=13 (full 1):
 par new generation   total 109248K, used 12016K [0x00000007a0000000, 0x00000007a8000000, 0x00000007a8000000)
  eden space 87424K,   0% used [0x00000007a0000000, 0x00000007a0000000, 0x00000007a5560000)
  from space 21824K,  55% used [0x00000007a6ab0000, 0x00000007a766c260, 0x00000007a8000000)
  to   space 21824K,   0% used [0x00000007a5560000, 0x00000007a5560000, 0x00000007a6ab0000)
 concurrent mark-sweep generation total 393216K, used 9559K [0x00000007a8000000, 0x00000007c0000000, 0x00000007c0000000)
 Metaspace       used 37294K, capacity 38326K, committed 38468K, reserved 1083392K
  class space    used 4381K, capacity 4647K, committed 4756K, reserved 1048576K
}
2017-06-04T00:12:48.582-0300: 396.180: Total time for which application threads were stopped: 0.0215351 seconds, Stopping threads took: 0.0001007 seconds
{Heap before GC invocations=13 (full 1):
 par new generation   total 109248K, used 99440K [0x00000007a0000000, 0x00000007a8000000, 0x00000007a8000000)
  eden space 87424K, 100% used [0x00000007a0000000, 0x00000007a5560000, 0x00000007a5560000)
  from space 21824K,  55% used [0x00000007a6ab0000, 0x00000007a766c260, 0x00000007a8000000)
  to   space 21824K,   0% used [0x00000007a5560000, 0x00000007a5560000, 0x00000007a6ab0000)
 concurrent mark-sweep generation total 393216K, used 9559K [0x00000007a8000000, 0x00000007c0000000, 0x00000007c0000000)
 Metaspace       used 37298K, capacity 38332K, committed 38468K, reserved 1083392K
  class space    used 4382K, capacity 4648K, committed 4756K, reserved 1048576K
2017-06-04T00:12:48.611-0300: 396.209: [GC (Allocation Failure) 2017-06-04T00:12:48.611-0300: 396.209: [ParNew
Desired survivor size 20112992 bytes, new threshold 8 (max 8)
- age   1:     513768 bytes,     513768 total
- age   2:     741896 bytes,    1255664 total
- age   3:     239112 bytes,    1494776 total
- age   4:    3595432 bytes,    5090208 total
- age   5:      83216 bytes,    5173424 total
- age   6:     833472 bytes,    6006896 total
- age   7:       4360 bytes,    6011256 total
- age   8:    1168312 bytes,    7179568 total
: 99440K->8942K(109248K), 0.0162123 secs] 108999K->20054K(502464K), 0.0162989 secs] [Times: user=0.05 sys=0.00, real=0.01 secs] 
Heap after GC invocations=14 (full 1):
 par new generation   total 109248K, used 8942K [0x00000007a0000000, 0x00000007a8000000, 0x00000007a8000000)
  eden space 87424K,   0% used [0x00000007a0000000, 0x00000007a0000000, 0x00000007a5560000)
  from space 21824K,  40% used [0x00000007a5560000, 0x00000007a5e1b9c8, 0x00000007a6ab0000)
  to   space 21824K,   0% used [0x00000007a6ab0000, 0x00000007a6ab0000, 0x00000007a8000000)
 concurrent mark-sweep generation total 393216K, used 11111K [0x00000007a8000000, 0x00000007c0000000, 0x00000007c0000000)
 Metaspace       used 37298K, capacity 38332K, committed 38468K, reserved 1083392K
  class space    used 4382K, capacity 4648K, committed 4756K, reserved 1048576K
}
2017-06-04T00:12:48.627-0300: 396.225: Total time for which application threads were stopped: 0.0165114 seconds, Stopping threads took: 0.0000419 seconds
2017-06-04T00:12:48.692-0300: 396.290: Total time for which application threads were stopped: 0.0001221 seconds, Stopping threads took: 0.0000378 seconds
2017-06-04T00:12:48.774-0300: 396.372: Total time for which application threads were stopped: 0.0001086 seconds, Stopping threads took: 0.0000294 seconds
{Heap before GC invocations=14 (full 1):
 par new generation   total 109248K, used 96366K [0x00000007a0000000, 0x00000007a8000000, 0x00000007a8000000)
  eden space 87424K, 100% used [0x00000007a0000000, 0x00000007a5560000, 0x00000007a5560000)
  from space 21824K,  40% used [0x00000007a5560000, 0x00000007a5e1b9c8, 0x00000007a6ab0000)
  to   space 21824K,   0% used [0x00000007a6ab0000, 0x00000007a6ab0000, 0x00000007a8000000)
 concurrent mark-sweep generation total 393216K, used 11111K [0x00000007a8000000, 0x00000007c0000000, 0x00000007c0000000)
 Metaspace       used 37388K, capacity 38338K, committed 38468K, reserved 1083392K
  class space    used 4382K, capacity 4649K, committed 4756K, reserved 1048576K
2017-06-04T00:12:48.787-0300: 396.385: [GC (Allocation Failure) 2017-06-04T00:12:48.787-0300: 396.385: [ParNew
Desired survivor size 20112992 bytes, new threshold 8 (max 8)
- age   1:    1254632 bytes,    1254632 total
- age   2:      74328 bytes,    1328960 total
- age   3:     150208 bytes,    1479168 total
- age   4:     235816 bytes,    1714984 total
- age   5:    2998296 bytes,    4713280 total
- age   6:      83216 bytes,    4796496 total
- age   7:     832000 bytes,    5628496 total
- age   8:       4360 bytes,    5632856 total
: 96366K->8170K(109248K), 0.0150342 secs] 107478K->20440K(502464K), 0.0150916 secs] [Times: user=0.05 sys=0.00, real=0.02 secs] 
Heap after GC invocations=15 (full 1):
 par new generation   total 109248K, used 8170K [0x00000007a0000000, 0x00000007a8000000, 0x00000007a8000000)
  eden space 87424K,   0% used [0x00000007a0000000, 0x00000007a0000000, 0x00000007a5560000)
  from space 21824K,  37% used [0x00000007a6ab0000, 0x00000007a72aa800, 0x00000007a8000000)
  to   space 21824K,   0% used [0x00000007a5560000, 0x00000007a5560000, 0x00000007a6ab0000)
 concurrent mark-sweep generation total 393216K, used 12270K [0x00000007a8000000, 0x00000007c0000000, 0x00000007c0000000)
 Metaspace       used 37388K, capacity 38338K, committed 38468K, reserved 1083392K
  class space    used 4382K, capacity 4649K, committed 4756K, reserved 1048576K
}
2017-06-04T00:12:48.802-0300: 396.400: Total time for which application threads were stopped: 0.0152723 seconds, Stopping threads took: 0.0000174 seconds
2017-06-04T00:12:49.802-0300: 397.400: Total time for which application threads were stopped: 0.0002615 seconds, Stopping threads took: 0.0000402 seconds
2017-06-04T00:12:50.014-0300: 397.612: Total time for which application threads were stopped: 0.0001468 seconds, Stopping threads took: 0.0000235 seconds
2017-06-04T00:12:50.014-0300: 397.612: Total time for which application threads were stopped: 0.0001227 seconds, Stopping threads took: 0.0000410 seconds
2017-06-04T00:12:51.015-0300: 398.613: Total time for which application threads were stopped: 0.0001160 seconds, Stopping threads took: 0.0000207 seconds
2017-06-04T00:12:53.831-0300: 401.428: Total time for which application threads were stopped: 0.0001413 seconds, Stopping threads took: 0.0000432 seconds
2017-06-04T00:12:53.832-0300: 401.430: Total time for which application threads were stopped: 0.0000860 seconds, Stopping threads took: 0.0000192 seconds
2017-06-04T00:12:53.832-0300: 401.430: Total time for which application threads were stopped: 0.0000794 seconds, Stopping threads took: 0.0000111 seconds
2017-06-04T00:12:53.832-0300: 401.430: Total time for which application threads were stopped: 0.0000670 seconds, Stopping threads took: 0.0000092 seconds
2017-06-04T00:12:53.832-0300: 401.430: Total time for which application threads were stopped: 0.0000676 seconds, Stopping threads took: 0.0000093 seconds
2017-06-04T00:12:53.832-0300: 401.430: Total time for which application threads were stopped: 0.0000756 seconds, Stopping threads took: 0.0000330 seconds
2017-06-04T00:12:53.832-0300: 401.430: Total time for which application threads were stopped: 0.0000625 seconds, Stopping threads took: 0.0000203 seconds
2017-06-04T00:12:53.833-0300: 401.430: Total time for which application threads were stopped: 0.0001495 seconds, Stopping threads took: 0.0001093 seconds
2017-06-04T00:12:53.833-0300: 401.431: Total time for which application threads were stopped: 0.0000790 seconds, Stopping threads took: 0.0000278 seconds
2017-06-04T00:12:53.833-0300: 401.431: Total time for which application threads were stopped: 0.0001080 seconds, Stopping threads took: 0.0000490 seconds
2017-06-04T00:12:53.833-0300: 401.431: Total time for which application threads were stopped: 0.0000717 seconds, Stopping threads took: 0.0000204 seconds
2017-06-04T00:12:53.833-0300: 401.431: Total time for which application threads were stopped: 0.0000962 seconds, Stopping threads took: 0.0000539 seconds
2017-06-04T00:12:53.849-0300: 401.447: Total time for which application threads were stopped: 0.0001091 seconds, Stopping threads took: 0.0000178 seconds
2017-06-04T00:12:53.849-0300: 401.447: Total time for which application threads were stopped: 0.0000528 seconds, Stopping threads took: 0.0000144 seconds
2017-06-04T00:12:53.849-0300: 401.447: Total time for which application threads were stopped: 0.0001042 seconds, Stopping threads took: 0.0000056 seconds
2017-06-04T00:12:53.849-0300: 401.447: Total time for which application threads were stopped: 0.0000433 seconds, Stopping threads took: 0.0000067 seconds
2017-06-04T00:12:53.849-0300: 401.447: Total time for which application threads were stopped: 0.0000426 seconds, Stopping threads took: 0.0000060 seconds
2017-06-04T00:12:53.849-0300: 401.447: Total time for which application threads were stopped: 0.0000764 seconds, Stopping threads took: 0.0000289 seconds
2017-06-04T00:12:53.849-0300: 401.447: Total time for which application threads were stopped: 0.0001025 seconds, Stopping threads took: 0.0000369 seconds
2017-06-04T00:12:53.850-0300: 401.447: Total time for which application threads were stopped: 0.0000744 seconds, Stopping threads took: 0.0000268 seconds
2017-06-04T00:12:53.850-0300: 401.448: Total time for which application threads were stopped: 0.0000689 seconds, Stopping threads took: 0.0000211 seconds
2017-06-04T00:12:53.850-0300: 401.448: Total time for which application threads were stopped: 0.0000519 seconds, Stopping threads took: 0.0000167 seconds
2017-06-04T00:12:53.850-0300: 401.448: Total time for which application threads were stopped: 0.0000598 seconds, Stopping threads took: 0.0000174 seconds
2017-06-04T00:12:53.850-0300: 401.448: Total time for which application threads were stopped: 0.0000861 seconds, Stopping threads took: 0.0000166 seconds
2017-06-04T00:12:53.850-0300: 401.448: Total time for which application threads were stopped: 0.0000660 seconds, Stopping threads took: 0.0000256 seconds
2017-06-04T00:12:53.850-0300: 401.448: Total time for which application threads were stopped: 0.0000661 seconds, Stopping threads took: 0.0000281 seconds
2017-06-04T00:12:53.850-0300: 401.448: Total time for which application threads were stopped: 0.0000579 seconds, Stopping threads took: 0.0000179 seconds
2017-06-04T00:12:53.850-0300: 401.448: Total time for which application threads were stopped: 0.0000669 seconds, Stopping threads took: 0.0000292 seconds
2017-06-04T00:12:53.850-0300: 401.448: Total time for which application threads were stopped: 0.0000513 seconds, Stopping threads took: 0.0000141 seconds
2017-06-04T00:12:53.850-0300: 401.448: Total time for which application threads were stopped: 0.0000563 seconds, Stopping threads took: 0.0000187 seconds
2017-06-04T00:12:53.851-0300: 401.448: Total time for which application threads were stopped: 0.0000486 seconds, Stopping threads took: 0.0000117 seconds
2017-06-04T00:12:53.851-0300: 401.449: Total time for which application threads were stopped: 0.0001297 seconds, Stopping threads took: 0.0000168 seconds
2017-06-04T00:12:53.856-0300: 401.454: Total time for which application threads were stopped: 0.0001520 seconds, Stopping threads took: 0.0000230 seconds
2017-06-04T00:12:53.856-0300: 401.454: Total time for which application threads were stopped: 0.0000775 seconds, Stopping threads took: 0.0000268 seconds
2017-06-04T00:12:53.882-0300: 401.480: Total time for which application threads were stopped: 0.0001231 seconds, Stopping threads took: 0.0000211 seconds
2017-06-04T00:12:53.891-0300: 401.489: Total time for which application threads were stopped: 0.0005025 seconds, Stopping threads took: 0.0004207 seconds
2017-06-04T00:12:53.892-0300: 401.490: Total time for which application threads were stopped: 0.0003478 seconds, Stopping threads took: 0.0000322 seconds
2017-06-04T00:12:53.895-0300: 401.492: Total time for which application threads were stopped: 0.0001848 seconds, Stopping threads took: 0.0000907 seconds
2017-06-04T00:12:53.895-0300: 401.493: Total time for which application threads were stopped: 0.0000807 seconds, Stopping threads took: 0.0000283 seconds
2017-06-04T00:12:53.895-0300: 401.493: Total time for which application threads were stopped: 0.0000588 seconds, Stopping threads took: 0.0000199 seconds
2017-06-04T00:12:53.895-0300: 401.493: Total time for which application threads were stopped: 0.0000828 seconds, Stopping threads took: 0.0000456 seconds
2017-06-04T00:12:53.895-0300: 401.493: Total time for which application threads were stopped: 0.0000766 seconds, Stopping threads took: 0.0000276 seconds
2017-06-04T00:12:53.897-0300: 401.495: Total time for which application threads were stopped: 0.0000685 seconds, Stopping threads took: 0.0000129 seconds
2017-06-04T00:12:53.897-0300: 401.495: Total time for which application threads were stopped: 0.0000534 seconds, Stopping threads took: 0.0000088 seconds
2017-06-04T00:12:53.899-0300: 401.497: Total time for which application threads were stopped: 0.0000717 seconds, Stopping threads took: 0.0000130 seconds
2017-06-04T00:12:53.908-0300: 401.506: Total time for which application threads were stopped: 0.0000837 seconds, Stopping threads took: 0.0000161 seconds
2017-06-04T00:12:54.909-0300: 402.506: Total time for which application threads were stopped: 0.0001552 seconds, Stopping threads took: 0.0000323 seconds
2017-06-04T00:12:57.918-0300: 405.516: Total time for which application threads were stopped: 0.0001596 seconds, Stopping threads took: 0.0000336 seconds
2017-06-04T00:13:13.063-0300: 420.661: Total time for which application threads were stopped: 0.0001169 seconds, Stopping threads took: 0.0000388 seconds
2017-06-04T00:13:13.073-0300: 420.671: Total time for which application threads were stopped: 0.0001340 seconds, Stopping threads took: 0.0000212 seconds
2017-06-04T00:13:13.074-0300: 420.671: Total time for which application threads were stopped: 0.0000852 seconds, Stopping threads took: 0.0000232 seconds
2017-06-04T00:13:13.084-0300: 420.681: Total time for which application threads were stopped: 0.0001224 seconds, Stopping threads took: 0.0000213 seconds
2017-06-04T00:13:13.084-0300: 420.682: Total time for which application threads were stopped: 0.0001149 seconds, Stopping threads took: 0.0000303 seconds
2017-06-04T00:13:14.086-0300: 421.683: Total time for which application threads were stopped: 0.0001739 seconds, Stopping threads took: 0.0000311 seconds
2017-06-04T00:13:19.229-0300: 426.827: Total time for which application threads were stopped: 0.0001365 seconds, Stopping threads took: 0.0000203 seconds
2017-06-04T00:13:19.230-0300: 426.828: Total time for which application threads were stopped: 0.0001310 seconds, Stopping threads took: 0.0000209 seconds
2017-06-04T00:13:19.231-0300: 426.828: Total time for which application threads were stopped: 0.0001033 seconds, Stopping threads took: 0.0000178 seconds
2017-06-04T00:13:19.231-0300: 426.829: Total time for which application threads were stopped: 0.0000920 seconds, Stopping threads took: 0.0000260 seconds
2017-06-04T00:13:19.235-0300: 426.832: Total time for which application threads were stopped: 0.0001404 seconds, Stopping threads took: 0.0000225 seconds
2017-06-04T00:13:19.236-0300: 426.833: Total time for which application threads were stopped: 0.0001329 seconds, Stopping threads took: 0.0000213 seconds
2017-06-04T00:13:19.236-0300: 426.834: Total time for which application threads were stopped: 0.0001100 seconds, Stopping threads took: 0.0000137 seconds
2017-06-04T00:13:19.237-0300: 426.834: Total time for which application threads were stopped: 0.0001208 seconds, Stopping threads took: 0.0000147 seconds
2017-06-04T00:13:19.238-0300: 426.835: Total time for which application threads were stopped: 0.0001358 seconds, Stopping threads took: 0.0000225 seconds
2017-06-04T00:13:19.238-0300: 426.836: Total time for which application threads were stopped: 0.0001406 seconds, Stopping threads took: 0.0000353 seconds
2017-06-04T00:13:19.238-0300: 426.836: Total time for which application threads were stopped: 0.0001074 seconds, Stopping threads took: 0.0000216 seconds
2017-06-04T00:13:19.239-0300: 426.836: Total time for which application threads were stopped: 0.0001159 seconds, Stopping threads took: 0.0000259 seconds
2017-06-04T00:13:19.239-0300: 426.836: Total time for which application threads were stopped: 0.0001176 seconds, Stopping threads took: 0.0000272 seconds
2017-06-04T00:13:19.240-0300: 426.837: Total time for which application threads were stopped: 0.0001267 seconds, Stopping threads took: 0.0000192 seconds
2017-06-04T00:13:19.240-0300: 426.838: Total time for which application threads were stopped: 0.0001140 seconds, Stopping threads took: 0.0000155 seconds
2017-06-04T00:13:19.255-0300: 426.852: Total time for which application threads were stopped: 0.0001676 seconds, Stopping threads took: 0.0000462 seconds
2017-06-04T00:13:19.255-0300: 426.853: Total time for which application threads were stopped: 0.0001833 seconds, Stopping threads took: 0.0000775 seconds
2017-06-04T00:13:19.266-0300: 426.864: Total time for which application threads were stopped: 0.0001162 seconds, Stopping threads took: 0.0000225 seconds
2017-06-04T00:13:19.266-0300: 426.864: Total time for which application threads were stopped: 0.0000695 seconds, Stopping threads took: 0.0000089 seconds
2017-06-04T00:13:20.268-0300: 427.865: Total time for which application threads were stopped: 0.0002904 seconds, Stopping threads took: 0.0000715 seconds
2017-06-04T00:13:44.347-0300: 451.944: Total time for which application threads were stopped: 0.0001689 seconds, Stopping threads took: 0.0000385 seconds
2017-06-04T00:14:09.405-0300: 477.002: Total time for which application threads were stopped: 0.0001608 seconds, Stopping threads took: 0.0000357 seconds
2017-06-04T00:14:19.268-0300: 486.865: Total time for which application threads were stopped: 0.0001293 seconds, Stopping threads took: 0.0000228 seconds
2017-06-04T00:14:20.268-0300: 487.865: Total time for which application threads were stopped: 0.0001357 seconds, Stopping threads took: 0.0000265 seconds
2017-06-04T00:15:50.528-0300: 578.123: Total time for which application threads were stopped: 0.0001627 seconds, Stopping threads took: 0.0000332 seconds
2017-06-04T00:16:08.569-0300: 596.164: Total time for which application threads were stopped: 0.0001439 seconds, Stopping threads took: 0.0000322 seconds
2017-06-04T00:16:17.390-0300: 604.985: Total time for which application threads were stopped: 0.0001742 seconds, Stopping threads took: 0.0000232 seconds
2017-06-04T00:16:17.390-0300: 604.985: Total time for which application threads were stopped: 0.0001333 seconds, Stopping threads took: 0.0000225 seconds
2017-06-04T00:16:17.406-0300: 605.001: Total time for which application threads were stopped: 0.0001215 seconds, Stopping threads took: 0.0000214 seconds
2017-06-04T00:16:17.406-0300: 605.001: Total time for which application threads were stopped: 0.0000728 seconds, Stopping threads took: 0.0000099 seconds
2017-06-04T00:16:18.407-0300: 606.002: Total time for which application threads were stopped: 0.0001726 seconds, Stopping threads took: 0.0000458 seconds
2017-06-04T00:16:21.731-0300: 609.325: Total time for which application threads were stopped: 0.0001552 seconds, Stopping threads took: 0.0000208 seconds
2017-06-04T00:16:21.731-0300: 609.325: Total time for which application threads were stopped: 0.0000934 seconds, Stopping threads took: 0.0000082 seconds
2017-06-04T00:16:21.744-0300: 609.339: Total time for which application threads were stopped: 0.0001183 seconds, Stopping threads took: 0.0000204 seconds
2017-06-04T00:16:21.744-0300: 609.339: Total time for which application threads were stopped: 0.0001001 seconds, Stopping threads took: 0.0000153 seconds
2017-06-04T00:16:23.751-0300: 611.345: Total time for which application threads were stopped: 0.0001630 seconds, Stopping threads took: 0.0000403 seconds
2017-06-04T00:16:24.751-0300: 612.346: Total time for which application threads were stopped: 0.0001379 seconds, Stopping threads took: 0.0000234 seconds
2017-06-04T00:16:26.753-0300: 614.348: Total time for which application threads were stopped: 0.0001259 seconds, Stopping threads took: 0.0000262 seconds
2017-06-04T00:16:26.886-0300: 614.480: Total time for which application threads were stopped: 0.0001525 seconds, Stopping threads took: 0.0000206 seconds
2017-06-04T00:16:26.886-0300: 614.480: Total time for which application threads were stopped: 0.0002143 seconds, Stopping threads took: 0.0001324 seconds
2017-06-04T00:16:26.903-0300: 614.497: Total time for which application threads were stopped: 0.0004511 seconds, Stopping threads took: 0.0003334 seconds
2017-06-04T00:16:26.903-0300: 614.498: Total time for which application threads were stopped: 0.0000816 seconds, Stopping threads took: 0.0000156 seconds
2017-06-04T00:16:27.908-0300: 615.503: Total time for which application threads were stopped: 0.0001627 seconds, Stopping threads took: 0.0000326 seconds
2017-06-04T00:16:29.430-0300: 617.025: Total time for which application threads were stopped: 0.0001770 seconds, Stopping threads took: 0.0000423 seconds
2017-06-04T00:16:29.430-0300: 617.025: Total time for which application threads were stopped: 0.0000920 seconds, Stopping threads took: 0.0000107 seconds
2017-06-04T00:16:29.444-0300: 617.038: Total time for which application threads were stopped: 0.0001148 seconds, Stopping threads took: 0.0000215 seconds
2017-06-04T00:16:29.444-0300: 617.038: Total time for which application threads were stopped: 0.0000859 seconds, Stopping threads took: 0.0000134 seconds
2017-06-04T00:16:29.581-0300: 617.176: Total time for which application threads were stopped: 0.0001461 seconds, Stopping threads took: 0.0000208 seconds
2017-06-04T00:16:29.581-0300: 617.176: Total time for which application threads were stopped: 0.0000788 seconds, Stopping threads took: 0.0000063 seconds
2017-06-04T00:16:29.591-0300: 617.186: Total time for which application threads were stopped: 0.0001066 seconds, Stopping threads took: 0.0000189 seconds
2017-06-04T00:16:29.591-0300: 617.186: Total time for which application threads were stopped: 0.0000804 seconds, Stopping threads took: 0.0000073 seconds
2017-06-04T00:16:29.990-0300: 617.585: Total time for which application threads were stopped: 0.0001428 seconds, Stopping threads took: 0.0000325 seconds
2017-06-04T00:16:29.991-0300: 617.585: Total time for which application threads were stopped: 0.0000884 seconds, Stopping threads took: 0.0000224 seconds
2017-06-04T00:16:31.365-0300: 618.959: Total time for which application threads were stopped: 0.0004628 seconds, Stopping threads took: 0.0000733 seconds
2017-06-04T00:16:31.365-0300: 618.960: Total time for which application threads were stopped: 0.0003619 seconds, Stopping threads took: 0.0000627 seconds
2017-06-04T00:16:31.382-0300: 618.977: Total time for which application threads were stopped: 0.0003497 seconds, Stopping threads took: 0.0001226 seconds
2017-06-04T00:16:31.383-0300: 618.977: Total time for which application threads were stopped: 0.0001846 seconds, Stopping threads took: 0.0000528 seconds
2017-06-04T00:16:32.385-0300: 619.979: Total time for which application threads were stopped: 0.0002212 seconds, Stopping threads took: 0.0000326 seconds
2017-06-04T00:16:35.536-0300: 623.130: Total time for which application threads were stopped: 0.0003633 seconds, Stopping threads took: 0.0000393 seconds
2017-06-04T00:16:35.536-0300: 623.130: Total time for which application threads were stopped: 0.0002701 seconds, Stopping threads took: 0.0000308 seconds
2017-06-04T00:16:35.552-0300: 623.146: Total time for which application threads were stopped: 0.0002011 seconds, Stopping threads took: 0.0000896 seconds
2017-06-04T00:16:35.553-0300: 623.147: Total time for which application threads were stopped: 0.0001873 seconds, Stopping threads took: 0.0000390 seconds
2017-06-04T00:16:35.642-0300: 623.237: Total time for which application threads were stopped: 0.0001842 seconds, Stopping threads took: 0.0000460 seconds
2017-06-04T00:16:35.642-0300: 623.237: Total time for which application threads were stopped: 0.0001955 seconds, Stopping threads took: 0.0000713 seconds
2017-06-04T00:16:35.658-0300: 623.253: Total time for which application threads were stopped: 0.0008178 seconds, Stopping threads took: 0.0005458 seconds
2017-06-04T00:16:35.659-0300: 623.253: Total time for which application threads were stopped: 0.0002199 seconds, Stopping threads took: 0.0000248 seconds
2017-06-04T00:16:35.659-0300: 623.253: Total time for which application threads were stopped: 0.0002021 seconds, Stopping threads took: 0.0000137 seconds
2017-06-04T00:16:44.678-0300: 632.272: Total time for which application threads were stopped: 0.0001704 seconds, Stopping threads took: 0.0000362 seconds
2017-06-04T00:16:50.691-0300: 638.285: Total time for which application threads were stopped: 0.0001582 seconds, Stopping threads took: 0.0000322 seconds
2017-06-04T00:16:54.699-0300: 642.293: Total time for which application threads were stopped: 0.0001829 seconds, Stopping threads took: 0.0000417 seconds
2017-06-04T00:17:09.732-0300: 657.325: Total time for which application threads were stopped: 0.0001613 seconds, Stopping threads took: 0.0000354 seconds
2017-06-04T00:17:10.735-0300: 658.329: Total time for which application threads were stopped: 0.0001534 seconds, Stopping threads took: 0.0000309 seconds
2017-06-04T00:17:25.783-0300: 673.376: Total time for which application threads were stopped: 0.0001866 seconds, Stopping threads took: 0.0000407 seconds
2017-06-04T00:17:35.665-0300: 683.258: Total time for which application threads were stopped: 0.0001726 seconds, Stopping threads took: 0.0000330 seconds
2017-06-04T00:19:10.992-0300: 778.584: Total time for which application threads were stopped: 0.0002023 seconds, Stopping threads took: 0.0001053 seconds
2017-06-04T00:20:19.877-0300: 847.467: Total time for which application threads were stopped: 0.0004698 seconds, Stopping threads took: 0.0001014 seconds
2017-06-04T00:20:19.883-0300: 847.474: Total time for which application threads were stopped: 0.0001414 seconds, Stopping threads took: 0.0000239 seconds
2017-06-04T00:20:19.893-0300: 847.484: Total time for which application threads were stopped: 0.0037641 seconds, Stopping threads took: 0.0035945 seconds
2017-06-04T00:20:19.894-0300: 847.485: Total time for which application threads were stopped: 0.0001632 seconds, Stopping threads took: 0.0000346 seconds
2017-06-04T00:20:19.894-0300: 847.485: Total time for which application threads were stopped: 0.0001240 seconds, Stopping threads took: 0.0000130 seconds
2017-06-04T00:20:19.895-0300: 847.486: Total time for which application threads were stopped: 0.0001263 seconds, Stopping threads took: 0.0000119 seconds
2017-06-04T00:20:19.905-0300: 847.496: Total time for which application threads were stopped: 0.0002087 seconds, Stopping threads took: 0.0000508 seconds
2017-06-04T00:20:19.905-0300: 847.496: Total time for which application threads were stopped: 0.0000967 seconds, Stopping threads took: 0.0000118 seconds
2017-06-04T00:20:19.909-0300: 847.500: Total time for which application threads were stopped: 0.0001357 seconds, Stopping threads took: 0.0000228 seconds
2017-06-04T00:20:19.910-0300: 847.500: Total time for which application threads were stopped: 0.0000980 seconds, Stopping threads took: 0.0000208 seconds
2017-06-04T00:20:20.911-0300: 848.501: Total time for which application threads were stopped: 0.0001631 seconds, Stopping threads took: 0.0000371 seconds
2017-06-04T00:20:33.941-0300: 861.532: Total time for which application threads were stopped: 0.0001789 seconds, Stopping threads took: 0.0000368 seconds
2017-06-04T00:20:35.359-0300: 862.950: Total time for which application threads were stopped: 0.0002218 seconds, Stopping threads took: 0.0000188 seconds
2017-06-04T00:20:35.360-0300: 862.950: Total time for which application threads were stopped: 0.0001017 seconds, Stopping threads took: 0.0000099 seconds
2017-06-04T00:20:35.370-0300: 862.960: Total time for which application threads were stopped: 0.0001316 seconds, Stopping threads took: 0.0000278 seconds
2017-06-04T00:20:35.370-0300: 862.960: Total time for which application threads were stopped: 0.0000803 seconds, Stopping threads took: 0.0000120 seconds
2017-06-04T00:20:36.373-0300: 863.964: Total time for which application threads were stopped: 0.0002562 seconds, Stopping threads took: 0.0000420 seconds
2017-06-04T00:21:19.907-0300: 907.497: Total time for which application threads were stopped: 0.0002941 seconds, Stopping threads took: 0.0000318 seconds
2017-06-04T00:21:29.501-0300: 917.091: Total time for which application threads were stopped: 0.0001371 seconds, Stopping threads took: 0.0000242 seconds
2017-06-04T00:21:29.508-0300: 917.098: Total time for which application threads were stopped: 0.0004548 seconds, Stopping threads took: 0.0000586 seconds
2017-06-04T00:21:29.509-0300: 917.099: Total time for which application threads were stopped: 0.0001424 seconds, Stopping threads took: 0.0000178 seconds
2017-06-04T00:21:29.533-0300: 917.123: Total time for which application threads were stopped: 0.0003798 seconds, Stopping threads took: 0.0001123 seconds
2017-06-04T00:21:29.535-0300: 917.124: Total time for which application threads were stopped: 0.0001023 seconds, Stopping threads took: 0.0000141 seconds
2017-06-04T00:21:30.537-0300: 918.127: Total time for which application threads were stopped: 0.0001503 seconds, Stopping threads took: 0.0000300 seconds
2017-06-04T00:21:31.524-0300: 919.114: Total time for which application threads were stopped: 0.0001663 seconds, Stopping threads took: 0.0000200 seconds
2017-06-04T00:21:31.524-0300: 919.114: Total time for which application threads were stopped: 0.0000986 seconds, Stopping threads took: 0.0000071 seconds
2017-06-04T00:21:31.529-0300: 919.118: Total time for which application threads were stopped: 0.0001734 seconds, Stopping threads took: 0.0000227 seconds
2017-06-04T00:21:31.532-0300: 919.122: Total time for which application threads were stopped: 0.0001692 seconds, Stopping threads took: 0.0000217 seconds
2017-06-04T00:21:31.548-0300: 919.138: Total time for which application threads were stopped: 0.0001569 seconds, Stopping threads took: 0.0000384 seconds
2017-06-04T00:21:31.548-0300: 919.138: Total time for which application threads were stopped: 0.0000821 seconds, Stopping threads took: 0.0000077 seconds
2017-06-04T00:21:31.555-0300: 919.145: Total time for which application threads were stopped: 0.0001368 seconds, Stopping threads took: 0.0000381 seconds
2017-06-04T00:21:31.555-0300: 919.145: Total time for which application threads were stopped: 0.0000939 seconds, Stopping threads took: 0.0000125 seconds
2017-06-04T00:21:34.100-0300: 921.690: Total time for which application threads were stopped: 0.0001927 seconds, Stopping threads took: 0.0000384 seconds
2017-06-04T00:21:34.100-0300: 921.690: Total time for which application threads were stopped: 0.0001363 seconds, Stopping threads took: 0.0000280 seconds
2017-06-04T00:21:34.111-0300: 921.701: Total time for which application threads were stopped: 0.0001229 seconds, Stopping threads took: 0.0000234 seconds
2017-06-04T00:21:34.112-0300: 921.701: Total time for which application threads were stopped: 0.0001052 seconds, Stopping threads took: 0.0000337 seconds
2017-06-04T00:21:35.114-0300: 922.704: Total time for which application threads were stopped: 0.0001995 seconds, Stopping threads took: 0.0000286 seconds
2017-06-04T00:21:37.497-0300: 925.087: Total time for which application threads were stopped: 0.0002005 seconds, Stopping threads took: 0.0000541 seconds
2017-06-04T00:21:37.497-0300: 925.087: Total time for which application threads were stopped: 0.0001353 seconds, Stopping threads took: 0.0000128 seconds
2017-06-04T00:21:37.521-0300: 925.111: Total time for which application threads were stopped: 0.0001325 seconds, Stopping threads took: 0.0000233 seconds
2017-06-04T00:21:37.522-0300: 925.111: Total time for which application threads were stopped: 0.0000586 seconds, Stopping threads took: 0.0000076 seconds
2017-06-04T00:21:39.732-0300: 927.322: Total time for which application threads were stopped: 0.0001715 seconds, Stopping threads took: 0.0000221 seconds
2017-06-04T00:21:39.732-0300: 927.322: Total time for which application threads were stopped: 0.0001046 seconds, Stopping threads took: 0.0000092 seconds
2017-06-04T00:21:39.747-0300: 927.337: Total time for which application threads were stopped: 0.0001239 seconds, Stopping threads took: 0.0000232 seconds
2017-06-04T00:21:39.747-0300: 927.337: Total time for which application threads were stopped: 0.0000721 seconds, Stopping threads took: 0.0000086 seconds
2017-06-04T00:21:39.833-0300: 927.423: Total time for which application threads were stopped: 0.0001634 seconds, Stopping threads took: 0.0000227 seconds
2017-06-04T00:21:39.833-0300: 927.423: Total time for which application threads were stopped: 0.0001186 seconds, Stopping threads took: 0.0000211 seconds
2017-06-04T00:21:39.854-0300: 927.444: Total time for which application threads were stopped: 0.0002604 seconds, Stopping threads took: 0.0000236 seconds
2017-06-04T00:21:39.855-0300: 927.445: Total time for which application threads were stopped: 0.0002388 seconds, Stopping threads took: 0.0000185 seconds
2017-06-04T00:21:39.855-0300: 927.445: Total time for which application threads were stopped: 0.0002670 seconds, Stopping threads took: 0.0000670 seconds
2017-06-04T00:21:39.886-0300: 927.476: Total time for which application threads were stopped: 0.0004567 seconds, Stopping threads took: 0.0000743 seconds
2017-06-04T00:21:39.887-0300: 927.477: Total time for which application threads were stopped: 0.0003138 seconds, Stopping threads took: 0.0000624 seconds
2017-06-04T00:21:40.810-0300: 928.400: Total time for which application threads were stopped: 0.0002149 seconds, Stopping threads took: 0.0000481 seconds
2017-06-04T00:21:40.810-0300: 928.400: Total time for which application threads were stopped: 0.0001607 seconds, Stopping threads took: 0.0000529 seconds
2017-06-04T00:21:40.830-0300: 928.419: Total time for which application threads were stopped: 0.0001107 seconds, Stopping threads took: 0.0000219 seconds
2017-06-04T00:21:40.830-0300: 928.420: Total time for which application threads were stopped: 0.0000821 seconds, Stopping threads took: 0.0000119 seconds
2017-06-04T00:21:42.748-0300: 930.338: Total time for which application threads were stopped: 0.0001834 seconds, Stopping threads took: 0.0000221 seconds
2017-06-04T00:21:42.748-0300: 930.338: Total time for which application threads were stopped: 0.0000996 seconds, Stopping threads took: 0.0000080 seconds
2017-06-04T00:21:42.762-0300: 930.352: Total time for which application threads were stopped: 0.0001189 seconds, Stopping threads took: 0.0000218 seconds
2017-06-04T00:21:42.763-0300: 930.352: Total time for which application threads were stopped: 0.0000587 seconds, Stopping threads took: 0.0000071 seconds
2017-06-04T00:21:43.718-0300: 931.308: Total time for which application threads were stopped: 0.0001658 seconds, Stopping threads took: 0.0000218 seconds
2017-06-04T00:21:43.718-0300: 931.308: Total time for which application threads were stopped: 0.0000980 seconds, Stopping threads took: 0.0000078 seconds
2017-06-04T00:21:43.733-0300: 931.323: Total time for which application threads were stopped: 0.0001182 seconds, Stopping threads took: 0.0000213 seconds
2017-06-04T00:21:43.733-0300: 931.323: Total time for which application threads were stopped: 0.0000663 seconds, Stopping threads took: 0.0000071 seconds
2017-06-04T00:21:53.141-0300: 940.731: Total time for which application threads were stopped: 0.0001793 seconds, Stopping threads took: 0.0000217 seconds
2017-06-04T00:21:53.142-0300: 940.731: Total time for which application threads were stopped: 0.0001272 seconds, Stopping threads took: 0.0000125 seconds
2017-06-04T00:21:53.142-0300: 940.731: Total time for which application threads were stopped: 0.0001129 seconds, Stopping threads took: 0.0000122 seconds
2017-06-04T00:21:53.142-0300: 940.731: Total time for which application threads were stopped: 0.0000948 seconds, Stopping threads took: 0.0000076 seconds
2017-06-04T00:21:53.162-0300: 940.751: Total time for which application threads were stopped: 0.0001365 seconds, Stopping threads took: 0.0000245 seconds
2017-06-04T00:21:53.162-0300: 940.751: Total time for which application threads were stopped: 0.0000820 seconds, Stopping threads took: 0.0000101 seconds
2017-06-04T00:21:56.792-0300: 944.382: Total time for which application threads were stopped: 0.0001782 seconds, Stopping threads took: 0.0000232 seconds
2017-06-04T00:21:56.792-0300: 944.382: Total time for which application threads were stopped: 0.0001345 seconds, Stopping threads took: 0.0000243 seconds
2017-06-04T00:21:56.811-0300: 944.400: Total time for which application threads were stopped: 0.0001330 seconds, Stopping threads took: 0.0000236 seconds
2017-06-04T00:21:56.811-0300: 944.401: Total time for which application threads were stopped: 0.0001031 seconds, Stopping threads took: 0.0000241 seconds
2017-06-04T00:21:57.472-0300: 945.062: Total time for which application threads were stopped: 0.0007564 seconds, Stopping threads took: 0.0001112 seconds
2017-06-04T00:21:57.473-0300: 945.063: Total time for which application threads were stopped: 0.0010346 seconds, Stopping threads took: 0.0001444 seconds
2017-06-04T00:21:57.490-0300: 945.080: Total time for which application threads were stopped: 0.0013093 seconds, Stopping threads took: 0.0011860 seconds
2017-06-04T00:21:57.491-0300: 945.080: Total time for which application threads were stopped: 0.0000739 seconds, Stopping threads took: 0.0000089 seconds
2017-06-04T00:21:58.495-0300: 946.084: Total time for which application threads were stopped: 0.0002351 seconds, Stopping threads took: 0.0000385 seconds
2017-06-04T00:21:59.495-0300: 947.085: Total time for which application threads were stopped: 0.0001786 seconds, Stopping threads took: 0.0000420 seconds
2017-06-04T00:22:28.833-0300: 976.422: Total time for which application threads were stopped: 0.0001902 seconds, Stopping threads took: 0.0000237 seconds
2017-06-04T00:22:28.833-0300: 976.422: Total time for which application threads were stopped: 0.0001045 seconds, Stopping threads took: 0.0000081 seconds
2017-06-04T00:22:28.848-0300: 976.437: Total time for which application threads were stopped: 0.0001310 seconds, Stopping threads took: 0.0000361 seconds
2017-06-04T00:22:28.848-0300: 976.437: Total time for which application threads were stopped: 0.0000884 seconds, Stopping threads took: 0.0000132 seconds
2017-06-04T00:22:29.853-0300: 977.442: Total time for which application threads were stopped: 0.0002702 seconds, Stopping threads took: 0.0000575 seconds
2017-06-04T00:22:30.825-0300: 978.414: Total time for which application threads were stopped: 0.0001465 seconds, Stopping threads took: 0.0000372 seconds
2017-06-04T00:22:30.825-0300: 978.414: Total time for which application threads were stopped: 0.0001167 seconds, Stopping threads took: 0.0000127 seconds
2017-06-04T00:22:30.837-0300: 978.426: Total time for which application threads were stopped: 0.0002499 seconds, Stopping threads took: 0.0000445 seconds
2017-06-04T00:22:30.837-0300: 978.426: Total time for which application threads were stopped: 0.0001271 seconds, Stopping threads took: 0.0000172 seconds
2017-06-04T00:22:46.580-0300: 994.169: Total time for which application threads were stopped: 0.0005827 seconds, Stopping threads took: 0.0000155 seconds
2017-06-04T00:22:47.586-0300: 995.175: Total time for which application threads were stopped: 0.0004419 seconds, Stopping threads took: 0.0000350 seconds
2017-06-04T00:22:52.601-0300: 1000.189: Total time for which application threads were stopped: 0.0001627 seconds, Stopping threads took: 0.0000342 seconds
2017-06-04T00:23:17.755-0300: 1025.343: Total time for which application threads were stopped: 0.0001118 seconds, Stopping threads took: 0.0000162 seconds
2017-06-04T00:23:17.755-0300: 1025.343: Total time for which application threads were stopped: 0.0000658 seconds, Stopping threads took: 0.0000087 seconds
2017-06-04T00:23:17.764-0300: 1025.352: Total time for which application threads were stopped: 0.0001208 seconds, Stopping threads took: 0.0000165 seconds
2017-06-04T00:23:17.765-0300: 1025.353: Total time for which application threads were stopped: 0.0000829 seconds, Stopping threads took: 0.0000093 seconds
2017-06-04T00:23:17.765-0300: 1025.353: Total time for which application threads were stopped: 0.0000974 seconds, Stopping threads took: 0.0000148 seconds
2017-06-04T00:23:17.765-0300: 1025.354: Total time for which application threads were stopped: 0.0000553 seconds, Stopping threads took: 0.0000071 seconds
2017-06-04T00:23:19.388-0300: 1026.976: [GC (CMS Initial Mark) [1 CMS-initial-mark: 12270K(393216K)] 70077K(502464K), 0.0117330 secs] [Times: user=0.04 sys=0.00, real=0.02 secs] 
2017-06-04T00:23:19.400-0300: 1026.988: Total time for which application threads were stopped: 0.0119068 seconds, Stopping threads took: 0.0000240 seconds
2017-06-04T00:23:19.400-0300: 1026.988: [CMS-concurrent-mark-start]
2017-06-04T00:23:19.410-0300: 1026.998: [CMS-concurrent-mark: 0.010/0.010 secs] [Times: user=0.03 sys=0.00, real=0.01 secs] 
2017-06-04T00:23:19.410-0300: 1026.998: [CMS-concurrent-preclean-start]
2017-06-04T00:23:19.412-0300: 1027.000: [CMS-concurrent-preclean: 0.002/0.002 secs] [Times: user=0.00 sys=0.00, real=0.00 secs] 
2017-06-04T00:23:19.412-0300: 1027.000: [CMS-concurrent-abortable-preclean-start]
2017-06-04T00:23:21.407-0300: 1028.995: Total time for which application threads were stopped: 0.0001269 seconds, Stopping threads took: 0.0000259 seconds
 CMS: abort preclean due to time 2017-06-04T00:23:25.415-0300: 1033.003: [CMS-concurrent-abortable-preclean: 1.774/6.003 secs] [Times: user=1.83 sys=0.02, real=6.00 secs] 
2017-06-04T00:23:25.415-0300: 1033.003: [GC (CMS Final Remark) [YG occupancy: 58240 K (109248 K)]{Heap before GC invocations=15 (full 2):
 par new generation   total 109248K, used 58240K [0x00000007a0000000, 0x00000007a8000000, 0x00000007a8000000)
  eden space 87424K,  57% used [0x00000007a0000000, 0x00000007a30e58d0, 0x00000007a5560000)
  from space 21824K,  37% used [0x00000007a6ab0000, 0x00000007a72aa800, 0x00000007a8000000)
  to   space 21824K,   0% used [0x00000007a5560000, 0x00000007a5560000, 0x00000007a6ab0000)
 concurrent mark-sweep generation total 393216K, used 12270K [0x00000007a8000000, 0x00000007c0000000, 0x00000007c0000000)
 Metaspace       used 38782K, capacity 39836K, committed 40052K, reserved 1085440K
  class space    used 4507K, capacity 4792K, committed 4804K, reserved 1048576K
2017-06-04T00:23:25.415-0300: 1033.003: [GC (CMS Final Remark) 2017-06-04T00:23:25.415-0300: 1033.003: [ParNew
Desired survivor size 20112992 bytes, new threshold 8 (max 8)
- age   1:    5638136 bytes,    5638136 total
- age   2:    1167096 bytes,    6805232 total
- age   3:      74328 bytes,    6879560 total
- age   4:     150072 bytes,    7029632 total
- age   5:     235320 bytes,    7264952 total
- age   6:    1201400 bytes,    8466352 total
- age   7:      83216 bytes,    8549568 total
- age   8:     829088 bytes,    9378656 total
: 58240K->11418K(109248K), 0.0194595 secs] 70510K->23692K(502464K), 0.0195125 secs] [Times: user=0.05 sys=0.00, real=0.02 secs] 
Heap after GC invocations=16 (full 2):
 par new generation   total 109248K, used 11418K [0x00000007a0000000, 0x00000007a8000000, 0x00000007a8000000)
  eden space 87424K,   0% used [0x00000007a0000000, 0x00000007a0000000, 0x00000007a5560000)
  from space 21824K,  52% used [0x00000007a5560000, 0x00000007a6086830, 0x00000007a6ab0000)
  to   space 21824K,   0% used [0x00000007a6ab0000, 0x00000007a6ab0000, 0x00000007a8000000)
 concurrent mark-sweep generation total 393216K, used 12274K [0x00000007a8000000, 0x00000007c0000000, 0x00000007c0000000)
 Metaspace       used 38782K, capacity 39836K, committed 40052K, reserved 1085440K
  class space    used 4507K, capacity 4792K, committed 4804K, reserved 1048576K
}
2017-06-04T00:23:25.435-0300: 1033.023: [Rescan (parallel) , 0.0048358 secs]2017-06-04T00:23:25.440-0300: 1033.027: [weak refs processing, 0.0066676 secs]2017-06-04T00:23:25.446-0300: 1033.034: [class unloading, 0.0093323 secs]2017-06-04T00:23:25.456-0300: 1033.044: [scrub symbol table, 0.0327331 secs]2017-06-04T00:23:25.488-0300: 1033.076: [scrub string table, 0.0007176 secs][1 CMS-remark: 12274K(393216K)] 23692K(502464K), 0.0761104 secs] [Times: user=0.09 sys=0.01, real=0.08 secs] 
2017-06-04T00:23:25.491-0300: 1033.079: Total time for which application threads were stopped: 0.0762710 seconds, Stopping threads took: 0.0000300 seconds
2017-06-04T00:23:25.491-0300: 1033.079: [CMS-concurrent-sweep-start]
2017-06-04T00:23:25.498-0300: 1033.086: [CMS-concurrent-sweep: 0.007/0.007 secs] [Times: user=0.01 sys=0.00, real=0.00 secs] 
2017-06-04T00:23:25.498-0300: 1033.086: [CMS-concurrent-reset-start]
2017-06-04T00:23:25.498-0300: 1033.086: [CMS-concurrent-reset: 0.000/0.000 secs] [Times: user=0.00 sys=0.00, real=0.00 secs] 
2017-06-04T00:23:25.975-0300: 1033.563: Total time for which application threads were stopped: 0.0001649 seconds, Stopping threads took: 0.0000376 seconds
2017-06-04T00:23:25.975-0300: 1033.563: Total time for which application threads were stopped: 0.0001136 seconds, Stopping threads took: 0.0000402 seconds
2017-06-04T00:23:25.986-0300: 1033.574: Total time for which application threads were stopped: 0.0001041 seconds, Stopping threads took: 0.0000185 seconds
2017-06-04T00:23:25.986-0300: 1033.574: Total time for which application threads were stopped: 0.0000623 seconds, Stopping threads took: 0.0000072 seconds
2017-06-04T00:23:26.988-0300: 1034.576: Total time for which application threads were stopped: 0.0001654 seconds, Stopping threads took: 0.0000314 seconds
2017-06-04T00:23:29.281-0300: 1036.868: Total time for which application threads were stopped: 0.0001680 seconds, Stopping threads took: 0.0000212 seconds
2017-06-04T00:23:29.356-0300: 1036.943: Total time for which application threads were stopped: 0.0001804 seconds, Stopping threads took: 0.0000231 seconds
2017-06-04T00:23:29.356-0300: 1036.944: Total time for which application threads were stopped: 0.0001671 seconds, Stopping threads took: 0.0000166 seconds
2017-06-04T00:23:29.357-0300: 1036.944: Total time for which application threads were stopped: 0.0001433 seconds, Stopping threads took: 0.0000296 seconds
2017-06-04T00:23:29.357-0300: 1036.945: Total time for which application threads were stopped: 0.0001467 seconds, Stopping threads took: 0.0000221 seconds
2017-06-04T00:23:29.358-0300: 1036.946: Total time for which application threads were stopped: 0.0002542 seconds, Stopping threads took: 0.0000155 seconds
2017-06-04T00:23:29.373-0300: 1036.961: Total time for which application threads were stopped: 0.0001770 seconds, Stopping threads took: 0.0000232 seconds
2017-06-04T00:23:29.373-0300: 1036.961: Total time for which application threads were stopped: 0.0001213 seconds, Stopping threads took: 0.0000097 seconds
2017-06-04T00:23:29.397-0300: 1036.985: Total time for which application threads were stopped: 0.0001348 seconds, Stopping threads took: 0.0000233 seconds
2017-06-04T00:23:29.397-0300: 1036.985: Total time for which application threads were stopped: 0.0000697 seconds, Stopping threads took: 0.0000083 seconds
2017-06-04T00:23:30.402-0300: 1037.989: Total time for which application threads were stopped: 0.0001672 seconds, Stopping threads took: 0.0000372 seconds
2017-06-04T00:23:46.846-0300: 1054.434: Total time for which application threads were stopped: 0.0001602 seconds, Stopping threads took: 0.0000204 seconds
2017-06-04T00:23:47.850-0300: 1055.438: Total time for which application threads were stopped: 0.0001938 seconds, Stopping threads took: 0.0000347 seconds
2017-06-04T00:23:54.868-0300: 1062.455: Total time for which application threads were stopped: 0.0002554 seconds, Stopping threads took: 0.0000649 seconds
2017-06-04T00:24:09.899-0300: 1077.487: Total time for which application threads were stopped: 0.0001652 seconds, Stopping threads took: 0.0000345 seconds
2017-06-04T00:24:16.914-0300: 1084.501: Total time for which application threads were stopped: 0.0001488 seconds, Stopping threads took: 0.0000400 seconds
2017-06-04T00:24:29.400-0300: 1096.987: Total time for which application threads were stopped: 0.0001693 seconds, Stopping threads took: 0.0000316 seconds
2017-06-04T00:25:06.064-0300: 1133.650: Total time for which application threads were stopped: 0.0001462 seconds, Stopping threads took: 0.0000240 seconds
2017-06-04T00:25:06.064-0300: 1133.651: Total time for which application threads were stopped: 0.0001286 seconds, Stopping threads took: 0.0000200 seconds
2017-06-04T00:25:07.066-0300: 1134.653: Total time for which application threads were stopped: 0.0001194 seconds, Stopping threads took: 0.0000371 seconds
2017-06-04T00:25:21.112-0300: 1148.699: Total time for which application threads were stopped: 0.0001678 seconds, Stopping threads took: 0.0000353 seconds
2017-06-04T00:25:56.195-0300: 1183.781: Total time for which application threads were stopped: 0.0001471 seconds, Stopping threads took: 0.0000216 seconds
2017-06-04T00:26:01.550-0300: 1189.136: Total time for which application threads were stopped: 0.0001606 seconds, Stopping threads took: 0.0000234 seconds
2017-06-04T00:26:01.551-0300: 1189.137: Total time for which application threads were stopped: 0.0001616 seconds, Stopping threads took: 0.0000432 seconds
2017-06-04T00:26:01.551-0300: 1189.137: Total time for which application threads were stopped: 0.0001189 seconds, Stopping threads took: 0.0000272 seconds
2017-06-04T00:26:01.552-0300: 1189.137: Total time for which application threads were stopped: 0.0001152 seconds, Stopping threads took: 0.0000279 seconds
2017-06-04T00:26:01.552-0300: 1189.137: Total time for which application threads were stopped: 0.0000954 seconds, Stopping threads took: 0.0000100 seconds
2017-06-04T00:26:01.553-0300: 1189.138: Total time for which application threads were stopped: 0.0001484 seconds, Stopping threads took: 0.0000219 seconds
2017-06-04T00:26:01.553-0300: 1189.138: Total time for which application threads were stopped: 0.0000995 seconds, Stopping threads took: 0.0000142 seconds
2017-06-04T00:26:01.553-0300: 1189.139: Total time for which application threads were stopped: 0.0000718 seconds, Stopping threads took: 0.0000090 seconds
2017-06-04T00:26:01.553-0300: 1189.139: Total time for which application threads were stopped: 0.0000691 seconds, Stopping threads took: 0.0000082 seconds
2017-06-04T00:26:01.554-0300: 1189.139: Total time for which application threads were stopped: 0.0001159 seconds, Stopping threads took: 0.0000162 seconds
2017-06-04T00:26:01.554-0300: 1189.140: Total time for which application threads were stopped: 0.0002101 seconds, Stopping threads took: 0.0001184 seconds
2017-06-04T00:26:01.566-0300: 1189.151: Total time for which application threads were stopped: 0.0001844 seconds, Stopping threads took: 0.0000338 seconds
2017-06-04T00:26:01.566-0300: 1189.152: Total time for which application threads were stopped: 0.0001247 seconds, Stopping threads took: 0.0000190 seconds
2017-06-04T00:26:01.585-0300: 1189.170: Total time for which application threads were stopped: 0.0001314 seconds, Stopping threads took: 0.0000204 seconds
2017-06-04T00:26:01.585-0300: 1189.170: Total time for which application threads were stopped: 0.0000622 seconds, Stopping threads took: 0.0000081 seconds
2017-06-04T00:26:21.649-0300: 1209.235: Total time for which application threads were stopped: 0.0001634 seconds, Stopping threads took: 0.0000326 seconds
2017-06-04T00:27:01.586-0300: 1249.171: Total time for which application threads were stopped: 0.0001834 seconds, Stopping threads took: 0.0000315 seconds
2017-06-04T00:31:32.242-0300: 1519.822: Total time for which application threads were stopped: 0.0002080 seconds, Stopping threads took: 0.0000388 seconds
2017-06-04T00:31:50.276-0300: 1537.856: Total time for which application threads were stopped: 0.0002236 seconds, Stopping threads took: 0.0000263 seconds
2017-06-04T00:36:13.940-0300: 1801.516: Total time for which application threads were stopped: 0.0002423 seconds, Stopping threads took: 0.0000547 seconds
2017-06-04T00:40:46.714-0300: 2074.286: Total time for which application threads were stopped: 0.0003601 seconds, Stopping threads took: 0.0000560 seconds
2017-06-04T00:49:09.874-0300: 2577.438: Total time for which application threads were stopped: 0.0001881 seconds, Stopping threads took: 0.0000395 seconds
2017-06-04T00:49:19.896-0300: 2587.460: Total time for which application threads were stopped: 0.0001374 seconds, Stopping threads took: 0.0000353 seconds
2017-06-04T00:49:29.916-0300: 2597.479: Total time for which application threads were stopped: 0.0001742 seconds, Stopping threads took: 0.0000408 seconds
2017-06-04T00:51:27.200-0300: 2714.761: Total time for which application threads were stopped: 0.0001264 seconds, Stopping threads took: 0.0000217 seconds
2017-06-04T00:51:30.207-0300: 2717.768: Total time for which application threads were stopped: 0.0001577 seconds, Stopping threads took: 0.0000280 seconds
2017-06-04T03:54:34.021-0300: 2902.122: Total time for which application threads were stopped: 0.0002340 seconds, Stopping threads took: 0.0001020 seconds
2017-06-04T03:54:34.127-0300: 2902.228: Total time for which application threads were stopped: 0.0006743 seconds, Stopping threads took: 0.0005738 seconds
2017-06-04T03:54:34.127-0300: 2902.228: Total time for which application threads were stopped: 0.0001250 seconds, Stopping threads took: 0.0000312 seconds
2017-06-04T03:54:34.128-0300: 2902.229: Total time for which application threads were stopped: 0.0001024 seconds, Stopping threads took: 0.0000144 seconds
2017-06-04T03:54:34.128-0300: 2902.229: Total time for which application threads were stopped: 0.0000899 seconds, Stopping threads took: 0.0000147 seconds
2017-06-04T03:54:34.176-0300: 2902.277: Total time for which application threads were stopped: 0.0001349 seconds, Stopping threads took: 0.0000211 seconds
2017-06-04T03:54:34.408-0300: 2902.509: Total time for which application threads were stopped: 0.0000958 seconds, Stopping threads took: 0.0000167 seconds
2017-06-04T03:54:34.410-0300: 2902.511: Total time for which application threads were stopped: 0.0001872 seconds, Stopping threads took: 0.0000297 seconds
2017-06-04T03:54:34.411-0300: 2902.511: Total time for which application threads were stopped: 0.0000727 seconds, Stopping threads took: 0.0000235 seconds
2017-06-04T03:54:34.411-0300: 2902.512: Total time for which application threads were stopped: 0.0000676 seconds, Stopping threads took: 0.0000224 seconds
2017-06-04T03:54:34.411-0300: 2902.512: Total time for which application threads were stopped: 0.0000980 seconds, Stopping threads took: 0.0000389 seconds
2017-06-04T03:54:34.411-0300: 2902.512: Total time for which application threads were stopped: 0.0000641 seconds, Stopping threads took: 0.0000235 seconds
2017-06-04T03:54:34.411-0300: 2902.512: Total time for which application threads were stopped: 0.0000633 seconds, Stopping threads took: 0.0000245 seconds
2017-06-04T03:54:34.411-0300: 2902.512: Total time for which application threads were stopped: 0.0000480 seconds, Stopping threads took: 0.0000173 seconds
2017-06-04T03:54:34.412-0300: 2902.513: Total time for which application threads were stopped: 0.0000528 seconds, Stopping threads took: 0.0000094 seconds
2017-06-04T03:54:34.412-0300: 2902.513: Total time for which application threads were stopped: 0.0000582 seconds, Stopping threads took: 0.0000121 seconds
2017-06-04T03:54:34.414-0300: 2902.514: Total time for which application threads were stopped: 0.0000840 seconds, Stopping threads took: 0.0000203 seconds
2017-06-04T03:54:34.415-0300: 2902.516: Total time for which application threads were stopped: 0.0001158 seconds, Stopping threads took: 0.0000364 seconds
2017-06-04T03:54:34.415-0300: 2902.516: Total time for which application threads were stopped: 0.0000763 seconds, Stopping threads took: 0.0000190 seconds
2017-06-04T03:54:34.418-0300: 2902.518: Total time for which application threads were stopped: 0.0001349 seconds, Stopping threads took: 0.0000508 seconds
2017-06-04T03:54:34.434-0300: 2902.535: Total time for which application threads were stopped: 0.0001412 seconds, Stopping threads took: 0.0000324 seconds
2017-06-04T03:54:34.434-0300: 2902.535: Total time for which application threads were stopped: 0.0001351 seconds, Stopping threads took: 0.0000398 seconds
2017-06-04T03:54:34.435-0300: 2902.535: Total time for which application threads were stopped: 0.0001272 seconds, Stopping threads took: 0.0000283 seconds
2017-06-04T03:54:34.438-0300: 2902.539: Total time for which application threads were stopped: 0.0001026 seconds, Stopping threads took: 0.0000190 seconds
2017-06-04T03:54:34.438-0300: 2902.539: Total time for which application threads were stopped: 0.0002069 seconds, Stopping threads took: 0.0001131 seconds
2017-06-04T03:54:34.440-0300: 2902.541: Total time for which application threads were stopped: 0.0001179 seconds, Stopping threads took: 0.0000462 seconds
2017-06-04T03:54:34.442-0300: 2902.543: Total time for which application threads were stopped: 0.0002007 seconds, Stopping threads took: 0.0000438 seconds
2017-06-04T03:54:34.445-0300: 2902.546: Total time for which application threads were stopped: 0.0002372 seconds, Stopping threads took: 0.0000440 seconds
2017-06-04T03:54:34.447-0300: 2902.548: Total time for which application threads were stopped: 0.0000897 seconds, Stopping threads took: 0.0000158 seconds
2017-06-04T03:54:34.566-0300: 2902.667: Total time for which application threads were stopped: 0.0001784 seconds, Stopping threads took: 0.0000748 seconds
2017-06-04T03:54:34.567-0300: 2902.668: Total time for which application threads were stopped: 0.0000818 seconds, Stopping threads took: 0.0000130 seconds
2017-06-04T03:54:34.569-0300: 2902.669: Total time for which application threads were stopped: 0.0000901 seconds, Stopping threads took: 0.0000230 seconds
2017-06-04T08:18:35.753-0300: 2933.419: Total time for which application threads were stopped: 0.3180435 seconds, Stopping threads took: 0.0145532 seconds
2017-06-04T08:18:35.829-0300: 2933.494: Total time for which application threads were stopped: 0.0513906 seconds, Stopping threads took: 0.0493187 seconds
2017-06-04T08:18:35.903-0300: 2933.568: Total time for which application threads were stopped: 0.0653665 seconds, Stopping threads took: 0.0651161 seconds
2017-06-04T08:18:35.965-0300: 2933.630: Total time for which application threads were stopped: 0.0571695 seconds, Stopping threads took: 0.0019287 seconds
2017-06-04T08:18:36.388-0300: 2934.053: Total time for which application threads were stopped: 0.0004870 seconds, Stopping threads took: 0.0003125 seconds
2017-06-04T08:18:36.390-0300: 2934.054: Total time for which application threads were stopped: 0.0004347 seconds, Stopping threads took: 0.0003311 seconds
2017-06-04T08:18:36.391-0300: 2934.056: Total time for which application threads were stopped: 0.0013589 seconds, Stopping threads took: 0.0012232 seconds
2017-06-04T08:18:36.392-0300: 2934.057: Total time for which application threads were stopped: 0.0007293 seconds, Stopping threads took: 0.0005991 seconds
2017-06-04T08:18:36.394-0300: 2934.058: Total time for which application threads were stopped: 0.0005437 seconds, Stopping threads took: 0.0004759 seconds
2017-06-04T08:18:36.401-0300: 2934.066: Total time for which application threads were stopped: 0.0002367 seconds, Stopping threads took: 0.0001505 seconds
2017-06-04T08:18:36.405-0300: 2934.069: Total time for which application threads were stopped: 0.0002760 seconds, Stopping threads took: 0.0001916 seconds
2017-06-04T08:18:36.405-0300: 2934.070: Total time for which application threads were stopped: 0.0003762 seconds, Stopping threads took: 0.0003145 seconds
2017-06-04T08:18:36.410-0300: 2934.075: Total time for which application threads were stopped: 0.0010557 seconds, Stopping threads took: 0.0009715 seconds
2017-06-04T08:18:36.906-0300: 2934.571: Total time for which application threads were stopped: 0.0001940 seconds, Stopping threads took: 0.0000188 seconds
2017-06-04T08:18:36.906-0300: 2934.571: Total time for which application threads were stopped: 0.0000880 seconds, Stopping threads took: 0.0000082 seconds
2017-06-04T08:18:37.107-0300: 2934.772: Total time for which application threads were stopped: 0.0001302 seconds, Stopping threads took: 0.0000237 seconds
2017-06-04T08:18:37.234-0300: 2934.899: Total time for which application threads were stopped: 0.0034099 seconds, Stopping threads took: 0.0031508 seconds
2017-06-04T08:18:37.239-0300: 2934.904: Total time for which application threads were stopped: 0.0001417 seconds, Stopping threads took: 0.0000288 seconds
2017-06-04T08:18:37.240-0300: 2934.905: Total time for which application threads were stopped: 0.0001248 seconds, Stopping threads took: 0.0000413 seconds
2017-06-04T08:18:37.242-0300: 2934.907: Total time for which application threads were stopped: 0.0001283 seconds, Stopping threads took: 0.0000221 seconds
2017-06-04T08:18:37.248-0300: 2934.913: Total time for which application threads were stopped: 0.0001338 seconds, Stopping threads took: 0.0000305 seconds
2017-06-04T08:18:37.250-0300: 2934.915: Total time for which application threads were stopped: 0.0001195 seconds, Stopping threads took: 0.0000238 seconds
2017-06-04T08:18:37.254-0300: 2934.919: Total time for which application threads were stopped: 0.0012698 seconds, Stopping threads took: 0.0011699 seconds
2017-06-04T08:18:37.363-0300: 2935.028: Total time for which application threads were stopped: 0.0001698 seconds, Stopping threads took: 0.0000335 seconds
2017-06-04T08:18:37.364-0300: 2935.029: Total time for which application threads were stopped: 0.0000993 seconds, Stopping threads took: 0.0000154 seconds
2017-06-04T08:18:37.365-0300: 2935.030: Total time for which application threads were stopped: 0.0001083 seconds, Stopping threads took: 0.0000175 seconds
2017-06-04T08:23:38.263-0300: 3235.923: Total time for which application threads were stopped: 0.0002185 seconds, Stopping threads took: 0.0000333 seconds
2017-06-04T08:31:56.909-0300: 3734.561: Total time for which application threads were stopped: 0.0001767 seconds, Stopping threads took: 0.0000334 seconds
2017-06-04T08:36:35.729-0300: 4013.377: Total time for which application threads were stopped: 0.0001666 seconds, Stopping threads took: 0.0000333 seconds
2017-06-04T08:44:43.270-0300: 4500.910: Total time for which application threads were stopped: 0.0002740 seconds, Stopping threads took: 0.0000450 seconds
2017-06-04T09:31:44.010-0300: 4865.861: Total time for which application threads were stopped: 0.0001151 seconds, Stopping threads took: 0.0000186 seconds
2017-06-04T09:31:44.124-0300: 4865.975: Total time for which application threads were stopped: 0.0005640 seconds, Stopping threads took: 0.0004273 seconds
2017-06-04T09:31:44.125-0300: 4865.976: Total time for which application threads were stopped: 0.0001726 seconds, Stopping threads took: 0.0000894 seconds
2017-06-04T09:31:44.126-0300: 4865.977: Total time for which application threads were stopped: 0.0003400 seconds, Stopping threads took: 0.0000333 seconds
2017-06-04T09:31:44.127-0300: 4865.978: Total time for which application threads were stopped: 0.0001067 seconds, Stopping threads took: 0.0000166 seconds
2017-06-04T09:31:44.474-0300: 4866.325: Total time for which application threads were stopped: 0.0001727 seconds, Stopping threads took: 0.0000540 seconds
2017-06-04T09:31:44.475-0300: 4866.325: Total time for which application threads were stopped: 0.0001580 seconds, Stopping threads took: 0.0000426 seconds
2017-06-04T09:31:44.475-0300: 4866.325: Total time for which application threads were stopped: 0.0001063 seconds, Stopping threads took: 0.0000456 seconds
2017-06-04T09:31:44.475-0300: 4866.326: Total time for which application threads were stopped: 0.0001681 seconds, Stopping threads took: 0.0001107 seconds
2017-06-04T09:31:44.475-0300: 4866.326: Total time for which application threads were stopped: 0.0000849 seconds, Stopping threads took: 0.0000145 seconds
2017-06-04T09:31:44.475-0300: 4866.326: Total time for which application threads were stopped: 0.0000757 seconds, Stopping threads took: 0.0000109 seconds
2017-06-04T09:31:44.476-0300: 4866.327: Total time for which application threads were stopped: 0.0001116 seconds, Stopping threads took: 0.0000510 seconds
2017-06-04T09:31:44.477-0300: 4866.327: Total time for which application threads were stopped: 0.0000749 seconds, Stopping threads took: 0.0000106 seconds
2017-06-04T09:31:44.479-0300: 4866.329: Total time for which application threads were stopped: 0.0001079 seconds, Stopping threads took: 0.0000167 seconds
2017-06-04T09:31:44.479-0300: 4866.329: Total time for which application threads were stopped: 0.0000797 seconds, Stopping threads took: 0.0000097 seconds
2017-06-04T09:31:44.481-0300: 4866.331: Total time for which application threads were stopped: 0.0001364 seconds, Stopping threads took: 0.0000178 seconds
2017-06-04T09:31:44.495-0300: 4866.346: Total time for which application threads were stopped: 0.0002157 seconds, Stopping threads took: 0.0000402 seconds
2017-06-04T09:31:44.496-0300: 4866.346: Total time for which application threads were stopped: 0.0001873 seconds, Stopping threads took: 0.0000860 seconds
2017-06-04T09:31:44.500-0300: 4866.350: Total time for which application threads were stopped: 0.0003248 seconds, Stopping threads took: 0.0002004 seconds
2017-06-04T09:31:44.502-0300: 4866.353: Total time for which application threads were stopped: 0.0002175 seconds, Stopping threads took: 0.0000882 seconds
2017-06-04T09:31:44.503-0300: 4866.353: Total time for which application threads were stopped: 0.0007687 seconds, Stopping threads took: 0.0006663 seconds
2017-06-04T09:31:44.504-0300: 4866.355: Total time for which application threads were stopped: 0.0001260 seconds, Stopping threads took: 0.0000386 seconds
2017-06-04T09:31:44.505-0300: 4866.355: Total time for which application threads were stopped: 0.0001074 seconds, Stopping threads took: 0.0000300 seconds
2017-06-04T09:31:44.505-0300: 4866.355: Total time for which application threads were stopped: 0.0001170 seconds, Stopping threads took: 0.0000321 seconds
2017-06-04T09:31:44.508-0300: 4866.358: Total time for which application threads were stopped: 0.0001855 seconds, Stopping threads took: 0.0000486 seconds
2017-06-04T09:31:44.512-0300: 4866.362: Total time for which application threads were stopped: 0.0002633 seconds, Stopping threads took: 0.0000163 seconds
2017-06-04T09:31:44.515-0300: 4866.365: Total time for which application threads were stopped: 0.0008616 seconds, Stopping threads took: 0.0007657 seconds
2017-06-04T09:31:44.624-0300: 4866.475: Total time for which application threads were stopped: 0.0001041 seconds, Stopping threads took: 0.0000267 seconds
2017-06-04T09:31:44.625-0300: 4866.476: Total time for which application threads were stopped: 0.0000748 seconds, Stopping threads took: 0.0000104 seconds
2017-06-04T09:31:44.626-0300: 4866.477: Total time for which application threads were stopped: 0.0000632 seconds, Stopping threads took: 0.0000097 seconds
2017-06-04T09:34:02.147-0300: 5003.996: Total time for which application threads were stopped: 0.0002093 seconds, Stopping threads took: 0.0000375 seconds
2017-06-04T09:34:07.154-0300: 5009.002: Total time for which application threads were stopped: 0.0001535 seconds, Stopping threads took: 0.0000295 seconds
2017-06-04T09:36:07.465-0300: 5129.311: Total time for which application threads were stopped: 0.0001540 seconds, Stopping threads took: 0.0000293 seconds
2017-06-04T09:38:27.828-0300: 5269.672: Total time for which application threads were stopped: 0.0001811 seconds, Stopping threads took: 0.0000355 seconds
2017-06-04T09:47:34.341-0300: 5816.176: Total time for which application threads were stopped: 0.0001628 seconds, Stopping threads took: 0.0000283 seconds
2017-06-04T09:50:22.764-0300: 5984.597: Total time for which application threads were stopped: 0.0001493 seconds, Stopping threads took: 0.0000304 seconds
2017-06-04T09:53:31.248-0300: 6173.078: Total time for which application threads were stopped: 0.0002261 seconds, Stopping threads took: 0.0000287 seconds
2017-06-04T09:57:17.910-0300: 6399.736: Total time for which application threads were stopped: 0.0001796 seconds, Stopping threads took: 0.0000330 seconds
2017-06-04T10:54:34.115-0300: 6905.521: Total time for which application threads were stopped: 0.0001395 seconds, Stopping threads took: 0.0000659 seconds
2017-06-04T10:54:34.116-0300: 6905.521: Total time for which application threads were stopped: 0.0000812 seconds, Stopping threads took: 0.0000316 seconds
2017-06-04T10:54:34.116-0300: 6905.521: Total time for which application threads were stopped: 0.0001839 seconds, Stopping threads took: 0.0000960 seconds
2017-06-04T10:54:34.116-0300: 6905.522: Total time for which application threads were stopped: 0.0000619 seconds, Stopping threads took: 0.0000089 seconds
2017-06-04T10:54:34.416-0300: 6905.821: Total time for which application threads were stopped: 0.0001001 seconds, Stopping threads took: 0.0000266 seconds
2017-06-04T10:54:34.726-0300: 6906.132: Total time for which application threads were stopped: 0.0002100 seconds, Stopping threads took: 0.0000799 seconds
2017-06-04T10:54:34.727-0300: 6906.132: Total time for which application threads were stopped: 0.0002535 seconds, Stopping threads took: 0.0000826 seconds
2017-06-04T10:54:34.727-0300: 6906.133: Total time for which application threads were stopped: 0.0001583 seconds, Stopping threads took: 0.0000564 seconds
2017-06-04T10:54:34.727-0300: 6906.133: Total time for which application threads were stopped: 0.0001327 seconds, Stopping threads took: 0.0000352 seconds
2017-06-04T10:54:34.728-0300: 6906.133: Total time for which application threads were stopped: 0.0001311 seconds, Stopping threads took: 0.0000227 seconds
2017-06-04T10:54:34.729-0300: 6906.135: Total time for which application threads were stopped: 0.0001574 seconds, Stopping threads took: 0.0000613 seconds
2017-06-04T10:54:34.731-0300: 6906.136: Total time for which application threads were stopped: 0.0002541 seconds, Stopping threads took: 0.0001050 seconds
2017-06-04T10:54:34.734-0300: 6906.139: Total time for which application threads were stopped: 0.0002516 seconds, Stopping threads took: 0.0000645 seconds
2017-06-04T10:54:34.734-0300: 6906.139: Total time for which application threads were stopped: 0.0001431 seconds, Stopping threads took: 0.0000397 seconds
2017-06-04T10:54:34.738-0300: 6906.144: Total time for which application threads were stopped: 0.0002330 seconds, Stopping threads took: 0.0000622 seconds
2017-06-04T10:54:34.766-0300: 6906.171: Total time for which application threads were stopped: 0.0003067 seconds, Stopping threads took: 0.0000599 seconds
2017-06-04T10:54:34.767-0300: 6906.173: Total time for which application threads were stopped: 0.0002505 seconds, Stopping threads took: 0.0000584 seconds
2017-06-04T10:54:34.768-0300: 6906.173: Total time for which application threads were stopped: 0.0003227 seconds, Stopping threads took: 0.0001181 seconds
2017-06-04T10:54:34.773-0300: 6906.178: Total time for which application threads were stopped: 0.0001504 seconds, Stopping threads took: 0.0000336 seconds
2017-06-04T10:54:34.773-0300: 6906.179: Total time for which application threads were stopped: 0.0001490 seconds, Stopping threads took: 0.0000491 seconds
2017-06-04T10:54:34.774-0300: 6906.180: Total time for which application threads were stopped: 0.0001185 seconds, Stopping threads took: 0.0000163 seconds
2017-06-04T10:54:34.778-0300: 6906.183: Total time for which application threads were stopped: 0.0001502 seconds, Stopping threads took: 0.0000366 seconds
2017-06-04T10:54:34.781-0300: 6906.186: Total time for which application threads were stopped: 0.0001352 seconds, Stopping threads took: 0.0000318 seconds
2017-06-04T10:54:34.782-0300: 6906.188: Total time for which application threads were stopped: 0.0000926 seconds, Stopping threads took: 0.0000160 seconds
2017-06-04T10:54:34.899-0300: 6906.304: Total time for which application threads were stopped: 0.0003333 seconds, Stopping threads took: 0.0000879 seconds
2017-06-04T10:54:34.901-0300: 6906.306: Total time for which application threads were stopped: 0.0002356 seconds, Stopping threads took: 0.0000797 seconds
2017-06-04T10:54:34.903-0300: 6906.308: Total time for which application threads were stopped: 0.0002178 seconds, Stopping threads took: 0.0000290 seconds
2017-06-04T11:04:52.719-0300: 7524.115: Total time for which application threads were stopped: 0.0001643 seconds, Stopping threads took: 0.0000294 seconds
2017-06-04T11:07:23.101-0300: 7674.495: Total time for which application threads were stopped: 0.0002040 seconds, Stopping threads took: 0.0000608 seconds
2017-06-04T11:54:37.481-0300: 10508.830: Total time for which application threads were stopped: 0.0004199 seconds, Stopping threads took: 0.0000711 seconds
2017-06-04T12:26:29.006-0300: 11367.803: Total time for which application threads were stopped: 0.0001707 seconds, Stopping threads took: 0.0000197 seconds
2017-06-04T12:26:29.264-0300: 11368.061: Total time for which application threads were stopped: 0.0001518 seconds, Stopping threads took: 0.0000444 seconds
2017-06-04T12:26:29.264-0300: 11368.061: Total time for which application threads were stopped: 0.0001354 seconds, Stopping threads took: 0.0000128 seconds
2017-06-04T12:26:29.706-0300: 11368.502: Total time for which application threads were stopped: 0.0001664 seconds, Stopping threads took: 0.0000502 seconds
2017-06-04T12:26:29.706-0300: 11368.503: Total time for which application threads were stopped: 0.0002185 seconds, Stopping threads took: 0.0001228 seconds
2017-06-04T12:26:29.706-0300: 11368.503: Total time for which application threads were stopped: 0.0000942 seconds, Stopping threads took: 0.0000486 seconds
2017-06-04T12:26:29.706-0300: 11368.503: Total time for which application threads were stopped: 0.0000739 seconds, Stopping threads took: 0.0000088 seconds
2017-06-04T12:26:29.707-0300: 11368.503: Total time for which application threads were stopped: 0.0000541 seconds, Stopping threads took: 0.0000076 seconds
2017-06-04T12:26:29.707-0300: 11368.504: Total time for which application threads were stopped: 0.0001153 seconds, Stopping threads took: 0.0000242 seconds
2017-06-04T12:26:29.708-0300: 11368.505: Total time for which application threads were stopped: 0.0001131 seconds, Stopping threads took: 0.0000161 seconds
2017-06-04T12:26:29.711-0300: 11368.508: Total time for which application threads were stopped: 0.0001322 seconds, Stopping threads took: 0.0000211 seconds
2017-06-04T12:26:29.711-0300: 11368.508: Total time for which application threads were stopped: 0.0000766 seconds, Stopping threads took: 0.0000081 seconds
2017-06-04T12:26:29.713-0300: 11368.510: Total time for which application threads were stopped: 0.0001376 seconds, Stopping threads took: 0.0000196 seconds
2017-06-04T12:26:29.730-0300: 11368.526: Total time for which application threads were stopped: 0.0001435 seconds, Stopping threads took: 0.0000336 seconds
2017-06-04T12:26:29.730-0300: 11368.526: Total time for which application threads were stopped: 0.0001221 seconds, Stopping threads took: 0.0000419 seconds
2017-06-04T12:26:29.731-0300: 11368.528: Total time for which application threads were stopped: 0.0002550 seconds, Stopping threads took: 0.0000420 seconds
2017-06-04T12:26:29.734-0300: 11368.531: Total time for which application threads were stopped: 0.0001438 seconds, Stopping threads took: 0.0000389 seconds
2017-06-04T12:26:29.735-0300: 11368.531: Total time for which application threads were stopped: 0.0000935 seconds, Stopping threads took: 0.0000097 seconds
2017-06-04T12:26:29.736-0300: 11368.533: Total time for which application threads were stopped: 0.0001588 seconds, Stopping threads took: 0.0000392 seconds
2017-06-04T12:26:29.739-0300: 11368.536: Total time for which application threads were stopped: 0.0001304 seconds, Stopping threads took: 0.0000299 seconds
2017-06-04T12:26:29.742-0300: 11368.538: Total time for which application threads were stopped: 0.0001276 seconds, Stopping threads took: 0.0000195 seconds
2017-06-04T12:26:29.743-0300: 11368.540: Total time for which application threads were stopped: 0.0001227 seconds, Stopping threads took: 0.0000199 seconds
2017-06-04T12:26:29.851-0300: 11368.648: Total time for which application threads were stopped: 0.0002730 seconds, Stopping threads took: 0.0000190 seconds
2017-06-04T12:26:29.852-0300: 11368.649: Total time for which application threads were stopped: 0.0000935 seconds, Stopping threads took: 0.0000115 seconds
2017-06-04T12:26:29.853-0300: 11368.650: Total time for which application threads were stopped: 0.0001141 seconds, Stopping threads took: 0.0000095 seconds
{Heap before GC invocations=16 (full 2):
 par new generation   total 109248K, used 98842K [0x00000007a0000000, 0x00000007a8000000, 0x00000007a8000000)
  eden space 87424K, 100% used [0x00000007a0000000, 0x00000007a5560000, 0x00000007a5560000)
  from space 21824K,  52% used [0x00000007a5560000, 0x00000007a6086830, 0x00000007a6ab0000)
  to   space 21824K,   0% used [0x00000007a6ab0000, 0x00000007a6ab0000, 0x00000007a8000000)
 concurrent mark-sweep generation total 393216K, used 11618K [0x00000007a8000000, 0x00000007c0000000, 0x00000007c0000000)
 Metaspace       used 39054K, capacity 40040K, committed 40308K, reserved 1085440K
  class space    used 4518K, capacity 4794K, committed 4804K, reserved 1048576K
2017-06-04T13:06:06.460-0300: 13745.151: [GC (Allocation Failure) 2017-06-04T13:06:06.461-0300: 13745.152: [ParNew
Desired survivor size 20112992 bytes, new threshold 8 (max 8)
- age   1:     995064 bytes,     995064 total
- age   2:    4589040 bytes,    5584104 total
- age   3:    1161112 bytes,    6745216 total
- age   4:      74248 bytes,    6819464 total
- age   5:     149752 bytes,    6969216 total
- age   6:     233616 bytes,    7202832 total
- age   7:    1172016 bytes,    8374848 total
- age   8:      83216 bytes,    8458064 total
: 98842K->9261K(109248K), 0.0628075 secs] 110460K->21695K(502464K), 0.0637862 secs] [Times: user=0.06 sys=0.11, real=0.06 secs] 
Heap after GC invocations=17 (full 2):
 par new generation   total 109248K, used 9261K [0x00000007a0000000, 0x00000007a8000000, 0x00000007a8000000)
  eden space 87424K,   0% used [0x00000007a0000000, 0x00000007a0000000, 0x00000007a5560000)
  from space 21824K,  42% used [0x00000007a6ab0000, 0x00000007a73bb650, 0x00000007a8000000)
  to   space 21824K,   0% used [0x00000007a5560000, 0x00000007a5560000, 0x00000007a6ab0000)
 concurrent mark-sweep generation total 393216K, used 12433K [0x00000007a8000000, 0x00000007c0000000, 0x00000007c0000000)
 Metaspace       used 39054K, capacity 40040K, committed 40308K, reserved 1085440K
  class space    used 4518K, capacity 4794K, committed 4804K, reserved 1048576K
}
2017-06-04T13:06:06.524-0300: 13745.215: Total time for which application threads were stopped: 0.0682820 seconds, Stopping threads took: 0.0000266 seconds
2017-06-04T13:31:40.615-0300: 15279.282: Total time for which application threads were stopped: 0.0001785 seconds, Stopping threads took: 0.0000302 seconds
2017-06-04T14:35:21.033-0300: 15509.501: Total time for which application threads were stopped: 0.0161553 seconds, Stopping threads took: 0.0158450 seconds
2017-06-04T14:35:21.136-0300: 15509.605: Total time for which application threads were stopped: 0.0001448 seconds, Stopping threads took: 0.0000420 seconds
2017-06-04T14:35:21.137-0300: 15509.605: Total time for which application threads were stopped: 0.0001098 seconds, Stopping threads took: 0.0000236 seconds
2017-06-04T14:35:21.137-0300: 15509.606: Total time for which application threads were stopped: 0.0000952 seconds, Stopping threads took: 0.0000098 seconds
2017-06-04T14:35:21.821-0300: 15510.290: Total time for which application threads were stopped: 0.0001102 seconds, Stopping threads took: 0.0000179 seconds
2017-06-04T14:35:21.822-0300: 15510.290: Total time for which application threads were stopped: 0.0001284 seconds, Stopping threads took: 0.0000609 seconds
2017-06-04T14:35:21.823-0300: 15510.291: Total time for which application threads were stopped: 0.0001985 seconds, Stopping threads took: 0.0001184 seconds
2017-06-04T14:35:21.823-0300: 15510.292: Total time for which application threads were stopped: 0.0001062 seconds, Stopping threads took: 0.0000201 seconds
2017-06-04T14:35:21.827-0300: 15510.295: Total time for which application threads were stopped: 0.0001294 seconds, Stopping threads took: 0.0000186 seconds
2017-06-04T14:35:21.827-0300: 15510.296: Total time for which application threads were stopped: 0.0000732 seconds, Stopping threads took: 0.0000053 seconds
2017-06-04T14:35:21.829-0300: 15510.298: Total time for which application threads were stopped: 0.0001298 seconds, Stopping threads took: 0.0000165 seconds
2017-06-04T14:35:21.844-0300: 15510.312: Total time for which application threads were stopped: 0.0001465 seconds, Stopping threads took: 0.0000309 seconds
2017-06-04T14:35:21.845-0300: 15510.313: Total time for which application threads were stopped: 0.0001385 seconds, Stopping threads took: 0.0000378 seconds
2017-06-04T14:35:21.846-0300: 15510.315: Total time for which application threads were stopped: 0.0001316 seconds, Stopping threads took: 0.0000278 seconds
2017-06-04T14:35:21.849-0300: 15510.317: Total time for which application threads were stopped: 0.0001773 seconds, Stopping threads took: 0.0000449 seconds
2017-06-04T14:35:21.850-0300: 15510.319: Total time for which application threads were stopped: 0.0001205 seconds, Stopping threads took: 0.0000160 seconds
2017-06-04T14:35:21.851-0300: 15510.319: Total time for which application threads were stopped: 0.0001179 seconds, Stopping threads took: 0.0000214 seconds
2017-06-04T14:35:21.853-0300: 15510.322: Total time for which application threads were stopped: 0.0001422 seconds, Stopping threads took: 0.0000312 seconds
2017-06-04T14:35:21.859-0300: 15510.328: Total time for which application threads were stopped: 0.0002389 seconds, Stopping threads took: 0.0000198 seconds
2017-06-04T14:35:21.861-0300: 15510.330: Total time for which application threads were stopped: 0.0001271 seconds, Stopping threads took: 0.0000183 seconds
2017-06-04T14:35:21.970-0300: 15510.438: Total time for which application threads were stopped: 0.0001335 seconds, Stopping threads took: 0.0000190 seconds
2017-06-04T14:35:21.971-0300: 15510.439: Total time for which application threads were stopped: 0.0001151 seconds, Stopping threads took: 0.0000145 seconds
2017-06-04T14:35:21.972-0300: 15510.440: Total time for which application threads were stopped: 0.0001190 seconds, Stopping threads took: 0.0000148 seconds
2017-06-04T14:47:08.016-0300: 15563.381: Total time for which application threads were stopped: 0.0005244 seconds, Stopping threads took: 0.0000182 seconds
2017-06-04T14:47:08.118-0300: 15563.483: Total time for which application threads were stopped: 0.0001150 seconds, Stopping threads took: 0.0000239 seconds
2017-06-04T14:47:08.679-0300: 15564.044: Total time for which application threads were stopped: 0.0002644 seconds, Stopping threads took: 0.0000190 seconds
2017-06-04T14:47:08.682-0300: 15564.047: Total time for which application threads were stopped: 0.0021190 seconds, Stopping threads took: 0.0016514 seconds
2017-06-04T14:47:08.686-0300: 15564.051: Total time for which application threads were stopped: 0.0006274 seconds, Stopping threads took: 0.0005213 seconds
2017-06-04T14:47:08.687-0300: 15564.052: Total time for which application threads were stopped: 0.0001099 seconds, Stopping threads took: 0.0000127 seconds
2017-06-04T14:47:08.691-0300: 15564.056: Total time for which application threads were stopped: 0.0001379 seconds, Stopping threads took: 0.0000201 seconds
2017-06-04T14:47:08.691-0300: 15564.056: Total time for which application threads were stopped: 0.0000971 seconds, Stopping threads took: 0.0000114 seconds
2017-06-04T14:47:08.724-0300: 15564.089: Total time for which application threads were stopped: 0.0001749 seconds, Stopping threads took: 0.0000436 seconds
2017-06-04T14:47:08.731-0300: 15564.096: Total time for which application threads were stopped: 0.0001602 seconds, Stopping threads took: 0.0000241 seconds
2017-06-04T14:47:08.732-0300: 15564.097: Total time for which application threads were stopped: 0.0001353 seconds, Stopping threads took: 0.0000195 seconds
2017-06-04T14:47:08.734-0300: 15564.099: Total time for which application threads were stopped: 0.0001478 seconds, Stopping threads took: 0.0000202 seconds
2017-06-04T14:47:08.740-0300: 15564.106: Total time for which application threads were stopped: 0.0001647 seconds, Stopping threads took: 0.0000358 seconds
2017-06-04T14:47:08.744-0300: 15564.109: Total time for which application threads were stopped: 0.0001253 seconds, Stopping threads took: 0.0000170 seconds
2017-06-04T14:47:08.748-0300: 15564.113: Total time for which application threads were stopped: 0.0001562 seconds, Stopping threads took: 0.0000235 seconds
2017-06-04T14:47:08.854-0300: 15564.220: Total time for which application threads were stopped: 0.0001606 seconds, Stopping threads took: 0.0000282 seconds
2017-06-04T14:47:08.856-0300: 15564.221: Total time for which application threads were stopped: 0.0001434 seconds, Stopping threads took: 0.0000315 seconds
2017-06-04T14:47:08.858-0300: 15564.223: Total time for which application threads were stopped: 0.0001792 seconds, Stopping threads took: 0.0000294 seconds
2017-06-04T14:48:09.053-0300: 15624.418: Total time for which application threads were stopped: 0.0003427 seconds, Stopping threads took: 0.0000302 seconds
2017-06-04T15:32:53.023-0300: 17416.588: Total time for which application threads were stopped: 0.0115464 seconds, Stopping threads took: 0.0113523 seconds
2017-06-04T15:32:53.126-0300: 17416.690: Total time for which application threads were stopped: 0.0001957 seconds, Stopping threads took: 0.0000246 seconds
2017-06-04T15:32:53.127-0300: 17416.692: Total time for which application threads were stopped: 0.0001324 seconds, Stopping threads took: 0.0000469 seconds
2017-06-04T15:32:53.127-0300: 17416.692: Total time for which application threads were stopped: 0.0000918 seconds, Stopping threads took: 0.0000261 seconds
2017-06-04T15:32:53.448-0300: 17417.013: Total time for which application threads were stopped: 0.0002200 seconds, Stopping threads took: 0.0001073 seconds
2017-06-04T15:32:53.448-0300: 17417.013: Total time for which application threads were stopped: 0.0001462 seconds, Stopping threads took: 0.0000734 seconds
2017-06-04T15:32:53.448-0300: 17417.013: Total time for which application threads were stopped: 0.0001277 seconds, Stopping threads took: 0.0000234 seconds
2017-06-04T15:32:53.448-0300: 17417.013: Total time for which application threads were stopped: 0.0000546 seconds, Stopping threads took: 0.0000067 seconds
2017-06-04T15:32:53.449-0300: 17417.014: Total time for which application threads were stopped: 0.0001446 seconds, Stopping threads took: 0.0000783 seconds
2017-06-04T15:32:53.450-0300: 17417.015: Total time for which application threads were stopped: 0.0001130 seconds, Stopping threads took: 0.0000148 seconds
2017-06-04T15:32:53.451-0300: 17417.016: Total time for which application threads were stopped: 0.0001125 seconds, Stopping threads took: 0.0000176 seconds
2017-06-04T15:32:53.451-0300: 17417.016: Total time for which application threads were stopped: 0.0000587 seconds, Stopping threads took: 0.0000062 seconds
2017-06-04T15:32:53.453-0300: 17417.018: Total time for which application threads were stopped: 0.0001234 seconds, Stopping threads took: 0.0000150 seconds
2017-06-04T15:32:53.463-0300: 17417.028: Total time for which application threads were stopped: 0.0002547 seconds, Stopping threads took: 0.0000639 seconds
2017-06-04T15:32:53.464-0300: 17417.028: Total time for which application threads were stopped: 0.0001848 seconds, Stopping threads took: 0.0000656 seconds
2017-06-04T15:32:53.464-0300: 17417.029: Total time for which application threads were stopped: 0.0001212 seconds, Stopping threads took: 0.0000233 seconds
2017-06-04T15:32:53.464-0300: 17417.029: Total time for which application threads were stopped: 0.0001384 seconds, Stopping threads took: 0.0000188 seconds
2017-06-04T15:32:53.466-0300: 17417.031: Total time for which application threads were stopped: 0.0002076 seconds, Stopping threads took: 0.0000676 seconds
2017-06-04T15:32:53.467-0300: 17417.031: Total time for which application threads were stopped: 0.0001145 seconds, Stopping threads took: 0.0000110 seconds
2017-06-04T15:32:53.467-0300: 17417.032: Total time for which application threads were stopped: 0.0001259 seconds, Stopping threads took: 0.0000158 seconds
2017-06-04T15:32:53.469-0300: 17417.034: Total time for which application threads were stopped: 0.0001237 seconds, Stopping threads took: 0.0000286 seconds
2017-06-04T15:32:53.474-0300: 17417.039: Total time for which application threads were stopped: 0.0001522 seconds, Stopping threads took: 0.0000325 seconds
2017-06-04T15:32:53.476-0300: 17417.040: Total time for which application threads were stopped: 0.0001327 seconds, Stopping threads took: 0.0000325 seconds
2017-06-04T15:32:53.584-0300: 17417.149: Total time for which application threads were stopped: 0.0001430 seconds, Stopping threads took: 0.0000217 seconds
2017-06-04T15:32:53.585-0300: 17417.150: Total time for which application threads were stopped: 0.0001389 seconds, Stopping threads took: 0.0000215 seconds
2017-06-04T15:32:53.586-0300: 17417.151: Total time for which application threads were stopped: 0.0001434 seconds, Stopping threads took: 0.0000222 seconds
2017-06-04T16:32:55.633-0300: 21019.147: Total time for which application threads were stopped: 0.0021753 seconds, Stopping threads took: 0.0007064 seconds
2017-06-04T16:41:01.745-0300: 21505.252: Total time for which application threads were stopped: 0.0001880 seconds, Stopping threads took: 0.0000312 seconds
2017-06-04T17:35:33.012-0300: 24711.657: Total time for which application threads were stopped: 0.0002822 seconds, Stopping threads took: 0.0000182 seconds
2017-06-04T17:35:33.123-0300: 24711.768: Total time for which application threads were stopped: 0.0001498 seconds, Stopping threads took: 0.0000307 seconds
2017-06-04T17:35:33.124-0300: 24711.769: Total time for which application threads were stopped: 0.0005324 seconds, Stopping threads took: 0.0000892 seconds
2017-06-04T17:35:33.125-0300: 24711.769: Total time for which application threads were stopped: 0.0001188 seconds, Stopping threads took: 0.0000319 seconds
2017-06-04T17:35:33.125-0300: 24711.769: Total time for which application threads were stopped: 0.0000860 seconds, Stopping threads took: 0.0000186 seconds
2017-06-04T17:35:33.924-0300: 24712.568: Total time for which application threads were stopped: 0.0002494 seconds, Stopping threads took: 0.0000809 seconds
2017-06-04T17:35:33.924-0300: 24712.569: Total time for which application threads were stopped: 0.0001310 seconds, Stopping threads took: 0.0000335 seconds
2017-06-04T17:35:33.924-0300: 24712.569: Total time for which application threads were stopped: 0.0001963 seconds, Stopping threads took: 0.0000980 seconds
2017-06-04T17:35:33.924-0300: 24712.569: Total time for which application threads were stopped: 0.0001126 seconds, Stopping threads took: 0.0000450 seconds
2017-06-04T17:35:33.925-0300: 24712.569: Total time for which application threads were stopped: 0.0000869 seconds, Stopping threads took: 0.0000107 seconds
2017-06-04T17:35:33.926-0300: 24712.570: Total time for which application threads were stopped: 0.0002190 seconds, Stopping threads took: 0.0000845 seconds
2017-06-04T17:35:33.927-0300: 24712.572: Total time for which application threads were stopped: 0.0001637 seconds, Stopping threads took: 0.0000198 seconds
2017-06-04T17:35:33.930-0300: 24712.575: Total time for which application threads were stopped: 0.0001732 seconds, Stopping threads took: 0.0000210 seconds
2017-06-04T17:35:33.930-0300: 24712.575: Total time for which application threads were stopped: 0.0001226 seconds, Stopping threads took: 0.0000085 seconds
2017-06-04T17:35:33.933-0300: 24712.578: Total time for which application threads were stopped: 0.0001921 seconds, Stopping threads took: 0.0000295 seconds
2017-06-04T17:35:33.958-0300: 24712.602: Total time for which application threads were stopped: 0.0010970 seconds, Stopping threads took: 0.0009703 seconds
2017-06-04T17:35:33.958-0300: 24712.603: Total time for which application threads were stopped: 0.0001297 seconds, Stopping threads took: 0.0000173 seconds
2017-06-04T17:35:33.962-0300: 24712.606: Total time for which application threads were stopped: 0.0001452 seconds, Stopping threads took: 0.0000200 seconds
2017-06-04T17:35:33.963-0300: 24712.608: Total time for which application threads were stopped: 0.0002128 seconds, Stopping threads took: 0.0001048 seconds
2017-06-04T17:35:33.964-0300: 24712.608: Total time for which application threads were stopped: 0.0001586 seconds, Stopping threads took: 0.0000429 seconds
2017-06-04T17:35:33.966-0300: 24712.610: Total time for which application threads were stopped: 0.0001354 seconds, Stopping threads took: 0.0000330 seconds
2017-06-04T17:35:33.970-0300: 24712.614: Total time for which application threads were stopped: 0.0003834 seconds, Stopping threads took: 0.0000788 seconds
2017-06-04T17:35:33.972-0300: 24712.616: Total time for which application threads were stopped: 0.0002238 seconds, Stopping threads took: 0.0001184 seconds
2017-06-04T17:35:34.085-0300: 24712.729: Total time for which application threads were stopped: 0.0001329 seconds, Stopping threads took: 0.0000159 seconds
2017-06-04T17:35:34.086-0300: 24712.731: Total time for which application threads were stopped: 0.0001039 seconds, Stopping threads took: 0.0000127 seconds
2017-06-04T17:35:34.090-0300: 24712.735: Total time for which application threads were stopped: 0.0002113 seconds, Stopping threads took: 0.0000140 seconds
2017-06-04T19:27:04.013-0300: 24732.149: Total time for which application threads were stopped: 0.0001499 seconds, Stopping threads took: 0.0000221 seconds
2017-06-04T19:27:04.130-0300: 24732.265: Total time for which application threads were stopped: 0.0004363 seconds, Stopping threads took: 0.0000226 seconds
2017-06-04T19:27:04.163-0300: 24732.298: Total time for which application threads were stopped: 0.0002033 seconds, Stopping threads took: 0.0001000 seconds
2017-06-04T19:27:04.163-0300: 24732.298: Total time for which application threads were stopped: 0.0001125 seconds, Stopping threads took: 0.0000369 seconds
2017-06-04T19:27:04.163-0300: 24732.299: Total time for which application threads were stopped: 0.0002106 seconds, Stopping threads took: 0.0000823 seconds
2017-06-04T19:27:04.163-0300: 24732.299: Total time for which application threads were stopped: 0.0001344 seconds, Stopping threads took: 0.0000668 seconds
2017-06-04T19:27:04.164-0300: 24732.299: Total time for which application threads were stopped: 0.0000759 seconds, Stopping threads took: 0.0000192 seconds
2017-06-04T19:27:04.164-0300: 24732.299: Total time for which application threads were stopped: 0.0001114 seconds, Stopping threads took: 0.0000218 seconds
2017-06-04T19:27:04.165-0300: 24732.300: Total time for which application threads were stopped: 0.0000948 seconds, Stopping threads took: 0.0000119 seconds
2017-06-04T19:27:04.246-0300: 24732.381: Total time for which application threads were stopped: 0.0001644 seconds, Stopping threads took: 0.0000325 seconds
2017-06-04T19:27:04.246-0300: 24732.381: Total time for which application threads were stopped: 0.0001345 seconds, Stopping threads took: 0.0000248 seconds
2017-06-04T19:27:04.288-0300: 24732.424: Total time for which application threads were stopped: 0.0001359 seconds, Stopping threads took: 0.0000216 seconds
2017-06-04T19:27:04.293-0300: 24732.428: Total time for which application threads were stopped: 0.0001335 seconds, Stopping threads took: 0.0000215 seconds
2017-06-04T19:27:04.293-0300: 24732.429: Total time for which application threads were stopped: 0.0000990 seconds, Stopping threads took: 0.0000119 seconds
2017-06-04T19:27:04.295-0300: 24732.430: Total time for which application threads were stopped: 0.0001713 seconds, Stopping threads took: 0.0000231 seconds
2017-06-04T19:27:04.300-0300: 24732.436: Total time for which application threads were stopped: 0.0001578 seconds, Stopping threads took: 0.0000313 seconds
2017-06-04T19:27:04.312-0300: 24732.448: Total time for which application threads were stopped: 0.0001808 seconds, Stopping threads took: 0.0000216 seconds
2017-06-04T19:27:04.316-0300: 24732.452: Total time for which application threads were stopped: 0.0001494 seconds, Stopping threads took: 0.0000326 seconds
2017-06-04T19:27:04.422-0300: 24732.558: Total time for which application threads were stopped: 0.0003093 seconds, Stopping threads took: 0.0000654 seconds
2017-06-04T19:27:04.424-0300: 24732.559: Total time for which application threads were stopped: 0.0002090 seconds, Stopping threads took: 0.0000313 seconds
2017-06-04T19:27:04.425-0300: 24732.561: Total time for which application threads were stopped: 0.0001783 seconds, Stopping threads took: 0.0000218 seconds
2017-06-04T19:28:04.565-0300: 24792.699: Total time for which application threads were stopped: 0.0002203 seconds, Stopping threads took: 0.0000324 seconds
2017-06-04T22:35:31.008-0300: 25239.651: Total time for which application threads were stopped: 0.0001603 seconds, Stopping threads took: 0.0000166 seconds
2017-06-04T22:35:31.117-0300: 25239.760: Total time for which application threads were stopped: 0.0001462 seconds, Stopping threads took: 0.0000276 seconds
2017-06-04T22:35:31.117-0300: 25239.760: Total time for which application threads were stopped: 0.0001201 seconds, Stopping threads took: 0.0000224 seconds
2017-06-04T22:35:31.117-0300: 25239.761: Total time for which application threads were stopped: 0.0003111 seconds, Stopping threads took: 0.0000558 seconds
2017-06-04T22:35:31.766-0300: 25240.409: Total time for which application threads were stopped: 0.0001508 seconds, Stopping threads took: 0.0000167 seconds
2017-06-04T22:35:31.767-0300: 25240.410: Total time for which application threads were stopped: 0.0001312 seconds, Stopping threads took: 0.0000148 seconds
2017-06-04T22:35:31.778-0300: 25240.422: Total time for which application threads were stopped: 0.0114686 seconds, Stopping threads took: 0.0113434 seconds
2017-06-04T22:35:31.792-0300: 25240.435: Total time for which application threads were stopped: 0.0107918 seconds, Stopping threads took: 0.0106371 seconds
2017-06-04T22:35:31.793-0300: 25240.436: Total time for which application threads were stopped: 0.0001026 seconds, Stopping threads took: 0.0000119 seconds
2017-06-04T22:35:31.794-0300: 25240.437: Total time for which application threads were stopped: 0.0001301 seconds, Stopping threads took: 0.0000159 seconds
2017-06-04T22:35:31.794-0300: 25240.438: Total time for which application threads were stopped: 0.0000822 seconds, Stopping threads took: 0.0000069 seconds
2017-06-04T22:35:31.796-0300: 25240.440: Total time for which application threads were stopped: 0.0001433 seconds, Stopping threads took: 0.0000173 seconds
2017-06-04T22:35:31.809-0300: 25240.452: Total time for which application threads were stopped: 0.0001388 seconds, Stopping threads took: 0.0000184 seconds
2017-06-04T22:35:31.810-0300: 25240.453: Total time for which application threads were stopped: 0.0001782 seconds, Stopping threads took: 0.0000592 seconds
2017-06-04T22:35:31.811-0300: 25240.454: Total time for which application threads were stopped: 0.0001464 seconds, Stopping threads took: 0.0000413 seconds
2017-06-04T22:35:31.812-0300: 25240.455: Total time for which application threads were stopped: 0.0001310 seconds, Stopping threads took: 0.0000293 seconds
2017-06-04T22:35:31.813-0300: 25240.456: Total time for which application threads were stopped: 0.0001274 seconds, Stopping threads took: 0.0000253 seconds
2017-06-04T22:35:31.813-0300: 25240.457: Total time for which application threads were stopped: 0.0001263 seconds, Stopping threads took: 0.0000131 seconds
2017-06-04T22:35:31.815-0300: 25240.458: Total time for which application threads were stopped: 0.0001203 seconds, Stopping threads took: 0.0000262 seconds
2017-06-04T22:35:31.817-0300: 25240.460: Total time for which application threads were stopped: 0.0001487 seconds, Stopping threads took: 0.0000363 seconds
2017-06-04T22:35:31.818-0300: 25240.461: Total time for which application threads were stopped: 0.0001290 seconds, Stopping threads took: 0.0000263 seconds
2017-06-04T22:35:31.924-0300: 25240.567: Total time for which application threads were stopped: 0.0002201 seconds, Stopping threads took: 0.0000242 seconds
2017-06-04T22:35:31.925-0300: 25240.569: Total time for which application threads were stopped: 0.0001728 seconds, Stopping threads took: 0.0000416 seconds
2017-06-04T22:35:31.927-0300: 25240.570: Total time for which application threads were stopped: 0.0002117 seconds, Stopping threads took: 0.0000546 seconds
2017-06-04T22:35:32.933-0300: 25241.576: Total time for which application threads were stopped: 0.0001354 seconds, Stopping threads took: 0.0000260 seconds
2017-06-04T22:46:23.409-0300: 25271.541: Total time for which application threads were stopped: 0.0307727 seconds, Stopping threads took: 0.0096295 seconds
2017-06-04T22:46:24.417-0300: 25272.548: Total time for which application threads were stopped: 0.0001923 seconds, Stopping threads took: 0.0000455 seconds
2017-06-04T22:46:24.513-0300: 25272.644: Total time for which application threads were stopped: 0.0114308 seconds, Stopping threads took: 0.0111082 seconds
2017-06-04T22:46:24.513-0300: 25272.644: Total time for which application threads were stopped: 0.0000876 seconds, Stopping threads took: 0.0000144 seconds
2017-06-04T22:46:24.514-0300: 25272.645: Total time for which application threads were stopped: 0.0002735 seconds, Stopping threads took: 0.0002137 seconds
2017-06-04T22:46:24.518-0300: 25272.649: Total time for which application threads were stopped: 0.0005208 seconds, Stopping threads took: 0.0000125 seconds
2017-06-04T22:46:24.521-0300: 25272.652: Total time for which application threads were stopped: 0.0003969 seconds, Stopping threads took: 0.0002506 seconds
2017-06-04T22:46:24.524-0300: 25272.655: Total time for which application threads were stopped: 0.0003778 seconds, Stopping threads took: 0.0001360 seconds
2017-06-04T22:46:24.525-0300: 25272.656: Total time for which application threads were stopped: 0.0000867 seconds, Stopping threads took: 0.0000083 seconds
2017-06-04T22:46:24.775-0300: 25272.906: Total time for which application threads were stopped: 0.0003019 seconds, Stopping threads took: 0.0000313 seconds
2017-06-04T22:46:24.787-0300: 25272.918: Total time for which application threads were stopped: 0.0042155 seconds, Stopping threads took: 0.0000367 seconds
2017-06-04T22:46:24.796-0300: 25272.927: Total time for which application threads were stopped: 0.0002029 seconds, Stopping threads took: 0.0000800 seconds
2017-06-04T22:46:24.813-0300: 25272.944: Total time for which application threads were stopped: 0.0002160 seconds, Stopping threads took: 0.0000466 seconds
2017-06-04T22:46:24.821-0300: 25272.952: Total time for which application threads were stopped: 0.0010210 seconds, Stopping threads took: 0.0003703 seconds
2017-06-04T22:46:24.832-0300: 25272.963: Total time for which application threads were stopped: 0.0011965 seconds, Stopping threads took: 0.0000936 seconds
2017-06-04T22:46:24.834-0300: 25272.965: Total time for which application threads were stopped: 0.0002198 seconds, Stopping threads took: 0.0001172 seconds
2017-06-04T22:46:24.958-0300: 25273.089: Total time for which application threads were stopped: 0.0001731 seconds, Stopping threads took: 0.0000194 seconds
2017-06-04T22:46:24.962-0300: 25273.093: Total time for which application threads were stopped: 0.0001354 seconds, Stopping threads took: 0.0000179 seconds
2017-06-04T22:46:24.963-0300: 25273.094: Total time for which application threads were stopped: 0.0001143 seconds, Stopping threads took: 0.0000145 seconds
2017-06-04T23:03:14.469-0300: 26282.585: Total time for which application threads were stopped: 0.0002035 seconds, Stopping threads took: 0.0000249 seconds
{Heap before GC invocations=17 (full 2):
 par new generation   total 109248K, used 96685K [0x00000007a0000000, 0x00000007a8000000, 0x00000007a8000000)
  eden space 87424K, 100% used [0x00000007a0000000, 0x00000007a5560000, 0x00000007a5560000)
  from space 21824K,  42% used [0x00000007a6ab0000, 0x00000007a73bb650, 0x00000007a8000000)
  to   space 21824K,   0% used [0x00000007a5560000, 0x00000007a5560000, 0x00000007a6ab0000)
 concurrent mark-sweep generation total 393216K, used 12433K [0x00000007a8000000, 0x00000007c0000000, 0x00000007c0000000)
 Metaspace       used 39165K, capacity 40172K, committed 40308K, reserved 1085440K
  class space    used 4519K, capacity 4794K, committed 4804K, reserved 1048576K
2017-06-04T23:20:23.986-0300: 27312.087: [GC (Allocation Failure) 2017-06-04T23:20:23.987-0300: 27312.088: [ParNew
Desired survivor size 20112992 bytes, new threshold 8 (max 8)
- age   1:     624680 bytes,     624680 total
- age   2:     617480 bytes,    1242160 total
- age   3:    4427704 bytes,    5669864 total
- age   4:    1152120 bytes,    6821984 total
- age   5:      74248 bytes,    6896232 total
- age   6:     149752 bytes,    7045984 total
- age   7:     233616 bytes,    7279600 total
- age   8:    1172016 bytes,    8451616 total
: 96685K->10348K(109248K), 0.0500063 secs] 109119K->22866K(502464K), 0.0511147 secs] [Times: user=0.04 sys=0.10, real=0.05 secs] 
Heap after GC invocations=18 (full 2):
 par new generation   total 109248K, used 10348K [0x00000007a0000000, 0x00000007a8000000, 0x00000007a8000000)
  eden space 87424K,   0% used [0x00000007a0000000, 0x00000007a0000000, 0x00000007a5560000)
  from space 21824K,  47% used [0x00000007a5560000, 0x00000007a5f7b3a0, 0x00000007a6ab0000)
  to   space 21824K,   0% used [0x00000007a6ab0000, 0x00000007a6ab0000, 0x00000007a8000000)
 concurrent mark-sweep generation total 393216K, used 12517K [0x00000007a8000000, 0x00000007c0000000, 0x00000007c0000000)
 Metaspace       used 39165K, capacity 40172K, committed 40308K, reserved 1085440K
  class space    used 4519K, capacity 4794K, committed 4804K, reserved 1048576K
}
2017-06-04T23:20:24.037-0300: 27312.138: Total time for which application threads were stopped: 0.0534693 seconds, Stopping threads took: 0.0000336 seconds
2017-06-05T00:17:18.012-0300: 30510.523: Total time for which application threads were stopped: 0.0002210 seconds, Stopping threads took: 0.0000189 seconds
2017-06-05T00:17:18.136-0300: 30510.647: Total time for which application threads were stopped: 0.0113931 seconds, Stopping threads took: 0.0110865 seconds
2017-06-05T00:17:18.137-0300: 30510.648: Total time for which application threads were stopped: 0.0001838 seconds, Stopping threads took: 0.0000322 seconds
2017-06-05T00:17:18.137-0300: 30510.648: Total time for which application threads were stopped: 0.0001233 seconds, Stopping threads took: 0.0000126 seconds
2017-06-05T00:17:18.308-0300: 30510.819: Total time for which application threads were stopped: 0.0002209 seconds, Stopping threads took: 0.0000578 seconds
2017-06-05T00:17:18.308-0300: 30510.819: Total time for which application threads were stopped: 0.0001407 seconds, Stopping threads took: 0.0000268 seconds
2017-06-05T00:17:18.308-0300: 30510.819: Total time for which application threads were stopped: 0.0000957 seconds, Stopping threads took: 0.0000276 seconds
2017-06-05T00:17:18.309-0300: 30510.820: Total time for which application threads were stopped: 0.0001753 seconds, Stopping threads took: 0.0001053 seconds
2017-06-05T00:17:18.309-0300: 30510.820: Total time for which application threads were stopped: 0.0000574 seconds, Stopping threads took: 0.0000096 seconds
2017-06-05T00:17:18.309-0300: 30510.820: Total time for which application threads were stopped: 0.0000651 seconds, Stopping threads took: 0.0000096 seconds
2017-06-05T00:17:18.310-0300: 30510.821: Total time for which application threads were stopped: 0.0001207 seconds, Stopping threads took: 0.0000444 seconds
2017-06-05T00:17:18.310-0300: 30510.821: Total time for which application threads were stopped: 0.0001214 seconds, Stopping threads took: 0.0000387 seconds
2017-06-05T00:17:18.312-0300: 30510.823: Total time for which application threads were stopped: 0.0001435 seconds, Stopping threads took: 0.0000316 seconds
2017-06-05T00:17:18.312-0300: 30510.823: Total time for which application threads were stopped: 0.0001029 seconds, Stopping threads took: 0.0000188 seconds
2017-06-05T00:17:18.314-0300: 30510.824: Total time for which application threads were stopped: 0.0001331 seconds, Stopping threads took: 0.0000333 seconds
2017-06-05T00:17:18.326-0300: 30510.837: Total time for which application threads were stopped: 0.0001615 seconds, Stopping threads took: 0.0000348 seconds
2017-06-05T00:17:18.326-0300: 30510.837: Total time for which application threads were stopped: 0.0002242 seconds, Stopping threads took: 0.0000603 seconds
2017-06-05T00:17:18.327-0300: 30510.838: Total time for which application threads were stopped: 0.0002161 seconds, Stopping threads took: 0.0000910 seconds
2017-06-05T00:17:18.329-0300: 30510.840: Total time for which application threads were stopped: 0.0001700 seconds, Stopping threads took: 0.0000380 seconds
2017-06-05T00:17:18.330-0300: 30510.840: Total time for which application threads were stopped: 0.0002047 seconds, Stopping threads took: 0.0000129 seconds
2017-06-05T00:17:18.331-0300: 30510.841: Total time for which application threads were stopped: 0.0001756 seconds, Stopping threads took: 0.0000229 seconds
2017-06-05T00:17:18.333-0300: 30510.843: Total time for which application threads were stopped: 0.0001384 seconds, Stopping threads took: 0.0000282 seconds
2017-06-05T00:17:18.335-0300: 30510.846: Total time for which application threads were stopped: 0.0001602 seconds, Stopping threads took: 0.0000333 seconds
2017-06-05T00:17:18.337-0300: 30510.848: Total time for which application threads were stopped: 0.0001428 seconds, Stopping threads took: 0.0000362 seconds
2017-06-05T00:17:18.443-0300: 30510.954: Total time for which application threads were stopped: 0.0002188 seconds, Stopping threads took: 0.0000324 seconds
2017-06-05T00:17:18.444-0300: 30510.955: Total time for which application threads were stopped: 0.0001844 seconds, Stopping threads took: 0.0000196 seconds
2017-06-05T00:17:18.446-0300: 30510.957: Total time for which application threads were stopped: 0.0001798 seconds, Stopping threads took: 0.0000225 seconds
2017-06-05T00:37:56.010-0300: 30965.470: Total time for which application threads were stopped: 0.0001482 seconds, Stopping threads took: 0.0000198 seconds
2017-06-05T00:37:56.163-0300: 30965.623: Total time for which application threads were stopped: 0.0002279 seconds, Stopping threads took: 0.0000925 seconds
2017-06-05T00:37:56.164-0300: 30965.624: Total time for which application threads were stopped: 0.0002190 seconds, Stopping threads took: 0.0000849 seconds
2017-06-05T00:37:56.165-0300: 30965.625: Total time for which application threads were stopped: 0.0003367 seconds, Stopping threads took: 0.0000969 seconds
2017-06-05T00:37:56.168-0300: 30965.627: Total time for which application threads were stopped: 0.0003301 seconds, Stopping threads took: 0.0000355 seconds
2017-06-05T00:37:56.169-0300: 30965.629: Total time for which application threads were stopped: 0.0002560 seconds, Stopping threads took: 0.0000944 seconds
2017-06-05T00:37:56.169-0300: 30965.629: Total time for which application threads were stopped: 0.0001169 seconds, Stopping threads took: 0.0000293 seconds
2017-06-05T00:37:56.242-0300: 30965.702: Total time for which application threads were stopped: 0.0002059 seconds, Stopping threads took: 0.0000279 seconds
2017-06-05T00:37:56.242-0300: 30965.702: Total time for which application threads were stopped: 0.0001295 seconds, Stopping threads took: 0.0000145 seconds
2017-06-05T00:37:56.245-0300: 30965.705: Total time for which application threads were stopped: 0.0002063 seconds, Stopping threads took: 0.0000342 seconds
2017-06-05T00:37:56.263-0300: 30965.723: Total time for which application threads were stopped: 0.0002112 seconds, Stopping threads took: 0.0000925 seconds
2017-06-05T00:37:56.271-0300: 30965.731: Total time for which application threads were stopped: 0.0001836 seconds, Stopping threads took: 0.0000380 seconds
2017-06-05T00:37:56.282-0300: 30965.742: Total time for which application threads were stopped: 0.0001563 seconds, Stopping threads took: 0.0000203 seconds
2017-06-05T00:37:56.283-0300: 30965.743: Total time for which application threads were stopped: 0.0001949 seconds, Stopping threads took: 0.0000206 seconds
2017-06-05T00:37:56.285-0300: 30965.745: Total time for which application threads were stopped: 0.0001654 seconds, Stopping threads took: 0.0000221 seconds
2017-06-05T00:37:56.287-0300: 30965.747: Total time for which application threads were stopped: 0.0001623 seconds, Stopping threads took: 0.0000246 seconds
2017-06-05T00:37:56.291-0300: 30965.751: Total time for which application threads were stopped: 0.0001688 seconds, Stopping threads took: 0.0000209 seconds
2017-06-05T00:37:56.293-0300: 30965.753: Total time for which application threads were stopped: 0.0001530 seconds, Stopping threads took: 0.0000219 seconds
2017-06-05T00:37:56.403-0300: 30965.863: Total time for which application threads were stopped: 0.0002087 seconds, Stopping threads took: 0.0000324 seconds
2017-06-05T00:37:56.404-0300: 30965.864: Total time for which application threads were stopped: 0.0002042 seconds, Stopping threads took: 0.0000281 seconds
2017-06-05T00:37:56.406-0300: 30965.866: Total time for which application threads were stopped: 0.0001767 seconds, Stopping threads took: 0.0000215 seconds
2017-06-05T03:44:24.121-0300: 31353.347: Total time for which application threads were stopped: 0.0001740 seconds, Stopping threads took: 0.0000301 seconds
2017-06-05T03:44:24.122-0300: 31353.348: Total time for which application threads were stopped: 0.0001242 seconds, Stopping threads took: 0.0000128 seconds
2017-06-05T03:44:24.234-0300: 31353.460: Total time for which application threads were stopped: 0.0018476 seconds, Stopping threads took: 0.0000348 seconds
2017-06-05T03:44:25.078-0300: 31354.304: Total time for which application threads were stopped: 0.0001177 seconds, Stopping threads took: 0.0000187 seconds
2017-06-05T03:44:25.078-0300: 31354.304: Total time for which application threads were stopped: 0.0001256 seconds, Stopping threads took: 0.0000317 seconds
2017-06-05T03:44:25.079-0300: 31354.305: Total time for which application threads were stopped: 0.0001085 seconds, Stopping threads took: 0.0000200 seconds
2017-06-05T03:44:25.099-0300: 31354.325: Total time for which application threads were stopped: 0.0001243 seconds, Stopping threads took: 0.0000189 seconds
2017-06-05T03:44:25.103-0300: 31354.329: Total time for which application threads were stopped: 0.0001391 seconds, Stopping threads took: 0.0000196 seconds
2017-06-05T03:44:25.103-0300: 31354.330: Total time for which application threads were stopped: 0.0000861 seconds, Stopping threads took: 0.0000078 seconds
2017-06-05T03:44:25.108-0300: 31354.334: Total time for which application threads were stopped: 0.0002427 seconds, Stopping threads took: 0.0000168 seconds
2017-06-05T03:44:25.144-0300: 31354.370: Total time for which application threads were stopped: 0.0003716 seconds, Stopping threads took: 0.0001767 seconds
2017-06-05T03:44:25.146-0300: 31354.372: Total time for which application threads were stopped: 0.0002044 seconds, Stopping threads took: 0.0000478 seconds
2017-06-05T03:44:25.146-0300: 31354.372: Total time for which application threads were stopped: 0.0001494 seconds, Stopping threads took: 0.0000273 seconds
2017-06-05T03:44:25.146-0300: 31354.372: Total time for which application threads were stopped: 0.0002146 seconds, Stopping threads took: 0.0000794 seconds
2017-06-05T03:44:25.149-0300: 31354.375: Total time for which application threads were stopped: 0.0001844 seconds, Stopping threads took: 0.0000418 seconds
2017-06-05T03:44:25.149-0300: 31354.376: Total time for which application threads were stopped: 0.0001469 seconds, Stopping threads took: 0.0000164 seconds
2017-06-05T03:44:25.150-0300: 31354.376: Total time for which application threads were stopped: 0.0001588 seconds, Stopping threads took: 0.0000202 seconds
2017-06-05T03:44:25.153-0300: 31354.379: Total time for which application threads were stopped: 0.0001948 seconds, Stopping threads took: 0.0000359 seconds
2017-06-05T03:44:25.157-0300: 31354.384: Total time for which application threads were stopped: 0.0007904 seconds, Stopping threads took: 0.0004548 seconds
2017-06-05T03:44:25.160-0300: 31354.386: Total time for which application threads were stopped: 0.0001641 seconds, Stopping threads took: 0.0000228 seconds
2017-06-05T03:44:25.269-0300: 31354.496: Total time for which application threads were stopped: 0.0001684 seconds, Stopping threads took: 0.0000225 seconds
2017-06-05T03:44:25.271-0300: 31354.497: Total time for which application threads were stopped: 0.0001644 seconds, Stopping threads took: 0.0000209 seconds
2017-06-05T03:44:25.272-0300: 31354.498: Total time for which application threads were stopped: 0.0001440 seconds, Stopping threads took: 0.0000177 seconds
2017-06-05T09:50:07.663-0300: 31382.409: Total time for which application threads were stopped: 0.3198315 seconds, Stopping threads took: 0.2588711 seconds
2017-06-05T09:50:07.888-0300: 31382.632: Total time for which application threads were stopped: 0.0323607 seconds, Stopping threads took: 0.0020691 seconds
2017-06-05T09:50:08.041-0300: 31382.785: Total time for which application threads were stopped: 0.0013995 seconds, Stopping threads took: 0.0001050 seconds
2017-06-05T09:50:08.042-0300: 31382.786: Total time for which application threads were stopped: 0.0001361 seconds, Stopping threads took: 0.0000353 seconds
2017-06-05T09:50:08.042-0300: 31382.786: Total time for which application threads were stopped: 0.0004535 seconds, Stopping threads took: 0.0003596 seconds
2017-06-05T09:50:08.043-0300: 31382.787: Total time for which application threads were stopped: 0.0002309 seconds, Stopping threads took: 0.0000620 seconds
2017-06-05T09:50:08.043-0300: 31382.787: Total time for which application threads were stopped: 0.0004734 seconds, Stopping threads took: 0.0003860 seconds
2017-06-05T09:50:08.044-0300: 31382.788: Total time for which application threads were stopped: 0.0004865 seconds, Stopping threads took: 0.0003997 seconds
2017-06-05T09:50:08.045-0300: 31382.789: Total time for which application threads were stopped: 0.0010892 seconds, Stopping threads took: 0.0000479 seconds
2017-06-05T09:50:08.048-0300: 31382.792: Total time for which application threads were stopped: 0.0003234 seconds, Stopping threads took: 0.0002253 seconds
2017-06-05T09:50:08.053-0300: 31382.798: Total time for which application threads were stopped: 0.0015451 seconds, Stopping threads took: 0.0014317 seconds
2017-06-05T09:50:08.060-0300: 31382.804: Total time for which application threads were stopped: 0.0010491 seconds, Stopping threads took: 0.0005064 seconds
2017-06-05T09:50:08.061-0300: 31382.805: Total time for which application threads were stopped: 0.0010018 seconds, Stopping threads took: 0.0008960 seconds
2017-06-05T09:50:08.061-0300: 31382.805: Total time for which application threads were stopped: 0.0000967 seconds, Stopping threads took: 0.0000102 seconds
2017-06-05T09:50:08.098-0300: 31382.842: Total time for which application threads were stopped: 0.0010009 seconds, Stopping threads took: 0.0008036 seconds
2017-06-05T09:50:08.101-0300: 31382.845: Total time for which application threads were stopped: 0.0012571 seconds, Stopping threads took: 0.0006206 seconds
2017-06-05T09:50:08.111-0300: 31382.855: Total time for which application threads were stopped: 0.0001745 seconds, Stopping threads took: 0.0000178 seconds
2017-06-05T09:50:08.112-0300: 31382.856: Total time for which application threads were stopped: 0.0002325 seconds, Stopping threads took: 0.0000156 seconds
2017-06-05T09:50:08.116-0300: 31382.860: Total time for which application threads were stopped: 0.0008915 seconds, Stopping threads took: 0.0001658 seconds
2017-06-05T09:50:08.124-0300: 31382.868: Total time for which application threads were stopped: 0.0004222 seconds, Stopping threads took: 0.0001938 seconds
2017-06-05T09:50:08.128-0300: 31382.872: Total time for which application threads were stopped: 0.0005642 seconds, Stopping threads took: 0.0004454 seconds
2017-06-05T09:50:08.322-0300: 31383.066: Total time for which application threads were stopped: 0.0003917 seconds, Stopping threads took: 0.0000202 seconds
2017-06-05T09:50:08.361-0300: 31383.105: Total time for which application threads were stopped: 0.0001837 seconds, Stopping threads took: 0.0000226 seconds
2017-06-05T09:50:08.490-0300: 31383.234: Total time for which application threads were stopped: 0.0001527 seconds, Stopping threads took: 0.0000207 seconds
2017-06-05T10:29:47.653-0300: 33762.363: Total time for which application threads were stopped: 0.0003362 seconds, Stopping threads took: 0.0000368 seconds
2017-06-05T10:54:57.004-0300: 34755.163: Total time for which application threads were stopped: 0.0002061 seconds, Stopping threads took: 0.0000194 seconds
2017-06-05T10:54:57.112-0300: 34755.271: Total time for which application threads were stopped: 0.0002708 seconds, Stopping threads took: 0.0001110 seconds
2017-06-05T10:54:57.112-0300: 34755.271: Total time for which application threads were stopped: 0.0002514 seconds, Stopping threads took: 0.0001064 seconds
2017-06-05T10:54:57.113-0300: 34755.272: Total time for which application threads were stopped: 0.0003146 seconds, Stopping threads took: 0.0001325 seconds
2017-06-05T10:54:57.114-0300: 34755.273: Total time for which application threads were stopped: 0.0003096 seconds, Stopping threads took: 0.0000148 seconds
2017-06-05T10:54:57.364-0300: 34755.523: Total time for which application threads were stopped: 0.0004134 seconds, Stopping threads took: 0.0001995 seconds
2017-06-05T10:54:57.364-0300: 34755.523: Total time for which application threads were stopped: 0.0002568 seconds, Stopping threads took: 0.0000687 seconds
2017-06-05T10:54:57.365-0300: 34755.524: Total time for which application threads were stopped: 0.0002566 seconds, Stopping threads took: 0.0001448 seconds
2017-06-05T10:54:57.365-0300: 34755.524: Total time for which application threads were stopped: 0.0001633 seconds, Stopping threads took: 0.0000547 seconds
2017-06-05T10:54:57.365-0300: 34755.524: Total time for which application threads were stopped: 0.0001733 seconds, Stopping threads took: 0.0000813 seconds
2017-06-05T10:54:57.367-0300: 34755.526: Total time for which application threads were stopped: 0.0001908 seconds, Stopping threads took: 0.0000702 seconds
2017-06-05T10:54:57.368-0300: 34755.527: Total time for which application threads were stopped: 0.0001805 seconds, Stopping threads took: 0.0000402 seconds
2017-06-05T10:54:57.371-0300: 34755.530: Total time for which application threads were stopped: 0.0002859 seconds, Stopping threads took: 0.0000339 seconds
2017-06-05T10:54:57.371-0300: 34755.530: Total time for which application threads were stopped: 0.0001744 seconds, Stopping threads took: 0.0000366 seconds
2017-06-05T10:54:57.375-0300: 34755.534: Total time for which application threads were stopped: 0.0002647 seconds, Stopping threads took: 0.0000322 seconds
2017-06-05T10:54:57.397-0300: 34755.556: Total time for which application threads were stopped: 0.0004495 seconds, Stopping threads took: 0.0001281 seconds
2017-06-05T10:54:57.399-0300: 34755.557: Total time for which application threads were stopped: 0.0002937 seconds, Stopping threads took: 0.0000566 seconds
2017-06-05T10:54:57.399-0300: 34755.558: Total time for which application threads were stopped: 0.0002406 seconds, Stopping threads took: 0.0000523 seconds
2017-06-05T10:54:57.400-0300: 34755.558: Total time for which application threads were stopped: 0.0002176 seconds, Stopping threads took: 0.0000264 seconds
2017-06-05T10:54:57.403-0300: 34755.562: Total time for which application threads were stopped: 0.0002665 seconds, Stopping threads took: 0.0000511 seconds
2017-06-05T10:54:57.404-0300: 34755.563: Total time for which application threads were stopped: 0.0002548 seconds, Stopping threads took: 0.0000760 seconds
2017-06-05T10:54:57.405-0300: 34755.564: Total time for which application threads were stopped: 0.0002281 seconds, Stopping threads took: 0.0000224 seconds
2017-06-05T10:54:57.409-0300: 34755.568: Total time for which application threads were stopped: 0.0002302 seconds, Stopping threads took: 0.0000350 seconds
2017-06-05T10:54:57.418-0300: 34755.577: Total time for which application threads were stopped: 0.0003552 seconds, Stopping threads took: 0.0000913 seconds
2017-06-05T10:54:57.423-0300: 34755.582: Total time for which application threads were stopped: 0.0002142 seconds, Stopping threads took: 0.0000290 seconds
2017-06-05T10:54:57.531-0300: 34755.690: Total time for which application threads were stopped: 0.0002225 seconds, Stopping threads took: 0.0000339 seconds
2017-06-05T10:54:57.533-0300: 34755.691: Total time for which application threads were stopped: 0.0001987 seconds, Stopping threads took: 0.0000228 seconds
2017-06-05T10:54:57.534-0300: 34755.693: Total time for which application threads were stopped: 0.0001726 seconds, Stopping threads took: 0.0000217 seconds
2017-06-05T12:32:58.062-0300: 38586.111: Total time for which application threads were stopped: 0.0003399 seconds, Stopping threads took: 0.0001295 seconds
2017-06-05T12:32:58.263-0300: 38586.311: Total time for which application threads were stopped: 0.0007345 seconds, Stopping threads took: 0.0004759 seconds
2017-06-05T12:32:58.263-0300: 38586.312: Total time for which application threads were stopped: 0.0002066 seconds, Stopping threads took: 0.0000650 seconds
2017-06-05T12:32:58.264-0300: 38586.312: Total time for which application threads were stopped: 0.0001526 seconds, Stopping threads took: 0.0000272 seconds
2017-06-05T12:32:58.922-0300: 38586.971: Total time for which application threads were stopped: 0.0002232 seconds, Stopping threads took: 0.0000756 seconds
2017-06-05T12:32:58.922-0300: 38586.971: Total time for which application threads were stopped: 0.0001914 seconds, Stopping threads took: 0.0001036 seconds
2017-06-05T12:32:58.922-0300: 38586.971: Total time for which application threads were stopped: 0.0000936 seconds, Stopping threads took: 0.0000226 seconds
2017-06-05T12:32:58.924-0300: 38586.973: Total time for which application threads were stopped: 0.0001101 seconds, Stopping threads took: 0.0000180 seconds
2017-06-05T12:32:58.925-0300: 38586.974: Total time for which application threads were stopped: 0.0001353 seconds, Stopping threads took: 0.0000147 seconds
2017-06-05T12:32:58.928-0300: 38586.977: Total time for which application threads were stopped: 0.0001504 seconds, Stopping threads took: 0.0000171 seconds
2017-06-05T12:32:58.928-0300: 38586.977: Total time for which application threads were stopped: 0.0000872 seconds, Stopping threads took: 0.0000059 seconds
2017-06-05T12:32:58.930-0300: 38586.979: Total time for which application threads were stopped: 0.0001707 seconds, Stopping threads took: 0.0000326 seconds
2017-06-05T12:32:58.945-0300: 38586.994: Total time for which application threads were stopped: 0.0002052 seconds, Stopping threads took: 0.0000679 seconds
2017-06-05T12:32:58.946-0300: 38586.995: Total time for which application threads were stopped: 0.0001337 seconds, Stopping threads took: 0.0000191 seconds
2017-06-05T12:32:58.949-0300: 38586.997: Total time for which application threads were stopped: 0.0001698 seconds, Stopping threads took: 0.0000204 seconds
2017-06-05T12:32:58.949-0300: 38586.998: Total time for which application threads were stopped: 0.0001796 seconds, Stopping threads took: 0.0000251 seconds
2017-06-05T12:32:58.950-0300: 38586.998: Total time for which application threads were stopped: 0.0001355 seconds, Stopping threads took: 0.0000122 seconds
2017-06-05T12:32:58.952-0300: 38587.001: Total time for which application threads were stopped: 0.0001613 seconds, Stopping threads took: 0.0000456 seconds
2017-06-05T12:32:58.957-0300: 38587.006: Total time for which application threads were stopped: 0.0003475 seconds, Stopping threads took: 0.0000374 seconds
2017-06-05T12:32:58.959-0300: 38587.008: Total time for which application threads were stopped: 0.0001721 seconds, Stopping threads took: 0.0000302 seconds
2017-06-05T12:32:59.063-0300: 38587.112: Total time for which application threads were stopped: 0.0003415 seconds, Stopping threads took: 0.0000739 seconds
2017-06-05T12:32:59.065-0300: 38587.114: Total time for which application threads were stopped: 0.0003014 seconds, Stopping threads took: 0.0000717 seconds
2017-06-05T12:32:59.066-0300: 38587.115: Total time for which application threads were stopped: 0.0002407 seconds, Stopping threads took: 0.0000175 seconds
2017-06-05T12:51:20.003-0300: 38700.759: Total time for which application threads were stopped: 0.0001288 seconds, Stopping threads took: 0.0000181 seconds
2017-06-05T12:51:20.250-0300: 38701.006: Total time for which application threads were stopped: 0.0002584 seconds, Stopping threads took: 0.0000731 seconds
2017-06-05T12:51:20.251-0300: 38701.007: Total time for which application threads were stopped: 0.0004486 seconds, Stopping threads took: 0.0001382 seconds
2017-06-05T12:51:20.862-0300: 38701.618: Total time for which application threads were stopped: 0.0003058 seconds, Stopping threads took: 0.0001437 seconds
2017-06-05T12:51:20.862-0300: 38701.618: Total time for which application threads were stopped: 0.0002657 seconds, Stopping threads took: 0.0001258 seconds
2017-06-05T12:51:20.863-0300: 38701.619: Total time for which application threads were stopped: 0.0002058 seconds, Stopping threads took: 0.0001030 seconds
2017-06-05T12:51:20.863-0300: 38701.619: Total time for which application threads were stopped: 0.0001794 seconds, Stopping threads took: 0.0000642 seconds
2017-06-05T12:51:20.863-0300: 38701.619: Total time for which application threads were stopped: 0.0001668 seconds, Stopping threads took: 0.0000532 seconds
2017-06-05T12:51:20.864-0300: 38701.620: Total time for which application threads were stopped: 0.0002756 seconds, Stopping threads took: 0.0001640 seconds
2017-06-05T12:51:20.864-0300: 38701.620: Total time for which application threads were stopped: 0.0001257 seconds, Stopping threads took: 0.0000201 seconds
2017-06-05T12:51:20.867-0300: 38701.623: Total time for which application threads were stopped: 0.0011154 seconds, Stopping threads took: 0.0007700 seconds
2017-06-05T12:51:20.870-0300: 38701.626: Total time for which application threads were stopped: 0.0002054 seconds, Stopping threads took: 0.0000298 seconds
2017-06-05T12:51:20.870-0300: 38701.626: Total time for which application threads were stopped: 0.0002789 seconds, Stopping threads took: 0.0000135 seconds
2017-06-05T12:51:20.870-0300: 38701.626: Total time for which application threads were stopped: 0.0001418 seconds, Stopping threads took: 0.0000320 seconds
2017-06-05T12:51:20.874-0300: 38701.629: Total time for which application threads were stopped: 0.0003364 seconds, Stopping threads took: 0.0001699 seconds
2017-06-05T12:51:20.886-0300: 38701.642: Total time for which application threads were stopped: 0.0001540 seconds, Stopping threads took: 0.0000336 seconds
2017-06-05T12:51:20.886-0300: 38701.642: Total time for which application threads were stopped: 0.0002173 seconds, Stopping threads took: 0.0000833 seconds
2017-06-05T12:51:20.887-0300: 38701.643: Total time for which application threads were stopped: 0.0001393 seconds, Stopping threads took: 0.0000272 seconds
2017-06-05T12:51:20.887-0300: 38701.643: Total time for which application threads were stopped: 0.0001721 seconds, Stopping threads took: 0.0000667 seconds
2017-06-05T12:51:20.889-0300: 38701.645: Total time for which application threads were stopped: 0.0001397 seconds, Stopping threads took: 0.0000216 seconds
2017-06-05T12:51:20.890-0300: 38701.646: Total time for which application threads were stopped: 0.0001240 seconds, Stopping threads took: 0.0000253 seconds
2017-06-05T12:51:20.891-0300: 38701.647: Total time for which application threads were stopped: 0.0001382 seconds, Stopping threads took: 0.0000300 seconds
2017-06-05T12:51:20.893-0300: 38701.649: Total time for which application threads were stopped: 0.0001374 seconds, Stopping threads took: 0.0000163 seconds
2017-06-05T12:51:20.895-0300: 38701.651: Total time for which application threads were stopped: 0.0002005 seconds, Stopping threads took: 0.0000649 seconds
2017-06-05T12:51:20.897-0300: 38701.653: Total time for which application threads were stopped: 0.0002440 seconds, Stopping threads took: 0.0001362 seconds
2017-06-05T12:51:21.008-0300: 38701.764: Total time for which application threads were stopped: 0.0002525 seconds, Stopping threads took: 0.0000499 seconds
2017-06-05T12:51:21.010-0300: 38701.765: Total time for which application threads were stopped: 0.0001966 seconds, Stopping threads took: 0.0000219 seconds
2017-06-05T12:51:21.011-0300: 38701.767: Total time for which application threads were stopped: 0.0002743 seconds, Stopping threads took: 0.0000213 seconds
{Heap before GC invocations=18 (full 2):
 par new generation   total 109248K, used 97772K [0x00000007a0000000, 0x00000007a8000000, 0x00000007a8000000)
  eden space 87424K, 100% used [0x00000007a0000000, 0x00000007a5560000, 0x00000007a5560000)
  from space 21824K,  47% used [0x00000007a5560000, 0x00000007a5f7b3a0, 0x00000007a6ab0000)
  to   space 21824K,   0% used [0x00000007a6ab0000, 0x00000007a6ab0000, 0x00000007a8000000)
 concurrent mark-sweep generation total 393216K, used 12517K [0x00000007a8000000, 0x00000007c0000000, 0x00000007c0000000)
 Metaspace       used 39241K, capacity 40306K, committed 40564K, reserved 1085440K
  class space    used 4520K, capacity 4795K, committed 4804K, reserved 1048576K
2017-06-05T13:24:33.282-0300: 40694.016: [GC (Allocation Failure) 2017-06-05T13:24:33.282-0300: 40694.016: [ParNew
Desired survivor size 20112992 bytes, new threshold 8 (max 8)
- age   1:     613472 bytes,     613472 total
- age   2:     267992 bytes,     881464 total
- age   3:     397576 bytes,    1279040 total
- age   4:    4427680 bytes,    5706720 total
- age   5:    1152120 bytes,    6858840 total
- age   6:      74248 bytes,    6933088 total
- age   7:     149752 bytes,    7082840 total
- age   8:     233696 bytes,    7316536 total
: 97772K->9458K(109248K), 0.0387374 secs] 110290K->23128K(502464K), 0.0388715 secs] [Times: user=0.04 sys=0.08, real=0.04 secs] 
Heap after GC invocations=19 (full 2):
 par new generation   total 109248K, used 9458K [0x00000007a0000000, 0x00000007a8000000, 0x00000007a8000000)
  eden space 87424K,   0% used [0x00000007a0000000, 0x00000007a0000000, 0x00000007a5560000)
  from space 21824K,  43% used [0x00000007a6ab0000, 0x00000007a73ec990, 0x00000007a8000000)
  to   space 21824K,   0% used [0x00000007a5560000, 0x00000007a5560000, 0x00000007a6ab0000)
 concurrent mark-sweep generation total 393216K, used 13670K [0x00000007a8000000, 0x00000007c0000000, 0x00000007c0000000)
 Metaspace       used 39241K, capacity 40306K, committed 40564K, reserved 1085440K
  class space    used 4520K, capacity 4795K, committed 4804K, reserved 1048576K
}
2017-06-05T13:24:33.321-0300: 40694.054: Total time for which application threads were stopped: 0.0425025 seconds, Stopping threads took: 0.0000294 seconds
2017-06-05T14:06:10.467-0300: 43191.166: Total time for which application threads were stopped: 0.0004166 seconds, Stopping threads took: 0.0000875 seconds
2017-06-05T15:01:08.004-0300: 44483.351: Total time for which application threads were stopped: 0.0001917 seconds, Stopping threads took: 0.0000187 seconds
2017-06-05T15:01:08.251-0300: 44483.598: Total time for which application threads were stopped: 0.0005073 seconds, Stopping threads took: 0.0000728 seconds
2017-06-05T15:01:08.273-0300: 44483.621: Total time for which application threads were stopped: 0.0170292 seconds, Stopping threads took: 0.0168773 seconds
2017-06-05T15:01:08.274-0300: 44483.621: Total time for which application threads were stopped: 0.0001789 seconds, Stopping threads took: 0.0000402 seconds
2017-06-05T15:01:08.833-0300: 44484.180: Total time for which application threads were stopped: 0.0002148 seconds, Stopping threads took: 0.0000860 seconds
2017-06-05T15:01:08.833-0300: 44484.180: Total time for which application threads were stopped: 0.0001015 seconds, Stopping threads took: 0.0000400 seconds
2017-06-05T15:01:08.833-0300: 44484.180: Total time for which application threads were stopped: 0.0001264 seconds, Stopping threads took: 0.0000826 seconds
2017-06-05T15:01:08.833-0300: 44484.180: Total time for which application threads were stopped: 0.0000490 seconds, Stopping threads took: 0.0000121 seconds
2017-06-05T15:01:08.833-0300: 44484.181: Total time for which application threads were stopped: 0.0001299 seconds, Stopping threads took: 0.0000116 seconds
2017-06-05T15:01:08.834-0300: 44484.181: Total time for which application threads were stopped: 0.0001172 seconds, Stopping threads took: 0.0000540 seconds
2017-06-05T15:01:08.834-0300: 44484.181: Total time for which application threads were stopped: 0.0001100 seconds, Stopping threads took: 0.0000531 seconds
2017-06-05T15:01:08.835-0300: 44484.182: Total time for which application threads were stopped: 0.0000631 seconds, Stopping threads took: 0.0000069 seconds
2017-06-05T15:01:08.837-0300: 44484.185: Total time for which application threads were stopped: 0.0000999 seconds, Stopping threads took: 0.0000127 seconds
2017-06-05T15:01:08.837-0300: 44484.185: Total time for which application threads were stopped: 0.0000920 seconds, Stopping threads took: 0.0000055 seconds
2017-06-05T15:01:08.839-0300: 44484.186: Total time for which application threads were stopped: 0.0001125 seconds, Stopping threads took: 0.0000191 seconds
2017-06-05T15:01:08.850-0300: 44484.197: Total time for which application threads were stopped: 0.0001400 seconds, Stopping threads took: 0.0000294 seconds
2017-06-05T15:01:08.850-0300: 44484.197: Total time for which application threads were stopped: 0.0001303 seconds, Stopping threads took: 0.0000243 seconds
2017-06-05T15:01:08.851-0300: 44484.198: Total time for which application threads were stopped: 0.0003122 seconds, Stopping threads took: 0.0000234 seconds
2017-06-05T15:01:08.851-0300: 44484.199: Total time for which application threads were stopped: 0.0001165 seconds, Stopping threads took: 0.0000318 seconds
2017-06-05T15:01:08.853-0300: 44484.200: Total time for which application threads were stopped: 0.0001279 seconds, Stopping threads took: 0.0000172 seconds
2017-06-05T15:01:08.854-0300: 44484.201: Total time for which application threads were stopped: 0.0001159 seconds, Stopping threads took: 0.0000165 seconds
2017-06-05T15:01:08.854-0300: 44484.201: Total time for which application threads were stopped: 0.0001110 seconds, Stopping threads took: 0.0000129 seconds
2017-06-05T15:01:08.856-0300: 44484.203: Total time for which application threads were stopped: 0.0002220 seconds, Stopping threads took: 0.0001074 seconds
2017-06-05T15:01:08.860-0300: 44484.207: Total time for which application threads were stopped: 0.0002330 seconds, Stopping threads took: 0.0001115 seconds
2017-06-05T15:01:08.862-0300: 44484.209: Total time for which application threads were stopped: 0.0001116 seconds, Stopping threads took: 0.0000136 seconds
2017-06-05T15:01:08.972-0300: 44484.320: Total time for which application threads were stopped: 0.0003565 seconds, Stopping threads took: 0.0001545 seconds
2017-06-05T15:01:08.974-0300: 44484.321: Total time for which application threads were stopped: 0.0001865 seconds, Stopping threads took: 0.0000194 seconds
2017-06-05T15:01:08.975-0300: 44484.322: Total time for which application threads were stopped: 0.0001627 seconds, Stopping threads took: 0.0000193 seconds
2017-06-05T15:32:27.096-0300: 45663.334: Total time for which application threads were stopped: 0.0001946 seconds, Stopping threads took: 0.0000204 seconds
2017-06-05T15:32:27.107-0300: 45663.345: Total time for which application threads were stopped: 0.0002233 seconds, Stopping threads took: 0.0000759 seconds
2017-06-05T15:32:27.107-0300: 45663.345: Total time for which application threads were stopped: 0.0001405 seconds, Stopping threads took: 0.0000222 seconds
2017-06-05T15:32:27.108-0300: 45663.345: Total time for which application threads were stopped: 0.0001261 seconds, Stopping threads took: 0.0000107 seconds
2017-06-05T15:32:27.692-0300: 45663.930: Total time for which application threads were stopped: 0.0002860 seconds, Stopping threads took: 0.0000692 seconds
2017-06-05T15:32:27.693-0300: 45663.930: Total time for which application threads were stopped: 0.0003035 seconds, Stopping threads took: 0.0001277 seconds
2017-06-05T15:32:27.693-0300: 45663.931: Total time for which application threads were stopped: 0.0004297 seconds, Stopping threads took: 0.0000423 seconds
2017-06-05T15:32:27.693-0300: 45663.931: Total time for which application threads were stopped: 0.0002056 seconds, Stopping threads took: 0.0000523 seconds
2017-06-05T15:32:27.695-0300: 45663.933: Total time for which application threads were stopped: 0.0003186 seconds, Stopping threads took: 0.0000809 seconds
2017-06-05T15:32:27.696-0300: 45663.934: Total time for which application threads were stopped: 0.0001705 seconds, Stopping threads took: 0.0000213 seconds
2017-06-05T15:32:27.699-0300: 45663.937: Total time for which application threads were stopped: 0.0001317 seconds, Stopping threads took: 0.0000192 seconds
2017-06-05T15:32:27.699-0300: 45663.937: Total time for which application threads were stopped: 0.0000748 seconds, Stopping threads took: 0.0000051 seconds
2017-06-05T15:32:27.701-0300: 45663.939: Total time for which application threads were stopped: 0.0001683 seconds, Stopping threads took: 0.0000170 seconds
2017-06-05T15:32:27.716-0300: 45663.954: Total time for which application threads were stopped: 0.0004312 seconds, Stopping threads took: 0.0001177 seconds
2017-06-05T15:32:27.717-0300: 45663.954: Total time for which application threads were stopped: 0.0002270 seconds, Stopping threads took: 0.0000702 seconds
2017-06-05T15:32:27.719-0300: 45663.956: Total time for which application threads were stopped: 0.0002471 seconds, Stopping threads took: 0.0001133 seconds
2017-06-05T15:32:27.719-0300: 45663.957: Total time for which application threads were stopped: 0.0001890 seconds, Stopping threads took: 0.0000385 seconds
2017-06-05T15:32:27.721-0300: 45663.959: Total time for which application threads were stopped: 0.0002097 seconds, Stopping threads took: 0.0000381 seconds
2017-06-05T15:32:27.722-0300: 45663.959: Total time for which application threads were stopped: 0.0001906 seconds, Stopping threads took: 0.0000328 seconds
2017-06-05T15:32:27.722-0300: 45663.960: Total time for which application threads were stopped: 0.0001501 seconds, Stopping threads took: 0.0000125 seconds
2017-06-05T15:32:27.724-0300: 45663.962: Total time for which application threads were stopped: 0.0001657 seconds, Stopping threads took: 0.0000233 seconds
2017-06-05T15:32:27.728-0300: 45663.966: Total time for which application threads were stopped: 0.0003428 seconds, Stopping threads took: 0.0000238 seconds
2017-06-05T15:32:27.730-0300: 45663.968: Total time for which application threads were stopped: 0.0001561 seconds, Stopping threads took: 0.0000196 seconds
2017-06-05T15:32:27.837-0300: 45664.074: Total time for which application threads were stopped: 0.0001398 seconds, Stopping threads took: 0.0000260 seconds
2017-06-05T15:32:27.838-0300: 45664.075: Total time for which application threads were stopped: 0.0001074 seconds, Stopping threads took: 0.0000107 seconds
2017-06-05T15:32:27.838-0300: 45664.076: Total time for which application threads were stopped: 0.0000983 seconds, Stopping threads took: 0.0000095 seconds
2017-06-05T15:39:03.785-0300: 46060.017: Total time for which application threads were stopped: 0.0001767 seconds, Stopping threads took: 0.0000265 seconds
2017-06-05T16:44:09.993-0300: 49965.605: Total time for which application threads were stopped: 0.0002626 seconds, Stopping threads took: 0.0000310 seconds
2017-06-05T17:51:55.013-0300: 54005.776: Total time for which application threads were stopped: 0.0002324 seconds, Stopping threads took: 0.0000177 seconds
2017-06-05T17:51:55.123-0300: 54005.886: Total time for which application threads were stopped: 0.0002825 seconds, Stopping threads took: 0.0000815 seconds
2017-06-05T17:51:55.123-0300: 54005.887: Total time for which application threads were stopped: 0.0002567 seconds, Stopping threads took: 0.0000550 seconds
2017-06-05T17:51:55.124-0300: 54005.888: Total time for which application threads were stopped: 0.0001809 seconds, Stopping threads took: 0.0000324 seconds
2017-06-05T17:51:55.125-0300: 54005.888: Total time for which application threads were stopped: 0.0001352 seconds, Stopping threads took: 0.0000152 seconds
2017-06-05T17:51:55.530-0300: 54006.294: Total time for which application threads were stopped: 0.0001352 seconds, Stopping threads took: 0.0000258 seconds
2017-06-05T17:51:55.531-0300: 54006.294: Total time for which application threads were stopped: 0.0003597 seconds, Stopping threads took: 0.0002276 seconds
2017-06-05T17:51:55.531-0300: 54006.294: Total time for which application threads were stopped: 0.0001961 seconds, Stopping threads took: 0.0001290 seconds
2017-06-05T17:51:55.532-0300: 54006.295: Total time for which application threads were stopped: 0.0006111 seconds, Stopping threads took: 0.0005503 seconds
2017-06-05T17:51:55.533-0300: 54006.296: Total time for which application threads were stopped: 0.0001108 seconds, Stopping threads took: 0.0000514 seconds
2017-06-05T17:51:55.534-0300: 54006.297: Total time for which application threads were stopped: 0.0001028 seconds, Stopping threads took: 0.0000220 seconds
2017-06-05T17:51:55.535-0300: 54006.298: Total time for which application threads were stopped: 0.0001061 seconds, Stopping threads took: 0.0000126 seconds
2017-06-05T17:51:55.535-0300: 54006.298: Total time for which application threads were stopped: 0.0000713 seconds, Stopping threads took: 0.0000057 seconds
2017-06-05T17:51:55.537-0300: 54006.300: Total time for which application threads were stopped: 0.0000946 seconds, Stopping threads took: 0.0000094 seconds
2017-06-05T17:51:55.548-0300: 54006.312: Total time for which application threads were stopped: 0.0001985 seconds, Stopping threads took: 0.0000809 seconds
2017-06-05T17:51:55.549-0300: 54006.313: Total time for which application threads were stopped: 0.0001350 seconds, Stopping threads took: 0.0000302 seconds
2017-06-05T17:51:55.550-0300: 54006.313: Total time for which application threads were stopped: 0.0001690 seconds, Stopping threads took: 0.0000661 seconds
2017-06-05T17:51:55.555-0300: 54006.318: Total time for which application threads were stopped: 0.0001433 seconds, Stopping threads took: 0.0000185 seconds
2017-06-05T17:51:55.556-0300: 54006.319: Total time for which application threads were stopped: 0.0001531 seconds, Stopping threads took: 0.0000602 seconds
2017-06-05T17:51:55.557-0300: 54006.320: Total time for which application threads were stopped: 0.0001909 seconds, Stopping threads took: 0.0000886 seconds
2017-06-05T17:51:55.560-0300: 54006.323: Total time for which application threads were stopped: 0.0001415 seconds, Stopping threads took: 0.0000139 seconds
2017-06-05T17:51:55.562-0300: 54006.325: Total time for which application threads were stopped: 0.0001246 seconds, Stopping threads took: 0.0000148 seconds
2017-06-05T17:51:55.564-0300: 54006.327: Total time for which application threads were stopped: 0.0001081 seconds, Stopping threads took: 0.0000116 seconds
2017-06-05T17:51:55.674-0300: 54006.437: Total time for which application threads were stopped: 0.0001725 seconds, Stopping threads took: 0.0000510 seconds
2017-06-05T17:51:55.675-0300: 54006.438: Total time for which application threads were stopped: 0.0001119 seconds, Stopping threads took: 0.0000105 seconds
2017-06-05T17:51:55.676-0300: 54006.439: Total time for which application threads were stopped: 0.0001459 seconds, Stopping threads took: 0.0000181 seconds
2017-06-05T17:52:24.042-0300: 54014.773: Total time for which application threads were stopped: 0.0003531 seconds, Stopping threads took: 0.0000243 seconds
2017-06-05T17:52:25.045-0300: 54015.777: Total time for which application threads were stopped: 0.0012121 seconds, Stopping threads took: 0.0000230 seconds
2017-06-05T17:52:25.051-0300: 54015.782: Total time for which application threads were stopped: 0.0001876 seconds, Stopping threads took: 0.0000204 seconds
2017-06-05T17:52:25.062-0300: 54015.793: Total time for which application threads were stopped: 0.0108644 seconds, Stopping threads took: 0.0107301 seconds
2017-06-05T17:52:25.063-0300: 54015.794: Total time for which application threads were stopped: 0.0001829 seconds, Stopping threads took: 0.0000690 seconds
2017-06-05T17:52:25.064-0300: 54015.795: Total time for which application threads were stopped: 0.0001353 seconds, Stopping threads took: 0.0000201 seconds
2017-06-05T17:52:25.066-0300: 54015.797: Total time for which application threads were stopped: 0.0001496 seconds, Stopping threads took: 0.0000274 seconds
2017-06-05T17:52:25.066-0300: 54015.797: Total time for which application threads were stopped: 0.0001242 seconds, Stopping threads took: 0.0000196 seconds
2017-06-05T17:52:25.083-0300: 54015.814: Total time for which application threads were stopped: 0.0001778 seconds, Stopping threads took: 0.0000196 seconds
2017-06-05T17:52:25.085-0300: 54015.816: Total time for which application threads were stopped: 0.0005824 seconds, Stopping threads took: 0.0004494 seconds
2017-06-05T17:52:25.089-0300: 54015.821: Total time for which application threads were stopped: 0.0001624 seconds, Stopping threads took: 0.0000248 seconds
2017-06-05T17:52:25.090-0300: 54015.821: Total time for which application threads were stopped: 0.0001743 seconds, Stopping threads took: 0.0000134 seconds
2017-06-05T17:52:25.092-0300: 54015.824: Total time for which application threads were stopped: 0.0001548 seconds, Stopping threads took: 0.0000179 seconds
2017-06-05T17:52:25.101-0300: 54015.832: Total time for which application threads were stopped: 0.0001791 seconds, Stopping threads took: 0.0000273 seconds
2017-06-05T17:52:25.110-0300: 54015.841: Total time for which application threads were stopped: 0.0011841 seconds, Stopping threads took: 0.0009338 seconds
2017-06-05T17:52:25.112-0300: 54015.843: Total time for which application threads were stopped: 0.0004188 seconds, Stopping threads took: 0.0002753 seconds
2017-06-05T17:52:25.228-0300: 54015.959: Total time for which application threads were stopped: 0.0002668 seconds, Stopping threads took: 0.0000674 seconds
2017-06-05T17:52:25.229-0300: 54015.960: Total time for which application threads were stopped: 0.0002052 seconds, Stopping threads took: 0.0000215 seconds
2017-06-05T17:52:25.230-0300: 54015.962: Total time for which application threads were stopped: 0.0001651 seconds, Stopping threads took: 0.0000191 seconds
2017-06-05T20:51:29.010-0300: 54023.718: Total time for which application threads were stopped: 0.0001614 seconds, Stopping threads took: 0.0000226 seconds
2017-06-05T20:51:29.934-0300: 54024.641: Total time for which application threads were stopped: 0.0003199 seconds, Stopping threads took: 0.0000306 seconds
2017-06-05T20:51:29.934-0300: 54024.642: Total time for which application threads were stopped: 0.0003198 seconds, Stopping threads took: 0.0000784 seconds
2017-06-05T20:51:29.936-0300: 54024.644: Total time for which application threads were stopped: 0.0004961 seconds, Stopping threads took: 0.0002314 seconds
2017-06-05T20:51:29.938-0300: 54024.645: Total time for which application threads were stopped: 0.0002989 seconds, Stopping threads took: 0.0000235 seconds
2017-06-05T20:51:29.942-0300: 54024.649: Total time for which application threads were stopped: 0.0002180 seconds, Stopping threads took: 0.0000812 seconds
2017-06-05T20:51:29.942-0300: 54024.650: Total time for which application threads were stopped: 0.0001163 seconds, Stopping threads took: 0.0000203 seconds
2017-06-05T20:51:29.954-0300: 54024.661: Total time for which application threads were stopped: 0.0001626 seconds, Stopping threads took: 0.0000351 seconds
2017-06-05T20:51:29.956-0300: 54024.663: Total time for which application threads were stopped: 0.0001604 seconds, Stopping threads took: 0.0000405 seconds
2017-06-05T20:51:29.956-0300: 54024.664: Total time for which application threads were stopped: 0.0001425 seconds, Stopping threads took: 0.0000237 seconds
2017-06-05T20:51:29.957-0300: 54024.664: Total time for which application threads were stopped: 0.0001213 seconds, Stopping threads took: 0.0000307 seconds
2017-06-05T20:51:29.959-0300: 54024.666: Total time for which application threads were stopped: 0.0001438 seconds, Stopping threads took: 0.0000313 seconds
2017-06-05T20:51:29.961-0300: 54024.668: Total time for which application threads were stopped: 0.0002983 seconds, Stopping threads took: 0.0000323 seconds
2017-06-05T20:51:29.962-0300: 54024.670: Total time for which application threads were stopped: 0.0001202 seconds, Stopping threads took: 0.0000167 seconds
2017-06-05T20:51:30.068-0300: 54024.775: Total time for which application threads were stopped: 0.0001634 seconds, Stopping threads took: 0.0000314 seconds
2017-06-05T20:51:30.069-0300: 54024.776: Total time for which application threads were stopped: 0.0001439 seconds, Stopping threads took: 0.0000189 seconds
2017-06-05T20:51:30.069-0300: 54024.777: Total time for which application threads were stopped: 0.0001357 seconds, Stopping threads took: 0.0000123 seconds
2017-06-05T21:44:44.536-0300: 54054.064: Total time for which application threads were stopped: 0.0228939 seconds, Stopping threads took: 0.0164236 seconds
2017-06-05T21:44:44.554-0300: 54054.082: Total time for which application threads were stopped: 0.0115754 seconds, Stopping threads took: 0.0006501 seconds
2017-06-05T21:44:45.593-0300: 54055.121: Total time for which application threads were stopped: 0.0001961 seconds, Stopping threads took: 0.0000370 seconds
2017-06-05T21:44:45.681-0300: 54055.208: Total time for which application threads were stopped: 0.0011458 seconds, Stopping threads took: 0.0008771 seconds
2017-06-05T21:44:45.746-0300: 54055.274: Total time for which application threads were stopped: 0.0135313 seconds, Stopping threads took: 0.0125507 seconds
2017-06-05T21:44:45.747-0300: 54055.274: Total time for which application threads were stopped: 0.0001358 seconds, Stopping threads took: 0.0000150 seconds
2017-06-05T21:44:45.768-0300: 54055.296: Total time for which application threads were stopped: 0.0077478 seconds, Stopping threads took: 0.0075736 seconds
2017-06-05T21:44:45.769-0300: 54055.297: Total time for which application threads were stopped: 0.0003119 seconds, Stopping threads took: 0.0000147 seconds
2017-06-05T21:44:45.780-0300: 54055.308: Total time for which application threads were stopped: 0.0008425 seconds, Stopping threads took: 0.0006406 seconds
2017-06-05T21:44:45.787-0300: 54055.315: Total time for which application threads were stopped: 0.0006347 seconds, Stopping threads took: 0.0004275 seconds
2017-06-05T21:44:45.788-0300: 54055.315: Total time for which application threads were stopped: 0.0005337 seconds, Stopping threads took: 0.0004266 seconds
2017-06-05T21:44:45.892-0300: 54055.420: Total time for which application threads were stopped: 0.0002528 seconds, Stopping threads took: 0.0000296 seconds
2017-06-05T21:44:45.894-0300: 54055.422: Total time for which application threads were stopped: 0.0007009 seconds, Stopping threads took: 0.0005337 seconds
2017-06-05T21:44:45.897-0300: 54055.424: Total time for which application threads were stopped: 0.0008142 seconds, Stopping threads took: 0.0006214 seconds
2017-06-05T21:44:45.899-0300: 54055.427: Total time for which application threads were stopped: 0.0004083 seconds, Stopping threads took: 0.0002131 seconds
2017-06-05T21:44:45.907-0300: 54055.434: Total time for which application threads were stopped: 0.0002416 seconds, Stopping threads took: 0.0000810 seconds
2017-06-05T21:44:45.910-0300: 54055.438: Total time for which application threads were stopped: 0.0001823 seconds, Stopping threads took: 0.0000457 seconds
2017-06-05T21:44:45.912-0300: 54055.440: Total time for which application threads were stopped: 0.0001527 seconds, Stopping threads took: 0.0000403 seconds
2017-06-05T21:44:46.018-0300: 54055.546: Total time for which application threads were stopped: 0.0003340 seconds, Stopping threads took: 0.0000333 seconds
2017-06-05T21:44:46.021-0300: 54055.548: Total time for which application threads were stopped: 0.0012133 seconds, Stopping threads took: 0.0010815 seconds
2017-06-05T21:44:46.022-0300: 54055.549: Total time for which application threads were stopped: 0.0001345 seconds, Stopping threads took: 0.0000141 seconds
2017-06-05T21:48:52.089-0300: 54139.537: Total time for which application threads were stopped: 0.0002598 seconds, Stopping threads took: 0.0000620 seconds
2017-06-05T21:48:52.350-0300: 54139.798: Total time for which application threads were stopped: 0.0005142 seconds, Stopping threads took: 0.0002197 seconds
2017-06-05T21:48:52.351-0300: 54139.799: Total time for which application threads were stopped: 0.0002099 seconds, Stopping threads took: 0.0000735 seconds
2017-06-05T21:48:52.354-0300: 54139.801: Total time for which application threads were stopped: 0.0026097 seconds, Stopping threads took: 0.0001527 seconds
2017-06-05T21:48:52.355-0300: 54139.803: Total time for which application threads were stopped: 0.0001948 seconds, Stopping threads took: 0.0000250 seconds
2017-06-05T21:48:53.040-0300: 54140.488: Total time for which application threads were stopped: 0.0001485 seconds, Stopping threads took: 0.0000203 seconds
2017-06-05T21:48:53.041-0300: 54140.488: Total time for which application threads were stopped: 0.0001242 seconds, Stopping threads took: 0.0000315 seconds
2017-06-05T21:48:53.041-0300: 54140.489: Total time for which application threads were stopped: 0.0002267 seconds, Stopping threads took: 0.0001453 seconds
2017-06-05T21:48:53.042-0300: 54140.489: Total time for which application threads were stopped: 0.0001543 seconds, Stopping threads took: 0.0000290 seconds
2017-06-05T21:48:53.043-0300: 54140.491: Total time for which application threads were stopped: 0.0001375 seconds, Stopping threads took: 0.0000167 seconds
2017-06-05T21:48:53.044-0300: 54140.492: Total time for which application threads were stopped: 0.0001691 seconds, Stopping threads took: 0.0000226 seconds
2017-06-05T21:48:53.044-0300: 54140.492: Total time for which application threads were stopped: 0.0001190 seconds, Stopping threads took: 0.0000117 seconds
2017-06-05T21:48:53.046-0300: 54140.494: Total time for which application threads were stopped: 0.0001691 seconds, Stopping threads took: 0.0000280 seconds
2017-06-05T21:48:53.062-0300: 54140.510: Total time for which application threads were stopped: 0.0002020 seconds, Stopping threads took: 0.0000648 seconds
2017-06-05T21:48:53.064-0300: 54140.511: Total time for which application threads were stopped: 0.0010121 seconds, Stopping threads took: 0.0002109 seconds
2017-06-05T21:48:53.065-0300: 54140.512: Total time for which application threads were stopped: 0.0001799 seconds, Stopping threads took: 0.0000292 seconds
2017-06-05T21:48:53.066-0300: 54140.513: Total time for which application threads were stopped: 0.0001760 seconds, Stopping threads took: 0.0000321 seconds
2017-06-05T21:48:53.069-0300: 54140.517: Total time for which application threads were stopped: 0.0001409 seconds, Stopping threads took: 0.0000160 seconds
2017-06-05T21:48:53.071-0300: 54140.519: Total time for which application threads were stopped: 0.0001334 seconds, Stopping threads took: 0.0000199 seconds
2017-06-05T21:48:53.074-0300: 54140.522: Total time for which application threads were stopped: 0.0001763 seconds, Stopping threads took: 0.0000152 seconds
2017-06-05T21:48:53.076-0300: 54140.524: Total time for which application threads were stopped: 0.0001254 seconds, Stopping threads took: 0.0000135 seconds
2017-06-05T21:48:53.181-0300: 54140.629: Total time for which application threads were stopped: 0.0003433 seconds, Stopping threads took: 0.0001362 seconds
2017-06-05T21:48:53.183-0300: 54140.631: Total time for which application threads were stopped: 0.0007145 seconds, Stopping threads took: 0.0000267 seconds
2017-06-05T21:48:53.185-0300: 54140.633: Total time for which application threads were stopped: 0.0001935 seconds, Stopping threads took: 0.0000200 seconds
2017-06-05T21:54:55.174-0300: 54433.593: Total time for which application threads were stopped: 0.1456839 seconds, Stopping threads took: 0.1453981 seconds
2017-06-05T21:54:55.177-0300: 54433.596: Total time for which application threads were stopped: 0.0007316 seconds, Stopping threads took: 0.0005570 seconds
2017-06-05T21:54:55.180-0300: 54433.599: Total time for which application threads were stopped: 0.0013378 seconds, Stopping threads took: 0.0011782 seconds
2017-06-05T21:54:55.181-0300: 54433.600: Total time for which application threads were stopped: 0.0008465 seconds, Stopping threads took: 0.0006980 seconds
2017-06-05T21:54:55.182-0300: 54433.601: Total time for which application threads were stopped: 0.0001696 seconds, Stopping threads took: 0.0000377 seconds
2017-06-05T21:54:56.152-0300: 54434.571: Total time for which application threads were stopped: 0.0003623 seconds, Stopping threads took: 0.0000264 seconds
2017-06-05T21:54:56.152-0300: 54434.571: Total time for which application threads were stopped: 0.0003741 seconds, Stopping threads took: 0.0001205 seconds
2017-06-05T21:54:56.153-0300: 54434.572: Total time for which application threads were stopped: 0.0001931 seconds, Stopping threads took: 0.0000694 seconds
2017-06-05T21:54:56.153-0300: 54434.572: Total time for which application threads were stopped: 0.0001132 seconds, Stopping threads took: 0.0000118 seconds
2017-06-05T21:54:56.154-0300: 54434.573: Total time for which application threads were stopped: 0.0001514 seconds, Stopping threads took: 0.0000195 seconds
2017-06-05T21:54:56.156-0300: 54434.575: Total time for which application threads were stopped: 0.0001615 seconds, Stopping threads took: 0.0000212 seconds
2017-06-05T21:54:56.156-0300: 54434.575: Total time for which application threads were stopped: 0.0001220 seconds, Stopping threads took: 0.0000119 seconds
2017-06-05T21:54:56.158-0300: 54434.577: Total time for which application threads were stopped: 0.0002021 seconds, Stopping threads took: 0.0000367 seconds
{Heap before GC invocations=19 (full 2):
 par new generation   total 109248K, used 96882K [0x00000007a0000000, 0x00000007a8000000, 0x00000007a8000000)
  eden space 87424K, 100% used [0x00000007a0000000, 0x00000007a5560000, 0x00000007a5560000)
  from space 21824K,  43% used [0x00000007a6ab0000, 0x00000007a73ec990, 0x00000007a8000000)
  to   space 21824K,   0% used [0x00000007a5560000, 0x00000007a5560000, 0x00000007a6ab0000)
 concurrent mark-sweep generation total 393216K, used 13670K [0x00000007a8000000, 0x00000007c0000000, 0x00000007c0000000)
 Metaspace       used 39296K, capacity 40306K, committed 40564K, reserved 1085440K
  class space    used 4520K, capacity 4795K, committed 4804K, reserved 1048576K
2017-06-05T21:54:56.164-0300: 54434.583: [GC (Allocation Failure) 2017-06-05T21:54:56.164-0300: 54434.583: [ParNew
Desired survivor size 20112992 bytes, new threshold 8 (max 8)
- age   1:     470224 bytes,     470224 total
- age   2:     261528 bytes,     731752 total
- age   3:       8776 bytes,     740528 total
- age   4:     397576 bytes,    1138104 total
- age   5:    4427680 bytes,    5565784 total
- age   6:    1152144 bytes,    6717928 total
- age   7:      74248 bytes,    6792176 total
- age   8:     149752 bytes,    6941928 total
: 96882K->8416K(109248K), 0.1385489 secs] 110552K->22318K(502464K), 0.1386729 secs] [Times: user=0.05 sys=0.06, real=0.14 secs] 
Heap after GC invocations=20 (full 2):
 par new generation   total 109248K, used 8416K [0x00000007a0000000, 0x00000007a8000000, 0x00000007a8000000)
  eden space 87424K,   0% used [0x00000007a0000000, 0x00000007a0000000, 0x00000007a5560000)
  from space 21824K,  38% used [0x00000007a5560000, 0x00000007a5d981d8, 0x00000007a6ab0000)
  to   space 21824K,   0% used [0x00000007a6ab0000, 0x00000007a6ab0000, 0x00000007a8000000)
 concurrent mark-sweep generation total 393216K, used 13902K [0x00000007a8000000, 0x00000007c0000000, 0x00000007c0000000)
 Metaspace       used 39296K, capacity 40306K, committed 40564K, reserved 1085440K
  class space    used 4520K, capacity 4795K, committed 4804K, reserved 1048576K
}
2017-06-05T21:54:56.303-0300: 54434.721: Total time for which application threads were stopped: 0.1393679 seconds, Stopping threads took: 0.0000663 seconds
2017-06-05T21:54:56.319-0300: 54434.738: Total time for which application threads were stopped: 0.0007760 seconds, Stopping threads took: 0.0003863 seconds
2017-06-05T21:54:56.320-0300: 54434.739: Total time for which application threads were stopped: 0.0003225 seconds, Stopping threads took: 0.0000749 seconds
2017-06-05T21:54:56.320-0300: 54434.739: Total time for which application threads were stopped: 0.0002095 seconds, Stopping threads took: 0.0000697 seconds
2017-06-05T21:54:56.323-0300: 54434.742: Total time for which application threads were stopped: 0.0001863 seconds, Stopping threads took: 0.0000385 seconds
2017-06-05T21:54:56.323-0300: 54434.742: Total time for which application threads were stopped: 0.0001377 seconds, Stopping threads took: 0.0000249 seconds
2017-06-05T21:54:56.325-0300: 54434.743: Total time for which application threads were stopped: 0.0001833 seconds, Stopping threads took: 0.0000204 seconds
2017-06-05T21:54:56.327-0300: 54434.745: Total time for which application threads were stopped: 0.0001771 seconds, Stopping threads took: 0.0000322 seconds
2017-06-05T21:54:56.329-0300: 54434.748: Total time for which application threads were stopped: 0.0005815 seconds, Stopping threads took: 0.0002538 seconds
2017-06-05T21:54:56.331-0300: 54434.750: Total time for which application threads were stopped: 0.0001587 seconds, Stopping threads took: 0.0000212 seconds
2017-06-05T21:54:56.436-0300: 54434.855: Total time for which application threads were stopped: 0.0001747 seconds, Stopping threads took: 0.0000290 seconds
2017-06-05T21:54:56.437-0300: 54434.856: Total time for which application threads were stopped: 0.0001123 seconds, Stopping threads took: 0.0000103 seconds
2017-06-05T21:54:56.438-0300: 54434.857: Total time for which application threads were stopped: 0.0000817 seconds, Stopping threads took: 0.0000077 seconds
2017-06-06T02:48:18.024-0300: 61236.695: Total time for which application threads were stopped: 0.0003963 seconds, Stopping threads took: 0.0000190 seconds
2017-06-06T02:48:18.126-0300: 61236.797: Total time for which application threads were stopped: 0.0001789 seconds, Stopping threads took: 0.0000207 seconds
2017-06-06T02:48:18.127-0300: 61236.798: Total time for which application threads were stopped: 0.0011917 seconds, Stopping threads took: 0.0002145 seconds
2017-06-06T02:48:18.128-0300: 61236.799: Total time for which application threads were stopped: 0.0001731 seconds, Stopping threads took: 0.0000196 seconds
2017-06-06T02:48:18.487-0300: 61237.158: Total time for which application threads were stopped: 0.0001624 seconds, Stopping threads took: 0.0000483 seconds
2017-06-06T02:48:18.487-0300: 61237.158: Total time for which application threads were stopped: 0.0001861 seconds, Stopping threads took: 0.0000856 seconds
2017-06-06T02:48:18.487-0300: 61237.158: Total time for which application threads were stopped: 0.0001182 seconds, Stopping threads took: 0.0000507 seconds
2017-06-06T02:48:18.566-0300: 61237.237: Total time for which application threads were stopped: 0.0003873 seconds, Stopping threads took: 0.0002247 seconds
2017-06-06T02:48:18.566-0300: 61237.237: Total time for which application threads were stopped: 0.0001267 seconds, Stopping threads took: 0.0000100 seconds
2017-06-06T02:48:18.588-0300: 61237.259: Total time for which application threads were stopped: 0.0001809 seconds, Stopping threads took: 0.0000278 seconds
2017-06-06T02:48:18.589-0300: 61237.260: Total time for which application threads were stopped: 0.0001430 seconds, Stopping threads took: 0.0000150 seconds
2017-06-06T02:48:18.602-0300: 61237.273: Total time for which application threads were stopped: 0.0001763 seconds, Stopping threads took: 0.0000197 seconds
2017-06-06T02:48:18.603-0300: 61237.274: Total time for which application threads were stopped: 0.0001153 seconds, Stopping threads took: 0.0000103 seconds
2017-06-06T02:48:18.604-0300: 61237.275: Total time for which application threads were stopped: 0.0001709 seconds, Stopping threads took: 0.0000231 seconds
2017-06-06T02:48:18.667-0300: 61237.338: Total time for which application threads were stopped: 0.0007122 seconds, Stopping threads took: 0.0004933 seconds
2017-06-06T02:48:18.668-0300: 61237.339: Total time for which application threads were stopped: 0.0003866 seconds, Stopping threads took: 0.0000177 seconds
2017-06-06T02:48:18.680-0300: 61237.351: Total time for which application threads were stopped: 0.0001835 seconds, Stopping threads took: 0.0000207 seconds
2017-06-06T02:48:18.681-0300: 61237.352: Total time for which application threads were stopped: 0.0001784 seconds, Stopping threads took: 0.0000231 seconds
2017-06-06T02:48:18.682-0300: 61237.354: Total time for which application threads were stopped: 0.0002553 seconds, Stopping threads took: 0.0000933 seconds
2017-06-06T02:48:18.685-0300: 61237.356: Total time for which application threads were stopped: 0.0001835 seconds, Stopping threads took: 0.0000222 seconds
2017-06-06T02:48:18.690-0300: 61237.361: Total time for which application threads were stopped: 0.0001724 seconds, Stopping threads took: 0.0000204 seconds
2017-06-06T02:48:18.693-0300: 61237.364: Total time for which application threads were stopped: 0.0001642 seconds, Stopping threads took: 0.0000200 seconds
2017-06-06T02:48:18.798-0300: 61237.469: Total time for which application threads were stopped: 0.0001666 seconds, Stopping threads took: 0.0000201 seconds
2017-06-06T02:48:18.799-0300: 61237.470: Total time for which application threads were stopped: 0.0001627 seconds, Stopping threads took: 0.0000163 seconds
2017-06-06T02:48:18.800-0300: 61237.471: Total time for which application threads were stopped: 0.0001665 seconds, Stopping threads took: 0.0000183 seconds
2017-06-06T09:49:38.438-0300: 61267.061: Total time for which application threads were stopped: 0.0175877 seconds, Stopping threads took: 0.0057227 seconds
2017-06-06T09:49:39.855-0300: 61268.477: Total time for which application threads were stopped: 0.0027450 seconds, Stopping threads took: 0.0002618 seconds
2017-06-06T09:49:39.856-0300: 61268.478: Total time for which application threads were stopped: 0.0006276 seconds, Stopping threads took: 0.0004490 seconds
2017-06-06T09:49:39.856-0300: 61268.479: Total time for which application threads were stopped: 0.0002039 seconds, Stopping threads took: 0.0000304 seconds
2017-06-06T09:49:39.857-0300: 61268.479: Total time for which application threads were stopped: 0.0001571 seconds, Stopping threads took: 0.0000422 seconds
2017-06-06T09:49:39.857-0300: 61268.480: Total time for which application threads were stopped: 0.0001141 seconds, Stopping threads took: 0.0000234 seconds
2017-06-06T09:49:39.858-0300: 61268.481: Total time for which application threads were stopped: 0.0002538 seconds, Stopping threads took: 0.0000939 seconds
2017-06-06T09:49:39.860-0300: 61268.483: Total time for which application threads were stopped: 0.0001366 seconds, Stopping threads took: 0.0000149 seconds
2017-06-06T09:49:39.864-0300: 61268.487: Total time for which application threads were stopped: 0.0002342 seconds, Stopping threads took: 0.0000169 seconds
2017-06-06T09:49:39.864-0300: 61268.487: Total time for which application threads were stopped: 0.0001042 seconds, Stopping threads took: 0.0000079 seconds
2017-06-06T09:49:39.932-0300: 61268.555: Total time for which application threads were stopped: 0.0065697 seconds, Stopping threads took: 0.0056852 seconds
2017-06-06T09:49:39.946-0300: 61268.569: Total time for which application threads were stopped: 0.0005634 seconds, Stopping threads took: 0.0003579 seconds
2017-06-06T09:49:39.951-0300: 61268.574: Total time for which application threads were stopped: 0.0028014 seconds, Stopping threads took: 0.0025832 seconds
2017-06-06T09:49:39.954-0300: 61268.577: Total time for which application threads were stopped: 0.0015817 seconds, Stopping threads took: 0.0014170 seconds
2017-06-06T09:49:39.965-0300: 61268.587: Total time for which application threads were stopped: 0.0002101 seconds, Stopping threads took: 0.0000317 seconds
2017-06-06T09:49:39.976-0300: 61268.598: Total time for which application threads were stopped: 0.0026679 seconds, Stopping threads took: 0.0003670 seconds
2017-06-06T09:49:39.978-0300: 61268.601: Total time for which application threads were stopped: 0.0001638 seconds, Stopping threads took: 0.0000322 seconds
2017-06-06T09:49:40.083-0300: 61268.705: Total time for which application threads were stopped: 0.0002157 seconds, Stopping threads took: 0.0000347 seconds
2017-06-06T09:49:40.084-0300: 61268.707: Total time for which application threads were stopped: 0.0006670 seconds, Stopping threads took: 0.0005248 seconds
2017-06-06T09:49:40.085-0300: 61268.708: Total time for which application threads were stopped: 0.0001359 seconds, Stopping threads took: 0.0000147 seconds
2017-06-06T10:12:42.013-0300: 62205.659: Total time for which application threads were stopped: 0.0001759 seconds, Stopping threads took: 0.0000186 seconds
2017-06-06T10:12:42.169-0300: 62205.816: Total time for which application threads were stopped: 0.0006984 seconds, Stopping threads took: 0.0000699 seconds
2017-06-06T10:12:42.170-0300: 62205.816: Total time for which application threads were stopped: 0.0000892 seconds, Stopping threads took: 0.0000078 seconds
2017-06-06T10:12:42.727-0300: 62206.373: Total time for which application threads were stopped: 0.0018198 seconds, Stopping threads took: 0.0015939 seconds
2017-06-06T10:12:42.727-0300: 62206.374: Total time for which application threads were stopped: 0.0002284 seconds, Stopping threads took: 0.0000709 seconds
2017-06-06T10:12:42.727-0300: 62206.374: Total time for which application threads were stopped: 0.0001911 seconds, Stopping threads took: 0.0000594 seconds
2017-06-06T10:12:42.727-0300: 62206.374: Total time for which application threads were stopped: 0.0001070 seconds, Stopping threads took: 0.0000277 seconds
2017-06-06T10:12:42.728-0300: 62206.374: Total time for which application threads were stopped: 0.0001044 seconds, Stopping threads took: 0.0000457 seconds
2017-06-06T10:12:42.728-0300: 62206.375: Total time for which application threads were stopped: 0.0000895 seconds, Stopping threads took: 0.0000317 seconds
2017-06-06T10:12:42.728-0300: 62206.375: Total time for which application threads were stopped: 0.0001405 seconds, Stopping threads took: 0.0000624 seconds
2017-06-06T10:12:42.730-0300: 62206.377: Total time for which application threads were stopped: 0.0001594 seconds, Stopping threads took: 0.0000324 seconds
2017-06-06T10:12:42.731-0300: 62206.378: Total time for which application threads were stopped: 0.0001835 seconds, Stopping threads took: 0.0000369 seconds
2017-06-06T10:12:42.732-0300: 62206.378: Total time for which application threads were stopped: 0.0001575 seconds, Stopping threads took: 0.0000565 seconds
2017-06-06T10:12:42.733-0300: 62206.380: Total time for which application threads were stopped: 0.0002263 seconds, Stopping threads took: 0.0000188 seconds
2017-06-06T10:12:42.747-0300: 62206.394: Total time for which application threads were stopped: 0.0002221 seconds, Stopping threads took: 0.0000659 seconds
2017-06-06T10:12:42.748-0300: 62206.395: Total time for which application threads were stopped: 0.0001484 seconds, Stopping threads took: 0.0000336 seconds
2017-06-06T10:12:42.748-0300: 62206.395: Total time for which application threads were stopped: 0.0001531 seconds, Stopping threads took: 0.0000294 seconds
2017-06-06T10:12:42.750-0300: 62206.397: Total time for which application threads were stopped: 0.0001476 seconds, Stopping threads took: 0.0000155 seconds
2017-06-06T10:12:42.751-0300: 62206.398: Total time for which application threads were stopped: 0.0002112 seconds, Stopping threads took: 0.0000391 seconds
2017-06-06T10:12:42.751-0300: 62206.398: Total time for which application threads were stopped: 0.0002005 seconds, Stopping threads took: 0.0000638 seconds
2017-06-06T10:12:42.753-0300: 62206.400: Total time for which application threads were stopped: 0.0002064 seconds, Stopping threads took: 0.0000278 seconds
2017-06-06T10:12:42.757-0300: 62206.404: Total time for which application threads were stopped: 0.0003658 seconds, Stopping threads took: 0.0000319 seconds
2017-06-06T10:12:42.759-0300: 62206.406: Total time for which application threads were stopped: 0.0002065 seconds, Stopping threads took: 0.0000395 seconds
2017-06-06T10:12:42.864-0300: 62206.511: Total time for which application threads were stopped: 0.0001506 seconds, Stopping threads took: 0.0000252 seconds
2017-06-06T10:12:42.865-0300: 62206.512: Total time for which application threads were stopped: 0.0001702 seconds, Stopping threads took: 0.0000554 seconds
2017-06-06T10:12:42.865-0300: 62206.512: Total time for which application threads were stopped: 0.0001081 seconds, Stopping threads took: 0.0000192 seconds
2017-06-06T10:52:27.007-0300: 63303.604: Total time for which application threads were stopped: 0.0002184 seconds, Stopping threads took: 0.0000189 seconds
2017-06-06T10:52:27.135-0300: 63303.732: Total time for which application threads were stopped: 0.0124377 seconds, Stopping threads took: 0.0112618 seconds
2017-06-06T10:52:28.100-0300: 63304.697: Total time for which application threads were stopped: 0.0003804 seconds, Stopping threads took: 0.0002361 seconds
2017-06-06T10:52:28.102-0300: 63304.699: Total time for which application threads were stopped: 0.0005979 seconds, Stopping threads took: 0.0004527 seconds
2017-06-06T10:52:28.103-0300: 63304.700: Total time for which application threads were stopped: 0.0004213 seconds, Stopping threads took: 0.0000236 seconds
2017-06-06T10:52:28.103-0300: 63304.700: Total time for which application threads were stopped: 0.0001437 seconds, Stopping threads took: 0.0000582 seconds
2017-06-06T10:52:28.105-0300: 63304.702: Total time for which application threads were stopped: 0.0016586 seconds, Stopping threads took: 0.0005487 seconds
2017-06-06T10:52:28.111-0300: 63304.708: Total time for which application threads were stopped: 0.0001871 seconds, Stopping threads took: 0.0000195 seconds
2017-06-06T10:52:28.115-0300: 63304.712: Total time for which application threads were stopped: 0.0003189 seconds, Stopping threads took: 0.0000214 seconds
2017-06-06T10:52:28.115-0300: 63304.712: Total time for which application threads were stopped: 0.0001258 seconds, Stopping threads took: 0.0000087 seconds
2017-06-06T10:52:28.117-0300: 63304.714: Total time for which application threads were stopped: 0.0001674 seconds, Stopping threads took: 0.0000167 seconds
2017-06-06T10:52:28.144-0300: 63304.742: Total time for which application threads were stopped: 0.0001961 seconds, Stopping threads took: 0.0000238 seconds
2017-06-06T10:52:28.158-0300: 63304.755: Total time for which application threads were stopped: 0.0002540 seconds, Stopping threads took: 0.0000244 seconds
2017-06-06T10:52:28.159-0300: 63304.756: Total time for which application threads were stopped: 0.0001790 seconds, Stopping threads took: 0.0000163 seconds
2017-06-06T10:52:28.161-0300: 63304.758: Total time for which application threads were stopped: 0.0001960 seconds, Stopping threads took: 0.0000225 seconds
2017-06-06T10:52:28.166-0300: 63304.763: Total time for which application threads were stopped: 0.0002302 seconds, Stopping threads took: 0.0000224 seconds
2017-06-06T10:52:28.168-0300: 63304.766: Total time for which application threads were stopped: 0.0002804 seconds, Stopping threads took: 0.0000326 seconds
2017-06-06T10:52:28.173-0300: 63304.770: Total time for which application threads were stopped: 0.0005478 seconds, Stopping threads took: 0.0003563 seconds
2017-06-06T10:52:28.285-0300: 63304.882: Total time for which application threads were stopped: 0.0002070 seconds, Stopping threads took: 0.0000378 seconds
2017-06-06T10:52:28.286-0300: 63304.883: Total time for which application threads were stopped: 0.0001322 seconds, Stopping threads took: 0.0000107 seconds
2017-06-06T10:52:28.287-0300: 63304.884: Total time for which application threads were stopped: 0.0001318 seconds, Stopping threads took: 0.0000271 seconds
2017-06-06T11:04:21.013-0300: 63318.728: Total time for which application threads were stopped: 0.0002415 seconds, Stopping threads took: 0.0000232 seconds
2017-06-06T11:04:21.777-0300: 63319.492: Total time for which application threads were stopped: 0.0012275 seconds, Stopping threads took: 0.0004649 seconds
2017-06-06T11:04:21.777-0300: 63319.492: Total time for which application threads were stopped: 0.0001826 seconds, Stopping threads took: 0.0000596 seconds
2017-06-06T11:04:21.777-0300: 63319.492: Total time for which application threads were stopped: 0.0001048 seconds, Stopping threads took: 0.0000260 seconds
2017-06-06T11:04:21.777-0300: 63319.492: Total time for which application threads were stopped: 0.0001108 seconds, Stopping threads took: 0.0000232 seconds
2017-06-06T11:04:21.778-0300: 63319.493: Total time for which application threads were stopped: 0.0002581 seconds, Stopping threads took: 0.0001096 seconds
2017-06-06T11:04:21.780-0300: 63319.495: Total time for which application threads were stopped: 0.0008070 seconds, Stopping threads took: 0.0005906 seconds
2017-06-06T11:04:21.782-0300: 63319.497: Total time for which application threads were stopped: 0.0001861 seconds, Stopping threads took: 0.0000196 seconds
2017-06-06T11:04:21.782-0300: 63319.497: Total time for which application threads were stopped: 0.0001237 seconds, Stopping threads took: 0.0000103 seconds
2017-06-06T11:04:21.803-0300: 63319.518: Total time for which application threads were stopped: 0.0002340 seconds, Stopping threads took: 0.0000552 seconds
2017-06-06T11:04:21.806-0300: 63319.521: Total time for which application threads were stopped: 0.0002513 seconds, Stopping threads took: 0.0000391 seconds
2017-06-06T11:04:21.807-0300: 63319.522: Total time for which application threads were stopped: 0.0002273 seconds, Stopping threads took: 0.0000283 seconds
2017-06-06T11:04:21.807-0300: 63319.522: Total time for which application threads were stopped: 0.0002328 seconds, Stopping threads took: 0.0000811 seconds
2017-06-06T11:04:21.810-0300: 63319.525: Total time for which application threads were stopped: 0.0002079 seconds, Stopping threads took: 0.0000376 seconds
2017-06-06T11:04:21.813-0300: 63319.528: Total time for which application threads were stopped: 0.0002275 seconds, Stopping threads took: 0.0000524 seconds
2017-06-06T11:04:21.818-0300: 63319.533: Total time for which application threads were stopped: 0.0001718 seconds, Stopping threads took: 0.0000208 seconds
2017-06-06T11:04:21.921-0300: 63319.636: Total time for which application threads were stopped: 0.0002454 seconds, Stopping threads took: 0.0000211 seconds
2017-06-06T11:04:21.922-0300: 63319.637: Total time for which application threads were stopped: 0.0001874 seconds, Stopping threads took: 0.0000247 seconds
2017-06-06T11:04:21.924-0300: 63319.639: Total time for which application threads were stopped: 0.0006456 seconds, Stopping threads took: 0.0004649 seconds
2017-06-06T12:57:27.008-0300: 66512.952: Total time for which application threads were stopped: 0.0002140 seconds, Stopping threads took: 0.0000168 seconds
2017-06-06T12:57:27.109-0300: 66513.053: Total time for which application threads were stopped: 0.0001908 seconds, Stopping threads took: 0.0000204 seconds
2017-06-06T12:57:27.110-0300: 66513.053: Total time for which application threads were stopped: 0.0001730 seconds, Stopping threads took: 0.0000317 seconds
2017-06-06T12:57:27.110-0300: 66513.054: Total time for which application threads were stopped: 0.0001751 seconds, Stopping threads took: 0.0000138 seconds
2017-06-06T12:57:27.110-0300: 66513.054: Total time for which application threads were stopped: 0.0001362 seconds, Stopping threads took: 0.0000122 seconds
2017-06-06T12:57:27.674-0300: 66513.618: Total time for which application threads were stopped: 0.0002643 seconds, Stopping threads took: 0.0000725 seconds
2017-06-06T12:57:27.675-0300: 66513.619: Total time for which application threads were stopped: 0.0005766 seconds, Stopping threads took: 0.0002662 seconds
2017-06-06T12:57:27.676-0300: 66513.619: Total time for which application threads were stopped: 0.0002797 seconds, Stopping threads took: 0.0001310 seconds
2017-06-06T12:57:27.676-0300: 66513.620: Total time for which application threads were stopped: 0.0002823 seconds, Stopping threads took: 0.0001537 seconds
2017-06-06T12:57:27.676-0300: 66513.620: Total time for which application threads were stopped: 0.0003259 seconds, Stopping threads took: 0.0000218 seconds
2017-06-06T12:57:27.677-0300: 66513.621: Total time for which application threads were stopped: 0.0003886 seconds, Stopping threads took: 0.0000132 seconds
2017-06-06T12:57:27.680-0300: 66513.624: Total time for which application threads were stopped: 0.0008665 seconds, Stopping threads took: 0.0006523 seconds
2017-06-06T12:57:27.681-0300: 66513.625: Total time for which application threads were stopped: 0.0003569 seconds, Stopping threads took: 0.0000543 seconds
2017-06-06T12:57:27.682-0300: 66513.625: Total time for which application threads were stopped: 0.0003606 seconds, Stopping threads took: 0.0001526 seconds
2017-06-06T12:57:27.683-0300: 66513.627: Total time for which application threads were stopped: 0.0001839 seconds, Stopping threads took: 0.0000207 seconds
2017-06-06T12:57:27.683-0300: 66513.627: Total time for which application threads were stopped: 0.0001651 seconds, Stopping threads took: 0.0000107 seconds
2017-06-06T12:57:27.685-0300: 66513.629: Total time for which application threads were stopped: 0.0001810 seconds, Stopping threads took: 0.0000313 seconds
2017-06-06T12:57:27.700-0300: 66513.644: Total time for which application threads were stopped: 0.0010762 seconds, Stopping threads took: 0.0000839 seconds
2017-06-06T12:57:27.701-0300: 66513.644: Total time for which application threads were stopped: 0.0002017 seconds, Stopping threads took: 0.0000315 seconds
2017-06-06T12:57:27.701-0300: 66513.645: Total time for which application threads were stopped: 0.0002360 seconds, Stopping threads took: 0.0000786 seconds
2017-06-06T12:57:27.704-0300: 66513.647: Total time for which application threads were stopped: 0.0001980 seconds, Stopping threads took: 0.0000358 seconds
2017-06-06T12:57:27.704-0300: 66513.648: Total time for which application threads were stopped: 0.0002092 seconds, Stopping threads took: 0.0000147 seconds
2017-06-06T12:57:27.705-0300: 66513.648: Total time for which application threads were stopped: 0.0002233 seconds, Stopping threads took: 0.0000183 seconds
2017-06-06T12:57:27.707-0300: 66513.651: Total time for which application threads were stopped: 0.0001607 seconds, Stopping threads took: 0.0000207 seconds
2017-06-06T12:57:27.710-0300: 66513.654: Total time for which application threads were stopped: 0.0003532 seconds, Stopping threads took: 0.0000297 seconds
2017-06-06T12:57:27.712-0300: 66513.656: Total time for which application threads were stopped: 0.0001629 seconds, Stopping threads took: 0.0000179 seconds
2017-06-06T12:57:27.817-0300: 66513.761: Total time for which application threads were stopped: 0.0001500 seconds, Stopping threads took: 0.0000277 seconds
2017-06-06T12:57:27.818-0300: 66513.761: Total time for which application threads were stopped: 0.0001133 seconds, Stopping threads took: 0.0000092 seconds
2017-06-06T12:57:27.818-0300: 66513.762: Total time for which application threads were stopped: 0.0001007 seconds, Stopping threads took: 0.0000081 seconds
2017-06-06T13:00:20.009-0300: 66652.467: Total time for which application threads were stopped: 0.0001768 seconds, Stopping threads took: 0.0000224 seconds
2017-06-06T13:00:20.113-0300: 66652.571: Total time for which application threads were stopped: 0.0002495 seconds, Stopping threads took: 0.0001094 seconds
2017-06-06T13:00:20.114-0300: 66652.572: Total time for which application threads were stopped: 0.0001638 seconds, Stopping threads took: 0.0000495 seconds
2017-06-06T13:00:20.114-0300: 66652.572: Total time for which application threads were stopped: 0.0001987 seconds, Stopping threads took: 0.0000443 seconds
2017-06-06T13:00:20.114-0300: 66652.572: Total time for which application threads were stopped: 0.0001700 seconds, Stopping threads took: 0.0000607 seconds
2017-06-06T13:00:20.115-0300: 66652.573: Total time for which application threads were stopped: 0.0001225 seconds, Stopping threads took: 0.0000100 seconds
2017-06-06T13:00:20.982-0300: 66653.440: Total time for which application threads were stopped: 0.0002814 seconds, Stopping threads took: 0.0000716 seconds
2017-06-06T13:00:20.982-0300: 66653.440: Total time for which application threads were stopped: 0.0002468 seconds, Stopping threads took: 0.0000750 seconds
2017-06-06T13:00:20.983-0300: 66653.441: Total time for which application threads were stopped: 0.0002971 seconds, Stopping threads took: 0.0001594 seconds
2017-06-06T13:00:20.983-0300: 66653.441: Total time for which application threads were stopped: 0.0001786 seconds, Stopping threads took: 0.0000554 seconds
2017-06-06T13:00:20.984-0300: 66653.442: Total time for which application threads were stopped: 0.0003777 seconds, Stopping threads took: 0.0002283 seconds
2017-06-06T13:00:20.986-0300: 66653.444: Total time for which application threads were stopped: 0.0002034 seconds, Stopping threads took: 0.0000216 seconds
2017-06-06T13:00:20.990-0300: 66653.448: Total time for which application threads were stopped: 0.0002306 seconds, Stopping threads took: 0.0000247 seconds
2017-06-06T13:00:20.990-0300: 66653.448: Total time for which application threads were stopped: 0.0003079 seconds, Stopping threads took: 0.0000538 seconds
2017-06-06T13:00:20.994-0300: 66653.452: Total time for which application threads were stopped: 0.0002235 seconds, Stopping threads took: 0.0000251 seconds
2017-06-06T13:00:21.017-0300: 66653.475: Total time for which application threads were stopped: 0.0003278 seconds, Stopping threads took: 0.0000860 seconds
2017-06-06T13:00:21.018-0300: 66653.476: Total time for which application threads were stopped: 0.0005487 seconds, Stopping threads took: 0.0001945 seconds
2017-06-06T13:00:21.019-0300: 66653.477: Total time for which application threads were stopped: 0.0004987 seconds, Stopping threads took: 0.0001747 seconds
2017-06-06T13:00:21.020-0300: 66653.478: Total time for which application threads were stopped: 0.0005372 seconds, Stopping threads took: 0.0001137 seconds
2017-06-06T13:00:21.025-0300: 66653.483: Total time for which application threads were stopped: 0.0002662 seconds, Stopping threads took: 0.0000352 seconds
2017-06-06T13:00:21.025-0300: 66653.483: Total time for which application threads were stopped: 0.0002389 seconds, Stopping threads took: 0.0000328 seconds
2017-06-06T13:00:21.027-0300: 66653.485: Total time for which application threads were stopped: 0.0003637 seconds, Stopping threads took: 0.0000222 seconds
2017-06-06T13:00:21.031-0300: 66653.489: Total time for which application threads were stopped: 0.0003343 seconds, Stopping threads took: 0.0000430 seconds
2017-06-06T13:00:21.038-0300: 66653.496: Total time for which application threads were stopped: 0.0003954 seconds, Stopping threads took: 0.0000353 seconds
2017-06-06T13:00:21.042-0300: 66653.500: Total time for which application threads were stopped: 0.0004090 seconds, Stopping threads took: 0.0000867 seconds
2017-06-06T13:00:21.147-0300: 66653.605: Total time for which application threads were stopped: 0.0004400 seconds, Stopping threads took: 0.0001876 seconds
2017-06-06T13:00:21.148-0300: 66653.606: Total time for which application threads were stopped: 0.0002937 seconds, Stopping threads took: 0.0000226 seconds
2017-06-06T13:00:21.150-0300: 66653.608: Total time for which application threads were stopped: 0.0002526 seconds, Stopping threads took: 0.0000307 seconds
{Heap before GC invocations=20 (full 2):
 par new generation   total 109248K, used 95840K [0x00000007a0000000, 0x00000007a8000000, 0x00000007a8000000)
  eden space 87424K, 100% used [0x00000007a0000000, 0x00000007a5560000, 0x00000007a5560000)
  from space 21824K,  38% used [0x00000007a5560000, 0x00000007a5d981d8, 0x00000007a6ab0000)
  to   space 21824K,   0% used [0x00000007a6ab0000, 0x00000007a6ab0000, 0x00000007a8000000)
 concurrent mark-sweep generation total 393216K, used 13902K [0x00000007a8000000, 0x00000007c0000000, 0x00000007c0000000)
 Metaspace       used 39348K, capacity 40370K, committed 40564K, reserved 1085440K
  class space    used 4520K, capacity 4795K, committed 4804K, reserved 1048576K
2017-06-06T13:24:07.527-0300: 68079.968: [GC (Allocation Failure) 2017-06-06T13:24:07.527-0300: 68079.968: [ParNew
Desired survivor size 20112992 bytes, new threshold 8 (max 8)
- age   1:     604824 bytes,     604824 total
- age   2:     230576 bytes,     835400 total
- age   3:       7592 bytes,     842992 total
- age   4:       8776 bytes,     851768 total
- age   5:     397600 bytes,    1249368 total
- age   6:    4427680 bytes,    5677048 total
- age   7:    1152120 bytes,    6829168 total
- age   8:      74248 bytes,    6903416 total
: 95840K->8225K(109248K), 0.0363205 secs] 109742K->22275K(502464K), 0.0364678 secs] [Times: user=0.04 sys=0.08, real=0.04 secs] 
Heap after GC invocations=21 (full 2):
 par new generation   total 109248K, used 8225K [0x00000007a0000000, 0x00000007a8000000, 0x00000007a8000000)
  eden space 87424K,   0% used [0x00000007a0000000, 0x00000007a0000000, 0x00000007a5560000)
  from space 21824K,  37% used [0x00000007a6ab0000, 0x00000007a72b8400, 0x00000007a8000000)
  to   space 21824K,   0% used [0x00000007a5560000, 0x00000007a5560000, 0x00000007a6ab0000)
 concurrent mark-sweep generation total 393216K, used 14050K [0x00000007a8000000, 0x00000007c0000000, 0x00000007c0000000)
 Metaspace       used 39348K, capacity 40370K, committed 40564K, reserved 1085440K
  class space    used 4520K, capacity 4795K, committed 4804K, reserved 1048576K
}
2017-06-06T13:24:07.564-0300: 68080.004: Total time for which application threads were stopped: 0.0387317 seconds, Stopping threads took: 0.0000252 seconds
2017-06-06T15:07:17.008-0300: 72739.053: Total time for which application threads were stopped: 0.0004264 seconds, Stopping threads took: 0.0000253 seconds
2017-06-06T15:07:17.109-0300: 72739.155: Total time for which application threads were stopped: 0.0003694 seconds, Stopping threads took: 0.0000855 seconds
2017-06-06T15:07:17.110-0300: 72739.155: Total time for which application threads were stopped: 0.0002268 seconds, Stopping threads took: 0.0000480 seconds
2017-06-06T15:07:17.111-0300: 72739.156: Total time for which application threads were stopped: 0.0002104 seconds, Stopping threads took: 0.0000476 seconds
2017-06-06T15:07:17.111-0300: 72739.157: Total time for which application threads were stopped: 0.0002813 seconds, Stopping threads took: 0.0001329 seconds
2017-06-06T15:07:17.902-0300: 72739.947: Total time for which application threads were stopped: 0.0022323 seconds, Stopping threads took: 0.0019691 seconds
2017-06-06T15:07:17.902-0300: 72739.947: Total time for which application threads were stopped: 0.0003856 seconds, Stopping threads took: 0.0001848 seconds
2017-06-06T15:07:17.903-0300: 72739.948: Total time for which application threads were stopped: 0.0002168 seconds, Stopping threads took: 0.0000723 seconds
2017-06-06T15:07:17.903-0300: 72739.948: Total time for which application threads were stopped: 0.0002856 seconds, Stopping threads took: 0.0000334 seconds
2017-06-06T15:07:17.903-0300: 72739.949: Total time for which application threads were stopped: 0.0002600 seconds, Stopping threads took: 0.0000400 seconds
2017-06-06T15:07:17.905-0300: 72739.950: Total time for which application threads were stopped: 0.0003521 seconds, Stopping threads took: 0.0001161 seconds
2017-06-06T15:07:17.907-0300: 72739.952: Total time for which application threads were stopped: 0.0003546 seconds, Stopping threads took: 0.0000714 seconds
2017-06-06T15:07:17.909-0300: 72739.955: Total time for which application threads were stopped: 0.0002432 seconds, Stopping threads took: 0.0000241 seconds
2017-06-06T15:07:17.910-0300: 72739.955: Total time for which application threads were stopped: 0.0002227 seconds, Stopping threads took: 0.0000149 seconds
2017-06-06T15:07:17.913-0300: 72739.958: Total time for which application threads were stopped: 0.0003252 seconds, Stopping threads took: 0.0000703 seconds
2017-06-06T15:07:17.936-0300: 72739.981: Total time for which application threads were stopped: 0.0005839 seconds, Stopping threads took: 0.0000655 seconds
2017-06-06T15:07:17.938-0300: 72739.983: Total time for which application threads were stopped: 0.0005564 seconds, Stopping threads took: 0.0001853 seconds
2017-06-06T15:07:17.940-0300: 72739.985: Total time for which application threads were stopped: 0.0002815 seconds, Stopping threads took: 0.0000721 seconds
2017-06-06T15:07:17.943-0300: 72739.989: Total time for which application threads were stopped: 0.0002332 seconds, Stopping threads took: 0.0000617 seconds
2017-06-06T15:07:17.944-0300: 72739.990: Total time for which application threads were stopped: 0.0001765 seconds, Stopping threads took: 0.0000199 seconds
2017-06-06T15:07:17.946-0300: 72739.991: Total time for which application threads were stopped: 0.0001523 seconds, Stopping threads took: 0.0000177 seconds
2017-06-06T15:07:17.949-0300: 72739.995: Total time for which application threads were stopped: 0.0001990 seconds, Stopping threads took: 0.0000481 seconds
2017-06-06T15:07:17.951-0300: 72739.996: Total time for which application threads were stopped: 0.0001372 seconds, Stopping threads took: 0.0000141 seconds
2017-06-06T15:07:18.057-0300: 72740.102: Total time for which application threads were stopped: 0.0003574 seconds, Stopping threads took: 0.0000764 seconds
2017-06-06T15:07:18.058-0300: 72740.103: Total time for which application threads were stopped: 0.0002760 seconds, Stopping threads took: 0.0000195 seconds
2017-06-06T15:07:18.059-0300: 72740.105: Total time for which application threads were stopped: 0.0002204 seconds, Stopping threads took: 0.0000167 seconds
2017-06-06T17:20:28.009-0300: 80604.429: Total time for which application threads were stopped: 0.0004387 seconds, Stopping threads took: 0.0000185 seconds
2017-06-06T17:20:28.193-0300: 80604.613: Total time for which application threads were stopped: 0.0002324 seconds, Stopping threads took: 0.0000834 seconds
2017-06-06T17:20:28.194-0300: 80604.614: Total time for which application threads were stopped: 0.0002195 seconds, Stopping threads took: 0.0000510 seconds
2017-06-06T17:20:28.194-0300: 80604.614: Total time for which application threads were stopped: 0.0001556 seconds, Stopping threads took: 0.0000259 seconds
2017-06-06T17:20:28.760-0300: 80605.180: Total time for which application threads were stopped: 0.0003784 seconds, Stopping threads took: 0.0001456 seconds
2017-06-06T17:20:28.761-0300: 80605.181: Total time for which application threads were stopped: 0.0003127 seconds, Stopping threads took: 0.0001170 seconds
2017-06-06T17:20:28.761-0300: 80605.181: Total time for which application threads were stopped: 0.0002749 seconds, Stopping threads took: 0.0001375 seconds
2017-06-06T17:20:28.761-0300: 80605.181: Total time for which application threads were stopped: 0.0002735 seconds, Stopping threads took: 0.0001411 seconds
2017-06-06T17:20:28.762-0300: 80605.182: Total time for which application threads were stopped: 0.0002022 seconds, Stopping threads took: 0.0000764 seconds
2017-06-06T17:20:28.762-0300: 80605.182: Total time for which application threads were stopped: 0.0001883 seconds, Stopping threads took: 0.0000452 seconds
2017-06-06T17:20:28.763-0300: 80605.183: Total time for which application threads were stopped: 0.0001733 seconds, Stopping threads took: 0.0000178 seconds
2017-06-06T17:20:28.765-0300: 80605.185: Total time for which application threads were stopped: 0.0001998 seconds, Stopping threads took: 0.0000193 seconds
2017-06-06T17:20:28.769-0300: 80605.189: Total time for which application threads were stopped: 0.0004557 seconds, Stopping threads took: 0.0000319 seconds
2017-06-06T17:20:28.769-0300: 80605.189: Total time for which application threads were stopped: 0.0001565 seconds, Stopping threads took: 0.0000301 seconds
2017-06-06T17:20:28.769-0300: 80605.189: Total time for which application threads were stopped: 0.0001352 seconds, Stopping threads took: 0.0000124 seconds
2017-06-06T17:20:28.772-0300: 80605.192: Total time for which application threads were stopped: 0.0002382 seconds, Stopping threads took: 0.0000254 seconds
2017-06-06T17:20:28.791-0300: 80605.211: Total time for which application threads were stopped: 0.0002584 seconds, Stopping threads took: 0.0000230 seconds
2017-06-06T17:20:28.794-0300: 80605.214: Total time for which application threads were stopped: 0.0003253 seconds, Stopping threads took: 0.0000235 seconds
2017-06-06T17:20:28.795-0300: 80605.215: Total time for which application threads were stopped: 0.0002586 seconds, Stopping threads took: 0.0000284 seconds
2017-06-06T17:20:28.795-0300: 80605.215: Total time for which application threads were stopped: 0.0002148 seconds, Stopping threads took: 0.0000194 seconds
2017-06-06T17:20:28.797-0300: 80605.217: Total time for which application threads were stopped: 0.0002917 seconds, Stopping threads took: 0.0001048 seconds
2017-06-06T17:20:28.802-0300: 80605.222: Total time for which application threads were stopped: 0.0007705 seconds, Stopping threads took: 0.0000236 seconds
2017-06-06T17:20:28.803-0300: 80605.223: Total time for which application threads were stopped: 0.0001728 seconds, Stopping threads took: 0.0000310 seconds
2017-06-06T17:20:28.908-0300: 80605.328: Total time for which application threads were stopped: 0.0003272 seconds, Stopping threads took: 0.0001114 seconds
2017-06-06T17:20:28.909-0300: 80605.329: Total time for which application threads were stopped: 0.0001745 seconds, Stopping threads took: 0.0000122 seconds
2017-06-06T17:20:28.910-0300: 80605.330: Total time for which application threads were stopped: 0.0001927 seconds, Stopping threads took: 0.0000075 seconds
2017-06-06T17:20:43.949-0300: 80620.368: Total time for which application threads were stopped: 0.0002917 seconds, Stopping threads took: 0.0000360 seconds
2017-06-06T17:22:31.012-0300: 80699.986: Total time for which application threads were stopped: 0.0001771 seconds, Stopping threads took: 0.0000215 seconds
2017-06-06T17:22:31.115-0300: 80700.089: Total time for which application threads were stopped: 0.0001964 seconds, Stopping threads took: 0.0000296 seconds
2017-06-06T17:22:31.115-0300: 80700.090: Total time for which application threads were stopped: 0.0003305 seconds, Stopping threads took: 0.0000625 seconds
2017-06-06T17:22:31.116-0300: 80700.090: Total time for which application threads were stopped: 0.0002375 seconds, Stopping threads took: 0.0000667 seconds
2017-06-06T17:22:31.116-0300: 80700.091: Total time for which application threads were stopped: 0.0001819 seconds, Stopping threads took: 0.0000116 seconds
2017-06-06T17:22:31.833-0300: 80700.808: Total time for which application threads were stopped: 0.0001726 seconds, Stopping threads took: 0.0000325 seconds
2017-06-06T17:22:31.833-0300: 80700.808: Total time for which application threads were stopped: 0.0001438 seconds, Stopping threads took: 0.0000231 seconds
2017-06-06T17:22:31.833-0300: 80700.808: Total time for which application threads were stopped: 0.0001197 seconds, Stopping threads took: 0.0000099 seconds
2017-06-06T17:22:31.834-0300: 80700.808: Total time for which application threads were stopped: 0.0001467 seconds, Stopping threads took: 0.0000306 seconds
2017-06-06T17:22:31.835-0300: 80700.809: Total time for which application threads were stopped: 0.0001760 seconds, Stopping threads took: 0.0000338 seconds
2017-06-06T17:22:31.836-0300: 80700.811: Total time for which application threads were stopped: 0.0001864 seconds, Stopping threads took: 0.0000313 seconds
2017-06-06T17:22:31.837-0300: 80700.811: Total time for which application threads were stopped: 0.0001433 seconds, Stopping threads took: 0.0000193 seconds
2017-06-06T17:22:31.838-0300: 80700.813: Total time for which application threads were stopped: 0.0001668 seconds, Stopping threads took: 0.0000157 seconds
2017-06-06T17:22:31.857-0300: 80700.832: Total time for which application threads were stopped: 0.0004012 seconds, Stopping threads took: 0.0000379 seconds
2017-06-06T17:22:31.858-0300: 80700.832: Total time for which application threads were stopped: 0.0007293 seconds, Stopping threads took: 0.0000283 seconds
2017-06-06T17:22:31.859-0300: 80700.833: Total time for which application threads were stopped: 0.0001803 seconds, Stopping threads took: 0.0000176 seconds
2017-06-06T17:22:31.860-0300: 80700.835: Total time for which application threads were stopped: 0.0002117 seconds, Stopping threads took: 0.0000320 seconds
2017-06-06T17:22:31.861-0300: 80700.835: Total time for which application threads were stopped: 0.0002752 seconds, Stopping threads took: 0.0000749 seconds
2017-06-06T17:22:31.862-0300: 80700.836: Total time for which application threads were stopped: 0.0002126 seconds, Stopping threads took: 0.0000410 seconds
2017-06-06T17:22:31.864-0300: 80700.838: Total time for which application threads were stopped: 0.0002063 seconds, Stopping threads took: 0.0000383 seconds
2017-06-06T17:22:31.867-0300: 80700.841: Total time for which application threads were stopped: 0.0004806 seconds, Stopping threads took: 0.0000253 seconds
2017-06-06T17:22:31.869-0300: 80700.843: Total time for which application threads were stopped: 0.0002226 seconds, Stopping threads took: 0.0000394 seconds
2017-06-06T17:22:31.972-0300: 80700.946: Total time for which application threads were stopped: 0.0001729 seconds, Stopping threads took: 0.0000275 seconds
2017-06-06T17:22:31.972-0300: 80700.947: Total time for which application threads were stopped: 0.0001261 seconds, Stopping threads took: 0.0000124 seconds
2017-06-06T17:22:31.973-0300: 80700.947: Total time for which application threads were stopped: 0.0000871 seconds, Stopping threads took: 0.0000079 seconds
2017-06-06T17:22:52.137-0300: 80713.000: Total time for which application threads were stopped: 0.0002288 seconds, Stopping threads took: 0.0000241 seconds
2017-06-06T17:22:52.801-0300: 80713.664: Total time for which application threads were stopped: 0.0016851 seconds, Stopping threads took: 0.0015152 seconds
2017-06-06T17:22:53.808-0300: 80714.671: Total time for which application threads were stopped: 0.0002056 seconds, Stopping threads took: 0.0000229 seconds
2017-06-06T18:04:29.052-0300: 80722.876: Total time for which application threads were stopped: 0.0001901 seconds, Stopping threads took: 0.0000240 seconds
2017-06-06T18:04:29.122-0300: 80722.947: Total time for which application threads were stopped: 0.0001960 seconds, Stopping threads took: 0.0000211 seconds
2017-06-06T18:04:29.132-0300: 80722.957: Total time for which application threads were stopped: 0.0001984 seconds, Stopping threads took: 0.0000326 seconds
2017-06-06T18:04:29.133-0300: 80722.958: Total time for which application threads were stopped: 0.0001580 seconds, Stopping threads took: 0.0000198 seconds
2017-06-06T18:04:29.133-0300: 80722.958: Total time for which application threads were stopped: 0.0001578 seconds, Stopping threads took: 0.0000427 seconds
2017-06-06T18:04:29.134-0300: 80722.958: Total time for which application threads were stopped: 0.0001316 seconds, Stopping threads took: 0.0000112 seconds
2017-06-06T18:04:29.136-0300: 80722.961: Total time for which application threads were stopped: 0.0004902 seconds, Stopping threads took: 0.0000206 seconds
2017-06-06T18:04:29.250-0300: 80723.075: Total time for which application threads were stopped: 0.0002237 seconds, Stopping threads took: 0.0000255 seconds
2017-06-06T18:04:29.250-0300: 80723.075: Total time for which application threads were stopped: 0.0001664 seconds, Stopping threads took: 0.0000098 seconds
2017-06-06T18:04:29.320-0300: 80723.145: Total time for which application threads were stopped: 0.0001889 seconds, Stopping threads took: 0.0000226 seconds
2017-06-06T18:04:29.328-0300: 80723.153: Total time for which application threads were stopped: 0.0001762 seconds, Stopping threads took: 0.0000356 seconds
2017-06-06T18:04:29.328-0300: 80723.153: Total time for which application threads were stopped: 0.0001523 seconds, Stopping threads took: 0.0000265 seconds
2017-06-06T18:04:29.329-0300: 80723.154: Total time for which application threads were stopped: 0.0001590 seconds, Stopping threads took: 0.0000162 seconds
2017-06-06T18:04:29.332-0300: 80723.156: Total time for which application threads were stopped: 0.0001857 seconds, Stopping threads took: 0.0000192 seconds
2017-06-06T18:04:29.335-0300: 80723.160: Total time for which application threads were stopped: 0.0021396 seconds, Stopping threads took: 0.0000793 seconds
2017-06-06T18:04:29.337-0300: 80723.161: Total time for which application threads were stopped: 0.0001548 seconds, Stopping threads took: 0.0000202 seconds
2017-06-06T18:04:29.439-0300: 80723.264: Total time for which application threads were stopped: 0.0002695 seconds, Stopping threads took: 0.0001115 seconds
2017-06-06T18:04:29.440-0300: 80723.265: Total time for which application threads were stopped: 0.0001767 seconds, Stopping threads took: 0.0000372 seconds
2017-06-06T18:04:29.441-0300: 80723.265: Total time for which application threads were stopped: 0.0001554 seconds, Stopping threads took: 0.0000283 seconds
2017-06-06T18:10:23.010-0300: 80964.297: Total time for which application threads were stopped: 0.0002082 seconds, Stopping threads took: 0.0000184 seconds
2017-06-06T18:10:23.117-0300: 80964.404: Total time for which application threads were stopped: 0.0037805 seconds, Stopping threads took: 0.0000307 seconds
2017-06-06T18:10:23.124-0300: 80964.411: Total time for which application threads were stopped: 0.0003948 seconds, Stopping threads took: 0.0000261 seconds
2017-06-06T18:10:23.488-0300: 80964.775: Total time for which application threads were stopped: 0.0003716 seconds, Stopping threads took: 0.0001432 seconds
2017-06-06T18:10:23.488-0300: 80964.775: Total time for which application threads were stopped: 0.0002576 seconds, Stopping threads took: 0.0000769 seconds
2017-06-06T18:10:23.489-0300: 80964.776: Total time for which application threads were stopped: 0.0001916 seconds, Stopping threads took: 0.0000521 seconds
2017-06-06T18:10:23.489-0300: 80964.776: Total time for which application threads were stopped: 0.0001930 seconds, Stopping threads took: 0.0000667 seconds
2017-06-06T18:10:23.489-0300: 80964.776: Total time for which application threads were stopped: 0.0002262 seconds, Stopping threads took: 0.0001015 seconds
2017-06-06T18:10:23.490-0300: 80964.777: Total time for which application threads were stopped: 0.0001853 seconds, Stopping threads took: 0.0000280 seconds
2017-06-06T18:10:23.492-0300: 80964.778: Total time for which application threads were stopped: 0.0002021 seconds, Stopping threads took: 0.0000199 seconds
2017-06-06T18:10:23.494-0300: 80964.781: Total time for which application threads were stopped: 0.0002320 seconds, Stopping threads took: 0.0000238 seconds
2017-06-06T18:10:23.494-0300: 80964.781: Total time for which application threads were stopped: 0.0003666 seconds, Stopping threads took: 0.0000189 seconds
2017-06-06T18:10:23.494-0300: 80964.781: Total time for which application threads were stopped: 0.0002041 seconds, Stopping threads took: 0.0000320 seconds
2017-06-06T18:10:23.497-0300: 80964.784: Total time for which application threads were stopped: 0.0002237 seconds, Stopping threads took: 0.0000245 seconds
2017-06-06T18:10:23.514-0300: 80964.800: Total time for which application threads were stopped: 0.0002402 seconds, Stopping threads took: 0.0000939 seconds
2017-06-06T18:10:23.514-0300: 80964.801: Total time for which application threads were stopped: 0.0002038 seconds, Stopping threads took: 0.0000604 seconds
2017-06-06T18:10:23.514-0300: 80964.801: Total time for which application threads were stopped: 0.0002263 seconds, Stopping threads took: 0.0000945 seconds
2017-06-06T18:10:23.515-0300: 80964.802: Total time for which application threads were stopped: 0.0002272 seconds, Stopping threads took: 0.0000763 seconds
2017-06-06T18:10:23.518-0300: 80964.804: Total time for which application threads were stopped: 0.0006823 seconds, Stopping threads took: 0.0005283 seconds
2017-06-06T18:10:23.518-0300: 80964.805: Total time for which application threads were stopped: 0.0002335 seconds, Stopping threads took: 0.0000975 seconds
2017-06-06T18:10:23.520-0300: 80964.806: Total time for which application threads were stopped: 0.0002838 seconds, Stopping threads took: 0.0000551 seconds
2017-06-06T18:10:23.522-0300: 80964.809: Total time for which application threads were stopped: 0.0001836 seconds, Stopping threads took: 0.0000425 seconds
2017-06-06T18:10:23.524-0300: 80964.811: Total time for which application threads were stopped: 0.0002804 seconds, Stopping threads took: 0.0000143 seconds
2017-06-06T18:10:23.526-0300: 80964.813: Total time for which application threads were stopped: 0.0001548 seconds, Stopping threads took: 0.0000186 seconds
2017-06-06T18:10:23.845-0300: 80965.132: Total time for which application threads were stopped: 0.0003416 seconds, Stopping threads took: 0.0000361 seconds
2017-06-06T18:10:23.846-0300: 80965.133: Total time for which application threads were stopped: 0.0002917 seconds, Stopping threads took: 0.0000255 seconds
2017-06-06T18:10:23.849-0300: 80965.135: Total time for which application threads were stopped: 0.0003246 seconds, Stopping threads took: 0.0000350 seconds
2017-06-06T21:28:53.009-0300: 82074.468: Total time for which application threads were stopped: 0.0002204 seconds, Stopping threads took: 0.0000185 seconds
2017-06-06T21:28:53.254-0300: 82074.712: Total time for which application threads were stopped: 0.0003178 seconds, Stopping threads took: 0.0000796 seconds
2017-06-06T21:28:53.255-0300: 82074.713: Total time for which application threads were stopped: 0.0003279 seconds, Stopping threads took: 0.0001724 seconds
2017-06-06T21:28:53.255-0300: 82074.713: Total time for which application threads were stopped: 0.0002029 seconds, Stopping threads took: 0.0000620 seconds
2017-06-06T21:28:53.256-0300: 82074.714: Total time for which application threads were stopped: 0.0003697 seconds, Stopping threads took: 0.0000410 seconds
2017-06-06T21:28:53.257-0300: 82074.716: Total time for which application threads were stopped: 0.0002323 seconds, Stopping threads took: 0.0000243 seconds
2017-06-06T21:28:54.065-0300: 82075.523: Total time for which application threads were stopped: 0.0001675 seconds, Stopping threads took: 0.0000555 seconds
2017-06-06T21:28:54.065-0300: 82075.523: Total time for which application threads were stopped: 0.0001746 seconds, Stopping threads took: 0.0000680 seconds
2017-06-06T21:28:54.065-0300: 82075.523: Total time for which application threads were stopped: 0.0002470 seconds, Stopping threads took: 0.0000086 seconds
2017-06-06T21:28:54.069-0300: 82075.527: Total time for which application threads were stopped: 0.0025378 seconds, Stopping threads took: 0.0024149 seconds
2017-06-06T21:28:54.069-0300: 82075.527: Total time for which application threads were stopped: 0.0001309 seconds, Stopping threads took: 0.0000202 seconds
2017-06-06T21:28:54.069-0300: 82075.527: Total time for which application threads were stopped: 0.0000751 seconds, Stopping threads took: 0.0000094 seconds
2017-06-06T21:28:54.070-0300: 82075.529: Total time for which application threads were stopped: 0.0003586 seconds, Stopping threads took: 0.0001984 seconds
2017-06-06T21:28:54.071-0300: 82075.529: Total time for which application threads were stopped: 0.0001332 seconds, Stopping threads took: 0.0000168 seconds
2017-06-06T21:28:54.074-0300: 82075.532: Total time for which application threads were stopped: 0.0014213 seconds, Stopping threads took: 0.0011980 seconds
2017-06-06T21:28:54.124-0300: 82075.583: Total time for which application threads were stopped: 0.0010718 seconds, Stopping threads took: 0.0009006 seconds
2017-06-06T21:28:54.125-0300: 82075.583: Total time for which application threads were stopped: 0.0001532 seconds, Stopping threads took: 0.0000118 seconds
2017-06-06T21:28:54.128-0300: 82075.586: Total time for which application threads were stopped: 0.0001927 seconds, Stopping threads took: 0.0000193 seconds
2017-06-06T21:28:54.129-0300: 82075.587: Total time for which application threads were stopped: 0.0001710 seconds, Stopping threads took: 0.0000202 seconds
2017-06-06T21:28:54.129-0300: 82075.587: Total time for which application threads were stopped: 0.0001413 seconds, Stopping threads took: 0.0000097 seconds
2017-06-06T21:28:54.131-0300: 82075.589: Total time for which application threads were stopped: 0.0001421 seconds, Stopping threads took: 0.0000159 seconds
2017-06-06T21:28:54.134-0300: 82075.592: Total time for which application threads were stopped: 0.0001587 seconds, Stopping threads took: 0.0000206 seconds
2017-06-06T21:28:54.135-0300: 82075.593: Total time for which application threads were stopped: 0.0001368 seconds, Stopping threads took: 0.0000133 seconds
2017-06-06T21:28:54.243-0300: 82075.701: Total time for which application threads were stopped: 0.0001900 seconds, Stopping threads took: 0.0000213 seconds
2017-06-06T21:28:54.244-0300: 82075.702: Total time for which application threads were stopped: 0.0001628 seconds, Stopping threads took: 0.0000143 seconds
2017-06-06T21:28:54.248-0300: 82075.706: Total time for which application threads were stopped: 0.0003418 seconds, Stopping threads took: 0.0000478 seconds
2017-06-06T21:42:50.870-0300: 82106.544: Total time for which application threads were stopped: 0.3631125 seconds, Stopping threads took: 0.2869865 seconds
2017-06-06T21:42:51.002-0300: 82106.675: Total time for which application threads were stopped: 0.0002974 seconds, Stopping threads took: 0.0000199 seconds
2017-06-06T21:42:51.087-0300: 82106.761: Total time for which application threads were stopped: 0.0012838 seconds, Stopping threads took: 0.0009440 seconds
2017-06-06T21:42:51.090-0300: 82106.763: Total time for which application threads were stopped: 0.0020616 seconds, Stopping threads took: 0.0000930 seconds
2017-06-06T21:42:51.090-0300: 82106.763: Total time for which application threads were stopped: 0.0001502 seconds, Stopping threads took: 0.0000214 seconds
2017-06-06T21:42:51.091-0300: 82106.764: Total time for which application threads were stopped: 0.0002257 seconds, Stopping threads took: 0.0000309 seconds
2017-06-06T21:42:51.091-0300: 82106.764: Total time for which application threads were stopped: 0.0002061 seconds, Stopping threads took: 0.0000774 seconds
2017-06-06T21:42:51.092-0300: 82106.765: Total time for which application threads were stopped: 0.0001527 seconds, Stopping threads took: 0.0000123 seconds
2017-06-06T21:42:51.093-0300: 82106.766: Total time for which application threads were stopped: 0.0007657 seconds, Stopping threads took: 0.0000747 seconds
2017-06-06T21:42:51.096-0300: 82106.769: Total time for which application threads were stopped: 0.0001499 seconds, Stopping threads took: 0.0000162 seconds
2017-06-06T21:42:51.102-0300: 82106.775: Total time for which application threads were stopped: 0.0012979 seconds, Stopping threads took: 0.0010477 seconds
2017-06-06T21:42:51.103-0300: 82106.776: Total time for which application threads were stopped: 0.0001248 seconds, Stopping threads took: 0.0000084 seconds
2017-06-06T21:42:51.145-0300: 82106.818: Total time for which application threads were stopped: 0.0021564 seconds, Stopping threads took: 0.0000884 seconds
2017-06-06T21:42:51.148-0300: 82106.821: Total time for which application threads were stopped: 0.0016181 seconds, Stopping threads took: 0.0004897 seconds
2017-06-06T21:42:51.150-0300: 82106.823: Total time for which application threads were stopped: 0.0007447 seconds, Stopping threads took: 0.0000299 seconds
2017-06-06T21:42:51.150-0300: 82106.823: Total time for which application threads were stopped: 0.0001963 seconds, Stopping threads took: 0.0000133 seconds
2017-06-06T21:42:51.153-0300: 82106.826: Total time for which application threads were stopped: 0.0003799 seconds, Stopping threads took: 0.0001992 seconds
2017-06-06T21:42:51.157-0300: 82106.831: Total time for which application threads were stopped: 0.0002073 seconds, Stopping threads took: 0.0000535 seconds
2017-06-06T21:42:51.160-0300: 82106.833: Total time for which application threads were stopped: 0.0002343 seconds, Stopping threads took: 0.0000770 seconds
2017-06-06T21:42:51.318-0300: 82106.992: Total time for which application threads were stopped: 0.0002097 seconds, Stopping threads took: 0.0000288 seconds
2017-06-06T21:42:51.320-0300: 82106.993: Total time for which application threads were stopped: 0.0001791 seconds, Stopping threads took: 0.0000514 seconds
2017-06-06T21:42:51.321-0300: 82106.995: Total time for which application threads were stopped: 0.0001718 seconds, Stopping threads took: 0.0000149 seconds
{Heap before GC invocations=21 (full 2):
 par new generation   total 109248K, used 95649K [0x00000007a0000000, 0x00000007a8000000, 0x00000007a8000000)
  eden space 87424K, 100% used [0x00000007a0000000, 0x00000007a5560000, 0x00000007a5560000)
  from space 21824K,  37% used [0x00000007a6ab0000, 0x00000007a72b8400, 0x00000007a8000000)
  to   space 21824K,   0% used [0x00000007a5560000, 0x00000007a5560000, 0x00000007a6ab0000)
 concurrent mark-sweep generation total 393216K, used 14050K [0x00000007a8000000, 0x00000007c0000000, 0x00000007c0000000)
 Metaspace       used 39380K, capacity 40434K, committed 40564K, reserved 1085440K
  class space    used 4520K, capacity 4795K, committed 4804K, reserved 1048576K
2017-06-06T21:45:03.369-0300: 82239.041: [GC (Allocation Failure) 2017-06-06T21:45:03.369-0300: 82239.041: [ParNew
Desired survivor size 20112992 bytes, new threshold 8 (max 8)
- age   1:     441864 bytes,     441864 total
- age   2:     262840 bytes,     704704 total
- age   3:      11352 bytes,     716056 total
- age   4:       7592 bytes,     723648 total
- age   5:       8776 bytes,     732424 total
- age   6:     397576 bytes,    1130000 total
- age   7:    4427680 bytes,    5557680 total
- age   8:    1152120 bytes,    6709800 total
: 95649K->7389K(109248K), 0.0448763 secs] 109699K->21514K(502464K), 0.0449686 secs] [Times: user=0.05 sys=0.07, real=0.05 secs] 
Heap after GC invocations=22 (full 2):
 par new generation   total 109248K, used 7389K [0x00000007a0000000, 0x00000007a8000000, 0x00000007a8000000)
  eden space 87424K,   0% used [0x00000007a0000000, 0x00000007a0000000, 0x00000007a5560000)
  from space 21824K,  33% used [0x00000007a5560000, 0x00000007a5c97510, 0x00000007a6ab0000)
  to   space 21824K,   0% used [0x00000007a6ab0000, 0x00000007a6ab0000, 0x00000007a8000000)
 concurrent mark-sweep generation total 393216K, used 14125K [0x00000007a8000000, 0x00000007c0000000, 0x00000007c0000000)
 Metaspace       used 39380K, capacity 40434K, committed 40564K, reserved 1085440K
  class space    used 4520K, capacity 4795K, committed 4804K, reserved 1048576K
}
2017-06-06T21:45:03.414-0300: 82239.086: Total time for which application threads were stopped: 0.0472492 seconds, Stopping threads took: 0.0000230 seconds
2017-06-06T23:01:57.005-0300: 82921.760: Total time for which application threads were stopped: 0.0001822 seconds, Stopping threads took: 0.0000191 seconds
2017-06-06T23:01:57.122-0300: 82921.877: Total time for which application threads were stopped: 0.0003599 seconds, Stopping threads took: 0.0000387 seconds
2017-06-06T23:01:57.123-0300: 82921.878: Total time for which application threads were stopped: 0.0003515 seconds, Stopping threads took: 0.0001688 seconds
2017-06-06T23:01:57.123-0300: 82921.878: Total time for which application threads were stopped: 0.0002495 seconds, Stopping threads took: 0.0000894 seconds
2017-06-06T23:01:57.920-0300: 82922.675: Total time for which application threads were stopped: 0.0002144 seconds, Stopping threads took: 0.0000633 seconds
2017-06-06T23:01:57.920-0300: 82922.675: Total time for which application threads were stopped: 0.0001588 seconds, Stopping threads took: 0.0000266 seconds
2017-06-06T23:01:57.921-0300: 82922.675: Total time for which application threads were stopped: 0.0002327 seconds, Stopping threads took: 0.0000816 seconds
2017-06-06T23:01:57.921-0300: 82922.676: Total time for which application threads were stopped: 0.0001486 seconds, Stopping threads took: 0.0000436 seconds
2017-06-06T23:01:57.922-0300: 82922.677: Total time for which application threads were stopped: 0.0001564 seconds, Stopping threads took: 0.0000275 seconds
2017-06-06T23:01:57.923-0300: 82922.677: Total time for which application threads were stopped: 0.0001492 seconds, Stopping threads took: 0.0000325 seconds
2017-06-06T23:01:57.924-0300: 82922.679: Total time for which application threads were stopped: 0.0001691 seconds, Stopping threads took: 0.0000192 seconds
2017-06-06T23:01:57.924-0300: 82922.679: Total time for which application threads were stopped: 0.0001226 seconds, Stopping threads took: 0.0000232 seconds
2017-06-06T23:01:57.926-0300: 82922.681: Total time for which application threads were stopped: 0.0001616 seconds, Stopping threads took: 0.0000216 seconds
2017-06-06T23:01:57.942-0300: 82922.697: Total time for which application threads were stopped: 0.0018853 seconds, Stopping threads took: 0.0000296 seconds
2017-06-06T23:01:57.946-0300: 82922.700: Total time for which application threads were stopped: 0.0002191 seconds, Stopping threads took: 0.0000474 seconds
2017-06-06T23:01:57.947-0300: 82922.701: Total time for which application threads were stopped: 0.0002108 seconds, Stopping threads took: 0.0000404 seconds
2017-06-06T23:01:57.947-0300: 82922.702: Total time for which application threads were stopped: 0.0002346 seconds, Stopping threads took: 0.0000305 seconds
2017-06-06T23:01:57.949-0300: 82922.704: Total time for which application threads were stopped: 0.0002063 seconds, Stopping threads took: 0.0000298 seconds
2017-06-06T23:01:57.953-0300: 82922.708: Total time for which application threads were stopped: 0.0006011 seconds, Stopping threads took: 0.0000190 seconds
2017-06-06T23:01:57.955-0300: 82922.710: Total time for which application threads were stopped: 0.0001951 seconds, Stopping threads took: 0.0000178 seconds
2017-06-06T23:01:58.057-0300: 82922.812: Total time for which application threads were stopped: 0.0007458 seconds, Stopping threads took: 0.0005672 seconds
2017-06-06T23:01:58.059-0300: 82922.813: Total time for which application threads were stopped: 0.0006218 seconds, Stopping threads took: 0.0004645 seconds
2017-06-06T23:01:58.060-0300: 82922.815: Total time for which application threads were stopped: 0.0005255 seconds, Stopping threads took: 0.0003679 seconds
2017-06-06T23:22:42.010-0300: 83090.868: Total time for which application threads were stopped: 0.0002840 seconds, Stopping threads took: 0.0000193 seconds
2017-06-06T23:22:42.244-0300: 83091.102: Total time for which application threads were stopped: 0.0004102 seconds, Stopping threads took: 0.0001145 seconds
2017-06-06T23:22:42.245-0300: 83091.102: Total time for which application threads were stopped: 0.0002279 seconds, Stopping threads took: 0.0000611 seconds
2017-06-06T23:22:42.245-0300: 83091.103: Total time for which application threads were stopped: 0.0003932 seconds, Stopping threads took: 0.0001252 seconds
2017-06-06T23:22:42.405-0300: 83091.263: Total time for which application threads were stopped: 0.0003135 seconds, Stopping threads took: 0.0001114 seconds
2017-06-06T23:22:42.406-0300: 83091.264: Total time for which application threads were stopped: 0.0003581 seconds, Stopping threads took: 0.0001649 seconds
2017-06-06T23:22:42.406-0300: 83091.264: Total time for which application threads were stopped: 0.0003319 seconds, Stopping threads took: 0.0001893 seconds
2017-06-06T23:22:42.407-0300: 83091.264: Total time for which application threads were stopped: 0.0001887 seconds, Stopping threads took: 0.0000533 seconds
2017-06-06T23:22:42.407-0300: 83091.265: Total time for which application threads were stopped: 0.0001927 seconds, Stopping threads took: 0.0000582 seconds
2017-06-06T23:22:42.407-0300: 83091.265: Total time for which application threads were stopped: 0.0002263 seconds, Stopping threads took: 0.0000977 seconds
2017-06-06T23:22:42.409-0300: 83091.266: Total time for which application threads were stopped: 0.0003522 seconds, Stopping threads took: 0.0000919 seconds
2017-06-06T23:22:42.410-0300: 83091.268: Total time for which application threads were stopped: 0.0002720 seconds, Stopping threads took: 0.0000288 seconds
2017-06-06T23:22:42.414-0300: 83091.271: Total time for which application threads were stopped: 0.0010990 seconds, Stopping threads took: 0.0009116 seconds
2017-06-06T23:22:42.414-0300: 83091.272: Total time for which application threads were stopped: 0.0002067 seconds, Stopping threads took: 0.0000441 seconds
2017-06-06T23:22:42.416-0300: 83091.274: Total time for which application threads were stopped: 0.0001726 seconds, Stopping threads took: 0.0000164 seconds
2017-06-06T23:22:42.427-0300: 83091.285: Total time for which application threads were stopped: 0.0001820 seconds, Stopping threads took: 0.0000333 seconds
2017-06-06T23:22:42.427-0300: 83091.285: Total time for which application threads were stopped: 0.0002168 seconds, Stopping threads took: 0.0000839 seconds
2017-06-06T23:22:42.428-0300: 83091.286: Total time for which application threads were stopped: 0.0008760 seconds, Stopping threads took: 0.0000548 seconds
2017-06-06T23:22:42.429-0300: 83091.287: Total time for which application threads were stopped: 0.0001554 seconds, Stopping threads took: 0.0000225 seconds
2017-06-06T23:22:42.431-0300: 83091.289: Total time for which application threads were stopped: 0.0001636 seconds, Stopping threads took: 0.0000190 seconds
2017-06-06T23:22:42.431-0300: 83091.289: Total time for which application threads were stopped: 0.0001430 seconds, Stopping threads took: 0.0000274 seconds
2017-06-06T23:22:42.432-0300: 83091.290: Total time for which application threads were stopped: 0.0001615 seconds, Stopping threads took: 0.0000119 seconds
2017-06-06T23:22:42.434-0300: 83091.292: Total time for which application threads were stopped: 0.0001765 seconds, Stopping threads took: 0.0000317 seconds
2017-06-06T23:22:42.437-0300: 83091.295: Total time for which application threads were stopped: 0.0001719 seconds, Stopping threads took: 0.0000162 seconds
2017-06-06T23:22:42.439-0300: 83091.296: Total time for which application threads were stopped: 0.0001594 seconds, Stopping threads took: 0.0000168 seconds
2017-06-06T23:22:42.544-0300: 83091.401: Total time for which application threads were stopped: 0.0002110 seconds, Stopping threads took: 0.0000721 seconds
2017-06-06T23:22:42.544-0300: 83091.402: Total time for which application threads were stopped: 0.0001232 seconds, Stopping threads took: 0.0000091 seconds
2017-06-06T23:22:42.545-0300: 83091.403: Total time for which application threads were stopped: 0.0001004 seconds, Stopping threads took: 0.0000099 seconds
2017-06-06T23:42:17.009-0300: 84039.689: Total time for which application threads were stopped: 0.0001919 seconds, Stopping threads took: 0.0000196 seconds
2017-06-06T23:42:17.116-0300: 84039.796: Total time for which application threads were stopped: 0.0002141 seconds, Stopping threads took: 0.0000214 seconds
2017-06-06T23:42:17.117-0300: 84039.797: Total time for which application threads were stopped: 0.0001925 seconds, Stopping threads took: 0.0000336 seconds
2017-06-06T23:42:17.117-0300: 84039.797: Total time for which application threads were stopped: 0.0001729 seconds, Stopping threads took: 0.0000110 seconds
2017-06-06T23:42:17.448-0300: 84040.128: Total time for which application threads were stopped: 0.0003332 seconds, Stopping threads took: 0.0001159 seconds
2017-06-06T23:42:17.450-0300: 84040.130: Total time for which application threads were stopped: 0.0013782 seconds, Stopping threads took: 0.0000215 seconds
2017-06-06T23:42:17.451-0300: 84040.131: Total time for which application threads were stopped: 0.0004832 seconds, Stopping threads took: 0.0002590 seconds
2017-06-06T23:42:17.451-0300: 84040.131: Total time for which application threads were stopped: 0.0001428 seconds, Stopping threads took: 0.0000205 seconds
2017-06-06T23:42:17.452-0300: 84040.131: Total time for which application threads were stopped: 0.0002420 seconds, Stopping threads took: 0.0001039 seconds
2017-06-06T23:42:17.453-0300: 84040.133: Total time for which application threads were stopped: 0.0012958 seconds, Stopping threads took: 0.0010198 seconds
2017-06-06T23:42:17.455-0300: 84040.135: Total time for which application threads were stopped: 0.0003636 seconds, Stopping threads took: 0.0001405 seconds
2017-06-06T23:42:17.458-0300: 84040.137: Total time for which application threads were stopped: 0.0002476 seconds, Stopping threads took: 0.0000268 seconds
2017-06-06T23:42:17.458-0300: 84040.138: Total time for which application threads were stopped: 0.0003128 seconds, Stopping threads took: 0.0001079 seconds
2017-06-06T23:42:17.461-0300: 84040.141: Total time for which application threads were stopped: 0.0002956 seconds, Stopping threads took: 0.0000708 seconds
2017-06-06T23:42:17.480-0300: 84040.160: Total time for which application threads were stopped: 0.0005036 seconds, Stopping threads took: 0.0000581 seconds
2017-06-06T23:42:17.481-0300: 84040.161: Total time for which application threads were stopped: 0.0005093 seconds, Stopping threads took: 0.0001246 seconds
2017-06-06T23:42:17.482-0300: 84040.162: Total time for which application threads were stopped: 0.0004361 seconds, Stopping threads took: 0.0001290 seconds
2017-06-06T23:42:17.486-0300: 84040.165: Total time for which application threads were stopped: 0.0003084 seconds, Stopping threads took: 0.0000503 seconds
2017-06-06T23:42:17.486-0300: 84040.166: Total time for which application threads were stopped: 0.0002499 seconds, Stopping threads took: 0.0000948 seconds
2017-06-06T23:42:17.487-0300: 84040.167: Total time for which application threads were stopped: 0.0001761 seconds, Stopping threads took: 0.0000435 seconds
2017-06-06T23:42:17.489-0300: 84040.169: Total time for which application threads were stopped: 0.0001707 seconds, Stopping threads took: 0.0000360 seconds
2017-06-06T23:42:17.492-0300: 84040.172: Total time for which application threads were stopped: 0.0001912 seconds, Stopping threads took: 0.0000191 seconds
2017-06-06T23:42:17.494-0300: 84040.174: Total time for which application threads were stopped: 0.0001979 seconds, Stopping threads took: 0.0000460 seconds
2017-06-06T23:42:17.598-0300: 84040.278: Total time for which application threads were stopped: 0.0001669 seconds, Stopping threads took: 0.0000362 seconds
2017-06-06T23:42:17.599-0300: 84040.279: Total time for which application threads were stopped: 0.0001266 seconds, Stopping threads took: 0.0000102 seconds
2017-06-06T23:42:17.600-0300: 84040.279: Total time for which application threads were stopped: 0.0000945 seconds, Stopping threads took: 0.0000086 seconds
2017-06-07T00:17:03.028-0300: 85306.704: Total time for which application threads were stopped: 0.0001957 seconds, Stopping threads took: 0.0000207 seconds
2017-06-07T00:17:03.138-0300: 85306.813: Total time for which application threads were stopped: 0.0004188 seconds, Stopping threads took: 0.0001409 seconds
2017-06-07T00:17:03.139-0300: 85306.814: Total time for which application threads were stopped: 0.0003206 seconds, Stopping threads took: 0.0000930 seconds
2017-06-07T00:17:03.139-0300: 85306.815: Total time for which application threads were stopped: 0.0002922 seconds, Stopping threads took: 0.0000668 seconds
2017-06-07T00:17:03.140-0300: 85306.816: Total time for which application threads were stopped: 0.0001669 seconds, Stopping threads took: 0.0000136 seconds
2017-06-07T00:17:03.840-0300: 85307.516: Total time for which application threads were stopped: 0.0013309 seconds, Stopping threads took: 0.0012152 seconds
2017-06-07T00:17:03.842-0300: 85307.518: Total time for which application threads were stopped: 0.0024288 seconds, Stopping threads took: 0.0023235 seconds
2017-06-07T00:17:03.843-0300: 85307.518: Total time for which application threads were stopped: 0.0001079 seconds, Stopping threads took: 0.0000181 seconds
2017-06-07T00:17:03.843-0300: 85307.518: Total time for which application threads were stopped: 0.0001051 seconds, Stopping threads took: 0.0000228 seconds
2017-06-07T00:17:03.844-0300: 85307.519: Total time for which application threads were stopped: 0.0007237 seconds, Stopping threads took: 0.0000709 seconds
2017-06-07T00:17:03.845-0300: 85307.521: Total time for which application threads were stopped: 0.0001337 seconds, Stopping threads took: 0.0000150 seconds
2017-06-07T00:17:03.847-0300: 85307.522: Total time for which application threads were stopped: 0.0001487 seconds, Stopping threads took: 0.0000159 seconds
2017-06-07T00:17:03.847-0300: 85307.523: Total time for which application threads were stopped: 0.0001861 seconds, Stopping threads took: 0.0000757 seconds
2017-06-07T00:17:03.848-0300: 85307.524: Total time for which application threads were stopped: 0.0001300 seconds, Stopping threads took: 0.0000204 seconds
2017-06-07T00:17:03.858-0300: 85307.533: Total time for which application threads were stopped: 0.0001969 seconds, Stopping threads took: 0.0000319 seconds
2017-06-07T00:17:03.858-0300: 85307.534: Total time for which application threads were stopped: 0.0001531 seconds, Stopping threads took: 0.0000121 seconds
2017-06-07T00:17:03.858-0300: 85307.534: Total time for which application threads were stopped: 0.0001592 seconds, Stopping threads took: 0.0000304 seconds
2017-06-07T00:17:03.861-0300: 85307.537: Total time for which application threads were stopped: 0.0003435 seconds, Stopping threads took: 0.0001454 seconds
2017-06-07T00:17:03.862-0300: 85307.538: Total time for which application threads were stopped: 0.0001822 seconds, Stopping threads took: 0.0000169 seconds
2017-06-07T00:17:03.863-0300: 85307.539: Total time for which application threads were stopped: 0.0001902 seconds, Stopping threads took: 0.0000150 seconds
2017-06-07T00:17:03.865-0300: 85307.541: Total time for which application threads were stopped: 0.0005880 seconds, Stopping threads took: 0.0004177 seconds
2017-06-07T00:17:03.870-0300: 85307.546: Total time for which application threads were stopped: 0.0003749 seconds, Stopping threads took: 0.0000239 seconds
2017-06-07T00:17:03.871-0300: 85307.547: Total time for which application threads were stopped: 0.0001843 seconds, Stopping threads took: 0.0000195 seconds
2017-06-07T00:17:03.982-0300: 85307.658: Total time for which application threads were stopped: 0.0002407 seconds, Stopping threads took: 0.0000376 seconds
2017-06-07T00:17:03.984-0300: 85307.660: Total time for which application threads were stopped: 0.0001519 seconds, Stopping threads took: 0.0000103 seconds
2017-06-07T00:17:03.985-0300: 85307.661: Total time for which application threads were stopped: 0.0001241 seconds, Stopping threads took: 0.0000180 seconds
2017-06-07T03:03:24.020-0300: 85316.766: Total time for which application threads were stopped: 0.0001873 seconds, Stopping threads took: 0.0000214 seconds
2017-06-07T03:03:24.021-0300: 85316.767: Total time for which application threads were stopped: 0.0003602 seconds, Stopping threads took: 0.0000145 seconds
2017-06-07T03:03:24.458-0300: 85317.204: Total time for which application threads were stopped: 0.0003047 seconds, Stopping threads took: 0.0000814 seconds
2017-06-07T03:03:24.459-0300: 85317.204: Total time for which application threads were stopped: 0.0003058 seconds, Stopping threads took: 0.0000664 seconds
2017-06-07T03:03:24.459-0300: 85317.204: Total time for which application threads were stopped: 0.0002222 seconds, Stopping threads took: 0.0000521 seconds
2017-06-07T03:03:24.459-0300: 85317.205: Total time for which application threads were stopped: 0.0001783 seconds, Stopping threads took: 0.0000413 seconds
2017-06-07T03:03:24.459-0300: 85317.205: Total time for which application threads were stopped: 0.0001632 seconds, Stopping threads took: 0.0000280 seconds
2017-06-07T03:03:24.460-0300: 85317.206: Total time for which application threads were stopped: 0.0004242 seconds, Stopping threads took: 0.0000630 seconds
2017-06-07T03:03:24.461-0300: 85317.207: Total time for which application threads were stopped: 0.0002606 seconds, Stopping threads took: 0.0000984 seconds
2017-06-07T03:03:24.463-0300: 85317.208: Total time for which application threads were stopped: 0.0001935 seconds, Stopping threads took: 0.0000171 seconds
2017-06-07T03:03:24.466-0300: 85317.212: Total time for which application threads were stopped: 0.0002475 seconds, Stopping threads took: 0.0000241 seconds
2017-06-07T03:03:24.466-0300: 85317.212: Total time for which application threads were stopped: 0.0001929 seconds, Stopping threads took: 0.0000148 seconds
2017-06-07T03:03:24.490-0300: 85317.236: Total time for which application threads were stopped: 0.0001872 seconds, Stopping threads took: 0.0000541 seconds
2017-06-07T03:03:24.494-0300: 85317.239: Total time for which application threads were stopped: 0.0001526 seconds, Stopping threads took: 0.0000181 seconds
2017-06-07T03:03:24.494-0300: 85317.240: Total time for which application threads were stopped: 0.0001280 seconds, Stopping threads took: 0.0000104 seconds
2017-06-07T03:03:24.495-0300: 85317.241: Total time for which application threads were stopped: 0.0001285 seconds, Stopping threads took: 0.0000095 seconds
2017-06-07T03:03:24.498-0300: 85317.244: Total time for which application threads were stopped: 0.0001535 seconds, Stopping threads took: 0.0000123 seconds
2017-06-07T03:03:24.501-0300: 85317.247: Total time for which application threads were stopped: 0.0002259 seconds, Stopping threads took: 0.0000879 seconds
2017-06-07T03:03:24.503-0300: 85317.248: Total time for which application threads were stopped: 0.0001318 seconds, Stopping threads took: 0.0000115 seconds
2017-06-07T03:03:24.615-0300: 85317.361: Total time for which application threads were stopped: 0.0001832 seconds, Stopping threads took: 0.0000191 seconds
2017-06-07T03:03:24.616-0300: 85317.362: Total time for which application threads were stopped: 0.0001535 seconds, Stopping threads took: 0.0000141 seconds
2017-06-07T03:03:24.618-0300: 85317.363: Total time for which application threads were stopped: 0.0001292 seconds, Stopping threads took: 0.0000117 seconds
2017-06-07T08:01:10.435-0300: 85345.156: Total time for which application threads were stopped: 0.0235493 seconds, Stopping threads took: 0.0142370 seconds
2017-06-07T08:01:11.170-0300: 85345.892: Total time for which application threads were stopped: 0.0063272 seconds, Stopping threads took: 0.0007721 seconds
2017-06-07T08:01:11.172-0300: 85345.893: Total time for which application threads were stopped: 0.0010670 seconds, Stopping threads took: 0.0008199 seconds
2017-06-07T08:01:11.172-0300: 85345.894: Total time for which application threads were stopped: 0.0005328 seconds, Stopping threads took: 0.0000271 seconds
2017-06-07T08:01:11.175-0300: 85345.896: Total time for which application threads were stopped: 0.0002733 seconds, Stopping threads took: 0.0001265 seconds
2017-06-07T08:01:11.181-0300: 85345.902: Total time for which application threads were stopped: 0.0005513 seconds, Stopping threads took: 0.0004324 seconds
2017-06-07T08:01:11.187-0300: 85345.908: Total time for which application threads were stopped: 0.0003392 seconds, Stopping threads took: 0.0000857 seconds
2017-06-07T08:01:11.187-0300: 85345.908: Total time for which application threads were stopped: 0.0001166 seconds, Stopping threads took: 0.0000088 seconds
2017-06-07T08:01:11.208-0300: 85345.930: Total time for which application threads were stopped: 0.0002544 seconds, Stopping threads took: 0.0000352 seconds
2017-06-07T08:01:11.212-0300: 85345.933: Total time for which application threads were stopped: 0.0005214 seconds, Stopping threads took: 0.0002652 seconds
2017-06-07T08:01:11.214-0300: 85345.935: Total time for which application threads were stopped: 0.0005608 seconds, Stopping threads took: 0.0003930 seconds
2017-06-07T08:01:11.215-0300: 85345.936: Total time for which application threads were stopped: 0.0003040 seconds, Stopping threads took: 0.0000317 seconds
2017-06-07T08:01:11.368-0300: 85346.089: Total time for which application threads were stopped: 0.0005927 seconds, Stopping threads took: 0.0000217 seconds
2017-06-07T08:01:11.389-0300: 85346.111: Total time for which application threads were stopped: 0.0019887 seconds, Stopping threads took: 0.0000342 seconds
2017-06-07T08:01:11.393-0300: 85346.114: Total time for which application threads were stopped: 0.0001540 seconds, Stopping threads took: 0.0000258 seconds
2017-06-07T08:01:11.558-0300: 85346.279: Total time for which application threads were stopped: 0.0109441 seconds, Stopping threads took: 0.0107554 seconds
2017-06-07T08:01:11.559-0300: 85346.280: Total time for which application threads were stopped: 0.0001520 seconds, Stopping threads took: 0.0000155 seconds
2017-06-07T08:01:11.560-0300: 85346.282: Total time for which application threads were stopped: 0.0001572 seconds, Stopping threads took: 0.0000145 seconds
2017-06-07T08:35:13.004-0300: 87312.816: Total time for which application threads were stopped: 0.0002137 seconds, Stopping threads took: 0.0000190 seconds
2017-06-07T08:35:13.173-0300: 87312.985: Total time for which application threads were stopped: 0.0494306 seconds, Stopping threads took: 0.0483121 seconds
2017-06-07T08:35:13.652-0300: 87313.463: Total time for which application threads were stopped: 0.0021183 seconds, Stopping threads took: 0.0019317 seconds
2017-06-07T08:35:13.652-0300: 87313.464: Total time for which application threads were stopped: 0.0001951 seconds, Stopping threads took: 0.0000894 seconds
2017-06-07T08:35:13.652-0300: 87313.464: Total time for which application threads were stopped: 0.0001406 seconds, Stopping threads took: 0.0000815 seconds
2017-06-07T08:35:13.655-0300: 87313.466: Total time for which application threads were stopped: 0.0006429 seconds, Stopping threads took: 0.0005362 seconds
2017-06-07T08:35:13.656-0300: 87313.467: Total time for which application threads were stopped: 0.0001227 seconds, Stopping threads took: 0.0000104 seconds
2017-06-07T08:35:13.658-0300: 87313.469: Total time for which application threads were stopped: 0.0001552 seconds, Stopping threads took: 0.0000269 seconds
2017-06-07T08:35:13.658-0300: 87313.469: Total time for which application threads were stopped: 0.0001189 seconds, Stopping threads took: 0.0000170 seconds
2017-06-07T08:35:13.660-0300: 87313.472: Total time for which application threads were stopped: 0.0001655 seconds, Stopping threads took: 0.0000295 seconds
2017-06-07T08:35:13.675-0300: 87313.487: Total time for which application threads were stopped: 0.0021311 seconds, Stopping threads took: 0.0019298 seconds
2017-06-07T08:35:13.676-0300: 87313.487: Total time for which application threads were stopped: 0.0002328 seconds, Stopping threads took: 0.0000738 seconds
2017-06-07T08:35:13.676-0300: 87313.487: Total time for which application threads were stopped: 0.0001315 seconds, Stopping threads took: 0.0000110 seconds
2017-06-07T08:35:13.677-0300: 87313.489: Total time for which application threads were stopped: 0.0001866 seconds, Stopping threads took: 0.0000369 seconds
2017-06-07T08:35:13.679-0300: 87313.490: Total time for which application threads were stopped: 0.0005301 seconds, Stopping threads took: 0.0000264 seconds
2017-06-07T08:35:13.680-0300: 87313.492: Total time for which application threads were stopped: 0.0002204 seconds, Stopping threads took: 0.0000837 seconds
2017-06-07T08:35:13.683-0300: 87313.494: Total time for which application threads were stopped: 0.0001641 seconds, Stopping threads took: 0.0000200 seconds
2017-06-07T08:35:13.688-0300: 87313.499: Total time for which application threads were stopped: 0.0004250 seconds, Stopping threads took: 0.0000998 seconds
2017-06-07T08:35:13.689-0300: 87313.501: Total time for which application threads were stopped: 0.0001392 seconds, Stopping threads took: 0.0000135 seconds
2017-06-07T08:35:13.796-0300: 87313.607: Total time for which application threads were stopped: 0.0002055 seconds, Stopping threads took: 0.0000225 seconds
2017-06-07T08:35:13.797-0300: 87313.608: Total time for which application threads were stopped: 0.0001824 seconds, Stopping threads took: 0.0000176 seconds
2017-06-07T08:35:13.800-0300: 87313.611: Total time for which application threads were stopped: 0.0002052 seconds, Stopping threads took: 0.0000240 seconds
2017-06-07T08:50:04.959-0300: 88204.760: Total time for which application threads were stopped: 0.0003398 seconds, Stopping threads took: 0.0000331 seconds
2017-06-07T09:35:34.011-0300: 90076.911: Total time for which application threads were stopped: 0.0002156 seconds, Stopping threads took: 0.0000176 seconds
2017-06-07T09:35:34.136-0300: 90077.036: Total time for which application threads were stopped: 0.0113442 seconds, Stopping threads took: 0.0109115 seconds
2017-06-07T09:35:34.610-0300: 90077.509: Total time for which application threads were stopped: 0.0002633 seconds, Stopping threads took: 0.0001151 seconds
2017-06-07T09:35:34.610-0300: 90077.510: Total time for which application threads were stopped: 0.0002063 seconds, Stopping threads took: 0.0000930 seconds
2017-06-07T09:35:34.610-0300: 90077.510: Total time for which application threads were stopped: 0.0001737 seconds, Stopping threads took: 0.0001033 seconds
2017-06-07T09:35:34.611-0300: 90077.510: Total time for which application threads were stopped: 0.0001467 seconds, Stopping threads took: 0.0000724 seconds
2017-06-07T09:35:34.611-0300: 90077.511: Total time for which application threads were stopped: 0.0002289 seconds, Stopping threads took: 0.0001694 seconds
2017-06-07T09:35:34.612-0300: 90077.512: Total time for which application threads were stopped: 0.0001067 seconds, Stopping threads took: 0.0000091 seconds
2017-06-07T09:35:34.615-0300: 90077.514: Total time for which application threads were stopped: 0.0002173 seconds, Stopping threads took: 0.0000911 seconds
2017-06-07T09:35:34.615-0300: 90077.514: Total time for which application threads were stopped: 0.0000988 seconds, Stopping threads took: 0.0000065 seconds
2017-06-07T09:35:34.617-0300: 90077.517: Total time for which application threads were stopped: 0.0001841 seconds, Stopping threads took: 0.0000158 seconds
2017-06-07T09:35:34.632-0300: 90077.531: Total time for which application threads were stopped: 0.0003035 seconds, Stopping threads took: 0.0001113 seconds
2017-06-07T09:35:34.632-0300: 90077.532: Total time for which application threads were stopped: 0.0002949 seconds, Stopping threads took: 0.0001474 seconds
2017-06-07T09:35:34.633-0300: 90077.532: Total time for which application threads were stopped: 0.0002774 seconds, Stopping threads took: 0.0001450 seconds
2017-06-07T09:35:34.633-0300: 90077.533: Total time for which application threads were stopped: 0.0001343 seconds, Stopping threads took: 0.0000391 seconds
2017-06-07T09:35:34.637-0300: 90077.537: Total time for which application threads were stopped: 0.0002484 seconds, Stopping threads took: 0.0000725 seconds
2017-06-07T09:35:34.641-0300: 90077.541: Total time for which application threads were stopped: 0.0003689 seconds, Stopping threads took: 0.0002239 seconds
2017-06-07T09:35:34.642-0300: 90077.541: Total time for which application threads were stopped: 0.0002400 seconds, Stopping threads took: 0.0001033 seconds
2017-06-07T09:35:34.644-0300: 90077.543: Total time for which application threads were stopped: 0.0001528 seconds, Stopping threads took: 0.0000173 seconds
2017-06-07T09:35:34.647-0300: 90077.547: Total time for which application threads were stopped: 0.0002026 seconds, Stopping threads took: 0.0000512 seconds
2017-06-07T09:35:34.649-0300: 90077.549: Total time for which application threads were stopped: 0.0001417 seconds, Stopping threads took: 0.0000125 seconds
2017-06-07T09:35:34.757-0300: 90077.657: Total time for which application threads were stopped: 0.0003530 seconds, Stopping threads took: 0.0000374 seconds
2017-06-07T09:35:34.759-0300: 90077.658: Total time for which application threads were stopped: 0.0002727 seconds, Stopping threads took: 0.0000267 seconds
2017-06-07T09:35:34.760-0300: 90077.660: Total time for which application threads were stopped: 0.0002460 seconds, Stopping threads took: 0.0000271 seconds
2017-06-07T10:03:36.008-0300: 91292.095: Total time for which application threads were stopped: 0.0001920 seconds, Stopping threads took: 0.0000185 seconds
2017-06-07T10:03:36.128-0300: 91292.215: Total time for which application threads were stopped: 0.0110417 seconds, Stopping threads took: 0.0108294 seconds
2017-06-07T10:03:36.128-0300: 91292.215: Total time for which application threads were stopped: 0.0001991 seconds, Stopping threads took: 0.0000322 seconds
2017-06-07T10:03:36.171-0300: 91292.258: Total time for which application threads were stopped: 0.0003973 seconds, Stopping threads took: 0.0000328 seconds
2017-06-07T10:03:36.922-0300: 91293.008: Total time for which application threads were stopped: 0.0001699 seconds, Stopping threads took: 0.0000192 seconds
2017-06-07T10:03:36.922-0300: 91293.009: Total time for which application threads were stopped: 0.0001219 seconds, Stopping threads took: 0.0000149 seconds
2017-06-07T10:03:36.924-0300: 91293.010: Total time for which application threads were stopped: 0.0001351 seconds, Stopping threads took: 0.0000164 seconds
2017-06-07T10:03:36.924-0300: 91293.011: Total time for which application threads were stopped: 0.0001408 seconds, Stopping threads took: 0.0000196 seconds
2017-06-07T10:03:36.929-0300: 91293.016: Total time for which application threads were stopped: 0.0001917 seconds, Stopping threads took: 0.0000281 seconds
2017-06-07T10:03:36.929-0300: 91293.016: Total time for which application threads were stopped: 0.0001230 seconds, Stopping threads took: 0.0000070 seconds
2017-06-07T10:03:36.931-0300: 91293.018: Total time for which application threads were stopped: 0.0001541 seconds, Stopping threads took: 0.0000134 seconds
2017-06-07T10:03:36.955-0300: 91293.042: Total time for which application threads were stopped: 0.0002671 seconds, Stopping threads took: 0.0000458 seconds
2017-06-07T10:03:36.955-0300: 91293.042: Total time for which application threads were stopped: 0.0001615 seconds, Stopping threads took: 0.0000374 seconds
2017-06-07T10:03:36.956-0300: 91293.043: Total time for which application threads were stopped: 0.0002995 seconds, Stopping threads took: 0.0000708 seconds
2017-06-07T10:03:36.956-0300: 91293.043: Total time for which application threads were stopped: 0.0001480 seconds, Stopping threads took: 0.0000164 seconds
2017-06-07T10:03:36.959-0300: 91293.046: Total time for which application threads were stopped: 0.0003768 seconds, Stopping threads took: 0.0001187 seconds
2017-06-07T10:03:36.959-0300: 91293.046: Total time for which application threads were stopped: 0.0001260 seconds, Stopping threads took: 0.0000103 seconds
2017-06-07T10:03:36.961-0300: 91293.048: Total time for which application threads were stopped: 0.0001993 seconds, Stopping threads took: 0.0000379 seconds
2017-06-07T10:03:36.964-0300: 91293.050: Total time for which application threads were stopped: 0.0001586 seconds, Stopping threads took: 0.0000148 seconds
2017-06-07T10:03:36.969-0300: 91293.056: Total time for which application threads were stopped: 0.0005142 seconds, Stopping threads took: 0.0003150 seconds
2017-06-07T10:03:36.978-0300: 91293.065: Total time for which application threads were stopped: 0.0011431 seconds, Stopping threads took: 0.0000185 seconds
2017-06-07T10:03:37.084-0300: 91293.171: Total time for which application threads were stopped: 0.0001889 seconds, Stopping threads took: 0.0000278 seconds
2017-06-07T10:03:37.085-0300: 91293.171: Total time for which application threads were stopped: 0.0001827 seconds, Stopping threads took: 0.0000233 seconds
2017-06-07T10:03:37.085-0300: 91293.172: Total time for which application threads were stopped: 0.0001509 seconds, Stopping threads took: 0.0000174 seconds
2017-06-07T10:58:30.137-0300: 92098.055: Total time for which application threads were stopped: 0.0113629 seconds, Stopping threads took: 0.0110922 seconds
2017-06-07T10:58:30.138-0300: 92098.056: Total time for which application threads were stopped: 0.0001920 seconds, Stopping threads took: 0.0000377 seconds
2017-06-07T10:58:30.167-0300: 92098.085: Total time for which application threads were stopped: 0.0004566 seconds, Stopping threads took: 0.0001792 seconds
2017-06-07T10:58:30.770-0300: 92098.688: Total time for which application threads were stopped: 0.0002035 seconds, Stopping threads took: 0.0000209 seconds
2017-06-07T10:58:30.771-0300: 92098.689: Total time for which application threads were stopped: 0.0002541 seconds, Stopping threads took: 0.0000987 seconds
2017-06-07T10:58:30.786-0300: 92098.704: Total time for which application threads were stopped: 0.0138005 seconds, Stopping threads took: 0.0136258 seconds
2017-06-07T10:58:30.787-0300: 92098.705: Total time for which application threads were stopped: 0.0001755 seconds, Stopping threads took: 0.0000176 seconds
2017-06-07T10:58:30.793-0300: 92098.711: Total time for which application threads were stopped: 0.0002028 seconds, Stopping threads took: 0.0000222 seconds
2017-06-07T10:58:30.793-0300: 92098.711: Total time for which application threads were stopped: 0.0001590 seconds, Stopping threads took: 0.0000091 seconds
2017-06-07T10:58:30.801-0300: 92098.719: Total time for which application threads were stopped: 0.0001985 seconds, Stopping threads took: 0.0000212 seconds
2017-06-07T10:58:30.828-0300: 92098.746: Total time for which application threads were stopped: 0.0003268 seconds, Stopping threads took: 0.0001356 seconds
2017-06-07T10:58:30.829-0300: 92098.747: Total time for which application threads were stopped: 0.0002796 seconds, Stopping threads took: 0.0000217 seconds
2017-06-07T10:58:30.829-0300: 92098.747: Total time for which application threads were stopped: 0.0003063 seconds, Stopping threads took: 0.0000707 seconds
2017-06-07T10:58:30.830-0300: 92098.748: Total time for which application threads were stopped: 0.0002064 seconds, Stopping threads took: 0.0000233 seconds
2017-06-07T10:58:30.833-0300: 92098.751: Total time for which application threads were stopped: 0.0002217 seconds, Stopping threads took: 0.0000313 seconds
2017-06-07T10:58:30.833-0300: 92098.751: Total time for which application threads were stopped: 0.0002621 seconds, Stopping threads took: 0.0000454 seconds
2017-06-07T10:58:30.834-0300: 92098.752: Total time for which application threads were stopped: 0.0002192 seconds, Stopping threads took: 0.0000245 seconds
2017-06-07T10:58:30.838-0300: 92098.756: Total time for which application threads were stopped: 0.0002290 seconds, Stopping threads took: 0.0000252 seconds
2017-06-07T10:58:30.841-0300: 92098.759: Total time for which application threads were stopped: 0.0005051 seconds, Stopping threads took: 0.0000266 seconds
2017-06-07T10:58:30.844-0300: 92098.762: Total time for which application threads were stopped: 0.0002284 seconds, Stopping threads took: 0.0000248 seconds
2017-06-07T10:58:30.949-0300: 92098.867: Total time for which application threads were stopped: 0.0002351 seconds, Stopping threads took: 0.0000351 seconds
2017-06-07T10:58:30.950-0300: 92098.868: Total time for which application threads were stopped: 0.0001674 seconds, Stopping threads took: 0.0000144 seconds
2017-06-07T10:58:30.950-0300: 92098.868: Total time for which application threads were stopped: 0.0001704 seconds, Stopping threads took: 0.0000152 seconds
{Heap before GC invocations=22 (full 2):
 par new generation   total 109248K, used 94813K [0x00000007a0000000, 0x00000007a8000000, 0x00000007a8000000)
  eden space 87424K, 100% used [0x00000007a0000000, 0x00000007a5560000, 0x00000007a5560000)
  from space 21824K,  33% used [0x00000007a5560000, 0x00000007a5c97510, 0x00000007a6ab0000)
  to   space 21824K,   0% used [0x00000007a6ab0000, 0x00000007a6ab0000, 0x00000007a8000000)
 concurrent mark-sweep generation total 393216K, used 14125K [0x00000007a8000000, 0x00000007c0000000, 0x00000007c0000000)
 Metaspace       used 39416K, capacity 40434K, committed 40564K, reserved 1085440K
  class space    used 4520K, capacity 4795K, committed 4804K, reserved 1048576K
2017-06-07T11:33:44.334-0300: 94212.224: [GC (Allocation Failure) 2017-06-07T11:33:44.335-0300: 94212.224: [ParNew
Desired survivor size 20112992 bytes, new threshold 8 (max 8)
- age   1:     753288 bytes,     753288 total
- age   2:     130992 bytes,     884280 total
- age   3:       4128 bytes,     888408 total
- age   4:      10824 bytes,     899232 total
- age   5:       7592 bytes,     906824 total
- age   6:       8776 bytes,     915600 total
- age   7:     397576 bytes,    1313176 total
- age   8:    4427680 bytes,    5740856 total
: 94813K->7968K(109248K), 0.0399343 secs] 108938K->23226K(502464K), 0.0400985 secs] [Times: user=0.04 sys=0.08, real=0.04 secs] 
Heap after GC invocations=23 (full 2):
 par new generation   total 109248K, used 7968K [0x00000007a0000000, 0x00000007a8000000, 0x00000007a8000000)
  eden space 87424K,   0% used [0x00000007a0000000, 0x00000007a0000000, 0x00000007a5560000)
  from space 21824K,  36% used [0x00000007a6ab0000, 0x00000007a7278200, 0x00000007a8000000)
  to   space 21824K,   0% used [0x00000007a5560000, 0x00000007a5560000, 0x00000007a6ab0000)
 concurrent mark-sweep generation total 393216K, used 15257K [0x00000007a8000000, 0x00000007c0000000, 0x00000007c0000000)
 Metaspace       used 39416K, capacity 40434K, committed 40564K, reserved 1085440K
  class space    used 4520K, capacity 4795K, committed 4804K, reserved 1048576K
}
2017-06-07T11:33:44.375-0300: 94212.264: Total time for which application threads were stopped: 0.0424235 seconds, Stopping threads took: 0.0000275 seconds
2017-06-07T12:29:59.005-0300: 96087.202: Total time for which application threads were stopped: 0.0002289 seconds, Stopping threads took: 0.0000205 seconds
2017-06-07T12:29:59.118-0300: 96087.315: Total time for which application threads were stopped: 0.0003099 seconds, Stopping threads took: 0.0000598 seconds
2017-06-07T12:29:59.119-0300: 96087.316: Total time for which application threads were stopped: 0.0005623 seconds, Stopping threads took: 0.0000561 seconds
2017-06-07T12:29:59.120-0300: 96087.317: Total time for which application threads were stopped: 0.0001998 seconds, Stopping threads took: 0.0000433 seconds
2017-06-07T12:29:59.405-0300: 96087.601: Total time for which application threads were stopped: 0.0001473 seconds, Stopping threads took: 0.0000248 seconds
2017-06-07T12:29:59.405-0300: 96087.602: Total time for which application threads were stopped: 0.0001125 seconds, Stopping threads took: 0.0000180 seconds
2017-06-07T12:29:59.405-0300: 96087.602: Total time for which application threads were stopped: 0.0000766 seconds, Stopping threads took: 0.0000217 seconds
2017-06-07T12:29:59.405-0300: 96087.602: Total time for which application threads were stopped: 0.0001776 seconds, Stopping threads took: 0.0001113 seconds
2017-06-07T12:29:59.407-0300: 96087.604: Total time for which application threads were stopped: 0.0001279 seconds, Stopping threads took: 0.0000252 seconds
2017-06-07T12:29:59.409-0300: 96087.606: Total time for which application threads were stopped: 0.0001215 seconds, Stopping threads took: 0.0000107 seconds
2017-06-07T12:29:59.409-0300: 96087.606: Total time for which application threads were stopped: 0.0000956 seconds, Stopping threads took: 0.0000118 seconds
2017-06-07T12:29:59.410-0300: 96087.607: Total time for which application threads were stopped: 0.0001083 seconds, Stopping threads took: 0.0000111 seconds
2017-06-07T12:29:59.424-0300: 96087.621: Total time for which application threads were stopped: 0.0001744 seconds, Stopping threads took: 0.0000239 seconds
2017-06-07T12:29:59.425-0300: 96087.622: Total time for which application threads were stopped: 0.0001860 seconds, Stopping threads took: 0.0000740 seconds
2017-06-07T12:29:59.425-0300: 96087.622: Total time for which application threads were stopped: 0.0001534 seconds, Stopping threads took: 0.0000699 seconds
2017-06-07T12:29:59.426-0300: 96087.623: Total time for which application threads were stopped: 0.0001733 seconds, Stopping threads took: 0.0000680 seconds
2017-06-07T12:29:59.429-0300: 96087.626: Total time for which application threads were stopped: 0.0001617 seconds, Stopping threads took: 0.0000150 seconds
2017-06-07T12:29:59.429-0300: 96087.626: Total time for which application threads were stopped: 0.0001999 seconds, Stopping threads took: 0.0000196 seconds
2017-06-07T12:29:59.430-0300: 96087.627: Total time for which application threads were stopped: 0.0003676 seconds, Stopping threads took: 0.0002518 seconds
2017-06-07T12:29:59.432-0300: 96087.629: Total time for which application threads were stopped: 0.0001469 seconds, Stopping threads took: 0.0000291 seconds
2017-06-07T12:29:59.435-0300: 96087.632: Total time for which application threads were stopped: 0.0001452 seconds, Stopping threads took: 0.0000187 seconds
2017-06-07T12:29:59.437-0300: 96087.634: Total time for which application threads were stopped: 0.0001275 seconds, Stopping threads took: 0.0000103 seconds
2017-06-07T12:29:59.543-0300: 96087.740: Total time for which application threads were stopped: 0.0002121 seconds, Stopping threads took: 0.0000515 seconds
2017-06-07T12:29:59.544-0300: 96087.741: Total time for which application threads were stopped: 0.0001525 seconds, Stopping threads took: 0.0000113 seconds
2017-06-07T12:29:59.545-0300: 96087.742: Total time for which application threads were stopped: 0.0001749 seconds, Stopping threads took: 0.0000163 seconds
2017-06-07T13:04:46.006-0300: 96203.224: Total time for which application threads were stopped: 0.0001702 seconds, Stopping threads took: 0.0000193 seconds
2017-06-07T13:04:46.109-0300: 96203.327: Total time for which application threads were stopped: 0.0003671 seconds, Stopping threads took: 0.0001301 seconds
2017-06-07T13:04:46.109-0300: 96203.328: Total time for which application threads were stopped: 0.0002211 seconds, Stopping threads took: 0.0000607 seconds
2017-06-07T13:04:46.110-0300: 96203.328: Total time for which application threads were stopped: 0.0003001 seconds, Stopping threads took: 0.0001355 seconds
2017-06-07T13:04:46.110-0300: 96203.329: Total time for which application threads were stopped: 0.0002125 seconds, Stopping threads took: 0.0000583 seconds
2017-06-07T13:04:47.050-0300: 96204.269: Total time for which application threads were stopped: 0.0002984 seconds, Stopping threads took: 0.0000813 seconds
2017-06-07T13:04:47.051-0300: 96204.269: Total time for which application threads were stopped: 0.0003907 seconds, Stopping threads took: 0.0001241 seconds
2017-06-07T13:04:47.051-0300: 96204.270: Total time for which application threads were stopped: 0.0004705 seconds, Stopping threads took: 0.0000674 seconds
2017-06-07T13:04:47.052-0300: 96204.271: Total time for which application threads were stopped: 0.0003267 seconds, Stopping threads took: 0.0001594 seconds
2017-06-07T13:04:47.053-0300: 96204.271: Total time for which application threads were stopped: 0.0002042 seconds, Stopping threads took: 0.0000429 seconds
2017-06-07T13:04:47.055-0300: 96204.273: Total time for which application threads were stopped: 0.0003006 seconds, Stopping threads took: 0.0000521 seconds
2017-06-07T13:04:47.059-0300: 96204.277: Total time for which application threads were stopped: 0.0003156 seconds, Stopping threads took: 0.0000310 seconds
2017-06-07T13:04:47.059-0300: 96204.278: Total time for which application threads were stopped: 0.0002712 seconds, Stopping threads took: 0.0000562 seconds
2017-06-07T13:04:47.062-0300: 96204.281: Total time for which application threads were stopped: 0.0003358 seconds, Stopping threads took: 0.0000561 seconds
2017-06-07T13:04:47.084-0300: 96204.302: Total time for which application threads were stopped: 0.0005448 seconds, Stopping threads took: 0.0001382 seconds
2017-06-07T13:04:47.084-0300: 96204.303: Total time for which application threads were stopped: 0.0003992 seconds, Stopping threads took: 0.0001208 seconds
2017-06-07T13:04:47.085-0300: 96204.304: Total time for which application threads were stopped: 0.0003148 seconds, Stopping threads took: 0.0000591 seconds
2017-06-07T13:04:47.086-0300: 96204.305: Total time for which application threads were stopped: 0.0003205 seconds, Stopping threads took: 0.0000644 seconds
2017-06-07T13:04:47.090-0300: 96204.309: Total time for which application threads were stopped: 0.0005114 seconds, Stopping threads took: 0.0001896 seconds
2017-06-07T13:04:47.091-0300: 96204.310: Total time for which application threads were stopped: 0.0004000 seconds, Stopping threads took: 0.0001214 seconds
2017-06-07T13:04:47.093-0300: 96204.312: Total time for which application threads were stopped: 0.0004752 seconds, Stopping threads took: 0.0001784 seconds
2017-06-07T13:04:47.096-0300: 96204.315: Total time for which application threads were stopped: 0.0003079 seconds, Stopping threads took: 0.0000407 seconds
2017-06-07T13:04:47.101-0300: 96204.320: Total time for which application threads were stopped: 0.0003765 seconds, Stopping threads took: 0.0000283 seconds
2017-06-07T13:04:47.105-0300: 96204.323: Total time for which application threads were stopped: 0.0004932 seconds, Stopping threads took: 0.0002214 seconds
2017-06-07T13:04:47.216-0300: 96204.434: Total time for which application threads were stopped: 0.0003689 seconds, Stopping threads took: 0.0000367 seconds
2017-06-07T13:04:47.217-0300: 96204.436: Total time for which application threads were stopped: 0.0002374 seconds, Stopping threads took: 0.0000256 seconds
2017-06-07T13:04:47.219-0300: 96204.438: Total time for which application threads were stopped: 0.0002049 seconds, Stopping threads took: 0.0000199 seconds
2017-06-07T16:11:59.206-0300: 107365.762: Total time for which application threads were stopped: 0.0245619 seconds, Stopping threads took: 0.0005511 seconds
2017-06-07T16:11:59.209-0300: 107365.764: Total time for which application threads were stopped: 0.0019174 seconds, Stopping threads took: 0.0004845 seconds
2017-06-07T16:11:59.209-0300: 107365.764: Total time for which application threads were stopped: 0.0002383 seconds, Stopping threads took: 0.0000282 seconds
2017-06-07T16:11:59.268-0300: 107365.823: Total time for which application threads were stopped: 0.0002101 seconds, Stopping threads took: 0.0000531 seconds
2017-06-07T16:11:59.268-0300: 107365.823: Total time for which application threads were stopped: 0.0002958 seconds, Stopping threads took: 0.0000702 seconds
2017-06-07T16:11:59.485-0300: 107366.040: Total time for which application threads were stopped: 0.0002533 seconds, Stopping threads took: 0.0000183 seconds
2017-06-07T16:11:59.620-0300: 107366.175: Total time for which application threads were stopped: 0.0038013 seconds, Stopping threads took: 0.0006553 seconds
2017-06-07T16:11:59.621-0300: 107366.176: Total time for which application threads were stopped: 0.0008718 seconds, Stopping threads took: 0.0000691 seconds
2017-06-07T16:11:59.624-0300: 107366.179: Total time for which application threads were stopped: 0.0007565 seconds, Stopping threads took: 0.0005669 seconds
2017-06-07T16:11:59.626-0300: 107366.182: Total time for which application threads were stopped: 0.0006506 seconds, Stopping threads took: 0.0004820 seconds
2017-06-07T16:11:59.630-0300: 107366.185: Total time for which application threads were stopped: 0.0006144 seconds, Stopping threads took: 0.0004090 seconds
2017-06-07T16:11:59.633-0300: 107366.188: Total time for which application threads were stopped: 0.0002714 seconds, Stopping threads took: 0.0000389 seconds
2017-06-07T16:11:59.634-0300: 107366.189: Total time for which application threads were stopped: 0.0001819 seconds, Stopping threads took: 0.0000498 seconds
2017-06-07T16:11:59.637-0300: 107366.192: Total time for which application threads were stopped: 0.0003142 seconds, Stopping threads took: 0.0000328 seconds
2017-06-07T16:11:59.660-0300: 107366.215: Total time for which application threads were stopped: 0.0007885 seconds, Stopping threads took: 0.0005437 seconds
2017-06-07T16:11:59.662-0300: 107366.217: Total time for which application threads were stopped: 0.0008757 seconds, Stopping threads took: 0.0006442 seconds
2017-06-07T16:11:59.663-0300: 107366.218: Total time for which application threads were stopped: 0.0007502 seconds, Stopping threads took: 0.0004641 seconds
2017-06-07T16:11:59.664-0300: 107366.219: Total time for which application threads were stopped: 0.0002540 seconds, Stopping threads took: 0.0000214 seconds
2017-06-07T16:11:59.668-0300: 107366.223: Total time for which application threads were stopped: 0.0014789 seconds, Stopping threads took: 0.0004839 seconds
2017-06-07T16:11:59.670-0300: 107366.225: Total time for which application threads were stopped: 0.0002515 seconds, Stopping threads took: 0.0000240 seconds
2017-06-07T16:11:59.670-0300: 107366.225: Total time for which application threads were stopped: 0.0002031 seconds, Stopping threads took: 0.0000178 seconds
2017-06-07T16:11:59.672-0300: 107366.230: Total time for which application threads were stopped: 0.0025032 seconds, Stopping threads took: 0.0000328 seconds
2017-06-07T16:11:59.680-0300: 107366.235: Total time for which application threads were stopped: 0.0006199 seconds, Stopping threads took: 0.0000363 seconds
2017-06-07T16:11:59.681-0300: 107366.237: Total time for which application threads were stopped: 0.0001938 seconds, Stopping threads took: 0.0000299 seconds
2017-06-07T16:11:59.790-0300: 107366.345: Total time for which application threads were stopped: 0.0002830 seconds, Stopping threads took: 0.0000233 seconds
2017-06-07T16:11:59.790-0300: 107366.346: Total time for which application threads were stopped: 0.0002105 seconds, Stopping threads took: 0.0000209 seconds
2017-06-07T16:11:59.791-0300: 107366.347: Total time for which application threads were stopped: 0.0002161 seconds, Stopping threads took: 0.0000309 seconds
2017-06-07T16:34:18.004-0300: 107520.763: Total time for which application threads were stopped: 0.0003272 seconds, Stopping threads took: 0.0000191 seconds
2017-06-07T16:34:18.172-0300: 107520.931: Total time for which application threads were stopped: 0.0374709 seconds, Stopping threads took: 0.0372192 seconds
2017-06-07T16:34:18.173-0300: 107520.932: Total time for which application threads were stopped: 0.0001952 seconds, Stopping threads took: 0.0000131 seconds
2017-06-07T16:34:18.569-0300: 107521.328: Total time for which application threads were stopped: 0.0002678 seconds, Stopping threads took: 0.0000418 seconds
2017-06-07T16:34:18.570-0300: 107521.329: Total time for which application threads were stopped: 0.0001655 seconds, Stopping threads took: 0.0000274 seconds
2017-06-07T16:34:18.572-0300: 107521.331: Total time for which application threads were stopped: 0.0007968 seconds, Stopping threads took: 0.0005819 seconds
2017-06-07T16:34:18.573-0300: 107521.332: Total time for which application threads were stopped: 0.0002028 seconds, Stopping threads took: 0.0000244 seconds
2017-06-07T16:34:18.575-0300: 107521.334: Total time for which application threads were stopped: 0.0002398 seconds, Stopping threads took: 0.0000256 seconds
2017-06-07T16:34:18.575-0300: 107521.334: Total time for which application threads were stopped: 0.0001896 seconds, Stopping threads took: 0.0000096 seconds
2017-06-07T16:34:18.579-0300: 107521.338: Total time for which application threads were stopped: 0.0002351 seconds, Stopping threads took: 0.0000420 seconds
2017-06-07T16:34:18.599-0300: 107521.358: Total time for which application threads were stopped: 0.0003799 seconds, Stopping threads took: 0.0001713 seconds
2017-06-07T16:34:18.599-0300: 107521.358: Total time for which application threads were stopped: 0.0001868 seconds, Stopping threads took: 0.0000411 seconds
2017-06-07T16:34:18.600-0300: 107521.358: Total time for which application threads were stopped: 0.0001668 seconds, Stopping threads took: 0.0000239 seconds
2017-06-07T16:34:18.600-0300: 107521.359: Total time for which application threads were stopped: 0.0002271 seconds, Stopping threads took: 0.0000948 seconds
2017-06-07T16:34:18.603-0300: 107521.362: Total time for which application threads were stopped: 0.0002084 seconds, Stopping threads took: 0.0000306 seconds
2017-06-07T16:34:18.603-0300: 107521.362: Total time for which application threads were stopped: 0.0001813 seconds, Stopping threads took: 0.0000221 seconds
2017-06-07T16:34:18.605-0300: 107521.364: Total time for which application threads were stopped: 0.0001887 seconds, Stopping threads took: 0.0000285 seconds
2017-06-07T16:34:18.607-0300: 107521.366: Total time for which application threads were stopped: 0.0002217 seconds, Stopping threads took: 0.0000164 seconds
2017-06-07T16:34:18.609-0300: 107521.368: Total time for which application threads were stopped: 0.0001867 seconds, Stopping threads took: 0.0000167 seconds
2017-06-07T16:34:18.611-0300: 107521.370: Total time for which application threads were stopped: 0.0002115 seconds, Stopping threads took: 0.0000213 seconds
2017-06-07T16:34:18.716-0300: 107521.475: Total time for which application threads were stopped: 0.0002029 seconds, Stopping threads took: 0.0000177 seconds
2017-06-07T16:34:18.717-0300: 107521.476: Total time for which application threads were stopped: 0.0001679 seconds, Stopping threads took: 0.0000168 seconds
2017-06-07T16:34:18.719-0300: 107521.478: Total time for which application threads were stopped: 0.0001640 seconds, Stopping threads took: 0.0000160 seconds
{Heap before GC invocations=23 (full 2):
 par new generation   total 109248K, used 95392K [0x00000007a0000000, 0x00000007a8000000, 0x00000007a8000000)
  eden space 87424K, 100% used [0x00000007a0000000, 0x00000007a5560000, 0x00000007a5560000)
  from space 21824K,  36% used [0x00000007a6ab0000, 0x00000007a7278200, 0x00000007a8000000)
  to   space 21824K,   0% used [0x00000007a5560000, 0x00000007a5560000, 0x00000007a6ab0000)
 concurrent mark-sweep generation total 393216K, used 15257K [0x00000007a8000000, 0x00000007c0000000, 0x00000007c0000000)
 Metaspace       used 39429K, capacity 40498K, committed 40564K, reserved 1085440K
  class space    used 4520K, capacity 4795K, committed 4804K, reserved 1048576K
2017-06-07T17:12:03.479-0300: 109786.213: [GC (Allocation Failure) 2017-06-07T17:12:03.486-0300: 109786.220: [ParNew
Desired survivor size 20112992 bytes, new threshold 8 (max 8)
- age   1:     458008 bytes,     458008 total
- age   2:     419136 bytes,     877144 total
- age   3:       4144 bytes,     881288 total
- age   4:       4128 bytes,     885416 total
- age   5:      10824 bytes,     896240 total
- age   6:       7592 bytes,     903832 total
- age   7:       8776 bytes,     912608 total
- age   8:     397600 bytes,    1310208 total
: 95392K->2734K(109248K), 0.0538950 secs] 110650K->22330K(502464K), 0.0611756 secs] [Times: user=0.04 sys=0.06, real=0.07 secs] 
Heap after GC invocations=24 (full 2):
 par new generation   total 109248K, used 2734K [0x00000007a0000000, 0x00000007a8000000, 0x00000007a8000000)
  eden space 87424K,   0% used [0x00000007a0000000, 0x00000007a0000000, 0x00000007a5560000)
  from space 21824K,  12% used [0x00000007a5560000, 0x00000007a580b970, 0x00000007a6ab0000)
  to   space 21824K,   0% used [0x00000007a6ab0000, 0x00000007a6ab0000, 0x00000007a8000000)
 concurrent mark-sweep generation total 393216K, used 19595K [0x00000007a8000000, 0x00000007c0000000, 0x00000007c0000000)
 Metaspace       used 39429K, capacity 40498K, committed 40564K, reserved 1085440K
  class space    used 4520K, capacity 4795K, committed 4804K, reserved 1048576K
}
2017-06-07T17:12:03.540-0300: 109786.274: Total time for which application threads were stopped: 0.0615861 seconds, Stopping threads took: 0.0000258 seconds
2017-06-07T17:25:14.050-0300: 110538.187: Total time for which application threads were stopped: 0.0113176 seconds, Stopping threads took: 0.0111043 seconds
2017-06-07T17:25:14.158-0300: 110538.295: Total time for which application threads were stopped: 0.0011931 seconds, Stopping threads took: 0.0001434 seconds
2017-06-07T17:25:14.160-0300: 110538.297: Total time for which application threads were stopped: 0.0005524 seconds, Stopping threads took: 0.0001281 seconds
2017-06-07T17:25:14.695-0300: 110538.832: Total time for which application threads were stopped: 0.0029254 seconds, Stopping threads took: 0.0027323 seconds
2017-06-07T17:25:14.847-0300: 110538.984: Total time for which application threads were stopped: 0.1520507 seconds, Stopping threads took: 0.1516752 seconds
2017-06-07T17:25:14.848-0300: 110538.985: Total time for which application threads were stopped: 0.0004076 seconds, Stopping threads took: 0.0001283 seconds
2017-06-07T17:25:14.849-0300: 110538.985: Total time for which application threads were stopped: 0.0003497 seconds, Stopping threads took: 0.0001464 seconds
2017-06-07T17:25:14.851-0300: 110538.988: Total time for which application threads were stopped: 0.0003290 seconds, Stopping threads took: 0.0000652 seconds
2017-06-07T17:25:14.852-0300: 110538.989: Total time for which application threads were stopped: 0.0002867 seconds, Stopping threads took: 0.0000668 seconds
2017-06-07T17:25:14.862-0300: 110538.999: Total time for which application threads were stopped: 0.0004297 seconds, Stopping threads took: 0.0000546 seconds
2017-06-07T17:25:14.863-0300: 110538.999: Total time for which application threads were stopped: 0.0001994 seconds, Stopping threads took: 0.0000381 seconds
2017-06-07T17:25:14.863-0300: 110539.000: Total time for which application threads were stopped: 0.0001861 seconds, Stopping threads took: 0.0000286 seconds
2017-06-07T17:25:14.865-0300: 110539.002: Total time for which application threads were stopped: 0.0002185 seconds, Stopping threads took: 0.0000196 seconds
2017-06-07T17:25:14.890-0300: 110539.027: Total time for which application threads were stopped: 0.0002181 seconds, Stopping threads took: 0.0000442 seconds
2017-06-07T17:25:14.890-0300: 110539.027: Total time for which application threads were stopped: 0.0002395 seconds, Stopping threads took: 0.0000853 seconds
2017-06-07T17:25:14.891-0300: 110539.028: Total time for which application threads were stopped: 0.0002354 seconds, Stopping threads took: 0.0000175 seconds
2017-06-07T17:25:14.891-0300: 110539.028: Total time for which application threads were stopped: 0.0002041 seconds, Stopping threads took: 0.0000146 seconds
2017-06-07T17:25:14.898-0300: 110539.035: Total time for which application threads were stopped: 0.0002527 seconds, Stopping threads took: 0.0000201 seconds
2017-06-07T17:25:14.899-0300: 110539.036: Total time for which application threads were stopped: 0.0001987 seconds, Stopping threads took: 0.0000205 seconds
2017-06-07T17:25:14.900-0300: 110539.037: Total time for which application threads were stopped: 0.0002094 seconds, Stopping threads took: 0.0000153 seconds
2017-06-07T17:25:14.903-0300: 110539.040: Total time for which application threads were stopped: 0.0002196 seconds, Stopping threads took: 0.0000221 seconds
2017-06-07T17:25:14.910-0300: 110539.046: Total time for which application threads were stopped: 0.0001978 seconds, Stopping threads took: 0.0000178 seconds
2017-06-07T17:25:14.912-0300: 110539.049: Total time for which application threads were stopped: 0.0001808 seconds, Stopping threads took: 0.0000164 seconds
2017-06-07T17:25:15.023-0300: 110539.160: Total time for which application threads were stopped: 0.0003470 seconds, Stopping threads took: 0.0000800 seconds
2017-06-07T17:25:15.026-0300: 110539.162: Total time for which application threads were stopped: 0.0003076 seconds, Stopping threads took: 0.0000228 seconds
2017-06-07T17:25:15.027-0300: 110539.164: Total time for which application threads were stopped: 0.0002646 seconds, Stopping threads took: 0.0000200 seconds
2017-06-07T17:25:47.028-0300: 110550.203: Total time for which application threads were stopped: 0.0002131 seconds, Stopping threads took: 0.0000217 seconds
2017-06-07T17:25:48.124-0300: 110551.298: Total time for which application threads were stopped: 0.0012078 seconds, Stopping threads took: 0.0004008 seconds
2017-06-07T17:25:48.124-0300: 110551.299: Total time for which application threads were stopped: 0.0004543 seconds, Stopping threads took: 0.0002888 seconds
2017-06-07T17:25:48.127-0300: 110551.301: Total time for which application threads were stopped: 0.0006722 seconds, Stopping threads took: 0.0004819 seconds
2017-06-07T17:25:48.129-0300: 110551.304: Total time for which application threads were stopped: 0.0003656 seconds, Stopping threads took: 0.0001919 seconds
2017-06-07T17:25:48.132-0300: 110551.307: Total time for which application threads were stopped: 0.0001662 seconds, Stopping threads took: 0.0000122 seconds
2017-06-07T17:25:48.135-0300: 110551.310: Total time for which application threads were stopped: 0.0015609 seconds, Stopping threads took: 0.0000161 seconds
2017-06-07T17:25:48.140-0300: 110551.315: Total time for which application threads were stopped: 0.0001674 seconds, Stopping threads took: 0.0000169 seconds
2017-06-07T17:25:48.140-0300: 110551.315: Total time for which application threads were stopped: 0.0001289 seconds, Stopping threads took: 0.0000138 seconds
2017-06-07T17:25:48.159-0300: 110551.334: Total time for which application threads were stopped: 0.0001922 seconds, Stopping threads took: 0.0000310 seconds
2017-06-07T17:25:48.162-0300: 110551.336: Total time for which application threads were stopped: 0.0001779 seconds, Stopping threads took: 0.0000240 seconds
2017-06-07T17:25:48.162-0300: 110551.337: Total time for which application threads were stopped: 0.0001362 seconds, Stopping threads took: 0.0000101 seconds
2017-06-07T17:25:48.169-0300: 110551.344: Total time for which application threads were stopped: 0.0001761 seconds, Stopping threads took: 0.0000207 seconds
2017-06-07T17:25:48.174-0300: 110551.349: Total time for which application threads were stopped: 0.0002492 seconds, Stopping threads took: 0.0000200 seconds
2017-06-07T17:25:48.179-0300: 110551.354: Total time for which application threads were stopped: 0.0003194 seconds, Stopping threads took: 0.0000186 seconds
2017-06-07T17:25:48.180-0300: 110551.355: Total time for which application threads were stopped: 0.0001487 seconds, Stopping threads took: 0.0000129 seconds
2017-06-07T17:25:48.288-0300: 110551.463: Total time for which application threads were stopped: 0.0004507 seconds, Stopping threads took: 0.0001767 seconds
2017-06-07T17:25:48.290-0300: 110551.464: Total time for which application threads were stopped: 0.0003801 seconds, Stopping threads took: 0.0000670 seconds
2017-06-07T17:25:48.292-0300: 110551.466: Total time for which application threads were stopped: 0.0006435 seconds, Stopping threads took: 0.0003838 seconds
2017-06-07T19:35:00.164-0300: 110560.396: Total time for which application threads were stopped: 0.1568943 seconds, Stopping threads took: 0.1567360 seconds
2017-06-07T19:35:01.102-0300: 110561.335: Total time for which application threads were stopped: 0.0002737 seconds, Stopping threads took: 0.0000370 seconds
2017-06-07T19:35:01.103-0300: 110561.335: Total time for which application threads were stopped: 0.0001359 seconds, Stopping threads took: 0.0000084 seconds
2017-06-07T19:35:01.103-0300: 110561.335: Total time for which application threads were stopped: 0.0001597 seconds, Stopping threads took: 0.0000320 seconds
2017-06-07T19:35:01.105-0300: 110561.337: Total time for which application threads were stopped: 0.0008969 seconds, Stopping threads took: 0.0006036 seconds
2017-06-07T19:35:01.105-0300: 110561.338: Total time for which application threads were stopped: 0.0001926 seconds, Stopping threads took: 0.0000363 seconds
2017-06-07T19:35:01.107-0300: 110561.339: Total time for which application threads were stopped: 0.0002414 seconds, Stopping threads took: 0.0000389 seconds
2017-06-07T19:35:01.108-0300: 110561.340: Total time for which application threads were stopped: 0.0008185 seconds, Stopping threads took: 0.0006463 seconds
2017-06-07T19:35:01.124-0300: 110561.356: Total time for which application threads were stopped: 0.0003746 seconds, Stopping threads took: 0.0000543 seconds
2017-06-07T19:35:01.126-0300: 110561.359: Total time for which application threads were stopped: 0.0002357 seconds, Stopping threads took: 0.0000240 seconds
2017-06-07T19:35:01.127-0300: 110561.359: Total time for which application threads were stopped: 0.0002207 seconds, Stopping threads took: 0.0000196 seconds
2017-06-07T19:35:01.129-0300: 110561.361: Total time for which application threads were stopped: 0.0002233 seconds, Stopping threads took: 0.0000217 seconds
2017-06-07T19:35:01.131-0300: 110561.363: Total time for which application threads were stopped: 0.0002381 seconds, Stopping threads took: 0.0000361 seconds
2017-06-07T19:35:01.134-0300: 110561.366: Total time for which application threads were stopped: 0.0011982 seconds, Stopping threads took: 0.0009994 seconds
2017-06-07T19:35:01.137-0300: 110561.369: Total time for which application threads were stopped: 0.0001880 seconds, Stopping threads took: 0.0000175 seconds
2017-06-07T19:35:01.246-0300: 110561.478: Total time for which application threads were stopped: 0.0002003 seconds, Stopping threads took: 0.0000201 seconds
2017-06-07T19:35:01.247-0300: 110561.479: Total time for which application threads were stopped: 0.0001925 seconds, Stopping threads took: 0.0000186 seconds
2017-06-07T19:35:01.248-0300: 110561.480: Total time for which application threads were stopped: 0.0001817 seconds, Stopping threads took: 0.0000150 seconds
2017-06-07T22:47:18.069-0300: 111299.068: Total time for which application threads were stopped: 0.0610134 seconds, Stopping threads took: 0.0608166 seconds
2017-06-07T22:47:18.119-0300: 111299.117: Total time for which application threads were stopped: 0.0001599 seconds, Stopping threads took: 0.0000169 seconds
2017-06-07T22:47:18.119-0300: 111299.118: Total time for which application threads were stopped: 0.0001353 seconds, Stopping threads took: 0.0000121 seconds
2017-06-07T22:47:18.119-0300: 111299.118: Total time for which application threads were stopped: 0.0001047 seconds, Stopping threads took: 0.0000097 seconds
2017-06-07T22:47:18.570-0300: 111299.569: Total time for which application threads were stopped: 0.0019420 seconds, Stopping threads took: 0.0018040 seconds
2017-06-07T22:47:18.571-0300: 111299.569: Total time for which application threads were stopped: 0.0001207 seconds, Stopping threads took: 0.0000080 seconds
2017-06-07T22:47:18.571-0300: 111299.570: Total time for which application threads were stopped: 0.0002124 seconds, Stopping threads took: 0.0001353 seconds
2017-06-07T22:47:18.571-0300: 111299.570: Total time for which application threads were stopped: 0.0001013 seconds, Stopping threads took: 0.0000355 seconds
2017-06-07T22:47:18.571-0300: 111299.570: Total time for which application threads were stopped: 0.0001054 seconds, Stopping threads took: 0.0000347 seconds
2017-06-07T22:47:18.572-0300: 111299.570: Total time for which application threads were stopped: 0.0001338 seconds, Stopping threads took: 0.0000725 seconds
2017-06-07T22:47:18.572-0300: 111299.571: Total time for which application threads were stopped: 0.0001277 seconds, Stopping threads took: 0.0000361 seconds
2017-06-07T22:47:18.573-0300: 111299.572: Total time for which application threads were stopped: 0.0001530 seconds, Stopping threads took: 0.0000160 seconds
2017-06-07T22:47:18.575-0300: 111299.574: Total time for which application threads were stopped: 0.0012000 seconds, Stopping threads took: 0.0010209 seconds
2017-06-07T22:47:18.576-0300: 111299.574: Total time for which application threads were stopped: 0.0002679 seconds, Stopping threads took: 0.0000242 seconds
2017-06-07T22:47:18.576-0300: 111299.574: Total time for which application threads were stopped: 0.0001251 seconds, Stopping threads took: 0.0000184 seconds
2017-06-07T22:47:18.579-0300: 111299.577: Total time for which application threads were stopped: 0.0013566 seconds, Stopping threads took: 0.0000461 seconds
2017-06-07T22:47:18.591-0300: 111299.589: Total time for which application threads were stopped: 0.0002480 seconds, Stopping threads took: 0.0000695 seconds
2017-06-07T22:47:18.591-0300: 111299.590: Total time for which application threads were stopped: 0.0001808 seconds, Stopping threads took: 0.0000306 seconds
2017-06-07T22:47:18.591-0300: 111299.590: Total time for which application threads were stopped: 0.0001478 seconds, Stopping threads took: 0.0000253 seconds
2017-06-07T22:47:18.592-0300: 111299.591: Total time for which application threads were stopped: 0.0001378 seconds, Stopping threads took: 0.0000336 seconds
2017-06-07T22:47:18.592-0300: 111299.591: Total time for which application threads were stopped: 0.0001390 seconds, Stopping threads took: 0.0000292 seconds
2017-06-07T22:47:18.594-0300: 111299.592: Total time for which application threads were stopped: 0.0002404 seconds, Stopping threads took: 0.0000715 seconds
2017-06-07T22:47:18.595-0300: 111299.593: Total time for which application threads were stopped: 0.0002669 seconds, Stopping threads took: 0.0000246 seconds
2017-06-07T22:47:18.595-0300: 111299.594: Total time for which application threads were stopped: 0.0001443 seconds, Stopping threads took: 0.0000111 seconds
2017-06-07T22:47:18.598-0300: 111299.597: Total time for which application threads were stopped: 0.0015057 seconds, Stopping threads took: 0.0005638 seconds
2017-06-07T22:47:18.602-0300: 111299.600: Total time for which application threads were stopped: 0.0001875 seconds, Stopping threads took: 0.0000188 seconds
2017-06-07T22:47:18.603-0300: 111299.602: Total time for which application threads were stopped: 0.0001474 seconds, Stopping threads took: 0.0000123 seconds
2017-06-07T22:47:18.719-0300: 111299.718: Total time for which application threads were stopped: 0.0002139 seconds, Stopping threads took: 0.0000240 seconds
2017-06-07T22:47:18.723-0300: 111299.721: Total time for which application threads were stopped: 0.0002118 seconds, Stopping threads took: 0.0000217 seconds
2017-06-07T22:47:18.724-0300: 111299.722: Total time for which application threads were stopped: 0.0002084 seconds, Stopping threads took: 0.0000173 seconds
2017-06-08T07:48:00.931-0300: 111333.946: Total time for which application threads were stopped: 0.6196247 seconds, Stopping threads took: 0.0135233 seconds
2017-06-08T07:48:00.949-0300: 111333.964: Total time for which application threads were stopped: 0.0072175 seconds, Stopping threads took: 0.0025005 seconds
2017-06-08T07:48:01.311-0300: 111334.326: Total time for which application threads were stopped: 0.0019772 seconds, Stopping threads took: 0.0012031 seconds
2017-06-08T07:48:01.312-0300: 111334.327: Total time for which application threads were stopped: 0.0008139 seconds, Stopping threads took: 0.0000842 seconds
2017-06-08T07:48:01.318-0300: 111334.333: Total time for which application threads were stopped: 0.0057100 seconds, Stopping threads took: 0.0004873 seconds
2017-06-08T07:48:01.319-0300: 111334.333: Total time for which application threads were stopped: 0.0005300 seconds, Stopping threads took: 0.0000152 seconds
2017-06-08T07:48:01.343-0300: 111334.359: Total time for which application threads were stopped: 0.0023107 seconds, Stopping threads took: 0.0014288 seconds
2017-06-08T07:48:01.347-0300: 111334.361: Total time for which application threads were stopped: 0.0020833 seconds, Stopping threads took: 0.0000135 seconds
2017-06-08T07:48:01.354-0300: 111334.369: Total time for which application threads were stopped: 0.0013400 seconds, Stopping threads took: 0.0001847 seconds
2017-06-08T07:48:01.367-0300: 111334.382: Total time for which application threads were stopped: 0.0006703 seconds, Stopping threads took: 0.0002655 seconds
2017-06-08T07:48:01.367-0300: 111334.382: Total time for which application threads were stopped: 0.0001408 seconds, Stopping threads took: 0.0000098 seconds
2017-06-08T07:48:03.333-0300: 111336.348: Total time for which application threads were stopped: 0.0007971 seconds, Stopping threads took: 0.0003790 seconds
2017-06-08T07:48:03.399-0300: 111336.414: Total time for which application threads were stopped: 0.0002956 seconds, Stopping threads took: 0.0000208 seconds
2017-06-08T07:48:03.400-0300: 111336.415: Total time for which application threads were stopped: 0.0002193 seconds, Stopping threads took: 0.0000094 seconds
2017-06-08T07:48:03.549-0300: 111336.564: Total time for which application threads were stopped: 0.0002467 seconds, Stopping threads took: 0.0000213 seconds
2017-06-08T07:48:03.658-0300: 111336.673: Total time for which application threads were stopped: 0.0003161 seconds, Stopping threads took: 0.0000293 seconds
2017-06-08T07:48:03.834-0300: 111336.849: Total time for which application threads were stopped: 0.0005496 seconds, Stopping threads took: 0.0000223 seconds
2017-06-08T07:48:03.921-0300: 111336.936: Total time for which application threads were stopped: 0.0002649 seconds, Stopping threads took: 0.0000221 seconds
2017-06-08T07:48:04.080-0300: 111337.094: Total time for which application threads were stopped: 0.0011488 seconds, Stopping threads took: 0.0005114 seconds
2017-06-08T07:48:04.139-0300: 111337.153: Total time for which application threads were stopped: 0.0001982 seconds, Stopping threads took: 0.0000204 seconds
2017-06-08T07:48:04.146-0300: 111337.160: Total time for which application threads were stopped: 0.0002198 seconds, Stopping threads took: 0.0000162 seconds
2017-06-08T09:22:42.577-0300: 111372.324: Total time for which application threads were stopped: 0.3087221 seconds, Stopping threads took: 0.0192332 seconds
2017-06-08T09:22:42.717-0300: 111372.463: Total time for which application threads were stopped: 0.0120174 seconds, Stopping threads took: 0.0004064 seconds
2017-06-08T09:22:43.214-0300: 111372.960: Total time for which application threads were stopped: 0.0003373 seconds, Stopping threads took: 0.0000477 seconds
2017-06-08T09:22:43.214-0300: 111372.960: Total time for which application threads were stopped: 0.0001482 seconds, Stopping threads took: 0.0000381 seconds
2017-06-08T09:22:43.214-0300: 111372.960: Total time for which application threads were stopped: 0.0000960 seconds, Stopping threads took: 0.0000160 seconds
2017-06-08T09:22:43.216-0300: 111372.962: Total time for which application threads were stopped: 0.0015367 seconds, Stopping threads took: 0.0009631 seconds
2017-06-08T09:22:43.217-0300: 111372.963: Total time for which application threads were stopped: 0.0001778 seconds, Stopping threads took: 0.0000150 seconds
2017-06-08T09:22:43.223-0300: 111372.969: Total time for which application threads were stopped: 0.0001884 seconds, Stopping threads took: 0.0000370 seconds
2017-06-08T09:22:43.225-0300: 111372.971: Total time for which application threads were stopped: 0.0001528 seconds, Stopping threads took: 0.0000150 seconds
2017-06-08T09:22:43.733-0300: 111373.479: Total time for which application threads were stopped: 0.0002972 seconds, Stopping threads took: 0.0000234 seconds
2017-06-08T09:22:43.734-0300: 111373.480: Total time for which application threads were stopped: 0.0002972 seconds, Stopping threads took: 0.0000108 seconds
2017-06-08T09:22:44.115-0300: 111373.860: Total time for which application threads were stopped: 0.0005631 seconds, Stopping threads took: 0.0003342 seconds
2017-06-08T09:22:44.133-0300: 111373.879: Total time for which application threads were stopped: 0.0113354 seconds, Stopping threads took: 0.0110039 seconds
2017-06-08T09:22:44.146-0300: 111373.892: Total time for which application threads were stopped: 0.0113146 seconds, Stopping threads took: 0.0110414 seconds
2017-06-08T09:22:44.148-0300: 111373.894: Total time for which application threads were stopped: 0.0002226 seconds, Stopping threads took: 0.0000174 seconds
2017-06-08T09:22:44.151-0300: 111373.897: Total time for which application threads were stopped: 0.0002911 seconds, Stopping threads took: 0.0000162 seconds
2017-06-08T09:22:44.154-0300: 111373.900: Total time for which application threads were stopped: 0.0002002 seconds, Stopping threads took: 0.0000167 seconds
2017-06-08T09:22:44.156-0300: 111373.902: Total time for which application threads were stopped: 0.0001685 seconds, Stopping threads took: 0.0000162 seconds
2017-06-08T09:22:44.383-0300: 111374.129: Total time for which application threads were stopped: 0.0002375 seconds, Stopping threads took: 0.0000265 seconds
2017-06-08T09:22:44.457-0300: 111374.203: Total time for which application threads were stopped: 0.0002441 seconds, Stopping threads took: 0.0000230 seconds
2017-06-08T09:22:44.471-0300: 111374.217: Total time for which application threads were stopped: 0.0002114 seconds, Stopping threads took: 0.0000216 seconds
2017-06-08T10:20:00.015-0300: 113307.974: Total time for which application threads were stopped: 0.0002747 seconds, Stopping threads took: 0.0000232 seconds
2017-06-08T10:20:00.125-0300: 113308.083: Total time for which application threads were stopped: 0.0005488 seconds, Stopping threads took: 0.0002562 seconds
2017-06-08T10:20:00.126-0300: 113308.084: Total time for which application threads were stopped: 0.0002295 seconds, Stopping threads took: 0.0000314 seconds
2017-06-08T10:20:00.269-0300: 113308.227: Total time for which application threads were stopped: 0.0009120 seconds, Stopping threads took: 0.0006856 seconds
2017-06-08T10:20:00.272-0300: 113308.230: Total time for which application threads were stopped: 0.0017962 seconds, Stopping threads took: 0.0015914 seconds
2017-06-08T10:20:00.273-0300: 113308.231: Total time for which application threads were stopped: 0.0002091 seconds, Stopping threads took: 0.0000209 seconds
2017-06-08T10:20:00.274-0300: 113308.233: Total time for which application threads were stopped: 0.0005118 seconds, Stopping threads took: 0.0003243 seconds
2017-06-08T10:20:00.279-0300: 113308.238: Total time for which application threads were stopped: 0.0007551 seconds, Stopping threads took: 0.0005623 seconds
2017-06-08T10:20:00.286-0300: 113308.244: Total time for which application threads were stopped: 0.0023246 seconds, Stopping threads took: 0.0021215 seconds
2017-06-08T10:20:00.289-0300: 113308.247: Total time for which application threads were stopped: 0.0002438 seconds, Stopping threads took: 0.0000458 seconds
2017-06-08T10:20:00.289-0300: 113308.247: Total time for which application threads were stopped: 0.0002052 seconds, Stopping threads took: 0.0000260 seconds
2017-06-08T10:20:00.292-0300: 113308.250: Total time for which application threads were stopped: 0.0011541 seconds, Stopping threads took: 0.0009255 seconds
2017-06-08T10:20:00.305-0300: 113308.264: Total time for which application threads were stopped: 0.0009092 seconds, Stopping threads took: 0.0006580 seconds
2017-06-08T10:20:00.307-0300: 113308.265: Total time for which application threads were stopped: 0.0014708 seconds, Stopping threads took: 0.0000410 seconds
2017-06-08T10:20:00.329-0300: 113308.287: Total time for which application threads were stopped: 0.0215504 seconds, Stopping threads took: 0.0000708 seconds
2017-06-08T10:20:00.335-0300: 113308.293: Total time for which application threads were stopped: 0.0012441 seconds, Stopping threads took: 0.0009181 seconds
2017-06-08T10:20:00.336-0300: 113308.297: Total time for which application threads were stopped: 0.0032097 seconds, Stopping threads took: 0.0001444 seconds
2017-06-08T10:20:00.340-0300: 113308.299: Total time for which application threads were stopped: 0.0006866 seconds, Stopping threads took: 0.0003997 seconds
2017-06-08T10:20:00.344-0300: 113308.302: Total time for which application threads were stopped: 0.0004695 seconds, Stopping threads took: 0.0001542 seconds
2017-06-08T10:20:00.353-0300: 113308.311: Total time for which application threads were stopped: 0.0002490 seconds, Stopping threads took: 0.0000543 seconds
2017-06-08T10:20:00.354-0300: 113308.313: Total time for which application threads were stopped: 0.0002263 seconds, Stopping threads took: 0.0000465 seconds
2017-06-08T10:20:00.460-0300: 113308.419: Total time for which application threads were stopped: 0.0003094 seconds, Stopping threads took: 0.0000305 seconds
2017-06-08T10:20:00.462-0300: 113308.420: Total time for which application threads were stopped: 0.0002640 seconds, Stopping threads took: 0.0000212 seconds
2017-06-08T10:20:00.463-0300: 113308.421: Total time for which application threads were stopped: 0.0002291 seconds, Stopping threads took: 0.0000191 seconds
{Heap before GC invocations=24 (full 2):
 par new generation   total 109248K, used 90158K [0x00000007a0000000, 0x00000007a8000000, 0x00000007a8000000)
  eden space 87424K, 100% used [0x00000007a0000000, 0x00000007a5560000, 0x00000007a5560000)
  from space 21824K,  12% used [0x00000007a5560000, 0x00000007a580b970, 0x00000007a6ab0000)
  to   space 21824K,   0% used [0x00000007a6ab0000, 0x00000007a6ab0000, 0x00000007a8000000)
 concurrent mark-sweep generation total 393216K, used 19595K [0x00000007a8000000, 0x00000007c0000000, 0x00000007c0000000)
 Metaspace       used 39461K, capacity 40502K, committed 40564K, reserved 1085440K
  class space    used 4520K, capacity 4795K, committed 4804K, reserved 1048576K
2017-06-08T13:20:03.374-0300: 124110.464: [GC (Allocation Failure) 2017-06-08T13:20:03.383-0300: 124110.472: [ParNew
Desired survivor size 20112992 bytes, new threshold 8 (max 8)
- age   1:     629920 bytes,     629920 total
- age   2:     178472 bytes,     808392 total
- age   3:      89616 bytes,     898008 total
- age   4:       4144 bytes,     902152 total
- age   5:       4128 bytes,     906280 total
- age   6:      10824 bytes,     917104 total
- age   7:       7592 bytes,     924696 total
- age   8:       8776 bytes,     933472 total
: 90158K->1217K(109248K), 0.0538665 secs] 109754K->21203K(502464K), 0.0621595 secs] [Times: user=0.03 sys=0.07, real=0.06 secs] 
Heap after GC invocations=25 (full 2):
 par new generation   total 109248K, used 1217K [0x00000007a0000000, 0x00000007a8000000, 0x00000007a8000000)
  eden space 87424K,   0% used [0x00000007a0000000, 0x00000007a0000000, 0x00000007a5560000)
  from space 21824K,   5% used [0x00000007a6ab0000, 0x00000007a6be0560, 0x00000007a8000000)
  to   space 21824K,   0% used [0x00000007a5560000, 0x00000007a5560000, 0x00000007a6ab0000)
 concurrent mark-sweep generation total 393216K, used 19986K [0x00000007a8000000, 0x00000007c0000000, 0x00000007c0000000)
 Metaspace       used 39461K, capacity 40502K, committed 40564K, reserved 1085440K
  class space    used 4520K, capacity 4795K, committed 4804K, reserved 1048576K
}
2017-06-08T13:20:03.437-0300: 124110.526: Total time for which application threads were stopped: 0.0667847 seconds, Stopping threads took: 0.0000184 seconds
2017-06-08T15:20:07.576-0300: 131314.573: Total time for which application threads were stopped: 0.0004034 seconds, Stopping threads took: 0.0000271 seconds
2017-06-08T17:21:17.030-0300: 138444.596: Total time for which application threads were stopped: 0.0142893 seconds, Stopping threads took: 0.0136442 seconds
2017-06-08T17:21:17.131-0300: 138444.698: Total time for which application threads were stopped: 0.0002750 seconds, Stopping threads took: 0.0000343 seconds
2017-06-08T17:21:17.132-0300: 138444.698: Total time for which application threads were stopped: 0.0002485 seconds, Stopping threads took: 0.0000261 seconds
2017-06-08T17:21:17.141-0300: 138444.707: Total time for which application threads were stopped: 0.0008698 seconds, Stopping threads took: 0.0006397 seconds
2017-06-08T17:21:17.953-0300: 138445.520: Total time for which application threads were stopped: 0.0005826 seconds, Stopping threads took: 0.0001763 seconds
2017-06-08T17:21:17.955-0300: 138445.521: Total time for which application threads were stopped: 0.0011914 seconds, Stopping threads took: 0.0010259 seconds
2017-06-08T17:21:17.956-0300: 138445.522: Total time for which application threads were stopped: 0.0003357 seconds, Stopping threads took: 0.0001700 seconds
2017-06-08T17:21:17.957-0300: 138445.524: Total time for which application threads were stopped: 0.0010147 seconds, Stopping threads took: 0.0007059 seconds
2017-06-08T17:21:17.958-0300: 138445.525: Total time for which application threads were stopped: 0.0006476 seconds, Stopping threads took: 0.0005199 seconds
2017-06-08T17:21:17.961-0300: 138445.527: Total time for which application threads were stopped: 0.0014343 seconds, Stopping threads took: 0.0012120 seconds
2017-06-08T17:21:17.967-0300: 138445.534: Total time for which application threads were stopped: 0.0004616 seconds, Stopping threads took: 0.0003022 seconds
2017-06-08T17:21:17.968-0300: 138445.534: Total time for which application threads were stopped: 0.0005314 seconds, Stopping threads took: 0.0002628 seconds
2017-06-08T17:21:17.970-0300: 138445.536: Total time for which application threads were stopped: 0.0004319 seconds, Stopping threads took: 0.0002704 seconds
2017-06-08T17:21:17.987-0300: 138445.554: Total time for which application threads were stopped: 0.0006457 seconds, Stopping threads took: 0.0004594 seconds
2017-06-08T17:21:17.988-0300: 138445.555: Total time for which application threads were stopped: 0.0007419 seconds, Stopping threads took: 0.0005555 seconds
2017-06-08T17:21:17.989-0300: 138445.556: Total time for which application threads were stopped: 0.0001790 seconds, Stopping threads took: 0.0000246 seconds
2017-06-08T17:21:17.992-0300: 138445.558: Total time for which application threads were stopped: 0.0002099 seconds, Stopping threads took: 0.0000358 seconds
2017-06-08T17:21:17.993-0300: 138445.559: Total time for which application threads were stopped: 0.0003551 seconds, Stopping threads took: 0.0001734 seconds
2017-06-08T17:21:17.995-0300: 138445.561: Total time for which application threads were stopped: 0.0009535 seconds, Stopping threads took: 0.0007877 seconds
2017-06-08T17:21:17.997-0300: 138445.563: Total time for which application threads were stopped: 0.0001736 seconds, Stopping threads took: 0.0000279 seconds
2017-06-08T17:21:18.007-0300: 138445.574: Total time for which application threads were stopped: 0.0003431 seconds, Stopping threads took: 0.0000429 seconds
2017-06-08T17:21:18.021-0300: 138445.587: Total time for which application threads were stopped: 0.0002713 seconds, Stopping threads took: 0.0001159 seconds
2017-06-08T17:21:18.124-0300: 138445.691: Total time for which application threads were stopped: 0.0002043 seconds, Stopping threads took: 0.0000207 seconds
2017-06-08T17:21:18.125-0300: 138445.692: Total time for which application threads were stopped: 0.0001842 seconds, Stopping threads took: 0.0000171 seconds
2017-06-08T17:21:18.127-0300: 138445.693: Total time for which application threads were stopped: 0.0001771 seconds, Stopping threads took: 0.0000147 seconds
2017-06-08T17:21:50.011-0300: 138458.942: Total time for which application threads were stopped: 0.0002172 seconds, Stopping threads took: 0.0000264 seconds
2017-06-08T17:21:50.164-0300: 138459.095: Total time for which application threads were stopped: 0.0001984 seconds, Stopping threads took: 0.0000207 seconds
2017-06-08T17:21:50.165-0300: 138459.097: Total time for which application threads were stopped: 0.0004530 seconds, Stopping threads took: 0.0002936 seconds
2017-06-08T17:21:50.167-0300: 138459.098: Total time for which application threads were stopped: 0.0008357 seconds, Stopping threads took: 0.0006563 seconds
2017-06-08T17:21:50.167-0300: 138459.099: Total time for which application threads were stopped: 0.0001875 seconds, Stopping threads took: 0.0000187 seconds
2017-06-08T17:21:50.170-0300: 138459.102: Total time for which application threads were stopped: 0.0002043 seconds, Stopping threads took: 0.0000218 seconds
2017-06-08T17:21:50.172-0300: 138459.104: Total time for which application threads were stopped: 0.0016088 seconds, Stopping threads took: 0.0014222 seconds
2017-06-08T17:21:50.201-0300: 138459.132: Total time for which application threads were stopped: 0.0008100 seconds, Stopping threads took: 0.0006020 seconds
2017-06-08T17:21:50.203-0300: 138459.135: Total time for which application threads were stopped: 0.0005101 seconds, Stopping threads took: 0.0003334 seconds
2017-06-08T17:21:50.204-0300: 138459.135: Total time for which application threads were stopped: 0.0001924 seconds, Stopping threads took: 0.0000156 seconds
2017-06-08T17:21:50.206-0300: 138459.137: Total time for which application threads were stopped: 0.0010056 seconds, Stopping threads took: 0.0008301 seconds
2017-06-08T17:21:50.208-0300: 138459.139: Total time for which application threads were stopped: 0.0001825 seconds, Stopping threads took: 0.0000282 seconds
2017-06-08T17:21:50.211-0300: 138459.142: Total time for which application threads were stopped: 0.0001975 seconds, Stopping threads took: 0.0000233 seconds
2017-06-08T17:21:50.213-0300: 138459.144: Total time for which application threads were stopped: 0.0001713 seconds, Stopping threads took: 0.0000189 seconds
2017-06-08T17:21:50.325-0300: 138459.257: Total time for which application threads were stopped: 0.0003007 seconds, Stopping threads took: 0.0000324 seconds
2017-06-08T17:21:50.327-0300: 138459.258: Total time for which application threads were stopped: 0.0002986 seconds, Stopping threads took: 0.0000295 seconds
2017-06-08T17:21:50.329-0300: 138459.261: Total time for which application threads were stopped: 0.0003085 seconds, Stopping threads took: 0.0000340 seconds
2017-06-08T17:57:49.007-0300: 138469.084: Total time for which application threads were stopped: 0.0002106 seconds, Stopping threads took: 0.0000228 seconds
2017-06-08T17:57:49.181-0300: 138469.258: Total time for which application threads were stopped: 0.0002024 seconds, Stopping threads took: 0.0000329 seconds
2017-06-08T17:57:49.611-0300: 138469.688: Total time for which application threads were stopped: 0.0001739 seconds, Stopping threads took: 0.0000220 seconds
2017-06-08T17:57:49.611-0300: 138469.688: Total time for which application threads were stopped: 0.0002869 seconds, Stopping threads took: 0.0001785 seconds
2017-06-08T17:57:49.611-0300: 138469.688: Total time for which application threads were stopped: 0.0000946 seconds, Stopping threads took: 0.0000227 seconds
2017-06-08T17:57:49.612-0300: 138469.689: Total time for which application threads were stopped: 0.0001729 seconds, Stopping threads took: 0.0000896 seconds
2017-06-08T17:57:49.613-0300: 138469.690: Total time for which application threads were stopped: 0.0001191 seconds, Stopping threads took: 0.0000100 seconds
2017-06-08T17:57:49.614-0300: 138469.691: Total time for which application threads were stopped: 0.0001404 seconds, Stopping threads took: 0.0000120 seconds
2017-06-08T17:57:49.614-0300: 138469.691: Total time for which application threads were stopped: 0.0001096 seconds, Stopping threads took: 0.0000070 seconds
2017-06-08T17:57:49.629-0300: 138469.706: Total time for which application threads were stopped: 0.0007900 seconds, Stopping threads took: 0.0000194 seconds
2017-06-08T17:57:49.632-0300: 138469.709: Total time for which application threads were stopped: 0.0001711 seconds, Stopping threads took: 0.0000251 seconds
2017-06-08T17:57:49.632-0300: 138469.709: Total time for which application threads were stopped: 0.0001380 seconds, Stopping threads took: 0.0000095 seconds
2017-06-08T17:57:49.633-0300: 138469.710: Total time for which application threads were stopped: 0.0001711 seconds, Stopping threads took: 0.0000290 seconds
2017-06-08T17:57:49.636-0300: 138469.713: Total time for which application threads were stopped: 0.0001510 seconds, Stopping threads took: 0.0000124 seconds
2017-06-08T17:57:49.638-0300: 138469.715: Total time for which application threads were stopped: 0.0001659 seconds, Stopping threads took: 0.0000242 seconds
2017-06-08T17:57:49.639-0300: 138469.716: Total time for which application threads were stopped: 0.0001444 seconds, Stopping threads took: 0.0000121 seconds
2017-06-08T17:57:49.744-0300: 138469.821: Total time for which application threads were stopped: 0.0002125 seconds, Stopping threads took: 0.0000224 seconds
2017-06-08T17:57:49.745-0300: 138469.822: Total time for which application threads were stopped: 0.0001475 seconds, Stopping threads took: 0.0000117 seconds
2017-06-08T17:57:49.746-0300: 138469.823: Total time for which application threads were stopped: 0.0001731 seconds, Stopping threads took: 0.0000129 seconds
2017-06-08T21:24:53.007-0300: 140093.644: Total time for which application threads were stopped: 0.0002524 seconds, Stopping threads took: 0.0000226 seconds
2017-06-08T21:24:53.007-0300: 140093.645: Total time for which application threads were stopped: 0.0002916 seconds, Stopping threads took: 0.0000177 seconds
2017-06-08T21:24:53.111-0300: 140093.748: Total time for which application threads were stopped: 0.0003727 seconds, Stopping threads took: 0.0000290 seconds
2017-06-08T21:24:53.140-0300: 140093.777: Total time for which application threads were stopped: 0.0002637 seconds, Stopping threads took: 0.0000664 seconds
2017-06-08T21:24:53.140-0300: 140093.778: Total time for which application threads were stopped: 0.0002229 seconds, Stopping threads took: 0.0000119 seconds
2017-06-08T21:24:53.394-0300: 140094.031: Total time for which application threads were stopped: 0.0008118 seconds, Stopping threads took: 0.0006650 seconds
2017-06-08T21:24:53.394-0300: 140094.032: Total time for which application threads were stopped: 0.0001939 seconds, Stopping threads took: 0.0000115 seconds
2017-06-08T21:24:53.395-0300: 140094.032: Total time for which application threads were stopped: 0.0002176 seconds, Stopping threads took: 0.0000115 seconds
2017-06-08T21:24:53.396-0300: 140094.033: Total time for which application threads were stopped: 0.0001401 seconds, Stopping threads took: 0.0000291 seconds
2017-06-08T21:24:53.397-0300: 140094.034: Total time for which application threads were stopped: 0.0001634 seconds, Stopping threads took: 0.0000544 seconds
2017-06-08T21:24:53.397-0300: 140094.035: Total time for which application threads were stopped: 0.0001403 seconds, Stopping threads took: 0.0000111 seconds
2017-06-08T21:24:53.405-0300: 140094.043: Total time for which application threads were stopped: 0.0001597 seconds, Stopping threads took: 0.0000158 seconds
2017-06-08T21:24:53.405-0300: 140094.043: Total time for which application threads were stopped: 0.0001155 seconds, Stopping threads took: 0.0000068 seconds
2017-06-08T21:24:53.407-0300: 140094.044: Total time for which application threads were stopped: 0.0001650 seconds, Stopping threads took: 0.0000240 seconds
2017-06-08T21:24:53.416-0300: 140094.053: Total time for which application threads were stopped: 0.0001937 seconds, Stopping threads took: 0.0000333 seconds
2017-06-08T21:24:53.417-0300: 140094.054: Total time for which application threads were stopped: 0.0002003 seconds, Stopping threads took: 0.0000509 seconds
2017-06-08T21:24:53.417-0300: 140094.054: Total time for which application threads were stopped: 0.0001885 seconds, Stopping threads took: 0.0000265 seconds
2017-06-08T21:24:53.418-0300: 140094.055: Total time for which application threads were stopped: 0.0001716 seconds, Stopping threads took: 0.0000438 seconds
2017-06-08T21:24:53.420-0300: 140094.058: Total time for which application threads were stopped: 0.0002375 seconds, Stopping threads took: 0.0000210 seconds
2017-06-08T21:24:53.421-0300: 140094.058: Total time for which application threads were stopped: 0.0002292 seconds, Stopping threads took: 0.0000677 seconds
2017-06-08T21:24:53.421-0300: 140094.059: Total time for which application threads were stopped: 0.0002597 seconds, Stopping threads took: 0.0000292 seconds
2017-06-08T21:24:53.423-0300: 140094.060: Total time for which application threads were stopped: 0.0001765 seconds, Stopping threads took: 0.0000192 seconds
2017-06-08T21:24:53.426-0300: 140094.063: Total time for which application threads were stopped: 0.0003835 seconds, Stopping threads took: 0.0000168 seconds
{Heap before GC invocations=25 (full 2):
 par new generation   total 109248K, used 88641K [0x00000007a0000000, 0x00000007a8000000, 0x00000007a8000000)
  eden space 87424K, 100% used [0x00000007a0000000, 0x00000007a5560000, 0x00000007a5560000)
  from space 21824K,   5% used [0x00000007a6ab0000, 0x00000007a6be0560, 0x00000007a8000000)
  to   space 21824K,   0% used [0x00000007a5560000, 0x00000007a5560000, 0x00000007a6ab0000)
 concurrent mark-sweep generation total 393216K, used 19986K [0x00000007a8000000, 0x00000007c0000000, 0x00000007c0000000)
 Metaspace       used 39483K, capacity 40502K, committed 40564K, reserved 1085440K
  class space    used 4520K, capacity 4795K, committed 4804K, reserved 1048576K
2017-06-08T21:24:53.427-0300: 140094.064: [GC (Allocation Failure) 2017-06-08T21:24:53.428-0300: 140094.065: [ParNew
Desired survivor size 20112992 bytes, new threshold 8 (max 8)
- age   1:     456376 bytes,     456376 total
- age   2:     339800 bytes,     796176 total
- age   3:      89824 bytes,     886000 total
- age   4:       7272 bytes,     893272 total
- age   5:       4144 bytes,     897416 total
- age   6:       4128 bytes,     901544 total
- age   7:      10824 bytes,     912368 total
- age   8:       7592 bytes,     919960 total
: 88641K->1289K(109248K), 0.0054039 secs] 108627K->21284K(502464K), 0.0057808 secs] [Times: user=0.01 sys=0.00, real=0.01 secs] 
Heap after GC invocations=26 (full 2):
 par new generation   total 109248K, used 1289K [0x00000007a0000000, 0x00000007a8000000, 0x00000007a8000000)
  eden space 87424K,   0% used [0x00000007a0000000, 0x00000007a0000000, 0x00000007a5560000)
  from space 21824K,   5% used [0x00000007a5560000, 0x00000007a56a2440, 0x00000007a6ab0000)
  to   space 21824K,   0% used [0x00000007a6ab0000, 0x00000007a6ab0000, 0x00000007a8000000)
 concurrent mark-sweep generation total 393216K, used 19995K [0x00000007a8000000, 0x00000007c0000000, 0x00000007c0000000)
 Metaspace       used 39483K, capacity 40502K, committed 40564K, reserved 1085440K
  class space    used 4520K, capacity 4795K, committed 4804K, reserved 1048576K
}
2017-06-08T21:24:53.433-0300: 140094.070: Total time for which application threads were stopped: 0.0066776 seconds, Stopping threads took: 0.0000594 seconds
2017-06-08T21:24:53.434-0300: 140094.071: Total time for which application threads were stopped: 0.0001717 seconds, Stopping threads took: 0.0000153 seconds
2017-06-08T21:24:53.544-0300: 140094.182: Total time for which application threads were stopped: 0.0001892 seconds, Stopping threads took: 0.0000193 seconds
2017-06-08T21:24:53.545-0300: 140094.183: Total time for which application threads were stopped: 0.0001851 seconds, Stopping threads took: 0.0000196 seconds
2017-06-08T21:24:53.548-0300: 140094.185: Total time for which application threads were stopped: 0.0001594 seconds, Stopping threads took: 0.0000150 seconds
2017-06-09T06:25:35.586-0300: 140122.709: Total time for which application threads were stopped: 0.2959533 seconds, Stopping threads took: 0.2897582 seconds
2017-06-09T06:25:35.841-0300: 140122.965: Total time for which application threads were stopped: 0.1375887 seconds, Stopping threads took: 0.1372617 seconds
2017-06-09T06:25:36.285-0300: 140123.408: Total time for which application threads were stopped: 0.0011794 seconds, Stopping threads took: 0.0004355 seconds
2017-06-09T06:25:36.286-0300: 140123.409: Total time for which application threads were stopped: 0.0005679 seconds, Stopping threads took: 0.0003793 seconds
2017-06-09T06:25:36.287-0300: 140123.410: Total time for which application threads were stopped: 0.0001702 seconds, Stopping threads took: 0.0000207 seconds
2017-06-09T06:25:36.291-0300: 140123.414: Total time for which application threads were stopped: 0.0036567 seconds, Stopping threads took: 0.0000116 seconds
2017-06-09T06:25:36.295-0300: 140123.418: Total time for which application threads were stopped: 0.0001896 seconds, Stopping threads took: 0.0000176 seconds
2017-06-09T06:25:36.369-0300: 140123.492: Total time for which application threads were stopped: 0.0002882 seconds, Stopping threads took: 0.0000206 seconds
2017-06-09T06:25:36.369-0300: 140123.492: Total time for which application threads were stopped: 0.0001271 seconds, Stopping threads took: 0.0000067 seconds
2017-06-09T06:25:36.801-0300: 140123.924: Total time for which application threads were stopped: 0.0008381 seconds, Stopping threads took: 0.0000423 seconds
2017-06-09T06:25:36.875-0300: 140123.998: Total time for which application threads were stopped: 0.0002862 seconds, Stopping threads took: 0.0000202 seconds
2017-06-09T06:25:36.876-0300: 140123.999: Total time for which application threads were stopped: 0.0002484 seconds, Stopping threads took: 0.0000128 seconds
2017-06-09T06:25:36.877-0300: 140124.000: Total time for which application threads were stopped: 0.0002163 seconds, Stopping threads took: 0.0000242 seconds
2017-06-09T06:25:36.879-0300: 140124.003: Total time for which application threads were stopped: 0.0002098 seconds, Stopping threads took: 0.0000302 seconds
2017-06-09T06:25:36.890-0300: 140124.013: Total time for which application threads were stopped: 0.0002360 seconds, Stopping threads took: 0.0000364 seconds
2017-06-09T06:25:36.966-0300: 140124.089: Total time for which application threads were stopped: 0.0002046 seconds, Stopping threads took: 0.0000220 seconds
2017-06-09T06:25:37.123-0300: 140124.247: Total time for which application threads were stopped: 0.0009761 seconds, Stopping threads took: 0.0007722 seconds
2017-06-09T06:25:37.152-0300: 140124.275: Total time for which application threads were stopped: 0.0006520 seconds, Stopping threads took: 0.0003084 seconds
2017-06-09T06:25:37.174-0300: 140124.297: Total time for which application threads were stopped: 0.0001880 seconds, Stopping threads took: 0.0000198 seconds
2017-06-09T09:16:37.575-0300: 140158.954: Total time for which application threads were stopped: 0.2564588 seconds, Stopping threads took: 0.0217363 seconds
2017-06-09T09:16:38.170-0300: 140159.549: Total time for which application threads were stopped: 0.0008520 seconds, Stopping threads took: 0.0005922 seconds
2017-06-09T09:16:38.172-0300: 140159.551: Total time for which application threads were stopped: 0.0011626 seconds, Stopping threads took: 0.0000982 seconds
2017-06-09T09:16:38.173-0300: 140159.552: Total time for which application threads were stopped: 0.0006909 seconds, Stopping threads took: 0.0001099 seconds
2017-06-09T09:16:38.175-0300: 140159.554: Total time for which application threads were stopped: 0.0020642 seconds, Stopping threads took: 0.0005238 seconds
2017-06-09T09:16:38.176-0300: 140159.554: Total time for which application threads were stopped: 0.0001421 seconds, Stopping threads took: 0.0000219 seconds
2017-06-09T09:16:38.177-0300: 140159.555: Total time for which application threads were stopped: 0.0001795 seconds, Stopping threads took: 0.0000130 seconds
2017-06-09T09:16:38.183-0300: 140159.561: Total time for which application threads were stopped: 0.0006823 seconds, Stopping threads took: 0.0000154 seconds
2017-06-09T09:16:38.185-0300: 140159.564: Total time for which application threads were stopped: 0.0001620 seconds, Stopping threads took: 0.0000164 seconds
2017-06-09T09:16:38.189-0300: 140159.568: Total time for which application threads were stopped: 0.0002535 seconds, Stopping threads took: 0.0000167 seconds
2017-06-09T09:16:38.189-0300: 140159.568: Total time for which application threads were stopped: 0.0001282 seconds, Stopping threads took: 0.0000077 seconds
2017-06-09T09:16:38.221-0300: 140159.600: Total time for which application threads were stopped: 0.0013512 seconds, Stopping threads took: 0.0005418 seconds
2017-06-09T09:16:38.228-0300: 140159.607: Total time for which application threads were stopped: 0.0021186 seconds, Stopping threads took: 0.0006917 seconds
2017-06-09T09:16:38.230-0300: 140159.608: Total time for which application threads were stopped: 0.0002104 seconds, Stopping threads took: 0.0000183 seconds
2017-06-09T09:16:38.230-0300: 140159.608: Total time for which application threads were stopped: 0.0001495 seconds, Stopping threads took: 0.0000129 seconds
2017-06-09T09:16:38.234-0300: 140159.612: Total time for which application threads were stopped: 0.0002658 seconds, Stopping threads took: 0.0000233 seconds
2017-06-09T09:16:38.245-0300: 140159.623: Total time for which application threads were stopped: 0.0002409 seconds, Stopping threads took: 0.0000151 seconds
2017-06-09T09:16:38.257-0300: 140159.635: Total time for which application threads were stopped: 0.0003494 seconds, Stopping threads took: 0.0000209 seconds
2017-06-09T09:16:38.467-0300: 140159.845: Total time for which application threads were stopped: 0.0003506 seconds, Stopping threads took: 0.0000214 seconds
2017-06-09T09:16:38.469-0300: 140159.848: Total time for which application threads were stopped: 0.0001979 seconds, Stopping threads took: 0.0000193 seconds
2017-06-09T09:16:38.470-0300: 140159.849: Total time for which application threads were stopped: 0.0001953 seconds, Stopping threads took: 0.0000143 seconds
2017-06-09T09:18:45.004-0300: 140267.729: Total time for which application threads were stopped: 0.0002585 seconds, Stopping threads took: 0.0000203 seconds
2017-06-09T09:18:45.240-0300: 140267.965: Total time for which application threads were stopped: 0.0002276 seconds, Stopping threads took: 0.0000224 seconds
2017-06-09T09:18:45.240-0300: 140267.965: Total time for which application threads were stopped: 0.0001835 seconds, Stopping threads took: 0.0000548 seconds
2017-06-09T09:18:45.241-0300: 140267.966: Total time for which application threads were stopped: 0.0002121 seconds, Stopping threads took: 0.0000538 seconds
2017-06-09T09:18:45.241-0300: 140267.966: Total time for which application threads were stopped: 0.0002460 seconds, Stopping threads took: 0.0000550 seconds
2017-06-09T09:18:45.881-0300: 140268.606: Total time for which application threads were stopped: 0.0007483 seconds, Stopping threads took: 0.0005674 seconds
2017-06-09T09:18:45.881-0300: 140268.606: Total time for which application threads were stopped: 0.0002085 seconds, Stopping threads took: 0.0000638 seconds
2017-06-09T09:18:45.881-0300: 140268.606: Total time for which application threads were stopped: 0.0001144 seconds, Stopping threads took: 0.0000069 seconds
2017-06-09T09:18:45.882-0300: 140268.607: Total time for which application threads were stopped: 0.0001482 seconds, Stopping threads took: 0.0000532 seconds
2017-06-09T09:18:45.883-0300: 140268.608: Total time for which application threads were stopped: 0.0006178 seconds, Stopping threads took: 0.0004844 seconds
2017-06-09T09:18:45.883-0300: 140268.608: Total time for which application threads were stopped: 0.0001489 seconds, Stopping threads took: 0.0000088 seconds
2017-06-09T09:18:45.885-0300: 140268.610: Total time for which application threads were stopped: 0.0002034 seconds, Stopping threads took: 0.0000269 seconds
2017-06-09T09:18:45.885-0300: 140268.611: Total time for which application threads were stopped: 0.0001754 seconds, Stopping threads took: 0.0000345 seconds
2017-06-09T09:18:45.888-0300: 140268.613: Total time for which application threads were stopped: 0.0002244 seconds, Stopping threads took: 0.0000392 seconds
2017-06-09T09:18:45.908-0300: 140268.633: Total time for which application threads were stopped: 0.0003070 seconds, Stopping threads took: 0.0000808 seconds
2017-06-09T09:18:45.909-0300: 140268.634: Total time for which application threads were stopped: 0.0002627 seconds, Stopping threads took: 0.0000403 seconds
2017-06-09T09:18:45.916-0300: 140268.641: Total time for which application threads were stopped: 0.0022165 seconds, Stopping threads took: 0.0019540 seconds
2017-06-09T09:18:45.918-0300: 140268.643: Total time for which application threads were stopped: 0.0002443 seconds, Stopping threads took: 0.0000325 seconds
2017-06-09T09:18:45.920-0300: 140268.645: Total time for which application threads were stopped: 0.0002343 seconds, Stopping threads took: 0.0000307 seconds
2017-06-09T09:18:45.922-0300: 140268.647: Total time for which application threads were stopped: 0.0002914 seconds, Stopping threads took: 0.0000195 seconds
2017-06-09T09:18:45.926-0300: 140268.651: Total time for which application threads were stopped: 0.0016928 seconds, Stopping threads took: 0.0000540 seconds
2017-06-09T09:18:45.928-0300: 140268.653: Total time for which application threads were stopped: 0.0002939 seconds, Stopping threads took: 0.0000322 seconds
2017-06-09T09:18:46.038-0300: 140268.763: Total time for which application threads were stopped: 0.0002234 seconds, Stopping threads took: 0.0000258 seconds
2017-06-09T09:18:46.039-0300: 140268.764: Total time for which application threads were stopped: 0.0001624 seconds, Stopping threads took: 0.0000088 seconds
2017-06-09T09:18:46.039-0300: 140268.764: Total time for which application threads were stopped: 0.0001551 seconds, Stopping threads took: 0.0000076 seconds
2017-06-09T10:38:17.009-0300: 144063.285: Total time for which application threads were stopped: 0.0003286 seconds, Stopping threads took: 0.0000211 seconds
2017-06-09T10:38:17.127-0300: 144063.403: Total time for which application threads were stopped: 0.0141287 seconds, Stopping threads took: 0.0137332 seconds
2017-06-09T10:38:17.991-0300: 144064.267: Total time for which application threads were stopped: 0.0003706 seconds, Stopping threads took: 0.0001101 seconds
2017-06-09T10:38:17.991-0300: 144064.267: Total time for which application threads were stopped: 0.0001884 seconds, Stopping threads took: 0.0000493 seconds
2017-06-09T10:38:17.994-0300: 144064.270: Total time for which application threads were stopped: 0.0002743 seconds, Stopping threads took: 0.0000485 seconds
2017-06-09T10:38:17.995-0300: 144064.271: Total time for which application threads were stopped: 0.0003300 seconds, Stopping threads took: 0.0001052 seconds
2017-06-09T10:38:17.995-0300: 144064.271: Total time for which application threads were stopped: 0.0002261 seconds, Stopping threads took: 0.0000586 seconds
2017-06-09T10:38:17.997-0300: 144064.273: Total time for which application threads were stopped: 0.0002363 seconds, Stopping threads took: 0.0000372 seconds
2017-06-09T10:38:17.998-0300: 144064.274: Total time for which application threads were stopped: 0.0002228 seconds, Stopping threads took: 0.0000134 seconds
2017-06-09T10:38:17.998-0300: 144064.274: Total time for which application threads were stopped: 0.0001625 seconds, Stopping threads took: 0.0000062 seconds
2017-06-09T10:38:18.000-0300: 144064.276: Total time for which application threads were stopped: 0.0002131 seconds, Stopping threads took: 0.0000207 seconds
2017-06-09T10:38:18.017-0300: 144064.293: Total time for which application threads were stopped: 0.0002395 seconds, Stopping threads took: 0.0000392 seconds
2017-06-09T10:38:18.018-0300: 144064.293: Total time for which application threads were stopped: 0.0003674 seconds, Stopping threads took: 0.0001170 seconds
2017-06-09T10:38:18.018-0300: 144064.294: Total time for which application threads were stopped: 0.0004099 seconds, Stopping threads took: 0.0000913 seconds
2017-06-09T10:38:18.019-0300: 144064.295: Total time for which application threads were stopped: 0.0002186 seconds, Stopping threads took: 0.0000297 seconds
2017-06-09T10:38:18.021-0300: 144064.297: Total time for which application threads were stopped: 0.0004655 seconds, Stopping threads took: 0.0001870 seconds
2017-06-09T10:38:18.022-0300: 144064.298: Total time for which application threads were stopped: 0.0008308 seconds, Stopping threads took: 0.0000267 seconds
2017-06-09T10:38:18.023-0300: 144064.299: Total time for which application threads were stopped: 0.0002281 seconds, Stopping threads took: 0.0000083 seconds
2017-06-09T10:38:18.025-0300: 144064.301: Total time for which application threads were stopped: 0.0002020 seconds, Stopping threads took: 0.0000302 seconds
2017-06-09T10:38:18.029-0300: 144064.305: Total time for which application threads were stopped: 0.0002099 seconds, Stopping threads took: 0.0000172 seconds
2017-06-09T10:38:18.031-0300: 144064.307: Total time for which application threads were stopped: 0.0002431 seconds, Stopping threads took: 0.0000145 seconds
2017-06-09T10:38:18.134-0300: 144064.410: Total time for which application threads were stopped: 0.0002593 seconds, Stopping threads took: 0.0000347 seconds
2017-06-09T10:38:18.135-0300: 144064.411: Total time for which application threads were stopped: 0.0002474 seconds, Stopping threads took: 0.0000170 seconds
2017-06-09T10:38:18.137-0300: 144064.412: Total time for which application threads were stopped: 0.0003111 seconds, Stopping threads took: 0.0000120 seconds
2017-06-09T10:59:33.012-0300: 145151.030: Total time for which application threads were stopped: 0.0002177 seconds, Stopping threads took: 0.0000219 seconds
2017-06-09T10:59:33.107-0300: 145151.125: Total time for which application threads were stopped: 0.0005258 seconds, Stopping threads took: 0.0003354 seconds
2017-06-09T10:59:33.155-0300: 145151.173: Total time for which application threads were stopped: 0.0004110 seconds, Stopping threads took: 0.0000197 seconds
2017-06-09T10:59:33.156-0300: 145151.174: Total time for which application threads were stopped: 0.0003373 seconds, Stopping threads took: 0.0001498 seconds
2017-06-09T10:59:33.192-0300: 145151.210: Total time for which application threads were stopped: 0.0019993 seconds, Stopping threads took: 0.0000850 seconds
2017-06-09T10:59:33.192-0300: 145151.210: Total time for which application threads were stopped: 0.0001758 seconds, Stopping threads took: 0.0000263 seconds
2017-06-09T10:59:33.194-0300: 145151.212: Total time for which application threads were stopped: 0.0017750 seconds, Stopping threads took: 0.0016125 seconds
2017-06-09T10:59:33.196-0300: 145151.214: Total time for which application threads were stopped: 0.0024858 seconds, Stopping threads took: 0.0023183 seconds
2017-06-09T10:59:33.197-0300: 145151.216: Total time for which application threads were stopped: 0.0010979 seconds, Stopping threads took: 0.0009660 seconds
2017-06-09T10:59:33.198-0300: 145151.216: Total time for which application threads were stopped: 0.0001589 seconds, Stopping threads took: 0.0000266 seconds
2017-06-09T10:59:33.199-0300: 145151.217: Total time for which application threads were stopped: 0.0001674 seconds, Stopping threads took: 0.0000247 seconds
2017-06-09T10:59:33.225-0300: 145151.243: Total time for which application threads were stopped: 0.0002110 seconds, Stopping threads took: 0.0000197 seconds
2017-06-09T10:59:33.225-0300: 145151.243: Total time for which application threads were stopped: 0.0001592 seconds, Stopping threads took: 0.0000094 seconds
2017-06-09T10:59:33.227-0300: 145151.245: Total time for which application threads were stopped: 0.0002022 seconds, Stopping threads took: 0.0000182 seconds
2017-06-09T10:59:33.241-0300: 145151.259: Total time for which application threads were stopped: 0.0004440 seconds, Stopping threads took: 0.0000214 seconds
2017-06-09T10:59:33.242-0300: 145151.261: Total time for which application threads were stopped: 0.0003889 seconds, Stopping threads took: 0.0000189 seconds
2017-06-09T10:59:33.246-0300: 145151.264: Total time for which application threads were stopped: 0.0009646 seconds, Stopping threads took: 0.0007386 seconds
2017-06-09T10:59:33.249-0300: 145151.267: Total time for which application threads were stopped: 0.0012437 seconds, Stopping threads took: 0.0010326 seconds
2017-06-09T10:59:33.250-0300: 145151.268: Total time for which application threads were stopped: 0.0007141 seconds, Stopping threads took: 0.0005099 seconds
2017-06-09T10:59:33.255-0300: 145151.274: Total time for which application threads were stopped: 0.0002410 seconds, Stopping threads took: 0.0000354 seconds
2017-06-09T10:59:33.267-0300: 145151.285: Total time for which application threads were stopped: 0.0002174 seconds, Stopping threads took: 0.0000246 seconds
2017-06-09T10:59:33.271-0300: 145151.289: Total time for which application threads were stopped: 0.0002110 seconds, Stopping threads took: 0.0000227 seconds
2017-06-09T10:59:33.379-0300: 145151.397: Total time for which application threads were stopped: 0.0004402 seconds, Stopping threads took: 0.0001461 seconds
2017-06-09T10:59:33.381-0300: 145151.399: Total time for which application threads were stopped: 0.0002580 seconds, Stopping threads took: 0.0000189 seconds
2017-06-09T10:59:33.383-0300: 145151.401: Total time for which application threads were stopped: 0.0002938 seconds, Stopping threads took: 0.0000303 seconds
2017-06-09T11:23:17.007-0300: 146251.420: Total time for which application threads were stopped: 0.0002174 seconds, Stopping threads took: 0.0000193 seconds
2017-06-09T11:23:17.162-0300: 146251.575: Total time for which application threads were stopped: 0.0532560 seconds, Stopping threads took: 0.0530619 seconds
2017-06-09T11:23:17.163-0300: 146251.575: Total time for which application threads were stopped: 0.0001995 seconds, Stopping threads took: 0.0000291 seconds
2017-06-09T11:23:17.163-0300: 146251.575: Total time for which application threads were stopped: 0.0001279 seconds, Stopping threads took: 0.0000237 seconds
2017-06-09T11:23:17.172-0300: 146251.584: Total time for which application threads were stopped: 0.0085577 seconds, Stopping threads took: 0.0083920 seconds
2017-06-09T11:23:18.024-0300: 146252.436: Total time for which application threads were stopped: 0.0021723 seconds, Stopping threads took: 0.0000180 seconds
2017-06-09T11:23:18.024-0300: 146252.436: Total time for which application threads were stopped: 0.0002118 seconds, Stopping threads took: 0.0000332 seconds
2017-06-09T11:23:18.024-0300: 146252.437: Total time for which application threads were stopped: 0.0001847 seconds, Stopping threads took: 0.0000325 seconds
2017-06-09T11:23:18.025-0300: 146252.438: Total time for which application threads were stopped: 0.0004170 seconds, Stopping threads took: 0.0002351 seconds
2017-06-09T11:23:18.026-0300: 146252.439: Total time for which application threads were stopped: 0.0002250 seconds, Stopping threads took: 0.0000131 seconds
2017-06-09T11:23:18.028-0300: 146252.440: Total time for which application threads were stopped: 0.0002047 seconds, Stopping threads took: 0.0000358 seconds
2017-06-09T11:23:18.028-0300: 146252.440: Total time for which application threads were stopped: 0.0002087 seconds, Stopping threads took: 0.0000064 seconds
2017-06-09T11:23:18.029-0300: 146252.442: Total time for which application threads were stopped: 0.0001807 seconds, Stopping threads took: 0.0000125 seconds
2017-06-09T11:23:18.040-0300: 146252.452: Total time for which application threads were stopped: 0.0009555 seconds, Stopping threads took: 0.0001067 seconds
2017-06-09T11:23:18.040-0300: 146252.453: Total time for which application threads were stopped: 0.0002060 seconds, Stopping threads took: 0.0000113 seconds
2017-06-09T11:23:18.041-0300: 146252.454: Total time for which application threads were stopped: 0.0002114 seconds, Stopping threads took: 0.0000250 seconds
2017-06-09T11:23:18.041-0300: 146252.454: Total time for which application threads were stopped: 0.0001459 seconds, Stopping threads took: 0.0000104 seconds
2017-06-09T11:23:18.044-0300: 146252.457: Total time for which application threads were stopped: 0.0002585 seconds, Stopping threads took: 0.0000310 seconds
2017-06-09T11:23:18.045-0300: 146252.457: Total time for which application threads were stopped: 0.0002091 seconds, Stopping threads took: 0.0000123 seconds
2017-06-09T11:23:18.045-0300: 146252.458: Total time for which application threads were stopped: 0.0001921 seconds, Stopping threads took: 0.0000134 seconds
2017-06-09T11:23:18.049-0300: 146252.461: Total time for which application threads were stopped: 0.0003131 seconds, Stopping threads took: 0.0000288 seconds
2017-06-09T11:23:18.053-0300: 146252.465: Total time for which application threads were stopped: 0.0005462 seconds, Stopping threads took: 0.0000208 seconds
2017-06-09T11:23:18.055-0300: 146252.467: Total time for which application threads were stopped: 0.0002260 seconds, Stopping threads took: 0.0000207 seconds
2017-06-09T11:23:18.159-0300: 146252.572: Total time for which application threads were stopped: 0.0001761 seconds, Stopping threads took: 0.0000296 seconds
2017-06-09T11:23:18.160-0300: 146252.572: Total time for which application threads were stopped: 0.0001550 seconds, Stopping threads took: 0.0000101 seconds
2017-06-09T11:23:18.160-0300: 146252.573: Total time for which application threads were stopped: 0.0001285 seconds, Stopping threads took: 0.0000089 seconds
2017-06-09T14:50:29.099-0300: 147884.392: Total time for which application threads were stopped: 0.0002633 seconds, Stopping threads took: 0.0000383 seconds
2017-06-09T14:50:29.113-0300: 147884.406: Total time for which application threads were stopped: 0.0002209 seconds, Stopping threads took: 0.0000383 seconds
2017-06-09T14:50:29.113-0300: 147884.406: Total time for which application threads were stopped: 0.0002123 seconds, Stopping threads took: 0.0000527 seconds
2017-06-09T14:50:29.956-0300: 147885.249: Total time for which application threads were stopped: 0.0002635 seconds, Stopping threads took: 0.0001253 seconds
2017-06-09T14:50:29.956-0300: 147885.249: Total time for which application threads were stopped: 0.0002624 seconds, Stopping threads took: 0.0000089 seconds
2017-06-09T14:50:29.959-0300: 147885.252: Total time for which application threads were stopped: 0.0018430 seconds, Stopping threads took: 0.0017281 seconds
2017-06-09T14:50:29.959-0300: 147885.252: Total time for which application threads were stopped: 0.0001888 seconds, Stopping threads took: 0.0000707 seconds
2017-06-09T14:50:29.960-0300: 147885.255: Total time for which application threads were stopped: 0.0026505 seconds, Stopping threads took: 0.0000106 seconds
2017-06-09T14:50:29.964-0300: 147885.257: Total time for which application threads were stopped: 0.0006867 seconds, Stopping threads took: 0.0005429 seconds
2017-06-09T14:50:29.964-0300: 147885.257: Total time for which application threads were stopped: 0.0001154 seconds, Stopping threads took: 0.0000070 seconds
2017-06-09T14:50:29.966-0300: 147885.259: Total time for which application threads were stopped: 0.0002456 seconds, Stopping threads took: 0.0000257 seconds
2017-06-09T14:50:29.977-0300: 147885.270: Total time for which application threads were stopped: 0.0001822 seconds, Stopping threads took: 0.0000186 seconds
2017-06-09T14:50:29.978-0300: 147885.271: Total time for which application threads were stopped: 0.0002030 seconds, Stopping threads took: 0.0000317 seconds
2017-06-09T14:50:29.978-0300: 147885.271: Total time for which application threads were stopped: 0.0001551 seconds, Stopping threads took: 0.0000209 seconds
2017-06-09T14:50:29.978-0300: 147885.271: Total time for which application threads were stopped: 0.0001171 seconds, Stopping threads took: 0.0000082 seconds
2017-06-09T14:50:29.981-0300: 147885.274: Total time for which application threads were stopped: 0.0001919 seconds, Stopping threads took: 0.0000285 seconds
2017-06-09T14:50:29.982-0300: 147885.275: Total time for which application threads were stopped: 0.0001721 seconds, Stopping threads took: 0.0000144 seconds
2017-06-09T14:50:29.983-0300: 147885.276: Total time for which application threads were stopped: 0.0001593 seconds, Stopping threads took: 0.0000101 seconds
2017-06-09T14:50:29.985-0300: 147885.278: Total time for which application threads were stopped: 0.0002143 seconds, Stopping threads took: 0.0000200 seconds
2017-06-09T14:50:29.988-0300: 147885.281: Total time for which application threads were stopped: 0.0001867 seconds, Stopping threads took: 0.0000187 seconds
2017-06-09T14:50:29.991-0300: 147885.284: Total time for which application threads were stopped: 0.0001759 seconds, Stopping threads took: 0.0000172 seconds
2017-06-09T14:50:30.102-0300: 147885.395: Total time for which application threads were stopped: 0.0002295 seconds, Stopping threads took: 0.0000568 seconds
2017-06-09T14:50:30.104-0300: 147885.397: Total time for which application threads were stopped: 0.0001935 seconds, Stopping threads took: 0.0000224 seconds
2017-06-09T14:50:30.110-0300: 147885.403: Total time for which application threads were stopped: 0.0002011 seconds, Stopping threads took: 0.0000309 seconds
2017-06-09T23:30:48.535-0300: 147925.435: Total time for which application threads were stopped: 0.2795612 seconds, Stopping threads took: 0.2148805 seconds
2017-06-09T23:30:49.146-0300: 147926.046: Total time for which application threads were stopped: 0.0012712 seconds, Stopping threads took: 0.0010268 seconds
2017-06-09T23:30:49.148-0300: 147926.048: Total time for which application threads were stopped: 0.0006462 seconds, Stopping threads took: 0.0004764 seconds
2017-06-09T23:30:49.150-0300: 147926.050: Total time for which application threads were stopped: 0.0003366 seconds, Stopping threads took: 0.0001833 seconds
2017-06-09T23:30:49.150-0300: 147926.050: Total time for which application threads were stopped: 0.0001412 seconds, Stopping threads took: 0.0000240 seconds
2017-06-09T23:30:49.154-0300: 147926.054: Total time for which application threads were stopped: 0.0012889 seconds, Stopping threads took: 0.0011265 seconds
2017-06-09T23:30:49.156-0300: 147926.056: Total time for which application threads were stopped: 0.0003784 seconds, Stopping threads took: 0.0002197 seconds
2017-06-09T23:30:49.168-0300: 147926.068: Total time for which application threads were stopped: 0.0009936 seconds, Stopping threads took: 0.0006471 seconds
2017-06-09T23:30:49.169-0300: 147926.069: Total time for which application threads were stopped: 0.0006471 seconds, Stopping threads took: 0.0005118 seconds
2017-06-09T23:30:49.202-0300: 147926.102: Total time for which application threads were stopped: 0.0007651 seconds, Stopping threads took: 0.0002738 seconds
2017-06-09T23:30:49.211-0300: 147926.111: Total time for which application threads were stopped: 0.0003112 seconds, Stopping threads took: 0.0000148 seconds
2017-06-09T23:30:49.213-0300: 147926.113: Total time for which application threads were stopped: 0.0006723 seconds, Stopping threads took: 0.0004209 seconds
2017-06-09T23:30:49.215-0300: 147926.115: Total time for which application threads were stopped: 0.0002356 seconds, Stopping threads took: 0.0000129 seconds
2017-06-09T23:30:49.220-0300: 147926.120: Total time for which application threads were stopped: 0.0008622 seconds, Stopping threads took: 0.0000267 seconds
2017-06-09T23:30:49.222-0300: 147926.122: Total time for which application threads were stopped: 0.0001645 seconds, Stopping threads took: 0.0000147 seconds
2017-06-09T23:30:49.225-0300: 147926.125: Total time for which application threads were stopped: 0.0001996 seconds, Stopping threads took: 0.0000148 seconds
2017-06-09T23:30:49.379-0300: 147926.279: Total time for which application threads were stopped: 0.0002518 seconds, Stopping threads took: 0.0000215 seconds
2017-06-09T23:30:49.381-0300: 147926.281: Total time for which application threads were stopped: 0.0002329 seconds, Stopping threads took: 0.0000181 seconds
2017-06-09T23:30:49.383-0300: 147926.283: Total time for which application threads were stopped: 0.0001694 seconds, Stopping threads took: 0.0000161 seconds
2017-06-09T23:38:54.009-0300: 148164.946: Total time for which application threads were stopped: 0.0006765 seconds, Stopping threads took: 0.0000251 seconds
2017-06-09T23:38:54.113-0300: 148165.050: Total time for which application threads were stopped: 0.0007612 seconds, Stopping threads took: 0.0004834 seconds
2017-06-09T23:38:54.114-0300: 148165.050: Total time for which application threads were stopped: 0.0006771 seconds, Stopping threads took: 0.0001985 seconds
2017-06-09T23:38:54.114-0300: 148165.051: Total time for which application threads were stopped: 0.0002079 seconds, Stopping threads took: 0.0000526 seconds
2017-06-09T23:38:54.115-0300: 148165.052: Total time for which application threads were stopped: 0.0002273 seconds, Stopping threads took: 0.0000463 seconds
2017-06-09T23:38:55.152-0300: 148166.089: Total time for which application threads were stopped: 0.0003340 seconds, Stopping threads took: 0.0000626 seconds
2017-06-09T23:38:55.153-0300: 148166.090: Total time for which application threads were stopped: 0.0003630 seconds, Stopping threads took: 0.0000558 seconds
2017-06-09T23:38:55.153-0300: 148166.090: Total time for which application threads were stopped: 0.0003454 seconds, Stopping threads took: 0.0001175 seconds
2017-06-09T23:38:55.154-0300: 148166.090: Total time for which application threads were stopped: 0.0001748 seconds, Stopping threads took: 0.0000374 seconds
2017-06-09T23:38:55.154-0300: 148166.091: Total time for which application threads were stopped: 0.0001997 seconds, Stopping threads took: 0.0000516 seconds
2017-06-09T23:38:55.157-0300: 148166.093: Total time for which application threads were stopped: 0.0003686 seconds, Stopping threads took: 0.0001030 seconds
2017-06-09T23:38:55.158-0300: 148166.095: Total time for which application threads were stopped: 0.0002147 seconds, Stopping threads took: 0.0000167 seconds
2017-06-09T23:38:55.168-0300: 148166.104: Total time for which application threads were stopped: 0.0003630 seconds, Stopping threads took: 0.0000338 seconds
2017-06-09T23:38:55.168-0300: 148166.105: Total time for which application threads were stopped: 0.0003841 seconds, Stopping threads took: 0.0000173 seconds
2017-06-09T23:38:55.172-0300: 148166.108: Total time for which application threads were stopped: 0.0002959 seconds, Stopping threads took: 0.0000326 seconds
2017-06-09T23:38:55.199-0300: 148166.136: Total time for which application threads were stopped: 0.0009708 seconds, Stopping threads took: 0.0007721 seconds
2017-06-09T23:38:55.200-0300: 148166.137: Total time for which application threads were stopped: 0.0014616 seconds, Stopping threads took: 0.0000575 seconds
2017-06-09T23:38:55.202-0300: 148166.139: Total time for which application threads were stopped: 0.0013283 seconds, Stopping threads took: 0.0001483 seconds
2017-06-09T23:38:55.203-0300: 148166.139: Total time for which application threads were stopped: 0.0002292 seconds, Stopping threads took: 0.0000381 seconds
2017-06-09T23:38:55.207-0300: 148166.143: Total time for which application threads were stopped: 0.0003174 seconds, Stopping threads took: 0.0000429 seconds
2017-06-09T23:38:55.207-0300: 148166.144: Total time for which application threads were stopped: 0.0001286 seconds, Stopping threads took: 0.0000092 seconds
2017-06-09T23:38:55.209-0300: 148166.145: Total time for which application threads were stopped: 0.0001517 seconds, Stopping threads took: 0.0000122 seconds
2017-06-09T23:38:55.211-0300: 148166.148: Total time for which application threads were stopped: 0.0002039 seconds, Stopping threads took: 0.0000213 seconds
2017-06-09T23:38:55.218-0300: 148166.154: Total time for which application threads were stopped: 0.0003943 seconds, Stopping threads took: 0.0000204 seconds
2017-06-09T23:38:55.222-0300: 148166.159: Total time for which application threads were stopped: 0.0001491 seconds, Stopping threads took: 0.0000138 seconds
2017-06-09T23:38:55.333-0300: 148166.269: Total time for which application threads were stopped: 0.0003351 seconds, Stopping threads took: 0.0000365 seconds
2017-06-09T23:38:55.335-0300: 148166.272: Total time for which application threads were stopped: 0.0003001 seconds, Stopping threads took: 0.0000335 seconds
2017-06-09T23:38:55.338-0300: 148166.274: Total time for which application threads were stopped: 0.0002933 seconds, Stopping threads took: 0.0000334 seconds
2017-06-10T02:34:48.019-0300: 148186.521: Total time for which application threads were stopped: 0.0002298 seconds, Stopping threads took: 0.0000224 seconds
2017-06-10T02:34:48.148-0300: 148186.651: Total time for which application threads were stopped: 0.0003183 seconds, Stopping threads took: 0.0000206 seconds
2017-06-10T02:34:48.711-0300: 148187.214: Total time for which application threads were stopped: 0.0002186 seconds, Stopping threads took: 0.0000224 seconds
2017-06-10T02:34:48.724-0300: 148187.226: Total time for which application threads were stopped: 0.0123862 seconds, Stopping threads took: 0.0119278 seconds
2017-06-10T02:34:48.728-0300: 148187.230: Total time for which application threads were stopped: 0.0004956 seconds, Stopping threads took: 0.0001073 seconds
2017-06-10T02:34:48.732-0300: 148187.234: Total time for which application threads were stopped: 0.0003915 seconds, Stopping threads took: 0.0000249 seconds
2017-06-10T02:34:48.733-0300: 148187.236: Total time for which application threads were stopped: 0.0003793 seconds, Stopping threads took: 0.0000229 seconds
2017-06-10T02:34:48.734-0300: 148187.236: Total time for which application threads were stopped: 0.0001690 seconds, Stopping threads took: 0.0000090 seconds
2017-06-10T02:34:48.734-0300: 148187.236: Total time for which application threads were stopped: 0.0001659 seconds, Stopping threads took: 0.0000118 seconds
2017-06-10T02:34:48.750-0300: 148187.253: Total time for which application threads were stopped: 0.0002496 seconds, Stopping threads took: 0.0000383 seconds
2017-06-10T02:34:48.754-0300: 148187.256: Total time for which application threads were stopped: 0.0004713 seconds, Stopping threads took: 0.0000859 seconds
2017-06-10T02:34:48.755-0300: 148187.257: Total time for which application threads were stopped: 0.0004012 seconds, Stopping threads took: 0.0000557 seconds
2017-06-10T02:34:48.757-0300: 148187.260: Total time for which application threads were stopped: 0.0011738 seconds, Stopping threads took: 0.0008531 seconds
2017-06-10T02:34:48.761-0300: 148187.264: Total time for which application threads were stopped: 0.0018098 seconds, Stopping threads took: 0.0015824 seconds
2017-06-10T02:34:48.767-0300: 148187.270: Total time for which application threads were stopped: 0.0002571 seconds, Stopping threads took: 0.0000312 seconds
2017-06-10T02:34:48.769-0300: 148187.271: Total time for which application threads were stopped: 0.0001883 seconds, Stopping threads took: 0.0000267 seconds
2017-06-10T02:34:48.881-0300: 148187.383: Total time for which application threads were stopped: 0.0004307 seconds, Stopping threads took: 0.0001258 seconds
2017-06-10T02:34:48.882-0300: 148187.384: Total time for which application threads were stopped: 0.0001718 seconds, Stopping threads took: 0.0000135 seconds
2017-06-10T02:34:48.884-0300: 148187.386: Total time for which application threads were stopped: 0.0001735 seconds, Stopping threads took: 0.0000104 seconds
2017-06-10T11:35:30.311-0300: 148218.862: Total time for which application threads were stopped: 0.0140126 seconds, Stopping threads took: 0.0058310 seconds
2017-06-10T11:35:31.335-0300: 148219.886: Total time for which application threads were stopped: 0.0028614 seconds, Stopping threads took: 0.0007161 seconds
2017-06-10T11:35:31.336-0300: 148219.887: Total time for which application threads were stopped: 0.0002816 seconds, Stopping threads took: 0.0001184 seconds
2017-06-10T11:35:31.339-0300: 148219.890: Total time for which application threads were stopped: 0.0003576 seconds, Stopping threads took: 0.0001968 seconds
2017-06-10T11:35:31.339-0300: 148219.890: Total time for which application threads were stopped: 0.0003845 seconds, Stopping threads took: 0.0002498 seconds
2017-06-10T11:35:31.340-0300: 148219.891: Total time for which application threads were stopped: 0.0007922 seconds, Stopping threads took: 0.0001613 seconds
2017-06-10T11:35:31.341-0300: 148219.892: Total time for which application threads were stopped: 0.0002047 seconds, Stopping threads took: 0.0000720 seconds
2017-06-10T11:35:31.344-0300: 148219.895: Total time for which application threads were stopped: 0.0001808 seconds, Stopping threads took: 0.0000158 seconds
2017-06-10T11:35:31.410-0300: 148219.961: Total time for which application threads were stopped: 0.0003068 seconds, Stopping threads took: 0.0000290 seconds
2017-06-10T11:35:31.411-0300: 148219.962: Total time for which application threads were stopped: 0.0001275 seconds, Stopping threads took: 0.0000113 seconds
2017-06-10T11:35:31.622-0300: 148220.173: Total time for which application threads were stopped: 0.0012811 seconds, Stopping threads took: 0.0004150 seconds
2017-06-10T11:35:31.626-0300: 148220.177: Total time for which application threads were stopped: 0.0002749 seconds, Stopping threads took: 0.0000197 seconds
2017-06-10T11:35:31.627-0300: 148220.178: Total time for which application threads were stopped: 0.0008168 seconds, Stopping threads took: 0.0006220 seconds
2017-06-10T11:35:31.628-0300: 148220.180: Total time for which application threads were stopped: 0.0002138 seconds, Stopping threads took: 0.0000135 seconds
2017-06-10T11:35:31.633-0300: 148220.184: Total time for which application threads were stopped: 0.0007444 seconds, Stopping threads took: 0.0005771 seconds
2017-06-10T11:35:31.663-0300: 148220.214: Total time for which application threads were stopped: 0.0002035 seconds, Stopping threads took: 0.0000181 seconds
2017-06-10T11:35:31.672-0300: 148220.223: Total time for which application threads were stopped: 0.0001960 seconds, Stopping threads took: 0.0000193 seconds
2017-06-10T11:35:31.790-0300: 148220.341: Total time for which application threads were stopped: 0.0007489 seconds, Stopping threads took: 0.0005634 seconds
2017-06-10T11:35:31.792-0300: 148220.343: Total time for which application threads were stopped: 0.0004348 seconds, Stopping threads took: 0.0002720 seconds
2017-06-10T11:35:31.793-0300: 148220.344: Total time for which application threads were stopped: 0.0001732 seconds, Stopping threads took: 0.0000092 seconds
2017-06-10T22:21:36.326-0300: 148252.635: Total time for which application threads were stopped: 0.0456445 seconds, Stopping threads took: 0.0399207 seconds
2017-06-10T22:21:37.359-0300: 148253.668: Total time for which application threads were stopped: 0.0011812 seconds, Stopping threads took: 0.0009435 seconds
2017-06-10T22:21:37.361-0300: 148253.670: Total time for which application threads were stopped: 0.0006663 seconds, Stopping threads took: 0.0005108 seconds
2017-06-10T22:21:37.362-0300: 148253.670: Total time for which application threads were stopped: 0.0002549 seconds, Stopping threads took: 0.0001085 seconds
2017-06-10T22:21:37.364-0300: 148253.672: Total time for which application threads were stopped: 0.0003117 seconds, Stopping threads took: 0.0001791 seconds
2017-06-10T22:21:37.366-0300: 148253.675: Total time for which application threads were stopped: 0.0008174 seconds, Stopping threads took: 0.0000146 seconds
2017-06-10T22:21:37.369-0300: 148253.678: Total time for which application threads were stopped: 0.0001730 seconds, Stopping threads took: 0.0000151 seconds
2017-06-10T22:21:37.376-0300: 148253.685: Total time for which application threads were stopped: 0.0004624 seconds, Stopping threads took: 0.0000232 seconds
2017-06-10T22:21:37.376-0300: 148253.685: Total time for which application threads were stopped: 0.0001288 seconds, Stopping threads took: 0.0000071 seconds
2017-06-10T22:21:37.418-0300: 148253.726: Total time for which application threads were stopped: 0.0029694 seconds, Stopping threads took: 0.0026755 seconds
2017-06-10T22:21:37.419-0300: 148253.728: Total time for which application threads were stopped: 0.0008716 seconds, Stopping threads took: 0.0000161 seconds
2017-06-10T22:21:37.422-0300: 148253.731: Total time for which application threads were stopped: 0.0008088 seconds, Stopping threads took: 0.0005760 seconds
2017-06-10T22:21:37.423-0300: 148253.732: Total time for which application threads were stopped: 0.0002209 seconds, Stopping threads took: 0.0000160 seconds
2017-06-10T22:21:37.430-0300: 148253.739: Total time for which application threads were stopped: 0.0030467 seconds, Stopping threads took: 0.0027953 seconds
2017-06-10T22:21:37.438-0300: 148253.747: Total time for which application threads were stopped: 0.0028505 seconds, Stopping threads took: 0.0002061 seconds
2017-06-10T22:21:37.441-0300: 148253.750: Total time for which application threads were stopped: 0.0008636 seconds, Stopping threads took: 0.0006642 seconds
2017-06-10T22:21:37.612-0300: 148253.921: Total time for which application threads were stopped: 0.0002456 seconds, Stopping threads took: 0.0000214 seconds
2017-06-10T22:21:37.613-0300: 148253.922: Total time for which application threads were stopped: 0.0001570 seconds, Stopping threads took: 0.0000128 seconds
2017-06-10T22:21:37.613-0300: 148253.922: Total time for which application threads were stopped: 0.0001498 seconds, Stopping threads took: 0.0000123 seconds
2017-06-10T23:06:54.133-0300: 149508.187: Total time for which application threads were stopped: 0.0192450 seconds, Stopping threads took: 0.0189773 seconds
2017-06-10T23:06:54.134-0300: 149508.188: Total time for which application threads were stopped: 0.0002095 seconds, Stopping threads took: 0.0000321 seconds
2017-06-10T23:06:54.244-0300: 149508.299: Total time for which application threads were stopped: 0.0001849 seconds, Stopping threads took: 0.0000313 seconds
2017-06-10T23:06:54.572-0300: 149508.626: Total time for which application threads were stopped: 0.0002354 seconds, Stopping threads took: 0.0000952 seconds
2017-06-10T23:06:54.572-0300: 149508.627: Total time for which application threads were stopped: 0.0002515 seconds, Stopping threads took: 0.0000905 seconds
2017-06-10T23:06:54.573-0300: 149508.627: Total time for which application threads were stopped: 0.0000922 seconds, Stopping threads took: 0.0000206 seconds
2017-06-10T23:06:54.573-0300: 149508.627: Total time for which application threads were stopped: 0.0002544 seconds, Stopping threads took: 0.0001822 seconds
2017-06-10T23:06:54.573-0300: 149508.627: Total time for which application threads were stopped: 0.0002626 seconds, Stopping threads took: 0.0000894 seconds
2017-06-10T23:06:54.575-0300: 149508.629: Total time for which application threads were stopped: 0.0002514 seconds, Stopping threads took: 0.0001245 seconds
2017-06-10T23:06:54.577-0300: 149508.631: Total time for which application threads were stopped: 0.0002332 seconds, Stopping threads took: 0.0001029 seconds
2017-06-10T23:06:54.580-0300: 149508.634: Total time for which application threads were stopped: 0.0001828 seconds, Stopping threads took: 0.0000417 seconds
2017-06-10T23:06:54.580-0300: 149508.634: Total time for which application threads were stopped: 0.0002107 seconds, Stopping threads took: 0.0000066 seconds
2017-06-10T23:06:54.580-0300: 149508.634: Total time for which application threads were stopped: 0.0001319 seconds, Stopping threads took: 0.0000474 seconds
2017-06-10T23:06:54.582-0300: 149508.637: Total time for which application threads were stopped: 0.0001734 seconds, Stopping threads took: 0.0000318 seconds
2017-06-10T23:06:54.600-0300: 149508.654: Total time for which application threads were stopped: 0.0017937 seconds, Stopping threads took: 0.0009480 seconds
2017-06-10T23:06:54.600-0300: 149508.654: Total time for which application threads were stopped: 0.0002410 seconds, Stopping threads took: 0.0000704 seconds
2017-06-10T23:06:54.600-0300: 149508.655: Total time for which application threads were stopped: 0.0002395 seconds, Stopping threads took: 0.0001434 seconds
2017-06-10T23:06:54.604-0300: 149508.658: Total time for which application threads were stopped: 0.0001872 seconds, Stopping threads took: 0.0000145 seconds
2017-06-10T23:06:54.605-0300: 149508.659: Total time for which application threads were stopped: 0.0003310 seconds, Stopping threads took: 0.0000126 seconds
2017-06-10T23:06:54.605-0300: 149508.660: Total time for which application threads were stopped: 0.0001482 seconds, Stopping threads took: 0.0000112 seconds
2017-06-10T23:06:54.608-0300: 149508.662: Total time for which application threads were stopped: 0.0002584 seconds, Stopping threads took: 0.0000931 seconds
2017-06-10T23:06:54.612-0300: 149508.666: Total time for which application threads were stopped: 0.0001590 seconds, Stopping threads took: 0.0000145 seconds
2017-06-10T23:06:54.615-0300: 149508.669: Total time for which application threads were stopped: 0.0008680 seconds, Stopping threads took: 0.0007169 seconds
2017-06-10T23:06:54.724-0300: 149508.779: Total time for which application threads were stopped: 0.0002147 seconds, Stopping threads took: 0.0000221 seconds
2017-06-10T23:06:54.725-0300: 149508.780: Total time for which application threads were stopped: 0.0001564 seconds, Stopping threads took: 0.0000126 seconds
2017-06-10T23:06:54.727-0300: 149508.781: Total time for which application threads were stopped: 0.0001772 seconds, Stopping threads took: 0.0000129 seconds
{Heap before GC invocations=26 (full 2):
 par new generation   total 109248K, used 88713K [0x00000007a0000000, 0x00000007a8000000, 0x00000007a8000000)
  eden space 87424K, 100% used [0x00000007a0000000, 0x00000007a5560000, 0x00000007a5560000)
  from space 21824K,   5% used [0x00000007a5560000, 0x00000007a56a2440, 0x00000007a6ab0000)
  to   space 21824K,   0% used [0x00000007a6ab0000, 0x00000007a6ab0000, 0x00000007a8000000)
 concurrent mark-sweep generation total 393216K, used 19995K [0x00000007a8000000, 0x00000007c0000000, 0x00000007c0000000)
 Metaspace       used 39496K, capacity 40502K, committed 40564K, reserved 1085440K
  class space    used 4520K, capacity 4795K, committed 4804K, reserved 1048576K
2017-06-10T23:29:46.766-0300: 150880.799: [GC (Allocation Failure) 2017-06-10T23:29:46.776-0300: 150880.809: [ParNew
Desired survivor size 20112992 bytes, new threshold 8 (max 8)
- age   1:     820616 bytes,     820616 total
- age   2:       4208 bytes,     824824 total
- age   3:       9368 bytes,     834192 total
- age   4:       2360 bytes,     836552 total
- age   5:       7272 bytes,     843824 total
- age   6:       4144 bytes,     847968 total
- age   7:       4128 bytes,     852096 total
- age   8:      10824 bytes,     862920 total
: 88713K->1048K(109248K), 0.0262693 secs] 108708K->21050K(502464K), 0.0359267 secs] [Times: user=0.02 sys=0.06, real=0.04 secs] 
Heap after GC invocations=27 (full 2):
 par new generation   total 109248K, used 1048K [0x00000007a0000000, 0x00000007a8000000, 0x00000007a8000000)
  eden space 87424K,   0% used [0x00000007a0000000, 0x00000007a0000000, 0x00000007a5560000)
  from space 21824K,   4% used [0x00000007a6ab0000, 0x00000007a6bb6050, 0x00000007a8000000)
  to   space 21824K,   0% used [0x00000007a5560000, 0x00000007a5560000, 0x00000007a6ab0000)
 concurrent mark-sweep generation total 393216K, used 20002K [0x00000007a8000000, 0x00000007c0000000, 0x00000007c0000000)
 Metaspace       used 39496K, capacity 40502K, committed 40564K, reserved 1085440K
  class space    used 4520K, capacity 4795K, committed 4804K, reserved 1048576K
}
2017-06-10T23:29:46.802-0300: 150880.835: Total time for which application threads were stopped: 0.0363664 seconds, Stopping threads took: 0.0000291 seconds
2017-06-10T23:43:32.005-0300: 151656.156: Total time for which application threads were stopped: 0.0002202 seconds, Stopping threads took: 0.0000193 seconds
2017-06-10T23:43:32.134-0300: 151656.285: Total time for which application threads were stopped: 0.0113875 seconds, Stopping threads took: 0.0111874 seconds
2017-06-10T23:43:32.134-0300: 151656.285: Total time for which application threads were stopped: 0.0001854 seconds, Stopping threads took: 0.0000291 seconds
2017-06-10T23:43:32.273-0300: 151656.424: Total time for which application threads were stopped: 0.0081285 seconds, Stopping threads took: 0.0079373 seconds
2017-06-10T23:43:32.273-0300: 151656.424: Total time for which application threads were stopped: 0.0001690 seconds, Stopping threads took: 0.0000147 seconds
2017-06-10T23:43:33.101-0300: 151657.252: Total time for which application threads were stopped: 0.0002007 seconds, Stopping threads took: 0.0000350 seconds
2017-06-10T23:43:33.101-0300: 151657.252: Total time for which application threads were stopped: 0.0003392 seconds, Stopping threads took: 0.0000309 seconds
2017-06-10T23:43:33.102-0300: 151657.252: Total time for which application threads were stopped: 0.0001623 seconds, Stopping threads took: 0.0000633 seconds
2017-06-10T23:43:33.102-0300: 151657.253: Total time for which application threads were stopped: 0.0001117 seconds, Stopping threads took: 0.0000231 seconds
2017-06-10T23:43:33.103-0300: 151657.254: Total time for which application threads were stopped: 0.0001693 seconds, Stopping threads took: 0.0000259 seconds
2017-06-10T23:43:33.106-0300: 151657.256: Total time for which application threads were stopped: 0.0002037 seconds, Stopping threads took: 0.0000323 seconds
2017-06-10T23:43:33.106-0300: 151657.257: Total time for which application threads were stopped: 0.0001304 seconds, Stopping threads took: 0.0000061 seconds
2017-06-10T23:43:33.107-0300: 151657.258: Total time for which application threads were stopped: 0.0001509 seconds, Stopping threads took: 0.0000105 seconds
2017-06-10T23:43:33.116-0300: 151657.266: Total time for which application threads were stopped: 0.0001961 seconds, Stopping threads took: 0.0000397 seconds
2017-06-10T23:43:33.116-0300: 151657.267: Total time for which application threads were stopped: 0.0002530 seconds, Stopping threads took: 0.0001053 seconds
2017-06-10T23:43:33.117-0300: 151657.267: Total time for which application threads were stopped: 0.0002485 seconds, Stopping threads took: 0.0000514 seconds
2017-06-10T23:43:33.118-0300: 151657.268: Total time for which application threads were stopped: 0.0002259 seconds, Stopping threads took: 0.0000308 seconds
2017-06-10T23:43:33.120-0300: 151657.270: Total time for which application threads were stopped: 0.0003354 seconds, Stopping threads took: 0.0000903 seconds
2017-06-10T23:43:33.120-0300: 151657.271: Total time for which application threads were stopped: 0.0002112 seconds, Stopping threads took: 0.0000588 seconds
2017-06-10T23:43:33.121-0300: 151657.272: Total time for which application threads were stopped: 0.0002501 seconds, Stopping threads took: 0.0000401 seconds
2017-06-10T23:43:33.123-0300: 151657.274: Total time for which application threads were stopped: 0.0002209 seconds, Stopping threads took: 0.0000391 seconds
2017-06-10T23:43:33.125-0300: 151657.276: Total time for which application threads were stopped: 0.0002897 seconds, Stopping threads took: 0.0000349 seconds
2017-06-10T23:43:33.127-0300: 151657.278: Total time for which application threads were stopped: 0.0003598 seconds, Stopping threads took: 0.0001929 seconds
2017-06-10T23:43:33.232-0300: 151657.383: Total time for which application threads were stopped: 0.0002000 seconds, Stopping threads took: 0.0000261 seconds
2017-06-10T23:43:33.233-0300: 151657.383: Total time for which application threads were stopped: 0.0001432 seconds, Stopping threads took: 0.0000090 seconds
2017-06-10T23:43:33.233-0300: 151657.384: Total time for which application threads were stopped: 0.0001131 seconds, Stopping threads took: 0.0000087 seconds
2017-06-11T01:05:31.020-0300: 151812.212: Total time for which application threads were stopped: 0.0001918 seconds, Stopping threads took: 0.0000183 seconds
2017-06-11T01:05:31.130-0300: 151812.321: Total time for which application threads were stopped: 0.0003531 seconds, Stopping threads took: 0.0001598 seconds
2017-06-11T01:05:31.130-0300: 151812.322: Total time for which application threads were stopped: 0.0002975 seconds, Stopping threads took: 0.0000863 seconds
2017-06-11T01:05:31.131-0300: 151812.323: Total time for which application threads were stopped: 0.0001954 seconds, Stopping threads took: 0.0000127 seconds
2017-06-11T01:05:31.745-0300: 151812.937: Total time for which application threads were stopped: 0.0001768 seconds, Stopping threads took: 0.0000285 seconds
2017-06-11T01:05:31.745-0300: 151812.937: Total time for which application threads were stopped: 0.0001381 seconds, Stopping threads took: 0.0000173 seconds
2017-06-11T01:05:31.745-0300: 151812.937: Total time for which application threads were stopped: 0.0001176 seconds, Stopping threads took: 0.0000099 seconds
2017-06-11T01:05:31.746-0300: 151812.938: Total time for which application threads were stopped: 0.0001192 seconds, Stopping threads took: 0.0000329 seconds
2017-06-11T01:05:31.746-0300: 151812.938: Total time for which application threads were stopped: 0.0003578 seconds, Stopping threads took: 0.0000164 seconds
2017-06-11T01:05:31.747-0300: 151812.939: Total time for which application threads were stopped: 0.0001291 seconds, Stopping threads took: 0.0000337 seconds
2017-06-11T01:05:31.747-0300: 151812.939: Total time for which application threads were stopped: 0.0001307 seconds, Stopping threads took: 0.0000077 seconds
2017-06-11T01:05:32.447-0300: 151813.639: Total time for which application threads were stopped: 0.0002413 seconds, Stopping threads took: 0.0000256 seconds
2017-06-11T01:05:32.448-0300: 151813.640: Total time for which application threads were stopped: 0.0005534 seconds, Stopping threads took: 0.0000097 seconds
2017-06-11T01:05:32.451-0300: 151813.643: Total time for which application threads were stopped: 0.0002365 seconds, Stopping threads took: 0.0000187 seconds
2017-06-11T01:05:32.489-0300: 151813.681: Total time for which application threads were stopped: 0.0117355 seconds, Stopping threads took: 0.0113011 seconds
2017-06-11T01:05:32.494-0300: 151813.686: Total time for which application threads were stopped: 0.0002695 seconds, Stopping threads took: 0.0000412 seconds
2017-06-11T01:05:32.494-0300: 151813.686: Total time for which application threads were stopped: 0.0002077 seconds, Stopping threads took: 0.0000189 seconds
2017-06-11T01:05:32.496-0300: 151813.688: Total time for which application threads were stopped: 0.0002274 seconds, Stopping threads took: 0.0000223 seconds
2017-06-11T01:05:32.499-0300: 151813.691: Total time for which application threads were stopped: 0.0002596 seconds, Stopping threads took: 0.0000378 seconds
2017-06-11T01:05:32.507-0300: 151813.699: Total time for which application threads were stopped: 0.0004149 seconds, Stopping threads took: 0.0000245 seconds
2017-06-11T01:05:32.512-0300: 151813.704: Total time for which application threads were stopped: 0.0002329 seconds, Stopping threads took: 0.0000258 seconds
2017-06-11T01:05:32.620-0300: 151813.812: Total time for which application threads were stopped: 0.0002518 seconds, Stopping threads took: 0.0000360 seconds
2017-06-11T01:05:32.621-0300: 151813.813: Total time for which application threads were stopped: 0.0001925 seconds, Stopping threads took: 0.0000179 seconds
2017-06-11T01:05:32.622-0300: 151813.814: Total time for which application threads were stopped: 0.0001922 seconds, Stopping threads took: 0.0000186 seconds
2017-06-11T02:46:07.009-0300: 151822.732: Total time for which application threads were stopped: 0.0001990 seconds, Stopping threads took: 0.0000219 seconds
2017-06-11T02:46:07.251-0300: 151822.974: Total time for which application threads were stopped: 0.0003839 seconds, Stopping threads took: 0.0000937 seconds
2017-06-11T02:46:07.251-0300: 151822.974: Total time for which application threads were stopped: 0.0002924 seconds, Stopping threads took: 0.0000652 seconds
2017-06-11T02:46:07.252-0300: 151822.975: Total time for which application threads were stopped: 0.0002507 seconds, Stopping threads took: 0.0000689 seconds
2017-06-11T02:46:07.252-0300: 151822.975: Total time for which application threads were stopped: 0.0003419 seconds, Stopping threads took: 0.0001752 seconds
2017-06-11T02:46:07.253-0300: 151822.976: Total time for which application threads were stopped: 0.0002827 seconds, Stopping threads took: 0.0000660 seconds
2017-06-11T02:46:07.254-0300: 151822.978: Total time for which application threads were stopped: 0.0002531 seconds, Stopping threads took: 0.0000203 seconds
2017-06-11T02:46:07.257-0300: 151822.980: Total time for which application threads were stopped: 0.0002782 seconds, Stopping threads took: 0.0000254 seconds
2017-06-11T02:46:07.257-0300: 151822.980: Total time for which application threads were stopped: 0.0002133 seconds, Stopping threads took: 0.0000148 seconds
2017-06-11T02:46:07.279-0300: 151823.002: Total time for which application threads were stopped: 0.0004029 seconds, Stopping threads took: 0.0001047 seconds
2017-06-11T02:46:07.282-0300: 151823.005: Total time for which application threads were stopped: 0.0003588 seconds, Stopping threads took: 0.0000349 seconds
2017-06-11T02:46:07.283-0300: 151823.006: Total time for which application threads were stopped: 0.0004805 seconds, Stopping threads took: 0.0001519 seconds
2017-06-11T02:46:07.284-0300: 151823.007: Total time for which application threads were stopped: 0.0003145 seconds, Stopping threads took: 0.0000227 seconds
2017-06-11T02:46:07.287-0300: 151823.010: Total time for which application threads were stopped: 0.0003028 seconds, Stopping threads took: 0.0000321 seconds
2017-06-11T02:46:07.292-0300: 151823.015: Total time for which application threads were stopped: 0.0003318 seconds, Stopping threads took: 0.0000310 seconds
2017-06-11T02:46:07.295-0300: 151823.018: Total time for which application threads were stopped: 0.0003007 seconds, Stopping threads took: 0.0000299 seconds
2017-06-11T02:46:07.399-0300: 151823.123: Total time for which application threads were stopped: 0.0003218 seconds, Stopping threads took: 0.0000559 seconds
2017-06-11T02:46:07.401-0300: 151823.124: Total time for which application threads were stopped: 0.0002463 seconds, Stopping threads took: 0.0000628 seconds
2017-06-11T02:46:07.402-0300: 151823.125: Total time for which application threads were stopped: 0.0002601 seconds, Stopping threads took: 0.0001188 seconds
2017-06-11T11:46:50.271-0300: 151850.161: Total time for which application threads were stopped: 0.0384092 seconds, Stopping threads took: 0.0265234 seconds
2017-06-11T11:46:51.299-0300: 151851.189: Total time for which application threads were stopped: 0.0004725 seconds, Stopping threads took: 0.0002425 seconds
2017-06-11T11:46:51.300-0300: 151851.190: Total time for which application threads were stopped: 0.0010494 seconds, Stopping threads took: 0.0008665 seconds
2017-06-11T11:46:51.303-0300: 151851.192: Total time for which application threads were stopped: 0.0003535 seconds, Stopping threads took: 0.0002100 seconds
2017-06-11T11:46:51.303-0300: 151851.193: Total time for which application threads were stopped: 0.0001343 seconds, Stopping threads took: 0.0000094 seconds
2017-06-11T11:46:51.307-0300: 151851.197: Total time for which application threads were stopped: 0.0011271 seconds, Stopping threads took: 0.0009856 seconds
2017-06-11T11:46:51.313-0300: 151851.202: Total time for which application threads were stopped: 0.0003788 seconds, Stopping threads took: 0.0002291 seconds
2017-06-11T11:46:51.318-0300: 151851.208: Total time for which application threads were stopped: 0.0005299 seconds, Stopping threads took: 0.0001921 seconds
2017-06-11T11:46:51.319-0300: 151851.208: Total time for which application threads were stopped: 0.0001867 seconds, Stopping threads took: 0.0000598 seconds
2017-06-11T11:46:51.393-0300: 151851.283: Total time for which application threads were stopped: 0.0012573 seconds, Stopping threads took: 0.0000329 seconds
2017-06-11T11:46:51.409-0300: 151851.299: Total time for which application threads were stopped: 0.0118859 seconds, Stopping threads took: 0.0108786 seconds
2017-06-11T11:46:51.420-0300: 151851.310: Total time for which application threads were stopped: 0.0109960 seconds, Stopping threads took: 0.0107782 seconds
2017-06-11T11:46:51.423-0300: 151851.313: Total time for which application threads were stopped: 0.0006552 seconds, Stopping threads took: 0.0004846 seconds
2017-06-11T11:46:51.427-0300: 151851.317: Total time for which application threads were stopped: 0.0007719 seconds, Stopping threads took: 0.0005877 seconds
2017-06-11T11:46:51.432-0300: 151851.322: Total time for which application threads were stopped: 0.0002421 seconds, Stopping threads took: 0.0000255 seconds
2017-06-11T11:46:51.436-0300: 151851.325: Total time for which application threads were stopped: 0.0003967 seconds, Stopping threads took: 0.0001560 seconds
2017-06-11T11:46:51.553-0300: 151851.442: Total time for which application threads were stopped: 0.0008222 seconds, Stopping threads took: 0.0006301 seconds
2017-06-11T11:46:51.732-0300: 151851.622: Total time for which application threads were stopped: 0.0002039 seconds, Stopping threads took: 0.0000211 seconds
2017-06-11T11:46:51.815-0300: 151851.705: Total time for which application threads were stopped: 0.0002256 seconds, Stopping threads took: 0.0000270 seconds
2017-06-11T21:20:08.336-0300: 151886.355: Total time for which application threads were stopped: 0.0363696 seconds, Stopping threads took: 0.0136624 seconds
2017-06-11T21:20:09.030-0300: 151887.048: Total time for which application threads were stopped: 0.0025018 seconds, Stopping threads took: 0.0014498 seconds
2017-06-11T21:20:09.033-0300: 151887.052: Total time for which application threads were stopped: 0.0003905 seconds, Stopping threads took: 0.0002335 seconds
2017-06-11T21:20:09.034-0300: 151887.053: Total time for which application threads were stopped: 0.0008581 seconds, Stopping threads took: 0.0006849 seconds
2017-06-11T21:20:09.047-0300: 151887.065: Total time for which application threads were stopped: 0.0118303 seconds, Stopping threads took: 0.0109027 seconds
2017-06-11T21:20:09.059-0300: 151887.078: Total time for which application threads were stopped: 0.0123042 seconds, Stopping threads took: 0.0113325 seconds
2017-06-11T21:20:09.060-0300: 151887.079: Total time for which application threads were stopped: 0.0001949 seconds, Stopping threads took: 0.0000280 seconds
2017-06-11T21:20:09.099-0300: 151887.117: Total time for which application threads were stopped: 0.0351809 seconds, Stopping threads took: 0.0348787 seconds
2017-06-11T21:20:09.104-0300: 151887.123: Total time for which application threads were stopped: 0.0006354 seconds, Stopping threads took: 0.0003755 seconds
2017-06-11T21:20:09.104-0300: 151887.123: Total time for which application threads were stopped: 0.0001316 seconds, Stopping threads took: 0.0000070 seconds
2017-06-11T21:20:09.140-0300: 151887.158: Total time for which application threads were stopped: 0.0006829 seconds, Stopping threads took: 0.0003730 seconds
2017-06-11T21:20:09.149-0300: 151887.167: Total time for which application threads were stopped: 0.0056201 seconds, Stopping threads took: 0.0053437 seconds
2017-06-11T21:20:09.162-0300: 151887.181: Total time for which application threads were stopped: 0.0118383 seconds, Stopping threads took: 0.0115949 seconds
2017-06-11T21:20:09.165-0300: 151887.183: Total time for which application threads were stopped: 0.0001866 seconds, Stopping threads took: 0.0000344 seconds
2017-06-11T21:20:09.172-0300: 151887.191: Total time for which application threads were stopped: 0.0025634 seconds, Stopping threads took: 0.0000642 seconds
2017-06-11T21:20:09.176-0300: 151887.194: Total time for which application threads were stopped: 0.0002272 seconds, Stopping threads took: 0.0000772 seconds
2017-06-11T21:20:09.283-0300: 151887.301: Total time for which application threads were stopped: 0.0005522 seconds, Stopping threads took: 0.0000211 seconds
2017-06-11T21:20:09.298-0300: 151887.316: Total time for which application threads were stopped: 0.0137064 seconds, Stopping threads took: 0.0135157 seconds
2017-06-11T21:20:09.301-0300: 151887.319: Total time for which application threads were stopped: 0.0002633 seconds, Stopping threads took: 0.0000896 seconds
2017-06-11T21:38:07.010-0300: 152658.075: Total time for which application threads were stopped: 0.0002770 seconds, Stopping threads took: 0.0000194 seconds
2017-06-11T21:38:07.112-0300: 152658.178: Total time for which application threads were stopped: 0.0020183 seconds, Stopping threads took: 0.0000652 seconds
2017-06-11T21:38:07.113-0300: 152658.179: Total time for which application threads were stopped: 0.0006860 seconds, Stopping threads took: 0.0004650 seconds
2017-06-11T21:38:07.114-0300: 152658.180: Total time for which application threads were stopped: 0.0005668 seconds, Stopping threads took: 0.0003710 seconds
2017-06-11T21:38:07.115-0300: 152658.180: Total time for which application threads were stopped: 0.0001880 seconds, Stopping threads took: 0.0000136 seconds
2017-06-11T21:38:07.515-0300: 152658.581: Total time for which application threads were stopped: 0.0005904 seconds, Stopping threads took: 0.0001051 seconds
2017-06-11T21:38:07.517-0300: 152658.582: Total time for which application threads were stopped: 0.0008190 seconds, Stopping threads took: 0.0005475 seconds
2017-06-11T21:38:07.523-0300: 152658.588: Total time for which application threads were stopped: 0.0004303 seconds, Stopping threads took: 0.0000587 seconds
2017-06-11T21:38:07.529-0300: 152658.594: Total time for which application threads were stopped: 0.0002700 seconds, Stopping threads took: 0.0001033 seconds
2017-06-11T21:38:07.529-0300: 152658.595: Total time for which application threads were stopped: 0.0002250 seconds, Stopping threads took: 0.0000843 seconds
2017-06-11T21:38:07.534-0300: 152658.600: Total time for which application threads were stopped: 0.0006066 seconds, Stopping threads took: 0.0003888 seconds
2017-06-11T21:38:07.569-0300: 152658.634: Total time for which application threads were stopped: 0.0024878 seconds, Stopping threads took: 0.0020104 seconds
2017-06-11T21:38:07.570-0300: 152658.635: Total time for which application threads were stopped: 0.0002226 seconds, Stopping threads took: 0.0000287 seconds
2017-06-11T21:38:07.573-0300: 152658.639: Total time for which application threads were stopped: 0.0014634 seconds, Stopping threads took: 0.0012486 seconds
2017-06-11T21:38:07.575-0300: 152658.640: Total time for which application threads were stopped: 0.0006051 seconds, Stopping threads took: 0.0003623 seconds
2017-06-11T21:38:07.576-0300: 152658.641: Total time for which application threads were stopped: 0.0005681 seconds, Stopping threads took: 0.0004046 seconds
2017-06-11T21:38:07.577-0300: 152658.643: Total time for which application threads were stopped: 0.0002481 seconds, Stopping threads took: 0.0000348 seconds
2017-06-11T21:38:07.581-0300: 152658.646: Total time for which application threads were stopped: 0.0002105 seconds, Stopping threads took: 0.0000294 seconds
2017-06-11T21:38:07.582-0300: 152658.648: Total time for which application threads were stopped: 0.0002152 seconds, Stopping threads took: 0.0000180 seconds
2017-06-11T21:38:07.687-0300: 152658.752: Total time for which application threads were stopped: 0.0002089 seconds, Stopping threads took: 0.0000219 seconds
2017-06-11T21:38:07.689-0300: 152658.754: Total time for which application threads were stopped: 0.0002030 seconds, Stopping threads took: 0.0000217 seconds
2017-06-11T21:38:07.690-0300: 152658.756: Total time for which application threads were stopped: 0.0002969 seconds, Stopping threads took: 0.0000368 seconds
2017-06-11T22:38:53.007-0300: 152712.122: Total time for which application threads were stopped: 0.0005422 seconds, Stopping threads took: 0.0000253 seconds
2017-06-11T22:38:53.529-0300: 152712.644: Total time for which application threads were stopped: 0.0003460 seconds, Stopping threads took: 0.0000764 seconds
2017-06-11T22:38:53.532-0300: 152712.647: Total time for which application threads were stopped: 0.0021223 seconds, Stopping threads took: 0.0018186 seconds
2017-06-11T22:38:53.533-0300: 152712.648: Total time for which application threads were stopped: 0.0014009 seconds, Stopping threads took: 0.0000574 seconds
2017-06-11T22:38:53.534-0300: 152712.649: Total time for which application threads were stopped: 0.0002479 seconds, Stopping threads took: 0.0000805 seconds
2017-06-11T22:38:53.535-0300: 152712.650: Total time for which application threads were stopped: 0.0003135 seconds, Stopping threads took: 0.0001077 seconds
2017-06-11T22:38:53.536-0300: 152712.651: Total time for which application threads were stopped: 0.0002798 seconds, Stopping threads took: 0.0000506 seconds
2017-06-11T22:38:54.351-0300: 152713.467: Total time for which application threads were stopped: 0.0002204 seconds, Stopping threads took: 0.0000228 seconds
2017-06-11T22:38:54.352-0300: 152713.467: Total time for which application threads were stopped: 0.0002102 seconds, Stopping threads took: 0.0000123 seconds
2017-06-11T22:38:54.370-0300: 152713.485: Total time for which application threads were stopped: 0.0005509 seconds, Stopping threads took: 0.0003221 seconds
2017-06-11T22:38:54.374-0300: 152713.489: Total time for which application threads were stopped: 0.0008247 seconds, Stopping threads took: 0.0006070 seconds
2017-06-11T22:38:54.374-0300: 152713.489: Total time for which application threads were stopped: 0.0002575 seconds, Stopping threads took: 0.0000356 seconds
2017-06-11T22:38:54.375-0300: 152713.490: Total time for which application threads were stopped: 0.0002234 seconds, Stopping threads took: 0.0000184 seconds
2017-06-11T22:38:54.377-0300: 152713.492: Total time for which application threads were stopped: 0.0002286 seconds, Stopping threads took: 0.0000362 seconds
2017-06-11T22:38:54.380-0300: 152713.495: Total time for which application threads were stopped: 0.0001995 seconds, Stopping threads took: 0.0000229 seconds
2017-06-11T22:38:54.381-0300: 152713.496: Total time for which application threads were stopped: 0.0002238 seconds, Stopping threads took: 0.0000217 seconds
2017-06-11T22:38:54.489-0300: 152713.604: Total time for which application threads were stopped: 0.0003218 seconds, Stopping threads took: 0.0000340 seconds
2017-06-11T22:38:54.491-0300: 152713.606: Total time for which application threads were stopped: 0.0003695 seconds, Stopping threads took: 0.0000334 seconds
2017-06-11T22:38:54.494-0300: 152713.609: Total time for which application threads were stopped: 0.0003052 seconds, Stopping threads took: 0.0000319 seconds
2017-06-11T23:25:52.007-0300: 152765.836: Total time for which application threads were stopped: 0.0001942 seconds, Stopping threads took: 0.0000194 seconds
2017-06-11T23:25:52.008-0300: 152765.837: Total time for which application threads were stopped: 0.0005251 seconds, Stopping threads took: 0.0000097 seconds
2017-06-11T23:25:52.115-0300: 152765.943: Total time for which application threads were stopped: 0.0010130 seconds, Stopping threads took: 0.0000966 seconds
2017-06-11T23:25:52.115-0300: 152765.966: Total time for which application threads were stopped: 0.0224415 seconds, Stopping threads took: 0.0000172 seconds
2017-06-11T23:25:52.717-0300: 152766.546: Total time for which application threads were stopped: 0.0004534 seconds, Stopping threads took: 0.0001190 seconds
2017-06-11T23:25:52.718-0300: 152766.546: Total time for which application threads were stopped: 0.0003341 seconds, Stopping threads took: 0.0001274 seconds
2017-06-11T23:25:52.718-0300: 152766.547: Total time for which application threads were stopped: 0.0002150 seconds, Stopping threads took: 0.0000528 seconds
2017-06-11T23:25:52.719-0300: 152766.548: Total time for which application threads were stopped: 0.0010395 seconds, Stopping threads took: 0.0008651 seconds
2017-06-11T23:25:52.720-0300: 152766.548: Total time for which application threads were stopped: 0.0002039 seconds, Stopping threads took: 0.0000533 seconds
2017-06-11T23:25:52.720-0300: 152766.548: Total time for which application threads were stopped: 0.0002249 seconds, Stopping threads took: 0.0000688 seconds
2017-06-11T23:25:52.721-0300: 152766.549: Total time for which application threads were stopped: 0.0002772 seconds, Stopping threads took: 0.0000904 seconds
2017-06-11T23:25:52.722-0300: 152766.551: Total time for which application threads were stopped: 0.0002257 seconds, Stopping threads took: 0.0000186 seconds
2017-06-11T23:25:52.724-0300: 152766.553: Total time for which application threads were stopped: 0.0002723 seconds, Stopping threads took: 0.0000235 seconds
2017-06-11T23:25:52.724-0300: 152766.553: Total time for which application threads were stopped: 0.0001911 seconds, Stopping threads took: 0.0000095 seconds
2017-06-11T23:25:52.747-0300: 152766.576: Total time for which application threads were stopped: 0.0011531 seconds, Stopping threads took: 0.0008280 seconds
2017-06-11T23:25:52.759-0300: 152766.588: Total time for which application threads were stopped: 0.0002374 seconds, Stopping threads took: 0.0000199 seconds
2017-06-11T23:25:52.760-0300: 152766.589: Total time for which application threads were stopped: 0.0002843 seconds, Stopping threads took: 0.0000244 seconds
2017-06-11T23:25:52.762-0300: 152766.590: Total time for which application threads were stopped: 0.0002376 seconds, Stopping threads took: 0.0000227 seconds
2017-06-11T23:25:52.766-0300: 152766.595: Total time for which application threads were stopped: 0.0003087 seconds, Stopping threads took: 0.0000307 seconds
2017-06-11T23:25:52.777-0300: 152766.606: Total time for which application threads were stopped: 0.0006926 seconds, Stopping threads took: 0.0000471 seconds
2017-06-11T23:25:52.787-0300: 152766.615: Total time for which application threads were stopped: 0.0002285 seconds, Stopping threads took: 0.0000215 seconds
2017-06-11T23:25:52.903-0300: 152766.732: Total time for which application threads were stopped: 0.0004537 seconds, Stopping threads took: 0.0000721 seconds
2017-06-11T23:25:52.905-0300: 152766.734: Total time for which application threads were stopped: 0.0003743 seconds, Stopping threads took: 0.0000274 seconds
2017-06-11T23:25:52.908-0300: 152766.736: Total time for which application threads were stopped: 0.0005573 seconds, Stopping threads took: 0.0000651 seconds
2017-06-11T23:27:06.007-0300: 152777.120: Total time for which application threads were stopped: 0.0002094 seconds, Stopping threads took: 0.0000208 seconds
2017-06-11T23:27:06.108-0300: 152777.221: Total time for which application threads were stopped: 0.0002063 seconds, Stopping threads took: 0.0000205 seconds
2017-06-11T23:27:06.112-0300: 152777.226: Total time for which application threads were stopped: 0.0002394 seconds, Stopping threads took: 0.0000491 seconds
2017-06-11T23:27:06.112-0300: 152777.226: Total time for which application threads were stopped: 0.0002103 seconds, Stopping threads took: 0.0000234 seconds
2017-06-11T23:27:06.114-0300: 152777.228: Total time for which application threads were stopped: 0.0002145 seconds, Stopping threads took: 0.0000342 seconds
2017-06-11T23:27:06.114-0300: 152777.228: Total time for which application threads were stopped: 0.0001821 seconds, Stopping threads took: 0.0000101 seconds
2017-06-11T23:27:06.115-0300: 152777.228: Total time for which application threads were stopped: 0.0001467 seconds, Stopping threads took: 0.0000114 seconds
2017-06-11T23:27:06.116-0300: 152777.230: Total time for which application threads were stopped: 0.0004527 seconds, Stopping threads took: 0.0002587 seconds
2017-06-11T23:27:06.117-0300: 152777.230: Total time for which application threads were stopped: 0.0001828 seconds, Stopping threads took: 0.0000127 seconds
2017-06-11T23:27:06.137-0300: 152777.251: Total time for which application threads were stopped: 0.0002184 seconds, Stopping threads took: 0.0000217 seconds
2017-06-11T23:27:06.138-0300: 152777.251: Total time for which application threads were stopped: 0.0001674 seconds, Stopping threads took: 0.0000088 seconds
2017-06-11T23:27:06.159-0300: 152777.273: Total time for which application threads were stopped: 0.0002682 seconds, Stopping threads took: 0.0000265 seconds
2017-06-11T23:27:06.162-0300: 152777.276: Total time for which application threads were stopped: 0.0002629 seconds, Stopping threads took: 0.0000310 seconds
2017-06-11T23:27:06.165-0300: 152777.278: Total time for which application threads were stopped: 0.0002312 seconds, Stopping threads took: 0.0000227 seconds
2017-06-11T23:27:06.166-0300: 152777.280: Total time for which application threads were stopped: 0.0002361 seconds, Stopping threads took: 0.0000342 seconds
2017-06-11T23:27:06.168-0300: 152777.282: Total time for which application threads were stopped: 0.0002477 seconds, Stopping threads took: 0.0000228 seconds
2017-06-11T23:27:06.170-0300: 152777.284: Total time for which application threads were stopped: 0.0002933 seconds, Stopping threads took: 0.0000926 seconds
2017-06-11T23:27:06.173-0300: 152777.286: Total time for which application threads were stopped: 0.0002525 seconds, Stopping threads took: 0.0000252 seconds
2017-06-11T23:27:06.278-0300: 152777.392: Total time for which application threads were stopped: 0.0002052 seconds, Stopping threads took: 0.0000201 seconds
2017-06-11T23:27:06.279-0300: 152777.392: Total time for which application threads were stopped: 0.0002062 seconds, Stopping threads took: 0.0000198 seconds
2017-06-11T23:27:06.280-0300: 152777.393: Total time for which application threads were stopped: 0.0002044 seconds, Stopping threads took: 0.0000193 seconds
2017-06-12T00:33:00.018-0300: 152792.310: Total time for which application threads were stopped: 0.0002176 seconds, Stopping threads took: 0.0000214 seconds
2017-06-12T00:33:01.077-0300: 152793.370: Total time for which application threads were stopped: 0.0001928 seconds, Stopping threads took: 0.0000330 seconds
2017-06-12T00:33:01.077-0300: 152793.370: Total time for which application threads were stopped: 0.0001547 seconds, Stopping threads took: 0.0000227 seconds
2017-06-12T00:33:01.078-0300: 152793.370: Total time for which application threads were stopped: 0.0001098 seconds, Stopping threads took: 0.0000230 seconds
2017-06-12T00:33:01.078-0300: 152793.370: Total time for which application threads were stopped: 0.0000957 seconds, Stopping threads took: 0.0000164 seconds
2017-06-12T00:33:01.078-0300: 152793.371: Total time for which application threads were stopped: 0.0001296 seconds, Stopping threads took: 0.0000199 seconds
2017-06-12T00:33:01.079-0300: 152793.372: Total time for which application threads were stopped: 0.0001471 seconds, Stopping threads took: 0.0000247 seconds
2017-06-12T00:33:01.746-0300: 152794.039: Total time for which application threads were stopped: 0.0002944 seconds, Stopping threads took: 0.0000308 seconds
2017-06-12T00:33:01.747-0300: 152794.039: Total time for which application threads were stopped: 0.0002411 seconds, Stopping threads took: 0.0000315 seconds
2017-06-12T00:33:01.786-0300: 152794.078: Total time for which application threads were stopped: 0.0001948 seconds, Stopping threads took: 0.0000300 seconds
2017-06-12T00:33:01.787-0300: 152794.080: Total time for which application threads were stopped: 0.0002414 seconds, Stopping threads took: 0.0000682 seconds
2017-06-12T00:33:01.787-0300: 152794.080: Total time for which application threads were stopped: 0.0001666 seconds, Stopping threads took: 0.0000189 seconds
2017-06-12T00:33:01.789-0300: 152794.082: Total time for which application threads were stopped: 0.0002050 seconds, Stopping threads took: 0.0000398 seconds
2017-06-12T00:33:01.795-0300: 152794.088: Total time for which application threads were stopped: 0.0002252 seconds, Stopping threads took: 0.0000228 seconds
2017-06-12T00:33:01.802-0300: 152794.095: Total time for which application threads were stopped: 0.0002499 seconds, Stopping threads took: 0.0000378 seconds
2017-06-12T00:33:01.807-0300: 152794.100: Total time for which application threads were stopped: 0.0002272 seconds, Stopping threads took: 0.0000223 seconds
2017-06-12T00:33:01.920-0300: 152794.212: Total time for which application threads were stopped: 0.0011110 seconds, Stopping threads took: 0.0008492 seconds
2017-06-12T00:33:01.921-0300: 152794.214: Total time for which application threads were stopped: 0.0002147 seconds, Stopping threads took: 0.0000220 seconds
2017-06-12T00:33:01.923-0300: 152794.215: Total time for which application threads were stopped: 0.0002233 seconds, Stopping threads took: 0.0000218 seconds
2017-06-12T02:13:39.808-0300: 152829.838: Total time for which application threads were stopped: 0.3827283 seconds, Stopping threads took: 0.1226429 seconds
2017-06-12T02:13:40.436-0300: 152830.465: Total time for which application threads were stopped: 0.0119649 seconds, Stopping threads took: 0.0108807 seconds
2017-06-12T02:13:40.439-0300: 152830.468: Total time for which application threads were stopped: 0.0003210 seconds, Stopping threads took: 0.0001392 seconds
2017-06-12T02:13:40.443-0300: 152830.472: Total time for which application threads were stopped: 0.0003154 seconds, Stopping threads took: 0.0001576 seconds
2017-06-12T02:13:40.444-0300: 152830.473: Total time for which application threads were stopped: 0.0002913 seconds, Stopping threads took: 0.0000436 seconds
2017-06-12T02:13:40.448-0300: 152830.477: Total time for which application threads were stopped: 0.0002103 seconds, Stopping threads took: 0.0000265 seconds
2017-06-12T02:13:40.454-0300: 152830.482: Total time for which application threads were stopped: 0.0001882 seconds, Stopping threads took: 0.0000184 seconds
2017-06-12T02:13:40.489-0300: 152830.518: Total time for which application threads were stopped: 0.0003229 seconds, Stopping threads took: 0.0000204 seconds
2017-06-12T02:13:40.489-0300: 152830.518: Total time for which application threads were stopped: 0.0001244 seconds, Stopping threads took: 0.0000062 seconds
2017-06-12T02:13:41.319-0300: 152831.348: Total time for which application threads were stopped: 0.0003345 seconds, Stopping threads took: 0.0000465 seconds
2017-06-12T02:13:41.337-0300: 152831.366: Total time for which application threads were stopped: 0.0014247 seconds, Stopping threads took: 0.0005098 seconds
2017-06-12T02:13:41.339-0300: 152831.368: Total time for which application threads were stopped: 0.0011009 seconds, Stopping threads took: 0.0004187 seconds
2017-06-12T02:13:41.340-0300: 152831.369: Total time for which application threads were stopped: 0.0004431 seconds, Stopping threads took: 0.0001647 seconds
2017-06-12T02:13:41.345-0300: 152831.373: Total time for which application threads were stopped: 0.0002001 seconds, Stopping threads took: 0.0000168 seconds
2017-06-12T02:13:41.482-0300: 152831.511: Total time for which application threads were stopped: 0.0010802 seconds, Stopping threads took: 0.0002163 seconds
2017-06-12T02:13:41.487-0300: 152831.515: Total time for which application threads were stopped: 0.0002160 seconds, Stopping threads took: 0.0000194 seconds
2017-06-12T02:13:41.620-0300: 152831.649: Total time for which application threads were stopped: 0.0002155 seconds, Stopping threads took: 0.0000227 seconds
2017-06-12T02:13:41.622-0300: 152831.650: Total time for which application threads were stopped: 0.0007802 seconds, Stopping threads took: 0.0006322 seconds
2017-06-12T02:13:41.624-0300: 152831.652: Total time for which application threads were stopped: 0.0001745 seconds, Stopping threads took: 0.0000175 seconds
2017-06-12T03:02:15.014-0300: 153631.208: Total time for which application threads were stopped: 0.0002209 seconds, Stopping threads took: 0.0000194 seconds
2017-06-12T03:02:15.138-0300: 153631.332: Total time for which application threads were stopped: 0.0006883 seconds, Stopping threads took: 0.0000607 seconds
2017-06-12T03:02:15.670-0300: 153631.864: Total time for which application threads were stopped: 0.0005660 seconds, Stopping threads took: 0.0001220 seconds
2017-06-12T03:02:15.670-0300: 153631.864: Total time for which application threads were stopped: 0.0001863 seconds, Stopping threads took: 0.0000385 seconds
2017-06-12T03:02:15.670-0300: 153631.865: Total time for which application threads were stopped: 0.0001492 seconds, Stopping threads took: 0.0000305 seconds
2017-06-12T03:02:15.671-0300: 153631.866: Total time for which application threads were stopped: 0.0001404 seconds, Stopping threads took: 0.0000105 seconds
2017-06-12T03:02:15.674-0300: 153631.868: Total time for which application threads were stopped: 0.0001653 seconds, Stopping threads took: 0.0000156 seconds
2017-06-12T03:02:15.674-0300: 153631.868: Total time for which application threads were stopped: 0.0001252 seconds, Stopping threads took: 0.0000071 seconds
2017-06-12T03:02:15.675-0300: 153631.870: Total time for which application threads were stopped: 0.0001784 seconds, Stopping threads took: 0.0000146 seconds
2017-06-12T03:02:15.688-0300: 153631.882: Total time for which application threads were stopped: 0.0004998 seconds, Stopping threads took: 0.0003161 seconds
2017-06-12T03:02:15.688-0300: 153631.882: Total time for which application threads were stopped: 0.0002070 seconds, Stopping threads took: 0.0000368 seconds
2017-06-12T03:02:15.688-0300: 153631.883: Total time for which application threads were stopped: 0.0001577 seconds, Stopping threads took: 0.0000211 seconds
2017-06-12T03:02:15.689-0300: 153631.883: Total time for which application threads were stopped: 0.0001760 seconds, Stopping threads took: 0.0000341 seconds
2017-06-12T03:02:15.690-0300: 153631.884: Total time for which application threads were stopped: 0.0006228 seconds, Stopping threads took: 0.0003865 seconds
2017-06-12T03:02:15.694-0300: 153631.888: Total time for which application threads were stopped: 0.0002112 seconds, Stopping threads took: 0.0000308 seconds
2017-06-12T03:02:15.694-0300: 153631.889: Total time for which application threads were stopped: 0.0002041 seconds, Stopping threads took: 0.0000173 seconds
2017-06-12T03:02:15.697-0300: 153631.891: Total time for which application threads were stopped: 0.0002547 seconds, Stopping threads took: 0.0000976 seconds
2017-06-12T03:02:15.700-0300: 153631.894: Total time for which application threads were stopped: 0.0002658 seconds, Stopping threads took: 0.0000264 seconds
2017-06-12T03:02:15.701-0300: 153631.896: Total time for which application threads were stopped: 0.0001694 seconds, Stopping threads took: 0.0000165 seconds
2017-06-12T03:02:15.805-0300: 153631.999: Total time for which application threads were stopped: 0.0002747 seconds, Stopping threads took: 0.0000196 seconds
2017-06-12T03:02:15.806-0300: 153632.000: Total time for which application threads were stopped: 0.0002523 seconds, Stopping threads took: 0.0000154 seconds
2017-06-12T03:02:15.806-0300: 153632.001: Total time for which application threads were stopped: 0.0001532 seconds, Stopping threads took: 0.0000108 seconds
2017-06-12T03:21:42.067-0300: 154604.178: Total time for which application threads were stopped: 0.0002239 seconds, Stopping threads took: 0.0000203 seconds
2017-06-12T03:21:42.122-0300: 154604.232: Total time for which application threads were stopped: 0.0006010 seconds, Stopping threads took: 0.0002369 seconds
2017-06-12T03:21:42.125-0300: 154604.236: Total time for which application threads were stopped: 0.0011431 seconds, Stopping threads took: 0.0009319 seconds
2017-06-12T03:21:42.126-0300: 154604.236: Total time for which application threads were stopped: 0.0001625 seconds, Stopping threads took: 0.0000116 seconds
2017-06-12T03:21:43.037-0300: 154605.147: Total time for which application threads were stopped: 0.0002071 seconds, Stopping threads took: 0.0000403 seconds
2017-06-12T03:21:43.037-0300: 154605.147: Total time for which application threads were stopped: 0.0001433 seconds, Stopping threads took: 0.0000179 seconds
2017-06-12T03:21:43.037-0300: 154605.148: Total time for which application threads were stopped: 0.0000910 seconds, Stopping threads took: 0.0000098 seconds
2017-06-12T03:21:43.037-0300: 154605.148: Total time for which application threads were stopped: 0.0000936 seconds, Stopping threads took: 0.0000179 seconds
2017-06-12T03:21:43.038-0300: 154605.148: Total time for which application threads were stopped: 0.0001466 seconds, Stopping threads took: 0.0000455 seconds
2017-06-12T03:21:43.039-0300: 154605.149: Total time for which application threads were stopped: 0.0001308 seconds, Stopping threads took: 0.0000082 seconds
2017-06-12T03:21:43.040-0300: 154605.150: Total time for which application threads were stopped: 0.0001692 seconds, Stopping threads took: 0.0000099 seconds
2017-06-12T03:21:43.040-0300: 154605.150: Total time for which application threads were stopped: 0.0001075 seconds, Stopping threads took: 0.0000065 seconds
2017-06-12T03:21:43.043-0300: 154605.153: Total time for which application threads were stopped: 0.0018811 seconds, Stopping threads took: 0.0000983 seconds
2017-06-12T03:21:43.053-0300: 154605.163: Total time for which application threads were stopped: 0.0002633 seconds, Stopping threads took: 0.0000214 seconds
2017-06-12T03:21:43.053-0300: 154605.163: Total time for which application threads were stopped: 0.0002848 seconds, Stopping threads took: 0.0001049 seconds
2017-06-12T03:21:43.054-0300: 154605.164: Total time for which application threads were stopped: 0.0007779 seconds, Stopping threads took: 0.0000616 seconds
2017-06-12T03:21:43.054-0300: 154605.165: Total time for which application threads were stopped: 0.0001734 seconds, Stopping threads took: 0.0000249 seconds
2017-06-12T03:21:43.057-0300: 154605.168: Total time for which application threads were stopped: 0.0002206 seconds, Stopping threads took: 0.0000345 seconds
2017-06-12T03:21:43.057-0300: 154605.168: Total time for which application threads were stopped: 0.0001809 seconds, Stopping threads took: 0.0000347 seconds
2017-06-12T03:21:43.059-0300: 154605.169: Total time for which application threads were stopped: 0.0005026 seconds, Stopping threads took: 0.0003278 seconds
2017-06-12T03:21:43.061-0300: 154605.172: Total time for which application threads were stopped: 0.0009958 seconds, Stopping threads took: 0.0007341 seconds
2017-06-12T03:21:43.065-0300: 154605.175: Total time for which application threads were stopped: 0.0002976 seconds, Stopping threads took: 0.0000455 seconds
2017-06-12T03:21:43.067-0300: 154605.177: Total time for which application threads were stopped: 0.0002412 seconds, Stopping threads took: 0.0000368 seconds
2017-06-12T03:21:43.174-0300: 154605.284: Total time for which application threads were stopped: 0.0003369 seconds, Stopping threads took: 0.0000437 seconds
2017-06-12T03:21:43.175-0300: 154605.286: Total time for which application threads were stopped: 0.0002618 seconds, Stopping threads took: 0.0000593 seconds
2017-06-12T03:21:43.177-0300: 154605.288: Total time for which application threads were stopped: 0.0002558 seconds, Stopping threads took: 0.0000224 seconds
2017-06-12T07:14:30.110-0300: 157771.992: Total time for which application threads were stopped: 0.0005806 seconds, Stopping threads took: 0.0000365 seconds
2017-06-12T07:14:30.111-0300: 157771.992: Total time for which application threads were stopped: 0.0003392 seconds, Stopping threads took: 0.0000543 seconds
2017-06-12T07:14:30.138-0300: 157772.020: Total time for which application threads were stopped: 0.0004245 seconds, Stopping threads took: 0.0000327 seconds
2017-06-12T07:14:30.142-0300: 157772.024: Total time for which application threads were stopped: 0.0001946 seconds, Stopping threads took: 0.0000191 seconds
2017-06-12T07:14:30.176-0300: 157772.057: Total time for which application threads were stopped: 0.0001964 seconds, Stopping threads took: 0.0000202 seconds
2017-06-12T07:14:31.009-0300: 157772.891: Total time for which application threads were stopped: 0.0002400 seconds, Stopping threads took: 0.0000937 seconds
2017-06-12T07:14:31.010-0300: 157772.891: Total time for which application threads were stopped: 0.0001391 seconds, Stopping threads took: 0.0000202 seconds
2017-06-12T07:14:31.010-0300: 157772.892: Total time for which application threads were stopped: 0.0005638 seconds, Stopping threads took: 0.0000161 seconds
2017-06-12T07:14:31.010-0300: 157772.892: Total time for which application threads were stopped: 0.0000848 seconds, Stopping threads took: 0.0000214 seconds
2017-06-12T07:14:31.011-0300: 157772.892: Total time for which application threads were stopped: 0.0001289 seconds, Stopping threads took: 0.0000232 seconds
2017-06-12T07:14:31.011-0300: 157772.892: Total time for which application threads were stopped: 0.0000994 seconds, Stopping threads took: 0.0000068 seconds
2017-06-12T07:14:31.011-0300: 157772.893: Total time for which application threads were stopped: 0.0000832 seconds, Stopping threads took: 0.0000067 seconds
2017-06-12T07:14:31.014-0300: 157772.895: Total time for which application threads were stopped: 0.0002174 seconds, Stopping threads took: 0.0000549 seconds
2017-06-12T07:14:31.014-0300: 157772.896: Total time for which application threads were stopped: 0.0001291 seconds, Stopping threads took: 0.0000277 seconds
2017-06-12T07:14:31.016-0300: 157772.897: Total time for which application threads were stopped: 0.0001754 seconds, Stopping threads took: 0.0000420 seconds
2017-06-12T07:14:31.032-0300: 157772.913: Total time for which application threads were stopped: 0.0018558 seconds, Stopping threads took: 0.0000811 seconds
2017-06-12T07:14:31.033-0300: 157772.914: Total time for which application threads were stopped: 0.0002887 seconds, Stopping threads took: 0.0001240 seconds
2017-06-12T07:14:31.033-0300: 157772.914: Total time for which application threads were stopped: 0.0002110 seconds, Stopping threads took: 0.0000589 seconds
2017-06-12T07:14:31.033-0300: 157772.915: Total time for which application threads were stopped: 0.0001363 seconds, Stopping threads took: 0.0000293 seconds
2017-06-12T07:14:31.036-0300: 157772.917: Total time for which application threads were stopped: 0.0002630 seconds, Stopping threads took: 0.0000184 seconds
2017-06-12T07:14:31.037-0300: 157772.918: Total time for which application threads were stopped: 0.0001719 seconds, Stopping threads took: 0.0000142 seconds
2017-06-12T07:14:31.037-0300: 157772.918: Total time for which application threads were stopped: 0.0001511 seconds, Stopping threads took: 0.0000187 seconds
2017-06-12T07:14:31.039-0300: 157772.920: Total time for which application threads were stopped: 0.0001860 seconds, Stopping threads took: 0.0000147 seconds
2017-06-12T07:14:31.041-0300: 157772.923: Total time for which application threads were stopped: 0.0003441 seconds, Stopping threads took: 0.0000169 seconds
2017-06-12T07:14:31.043-0300: 157772.924: Total time for which application threads were stopped: 0.0001578 seconds, Stopping threads took: 0.0000136 seconds
2017-06-12T07:14:31.152-0300: 157773.033: Total time for which application threads were stopped: 0.0002063 seconds, Stopping threads took: 0.0000210 seconds
2017-06-12T07:14:31.154-0300: 157773.035: Total time for which application threads were stopped: 0.0002024 seconds, Stopping threads took: 0.0000202 seconds
2017-06-12T07:14:31.164-0300: 157773.045: Total time for which application threads were stopped: 0.0002098 seconds, Stopping threads took: 0.0000237 seconds
2017-06-12T09:05:16.537-0300: 157810.985: Total time for which application threads were stopped: 0.1064338 seconds, Stopping threads took: 0.0982997 seconds
2017-06-12T09:05:17.094-0300: 157811.542: Total time for which application threads were stopped: 0.0030525 seconds, Stopping threads took: 0.0005337 seconds
2017-06-12T09:05:17.096-0300: 157811.544: Total time for which application threads were stopped: 0.0007608 seconds, Stopping threads took: 0.0005681 seconds
2017-06-12T09:05:17.099-0300: 157811.547: Total time for which application threads were stopped: 0.0002754 seconds, Stopping threads took: 0.0001225 seconds
2017-06-12T09:05:17.100-0300: 157811.548: Total time for which application threads were stopped: 0.0007950 seconds, Stopping threads took: 0.0006411 seconds
2017-06-12T09:05:17.100-0300: 157811.548: Total time for which application threads were stopped: 0.0002529 seconds, Stopping threads took: 0.0000892 seconds
2017-06-12T09:05:17.103-0300: 157811.551: Total time for which application threads were stopped: 0.0011346 seconds, Stopping threads took: 0.0000876 seconds
2017-06-12T09:05:17.106-0300: 157811.554: Total time for which application threads were stopped: 0.0001794 seconds, Stopping threads took: 0.0000169 seconds
2017-06-12T09:05:17.114-0300: 157811.561: Total time for which application threads were stopped: 0.0002648 seconds, Stopping threads took: 0.0000168 seconds
2017-06-12T09:05:17.114-0300: 157811.562: Total time for which application threads were stopped: 0.0001380 seconds, Stopping threads took: 0.0000101 seconds
2017-06-12T09:05:17.152-0300: 157811.600: Total time for which application threads were stopped: 0.0017320 seconds, Stopping threads took: 0.0004252 seconds
2017-06-12T09:05:17.190-0300: 157811.638: Total time for which application threads were stopped: 0.0133040 seconds, Stopping threads took: 0.0108441 seconds
2017-06-12T09:05:17.191-0300: 157811.639: Total time for which application threads were stopped: 0.0013995 seconds, Stopping threads took: 0.0007434 seconds
2017-06-12T09:05:17.196-0300: 157811.644: Total time for which application threads were stopped: 0.0009764 seconds, Stopping threads took: 0.0006696 seconds
2017-06-12T09:05:17.202-0300: 157811.650: Total time for which application threads were stopped: 0.0002277 seconds, Stopping threads took: 0.0000288 seconds
2017-06-12T09:05:17.212-0300: 157811.660: Total time for which application threads were stopped: 0.0001954 seconds, Stopping threads took: 0.0000167 seconds
2017-06-12T09:05:17.215-0300: 157811.663: Total time for which application threads were stopped: 0.0001893 seconds, Stopping threads took: 0.0000160 seconds
2017-06-12T09:05:17.342-0300: 157811.790: Total time for which application threads were stopped: 0.0002319 seconds, Stopping threads took: 0.0000227 seconds
2017-06-12T09:05:17.347-0300: 157811.795: Total time for which application threads were stopped: 0.0001981 seconds, Stopping threads took: 0.0000184 seconds
2017-06-12T09:05:17.351-0300: 157811.799: Total time for which application threads were stopped: 0.0002206 seconds, Stopping threads took: 0.0000193 seconds
2017-06-12T09:38:52.005-0300: 158838.654: Total time for which application threads were stopped: 0.0010834 seconds, Stopping threads took: 0.0000210 seconds
2017-06-12T09:38:52.172-0300: 158838.821: Total time for which application threads were stopped: 0.0472753 seconds, Stopping threads took: 0.0468919 seconds
2017-06-12T09:38:52.885-0300: 158839.534: Total time for which application threads were stopped: 0.0001844 seconds, Stopping threads took: 0.0000176 seconds
2017-06-12T09:38:52.885-0300: 158839.534: Total time for which application threads were stopped: 0.0003161 seconds, Stopping threads took: 0.0001541 seconds
2017-06-12T09:38:52.886-0300: 158839.535: Total time for which application threads were stopped: 0.0003391 seconds, Stopping threads took: 0.0000137 seconds
2017-06-12T09:38:52.889-0300: 158839.539: Total time for which application threads were stopped: 0.0014096 seconds, Stopping threads took: 0.0004395 seconds
2017-06-12T09:38:52.893-0300: 158839.542: Total time for which application threads were stopped: 0.0002028 seconds, Stopping threads took: 0.0000245 seconds
2017-06-12T09:38:52.893-0300: 158839.542: Total time for which application threads were stopped: 0.0002057 seconds, Stopping threads took: 0.0000198 seconds
2017-06-12T09:38:52.896-0300: 158839.546: Total time for which application threads were stopped: 0.0002995 seconds, Stopping threads took: 0.0000203 seconds
2017-06-12T09:38:52.924-0300: 158839.573: Total time for which application threads were stopped: 0.0040894 seconds, Stopping threads took: 0.0038760 seconds
2017-06-12T09:38:52.925-0300: 158839.574: Total time for which application threads were stopped: 0.0009589 seconds, Stopping threads took: 0.0000238 seconds
2017-06-12T09:38:52.928-0300: 158839.578: Total time for which application threads were stopped: 0.0007270 seconds, Stopping threads took: 0.0005145 seconds
2017-06-12T09:38:52.929-0300: 158839.578: Total time for which application threads were stopped: 0.0002410 seconds, Stopping threads took: 0.0000575 seconds
2017-06-12T09:38:52.930-0300: 158839.579: Total time for which application threads were stopped: 0.0001760 seconds, Stopping threads took: 0.0000100 seconds
2017-06-12T09:38:52.932-0300: 158839.581: Total time for which application threads were stopped: 0.0002034 seconds, Stopping threads took: 0.0000356 seconds
2017-06-12T09:38:52.939-0300: 158839.588: Total time for which application threads were stopped: 0.0002597 seconds, Stopping threads took: 0.0000432 seconds
2017-06-12T09:38:52.942-0300: 158839.591: Total time for which application threads were stopped: 0.0001997 seconds, Stopping threads took: 0.0000284 seconds
2017-06-12T09:38:53.046-0300: 158839.695: Total time for which application threads were stopped: 0.0002175 seconds, Stopping threads took: 0.0000327 seconds
2017-06-12T09:38:53.047-0300: 158839.696: Total time for which application threads were stopped: 0.0001390 seconds, Stopping threads took: 0.0000099 seconds
2017-06-12T09:38:53.047-0300: 158839.697: Total time for which application threads were stopped: 0.0001031 seconds, Stopping threads took: 0.0000072 seconds
{Heap before GC invocations=27 (full 2):
 par new generation   total 109248K, used 88472K [0x00000007a0000000, 0x00000007a8000000, 0x00000007a8000000)
  eden space 87424K, 100% used [0x00000007a0000000, 0x00000007a5560000, 0x00000007a5560000)
  from space 21824K,   4% used [0x00000007a6ab0000, 0x00000007a6bb6050, 0x00000007a8000000)
  to   space 21824K,   0% used [0x00000007a5560000, 0x00000007a5560000, 0x00000007a6ab0000)
 concurrent mark-sweep generation total 393216K, used 20002K [0x00000007a8000000, 0x00000007c0000000, 0x00000007c0000000)
 Metaspace       used 39537K, capacity 40566K, committed 40820K, reserved 1085440K
  class space    used 4520K, capacity 4795K, committed 4804K, reserved 1048576K
2017-06-12T10:03:01.126-0300: 160287.749: [GC (Allocation Failure) 2017-06-12T10:03:01.132-0300: 160287.755: [ParNew
Desired survivor size 20112992 bytes, new threshold 8 (max 8)
- age   1:     835600 bytes,     835600 total
- age   2:       8544 bytes,     844144 total
- age   3:       2944 bytes,     847088 total
- age   4:       9368 bytes,     856456 total
- age   5:       2360 bytes,     858816 total
- age   6:       6232 bytes,     865048 total
- age   7:       4144 bytes,     869192 total
- age   8:       4128 bytes,     873320 total
: 88472K->1121K(109248K), 0.0322441 secs] 108474K->21134K(502464K), 0.0384565 secs] [Times: user=0.01 sys=0.06, real=0.04 secs] 
Heap after GC invocations=28 (full 2):
 par new generation   total 109248K, used 1121K [0x00000007a0000000, 0x00000007a8000000, 0x00000007a8000000)
  eden space 87424K,   0% used [0x00000007a0000000, 0x00000007a0000000, 0x00000007a5560000)
  from space 21824K,   5% used [0x00000007a5560000, 0x00000007a56786e0, 0x00000007a6ab0000)
  to   space 21824K,   0% used [0x00000007a6ab0000, 0x00000007a6ab0000, 0x00000007a8000000)
 concurrent mark-sweep generation total 393216K, used 20013K [0x00000007a8000000, 0x00000007c0000000, 0x00000007c0000000)
 Metaspace       used 39537K, capacity 40566K, committed 40820K, reserved 1085440K
  class space    used 4520K, capacity 4795K, committed 4804K, reserved 1048576K
}
2017-06-12T10:03:01.164-0300: 160287.787: Total time for which application threads were stopped: 0.0408287 seconds, Stopping threads took: 0.0000273 seconds
2017-06-12T13:06:27.049-0300: 160487.561: Total time for which application threads were stopped: 0.0002050 seconds, Stopping threads took: 0.0000211 seconds
2017-06-12T13:06:27.204-0300: 160487.716: Total time for which application threads were stopped: 0.0002345 seconds, Stopping threads took: 0.0000269 seconds
2017-06-12T13:06:27.204-0300: 160487.716: Total time for which application threads were stopped: 0.0001964 seconds, Stopping threads took: 0.0000242 seconds
2017-06-12T13:06:27.205-0300: 160487.717: Total time for which application threads were stopped: 0.0007832 seconds, Stopping threads took: 0.0006160 seconds
2017-06-12T13:06:28.195-0300: 160488.707: Total time for which application threads were stopped: 0.0120467 seconds, Stopping threads took: 0.0118374 seconds
2017-06-12T13:06:28.196-0300: 160488.708: Total time for which application threads were stopped: 0.0002007 seconds, Stopping threads took: 0.0000170 seconds
2017-06-12T13:06:28.196-0300: 160488.708: Total time for which application threads were stopped: 0.0004517 seconds, Stopping threads took: 0.0000308 seconds
2017-06-12T13:06:28.218-0300: 160488.730: Total time for which application threads were stopped: 0.0118692 seconds, Stopping threads took: 0.0116290 seconds
2017-06-12T13:06:28.219-0300: 160488.731: Total time for which application threads were stopped: 0.0003757 seconds, Stopping threads took: 0.0001692 seconds
2017-06-12T13:06:28.222-0300: 160488.734: Total time for which application threads were stopped: 0.0004383 seconds, Stopping threads took: 0.0000235 seconds
2017-06-12T13:06:28.222-0300: 160488.734: Total time for which application threads were stopped: 0.0001761 seconds, Stopping threads took: 0.0000107 seconds
2017-06-12T13:06:28.223-0300: 160488.735: Total time for which application threads were stopped: 0.0003831 seconds, Stopping threads took: 0.0000253 seconds
2017-06-12T13:06:28.225-0300: 160488.737: Total time for which application threads were stopped: 0.0002489 seconds, Stopping threads took: 0.0000205 seconds
2017-06-12T13:06:28.246-0300: 160488.758: Total time for which application threads were stopped: 0.0009212 seconds, Stopping threads took: 0.0007127 seconds
2017-06-12T13:06:28.260-0300: 160488.772: Total time for which application threads were stopped: 0.0124579 seconds, Stopping threads took: 0.0122680 seconds
2017-06-12T13:06:28.274-0300: 160488.786: Total time for which application threads were stopped: 0.0114113 seconds, Stopping threads took: 0.0111675 seconds
2017-06-12T13:06:28.276-0300: 160488.788: Total time for which application threads were stopped: 0.0015392 seconds, Stopping threads took: 0.0013188 seconds
2017-06-12T13:06:28.277-0300: 160488.789: Total time for which application threads were stopped: 0.0002995 seconds, Stopping threads took: 0.0001051 seconds
2017-06-12T13:06:28.279-0300: 160488.791: Total time for which application threads were stopped: 0.0002514 seconds, Stopping threads took: 0.0000531 seconds
2017-06-12T13:06:28.283-0300: 160488.795: Total time for which application threads were stopped: 0.0005613 seconds, Stopping threads took: 0.0000490 seconds
2017-06-12T13:06:28.286-0300: 160488.798: Total time for which application threads were stopped: 0.0002411 seconds, Stopping threads took: 0.0000371 seconds
2017-06-12T13:06:28.398-0300: 160488.910: Total time for which application threads were stopped: 0.0005974 seconds, Stopping threads took: 0.0003571 seconds
2017-06-12T13:06:28.400-0300: 160488.912: Total time for which application threads were stopped: 0.0002102 seconds, Stopping threads took: 0.0000220 seconds
2017-06-12T13:06:28.401-0300: 160488.913: Total time for which application threads were stopped: 0.0002547 seconds, Stopping threads took: 0.0000342 seconds
2017-06-12T20:35:08.846-0300: 160528.224: Total time for which application threads were stopped: 0.4184811 seconds, Stopping threads took: 0.1636292 seconds
2017-06-12T20:35:09.177-0300: 160528.554: Total time for which application threads were stopped: 0.0046588 seconds, Stopping threads took: 0.0000304 seconds
2017-06-12T20:35:09.190-0300: 160528.567: Total time for which application threads were stopped: 0.0034975 seconds, Stopping threads took: 0.0032878 seconds
2017-06-12T20:35:09.192-0300: 160528.569: Total time for which application threads were stopped: 0.0004789 seconds, Stopping threads took: 0.0003398 seconds
2017-06-12T20:35:09.194-0300: 160528.571: Total time for which application threads were stopped: 0.0015859 seconds, Stopping threads took: 0.0014478 seconds
2017-06-12T20:35:09.197-0300: 160528.574: Total time for which application threads were stopped: 0.0026227 seconds, Stopping threads took: 0.0024662 seconds
2017-06-12T20:35:09.197-0300: 160528.574: Total time for which application threads were stopped: 0.0001760 seconds, Stopping threads took: 0.0000337 seconds
2017-06-12T20:35:09.201-0300: 160528.578: Total time for which application threads were stopped: 0.0003700 seconds, Stopping threads took: 0.0002335 seconds
2017-06-12T20:35:09.202-0300: 160528.579: Total time for which application threads were stopped: 0.0006452 seconds, Stopping threads took: 0.0005150 seconds
2017-06-12T20:35:09.209-0300: 160528.586: Total time for which application threads were stopped: 0.0004307 seconds, Stopping threads took: 0.0002775 seconds
2017-06-12T20:35:09.217-0300: 160528.594: Total time for which application threads were stopped: 0.0010370 seconds, Stopping threads took: 0.0007256 seconds
2017-06-12T20:35:09.217-0300: 160528.594: Total time for which application threads were stopped: 0.0001354 seconds, Stopping threads took: 0.0000095 seconds
2017-06-12T20:35:09.457-0300: 160528.834: Total time for which application threads were stopped: 0.0100222 seconds, Stopping threads took: 0.0066891 seconds
2017-06-12T20:35:09.469-0300: 160528.846: Total time for which application threads were stopped: 0.0092483 seconds, Stopping threads took: 0.0015545 seconds
2017-06-12T20:35:09.472-0300: 160528.850: Total time for which application threads were stopped: 0.0003105 seconds, Stopping threads took: 0.0000278 seconds
2017-06-12T20:35:09.476-0300: 160528.853: Total time for which application threads were stopped: 0.0018692 seconds, Stopping threads took: 0.0000165 seconds
2017-06-12T20:35:09.482-0300: 160528.859: Total time for which application threads were stopped: 0.0002908 seconds, Stopping threads took: 0.0000303 seconds
2017-06-12T20:35:09.488-0300: 160528.865: Total time for which application threads were stopped: 0.0006952 seconds, Stopping threads took: 0.0000172 seconds
2017-06-12T20:35:09.492-0300: 160528.869: Total time for which application threads were stopped: 0.0001822 seconds, Stopping threads took: 0.0000211 seconds
2017-06-12T20:35:09.594-0300: 160528.971: Total time for which application threads were stopped: 0.0001880 seconds, Stopping threads took: 0.0000175 seconds
2017-06-12T20:35:09.595-0300: 160528.972: Total time for which application threads were stopped: 0.0001355 seconds, Stopping threads took: 0.0000120 seconds
2017-06-12T20:35:09.596-0300: 160528.973: Total time for which application threads were stopped: 0.0001505 seconds, Stopping threads took: 0.0000134 seconds
2017-06-12T20:48:39.319-0300: 161338.685: Total time for which application threads were stopped: 0.0003866 seconds, Stopping threads took: 0.0000398 seconds
2017-06-12T20:51:38.696-0300: 161518.060: Total time for which application threads were stopped: 0.0003885 seconds, Stopping threads took: 0.0000398 seconds
2017-06-13T00:36:21.075-0300: 164201.657: Total time for which application threads were stopped: 0.0526840 seconds, Stopping threads took: 0.0524304 seconds
2017-06-13T00:36:21.143-0300: 164201.725: Total time for which application threads were stopped: 0.0117690 seconds, Stopping threads took: 0.0111380 seconds
2017-06-13T00:36:21.844-0300: 164202.427: Total time for which application threads were stopped: 0.2498575 seconds, Stopping threads took: 0.0000483 seconds
2017-06-13T00:36:21.845-0300: 164202.428: Total time for which application threads were stopped: 0.0003293 seconds, Stopping threads took: 0.0000340 seconds
2017-06-13T00:36:21.847-0300: 164202.429: Total time for which application threads were stopped: 0.0016351 seconds, Stopping threads took: 0.0000202 seconds
2017-06-13T00:36:21.854-0300: 164202.436: Total time for which application threads were stopped: 0.0003560 seconds, Stopping threads took: 0.0001060 seconds
2017-06-13T00:36:21.854-0300: 164202.436: Total time for which application threads were stopped: 0.0001907 seconds, Stopping threads took: 0.0000153 seconds
2017-06-13T00:36:21.856-0300: 164202.438: Total time for which application threads were stopped: 0.0011177 seconds, Stopping threads took: 0.0000327 seconds
2017-06-13T00:36:21.857-0300: 164202.439: Total time for which application threads were stopped: 0.0002223 seconds, Stopping threads took: 0.0000244 seconds
2017-06-13T00:36:21.860-0300: 164202.442: Total time for which application threads were stopped: 0.0002297 seconds, Stopping threads took: 0.0000248 seconds
2017-06-13T00:36:21.860-0300: 164202.442: Total time for which application threads were stopped: 0.0001752 seconds, Stopping threads took: 0.0000091 seconds
2017-06-13T00:36:21.862-0300: 164202.444: Total time for which application threads were stopped: 0.0002248 seconds, Stopping threads took: 0.0000213 seconds
2017-06-13T00:36:21.882-0300: 164202.465: Total time for which application threads were stopped: 0.0007112 seconds, Stopping threads took: 0.0002894 seconds
2017-06-13T00:36:21.883-0300: 164202.466: Total time for which application threads were stopped: 0.0002654 seconds, Stopping threads took: 0.0000476 seconds
2017-06-13T00:36:21.889-0300: 164202.471: Total time for which application threads were stopped: 0.0010343 seconds, Stopping threads took: 0.0001152 seconds
2017-06-13T00:36:21.891-0300: 164202.473: Total time for which application threads were stopped: 0.0002833 seconds, Stopping threads took: 0.0001022 seconds
2017-06-13T00:36:21.891-0300: 164202.474: Total time for which application threads were stopped: 0.0001747 seconds, Stopping threads took: 0.0000291 seconds
2017-06-13T00:36:21.895-0300: 164202.478: Total time for which application threads were stopped: 0.0002429 seconds, Stopping threads took: 0.0000230 seconds
2017-06-13T00:36:21.902-0300: 164202.484: Total time for which application threads were stopped: 0.0002321 seconds, Stopping threads took: 0.0000235 seconds
2017-06-13T00:36:21.905-0300: 164202.488: Total time for which application threads were stopped: 0.0002232 seconds, Stopping threads took: 0.0000260 seconds
2017-06-13T00:36:22.032-0300: 164202.614: Total time for which application threads were stopped: 0.0007929 seconds, Stopping threads took: 0.0000925 seconds
2017-06-13T00:36:22.034-0300: 164202.617: Total time for which application threads were stopped: 0.0001948 seconds, Stopping threads took: 0.0000217 seconds
2017-06-13T00:36:22.036-0300: 164202.618: Total time for which application threads were stopped: 0.0001778 seconds, Stopping threads took: 0.0000142 seconds
2017-06-13T01:49:56.376-0300: 164229.942: Total time for which application threads were stopped: 0.0190947 seconds, Stopping threads took: 0.0056547 seconds
2017-06-13T01:49:56.433-0300: 164229.996: Total time for which application threads were stopped: 0.0033815 seconds, Stopping threads took: 0.0000230 seconds
2017-06-13T01:49:57.352-0300: 164230.916: Total time for which application threads were stopped: 0.0009930 seconds, Stopping threads took: 0.0007720 seconds
2017-06-13T01:49:57.355-0300: 164230.919: Total time for which application threads were stopped: 0.0011493 seconds, Stopping threads took: 0.0009817 seconds
2017-06-13T01:49:57.363-0300: 164230.927: Total time for which application threads were stopped: 0.0019998 seconds, Stopping threads took: 0.0015995 seconds
2017-06-13T01:49:57.364-0300: 164230.928: Total time for which application threads were stopped: 0.0001654 seconds, Stopping threads took: 0.0000404 seconds
2017-06-13T01:49:57.369-0300: 164230.933: Total time for which application threads were stopped: 0.0010495 seconds, Stopping threads took: 0.0002542 seconds
2017-06-13T01:49:57.373-0300: 164230.936: Total time for which application threads were stopped: 0.0002040 seconds, Stopping threads took: 0.0000138 seconds
2017-06-13T01:49:58.150-0300: 164231.713: Total time for which application threads were stopped: 0.0003421 seconds, Stopping threads took: 0.0000235 seconds
2017-06-13T01:49:58.151-0300: 164231.715: Total time for which application threads were stopped: 0.0018596 seconds, Stopping threads took: 0.0000086 seconds
2017-06-13T01:49:58.152-0300: 164231.715: Total time for which application threads were stopped: 0.0001779 seconds, Stopping threads took: 0.0000133 seconds
2017-06-13T01:49:58.231-0300: 164231.794: Total time for which application threads were stopped: 0.0005960 seconds, Stopping threads took: 0.0000198 seconds
2017-06-13T01:49:58.237-0300: 164231.801: Total time for which application threads were stopped: 0.0003448 seconds, Stopping threads took: 0.0000313 seconds
2017-06-13T01:49:58.239-0300: 164231.803: Total time for which application threads were stopped: 0.0017737 seconds, Stopping threads took: 0.0000686 seconds
2017-06-13T01:49:58.240-0300: 164231.804: Total time for which application threads were stopped: 0.0002001 seconds, Stopping threads took: 0.0000153 seconds
2017-06-13T01:49:58.242-0300: 164231.806: Total time for which application threads were stopped: 0.0001943 seconds, Stopping threads took: 0.0000193 seconds
2017-06-13T01:49:58.295-0300: 164231.859: Total time for which application threads were stopped: 0.0018340 seconds, Stopping threads took: 0.0000282 seconds
2017-06-13T01:49:58.298-0300: 164231.862: Total time for which application threads were stopped: 0.0002457 seconds, Stopping threads took: 0.0000207 seconds
2017-06-13T01:49:58.719-0300: 164232.283: Total time for which application threads were stopped: 0.0002123 seconds, Stopping threads took: 0.0000218 seconds
2017-06-13T01:49:58.755-0300: 164232.319: Total time for which application threads were stopped: 0.0002192 seconds, Stopping threads took: 0.0000255 seconds
2017-06-13T01:49:58.762-0300: 164232.326: Total time for which application threads were stopped: 0.0001912 seconds, Stopping threads took: 0.0000191 seconds
2017-06-13T02:15:33.823-0300: 165767.366: Total time for which application threads were stopped: 0.0003263 seconds, Stopping threads took: 0.0000322 seconds
2017-06-13T02:42:58.004-0300: 167348.420: Total time for which application threads were stopped: 0.0002387 seconds, Stopping threads took: 0.0000204 seconds
2017-06-13T02:42:58.161-0300: 167348.577: Total time for which application threads were stopped: 0.0456110 seconds, Stopping threads took: 0.0075128 seconds
2017-06-13T02:42:58.162-0300: 167348.577: Total time for which application threads were stopped: 0.0002575 seconds, Stopping threads took: 0.0000195 seconds
2017-06-13T02:42:58.615-0300: 167349.030: Total time for which application threads were stopped: 0.0001628 seconds, Stopping threads took: 0.0000167 seconds
2017-06-13T02:42:58.615-0300: 167349.031: Total time for which application threads were stopped: 0.0005710 seconds, Stopping threads took: 0.0000388 seconds
2017-06-13T02:42:58.616-0300: 167349.031: Total time for which application threads were stopped: 0.0000985 seconds, Stopping threads took: 0.0000115 seconds
2017-06-13T02:42:58.621-0300: 167349.037: Total time for which application threads were stopped: 0.0009200 seconds, Stopping threads took: 0.0006464 seconds
2017-06-13T02:42:58.622-0300: 167349.038: Total time for which application threads were stopped: 0.0001656 seconds, Stopping threads took: 0.0000318 seconds
2017-06-13T02:42:58.623-0300: 167349.039: Total time for which application threads were stopped: 0.0001615 seconds, Stopping threads took: 0.0000228 seconds
2017-06-13T02:42:58.624-0300: 167349.039: Total time for which application threads were stopped: 0.0001208 seconds, Stopping threads took: 0.0000135 seconds
2017-06-13T02:42:58.625-0300: 167349.040: Total time for which application threads were stopped: 0.0001996 seconds, Stopping threads took: 0.0000257 seconds
2017-06-13T02:42:58.635-0300: 167349.051: Total time for which application threads were stopped: 0.0002069 seconds, Stopping threads took: 0.0000424 seconds
2017-06-13T02:42:58.636-0300: 167349.051: Total time for which application threads were stopped: 0.0002381 seconds, Stopping threads took: 0.0000982 seconds
2017-06-13T02:42:58.636-0300: 167349.051: Total time for which application threads were stopped: 0.0001292 seconds, Stopping threads took: 0.0000184 seconds
2017-06-13T02:42:58.636-0300: 167349.052: Total time for which application threads were stopped: 0.0001759 seconds, Stopping threads took: 0.0000510 seconds
2017-06-13T02:42:58.636-0300: 167349.052: Total time for which application threads were stopped: 0.0001047 seconds, Stopping threads took: 0.0000178 seconds
2017-06-13T02:42:58.638-0300: 167349.053: Total time for which application threads were stopped: 0.0001787 seconds, Stopping threads took: 0.0000240 seconds
2017-06-13T02:42:58.639-0300: 167349.054: Total time for which application threads were stopped: 0.0002436 seconds, Stopping threads took: 0.0000718 seconds
2017-06-13T02:42:58.639-0300: 167349.054: Total time for which application threads were stopped: 0.0001756 seconds, Stopping threads took: 0.0000594 seconds
2017-06-13T02:42:58.640-0300: 167349.056: Total time for which application threads were stopped: 0.0001684 seconds, Stopping threads took: 0.0000260 seconds
2017-06-13T02:42:58.644-0300: 167349.059: Total time for which application threads were stopped: 0.0001956 seconds, Stopping threads took: 0.0000253 seconds
2017-06-13T02:42:58.646-0300: 167349.061: Total time for which application threads were stopped: 0.0008053 seconds, Stopping threads took: 0.0006493 seconds
2017-06-13T02:42:58.749-0300: 167349.164: Total time for which application threads were stopped: 0.0003200 seconds, Stopping threads took: 0.0000348 seconds
2017-06-13T02:42:58.750-0300: 167349.166: Total time for which application threads were stopped: 0.0002211 seconds, Stopping threads took: 0.0000220 seconds
2017-06-13T02:42:58.751-0300: 167349.167: Total time for which application threads were stopped: 0.0001618 seconds, Stopping threads took: 0.0000165 seconds
2017-06-13T05:44:58.126-0300: 167468.421: Total time for which application threads were stopped: 0.0002401 seconds, Stopping threads took: 0.0000605 seconds
2017-06-13T05:44:58.154-0300: 167468.449: Total time for which application threads were stopped: 0.0111137 seconds, Stopping threads took: 0.0109068 seconds
2017-06-13T05:44:58.154-0300: 167468.449: Total time for which application threads were stopped: 0.0001639 seconds, Stopping threads took: 0.0000125 seconds
2017-06-13T05:44:58.283-0300: 167468.578: Total time for which application threads were stopped: 0.0002345 seconds, Stopping threads took: 0.0000790 seconds
2017-06-13T05:44:58.283-0300: 167468.578: Total time for which application threads were stopped: 0.0002165 seconds, Stopping threads took: 0.0000664 seconds
2017-06-13T05:44:58.284-0300: 167468.579: Total time for which application threads were stopped: 0.0001911 seconds, Stopping threads took: 0.0000594 seconds
2017-06-13T05:44:58.284-0300: 167468.579: Total time for which application threads were stopped: 0.0001103 seconds, Stopping threads took: 0.0000184 seconds
2017-06-13T05:44:58.306-0300: 167468.601: Total time for which application threads were stopped: 0.0003146 seconds, Stopping threads took: 0.0000299 seconds
2017-06-13T05:44:58.306-0300: 167468.602: Total time for which application threads were stopped: 0.0001503 seconds, Stopping threads took: 0.0000120 seconds
2017-06-13T05:44:58.308-0300: 167468.603: Total time for which application threads were stopped: 0.0001625 seconds, Stopping threads took: 0.0000160 seconds
2017-06-13T05:44:58.308-0300: 167468.603: Total time for which application threads were stopped: 0.0001280 seconds, Stopping threads took: 0.0000093 seconds
2017-06-13T05:44:58.309-0300: 167468.604: Total time for which application threads were stopped: 0.0001684 seconds, Stopping threads took: 0.0000165 seconds
2017-06-13T05:44:58.331-0300: 167468.626: Total time for which application threads were stopped: 0.0002675 seconds, Stopping threads took: 0.0000776 seconds
2017-06-13T05:44:58.332-0300: 167468.627: Total time for which application threads were stopped: 0.0001803 seconds, Stopping threads took: 0.0000142 seconds
2017-06-13T05:44:58.332-0300: 167468.627: Total time for which application threads were stopped: 0.0001381 seconds, Stopping threads took: 0.0000100 seconds
2017-06-13T05:44:58.335-0300: 167468.630: Total time for which application threads were stopped: 0.0001741 seconds, Stopping threads took: 0.0000195 seconds
2017-06-13T05:44:58.336-0300: 167468.631: Total time for which application threads were stopped: 0.0001730 seconds, Stopping threads took: 0.0000134 seconds
2017-06-13T05:44:58.336-0300: 167468.631: Total time for which application threads were stopped: 0.0001298 seconds, Stopping threads took: 0.0000107 seconds
2017-06-13T05:44:58.338-0300: 167468.633: Total time for which application threads were stopped: 0.0001864 seconds, Stopping threads took: 0.0000355 seconds
2017-06-13T05:44:58.342-0300: 167468.637: Total time for which application threads were stopped: 0.0001922 seconds, Stopping threads took: 0.0000289 seconds
2017-06-13T05:44:58.344-0300: 167468.639: Total time for which application threads were stopped: 0.0001918 seconds, Stopping threads took: 0.0000390 seconds
2017-06-13T05:44:58.448-0300: 167468.743: Total time for which application threads were stopped: 0.0002205 seconds, Stopping threads took: 0.0000639 seconds
2017-06-13T05:44:58.449-0300: 167468.744: Total time for which application threads were stopped: 0.0001737 seconds, Stopping threads took: 0.0000090 seconds
2017-06-13T05:44:58.450-0300: 167468.745: Total time for which application threads were stopped: 0.0001250 seconds, Stopping threads took: 0.0000088 seconds
2017-06-13T13:38:08.720-0300: 167513.229: Total time for which application threads were stopped: 0.3896899 seconds, Stopping threads took: 0.2499668 seconds
2017-06-13T13:38:09.135-0300: 167513.644: Total time for which application threads were stopped: 0.0013966 seconds, Stopping threads took: 0.0011301 seconds
2017-06-13T13:38:09.136-0300: 167513.645: Total time for which application threads were stopped: 0.0006971 seconds, Stopping threads took: 0.0005221 seconds
2017-06-13T13:38:09.140-0300: 167513.649: Total time for which application threads were stopped: 0.0005347 seconds, Stopping threads took: 0.0003599 seconds
2017-06-13T13:38:09.140-0300: 167513.649: Total time for which application threads were stopped: 0.0001522 seconds, Stopping threads took: 0.0000268 seconds
2017-06-13T13:38:09.143-0300: 167513.652: Total time for which application threads were stopped: 0.0007799 seconds, Stopping threads took: 0.0005733 seconds
2017-06-13T13:38:09.147-0300: 167513.656: Total time for which application threads were stopped: 0.0001758 seconds, Stopping threads took: 0.0000171 seconds
2017-06-13T13:38:09.153-0300: 167513.662: Total time for which application threads were stopped: 0.0003195 seconds, Stopping threads took: 0.0000182 seconds
2017-06-13T13:38:09.154-0300: 167513.663: Total time for which application threads were stopped: 0.0001410 seconds, Stopping threads took: 0.0000081 seconds
2017-06-13T13:38:09.189-0300: 167513.698: Total time for which application threads were stopped: 0.0010088 seconds, Stopping threads took: 0.0005551 seconds
2017-06-13T13:38:09.195-0300: 167513.704: Total time for which application threads were stopped: 0.0003211 seconds, Stopping threads took: 0.0000530 seconds
2017-06-13T13:38:09.197-0300: 167513.706: Total time for which application threads were stopped: 0.0011663 seconds, Stopping threads took: 0.0008714 seconds
2017-06-13T13:38:09.198-0300: 167513.707: Total time for which application threads were stopped: 0.0005930 seconds, Stopping threads took: 0.0004170 seconds
2017-06-13T13:38:09.201-0300: 167513.710: Total time for which application threads were stopped: 0.0004550 seconds, Stopping threads took: 0.0002923 seconds
2017-06-13T13:38:09.211-0300: 167513.720: Total time for which application threads were stopped: 0.0054584 seconds, Stopping threads took: 0.0000592 seconds
2017-06-13T13:38:09.214-0300: 167513.723: Total time for which application threads were stopped: 0.0002683 seconds, Stopping threads took: 0.0000865 seconds
2017-06-13T13:38:09.368-0300: 167513.877: Total time for which application threads were stopped: 0.0002040 seconds, Stopping threads took: 0.0000226 seconds
2017-06-13T13:38:09.369-0300: 167513.878: Total time for which application threads were stopped: 0.0001721 seconds, Stopping threads took: 0.0000105 seconds
2017-06-13T13:38:09.369-0300: 167513.878: Total time for which application threads were stopped: 0.0001406 seconds, Stopping threads took: 0.0000101 seconds
2017-06-13T13:41:31.112-0300: 167715.618: Total time for which application threads were stopped: 0.0066327 seconds, Stopping threads took: 0.0004792 seconds
2017-06-13T13:41:31.114-0300: 167715.620: Total time for which application threads were stopped: 0.0007966 seconds, Stopping threads took: 0.0006209 seconds
2017-06-13T13:41:31.115-0300: 167715.621: Total time for which application threads were stopped: 0.0007638 seconds, Stopping threads took: 0.0000284 seconds
2017-06-13T13:41:31.118-0300: 167715.625: Total time for which application threads were stopped: 0.0016733 seconds, Stopping threads took: 0.0000147 seconds
2017-06-13T13:41:31.119-0300: 167715.626: Total time for which application threads were stopped: 0.0001917 seconds, Stopping threads took: 0.0000149 seconds
2017-06-13T13:41:31.134-0300: 167715.640: Total time for which application threads were stopped: 0.0026846 seconds, Stopping threads took: 0.0003001 seconds
2017-06-13T13:41:31.134-0300: 167715.641: Total time for which application threads were stopped: 0.0002219 seconds, Stopping threads took: 0.0000622 seconds
2017-06-13T13:42:25.522-0300: 167770.027: Total time for which application threads were stopped: 0.0037948 seconds, Stopping threads took: 0.0000299 seconds
2017-06-13T13:42:25.527-0300: 167770.033: Total time for which application threads were stopped: 0.0015736 seconds, Stopping threads took: 0.0000112 seconds
2017-06-13T13:42:25.534-0300: 167770.039: Total time for which application threads were stopped: 0.0007830 seconds, Stopping threads took: 0.0000135 seconds
2017-06-13T13:42:25.598-0300: 167770.104: Total time for which application threads were stopped: 0.0003148 seconds, Stopping threads took: 0.0000361 seconds
2017-06-13T13:42:25.613-0300: 167770.118: Total time for which application threads were stopped: 0.0020596 seconds, Stopping threads took: 0.0019093 seconds
2017-06-13T13:42:25.615-0300: 167770.120: Total time for which application threads were stopped: 0.0008493 seconds, Stopping threads took: 0.0000665 seconds
2017-06-13T13:42:25.618-0300: 167770.124: Total time for which application threads were stopped: 0.0027581 seconds, Stopping threads took: 0.0018232 seconds
2017-06-13T13:42:25.619-0300: 167770.125: Total time for which application threads were stopped: 0.0005310 seconds, Stopping threads took: 0.0004200 seconds
2017-06-13T13:42:25.620-0300: 167770.125: Total time for which application threads were stopped: 0.0001768 seconds, Stopping threads took: 0.0000283 seconds
2017-06-13T13:42:25.620-0300: 167770.126: Total time for which application threads were stopped: 0.0006676 seconds, Stopping threads took: 0.0000397 seconds
2017-06-13T13:42:25.663-0300: 167770.169: Total time for which application threads were stopped: 0.0017020 seconds, Stopping threads took: 0.0000161 seconds
2017-06-13T13:42:25.664-0300: 167770.170: Total time for which application threads were stopped: 0.0001351 seconds, Stopping threads took: 0.0000126 seconds
2017-06-13T13:42:25.664-0300: 167770.170: Total time for which application threads were stopped: 0.0001155 seconds, Stopping threads took: 0.0000087 seconds
2017-06-13T13:42:25.670-0300: 167770.175: Total time for which application threads were stopped: 0.0001228 seconds, Stopping threads took: 0.0000134 seconds
2017-06-13T13:42:25.671-0300: 167770.177: Total time for which application threads were stopped: 0.0001277 seconds, Stopping threads took: 0.0000146 seconds
2017-06-13T13:42:25.672-0300: 167770.178: Total time for which application threads were stopped: 0.0002004 seconds, Stopping threads took: 0.0000162 seconds
2017-06-13T13:42:25.673-0300: 167770.179: Total time for which application threads were stopped: 0.0001118 seconds, Stopping threads took: 0.0000083 seconds
2017-06-13T13:42:25.673-0300: 167770.179: Total time for which application threads were stopped: 0.0000688 seconds, Stopping threads took: 0.0000052 seconds
2017-06-13T13:42:25.677-0300: 167770.182: Total time for which application threads were stopped: 0.0001395 seconds, Stopping threads took: 0.0000143 seconds
2017-06-13T13:42:25.682-0300: 167770.188: Total time for which application threads were stopped: 0.0001372 seconds, Stopping threads took: 0.0000138 seconds
2017-06-13T13:42:25.682-0300: 167770.188: Total time for which application threads were stopped: 0.0001153 seconds, Stopping threads took: 0.0000093 seconds
2017-06-13T13:42:25.686-0300: 167770.192: Total time for which application threads were stopped: 0.0001394 seconds, Stopping threads took: 0.0000146 seconds
2017-06-13T13:42:25.691-0300: 167770.196: Total time for which application threads were stopped: 0.0001583 seconds, Stopping threads took: 0.0000130 seconds
2017-06-13T13:42:25.691-0300: 167770.197: Total time for which application threads were stopped: 0.0001192 seconds, Stopping threads took: 0.0000108 seconds
2017-06-13T13:42:25.712-0300: 167770.217: Total time for which application threads were stopped: 0.0001429 seconds, Stopping threads took: 0.0000124 seconds
2017-06-13T13:42:25.712-0300: 167770.218: Total time for which application threads were stopped: 0.0001097 seconds, Stopping threads took: 0.0000064 seconds
2017-06-13T13:42:25.723-0300: 167770.228: Total time for which application threads were stopped: 0.0006319 seconds, Stopping threads took: 0.0004742 seconds
2017-06-13T13:42:25.755-0300: 167770.261: Total time for which application threads were stopped: 0.0002353 seconds, Stopping threads took: 0.0000252 seconds
2017-06-13T13:42:25.760-0300: 167770.266: Total time for which application threads were stopped: 0.0006673 seconds, Stopping threads took: 0.0004611 seconds
2017-06-13T13:42:25.760-0300: 167770.266: Total time for which application threads were stopped: 0.0001734 seconds, Stopping threads took: 0.0000234 seconds
2017-06-13T13:42:25.760-0300: 167770.266: Total time for which application threads were stopped: 0.0002117 seconds, Stopping threads took: 0.0000071 seconds
2017-06-13T13:42:25.761-0300: 167770.266: Total time for which application threads were stopped: 0.0001641 seconds, Stopping threads took: 0.0000402 seconds
2017-06-13T13:42:25.762-0300: 167770.267: Total time for which application threads were stopped: 0.0006881 seconds, Stopping threads took: 0.0000076 seconds
2017-06-13T13:42:25.762-0300: 167770.268: Total time for which application threads were stopped: 0.0005248 seconds, Stopping threads took: 0.0003953 seconds
2017-06-13T13:42:25.764-0300: 167770.269: Total time for which application threads were stopped: 0.0007141 seconds, Stopping threads took: 0.0005064 seconds
2017-06-13T13:42:25.768-0300: 167770.274: Total time for which application threads were stopped: 0.0013964 seconds, Stopping threads took: 0.0006282 seconds
2017-06-13T13:42:25.768-0300: 167770.274: Total time for which application threads were stopped: 0.0002633 seconds, Stopping threads took: 0.0001015 seconds
2017-06-13T13:42:25.769-0300: 167770.275: Total time for which application threads were stopped: 0.0001355 seconds, Stopping threads took: 0.0000294 seconds
2017-06-13T13:42:25.770-0300: 167770.275: Total time for which application threads were stopped: 0.0006321 seconds, Stopping threads took: 0.0005332 seconds
2017-06-13T13:42:25.815-0300: 167770.321: Total time for which application threads were stopped: 0.0001179 seconds, Stopping threads took: 0.0000100 seconds
2017-06-13T13:42:25.816-0300: 167770.321: Total time for which application threads were stopped: 0.0000689 seconds, Stopping threads took: 0.0000047 seconds
2017-06-13T13:42:25.816-0300: 167770.321: Total time for which application threads were stopped: 0.0000435 seconds, Stopping threads took: 0.0000045 seconds
Heap
 par new generation   total 109248K, used 61733K [0x00000007a0000000, 0x00000007a8000000, 0x00000007a8000000)
  eden space 87424K,  69% used [0x00000007a0000000, 0x00000007a3b30f58, 0x00000007a5560000)
  from space 21824K,   5% used [0x00000007a5560000, 0x00000007a56786e0, 0x00000007a6ab0000)
  to   space 21824K,   0% used [0x00000007a6ab0000, 0x00000007a6ab0000, 0x00000007a8000000)
 concurrent mark-sweep generation total 393216K, used 20013K [0x00000007a8000000, 0x00000007c0000000, 0x00000007c0000000)
 Metaspace       used 39605K, capacity 40640K, committed 40820K, reserved 1085440K
  class space    used 4529K, capacity 4798K, committed 4804K, reserved 1048576K
